
===========================================================================
 report_power
============================================================================
======================= min_ff_n40C_1v95 Corner ===================================

Group                    Internal    Switching      Leakage        Total
                            Power        Power        Power        Power (Watts)
------------------------------------------------------------------------
Sequential           3.390552e-02 1.430220e-04 2.855180e-07 3.404883e-02  48.8%
Combinational        1.786963e-03 3.683595e-03 1.278923e-06 5.471837e-03   7.8%
Clock                1.389956e-02 1.638491e-02 5.603484e-07 3.028504e-02  43.4%
Macro                0.000000e+00 0.000000e+00 0.000000e+00 0.000000e+00   0.0%
Pad                  0.000000e+00 0.000000e+00 0.000000e+00 0.000000e+00   0.0%
------------------------------------------------------------------------
Total                4.959180e-02 2.021153e-02 2.124790e-06 6.980545e-02 100.0%
                            71.0%        29.0%         0.0%

