
===========================================================================
Violator List
============================================================================
[hold in-reg] wbs_adr_i[4] -> mprj/_136971_/D : -1.050680
[hold in-reg] wbs_adr_i[4] -> mprj/_136075_/D : -1.047520
[hold in-reg] wbs_adr_i[4] -> mprj/_136491_/D : -1.045957
[hold in-reg] wbs_adr_i[4] -> mprj/_136555_/D : -1.045871
[hold in-reg] wbs_adr_i[4] -> mprj/_136043_/D : -1.041723
[hold in-reg] wbs_adr_i[4] -> mprj/_137307_/D : -1.007115
[hold in-reg] wbs_adr_i[4] -> mprj/_136510_/D : -0.995973
[hold in-reg] wbs_adr_i[4] -> mprj/_135931_/D : -0.986762
[hold in-reg] wbs_adr_i[4] -> mprj/_135895_/D : -0.965110
[hold in-reg] wbs_adr_i[4] -> mprj/_136827_/D : -0.959608
[hold in-reg] wbs_adr_i[4] -> mprj/_137211_/D : -0.959518
[hold in-reg] wbs_adr_i[4] -> mprj/_136011_/D : -0.959088
[hold in-reg] wbs_adr_i[4] -> mprj/_137022_/D : -0.956863
[hold in-reg] wbs_adr_i[4] -> mprj/_136523_/D : -0.921801
[hold in-reg] wbs_adr_i[4] -> mprj/_135835_/D : -0.920904
[hold in-reg] wbs_adr_i[4] -> mprj/_136569_/D : -0.919778
[hold in-reg] wbs_adr_i[4] -> mprj/_137035_/D : -0.918250
[hold in-reg] wbs_adr_i[4] -> mprj/_136731_/D : -0.916929
[hold in-reg] wbs_adr_i[4] -> mprj/_137081_/D : -0.912466
[hold in-reg] wbs_adr_i[4] -> mprj/_135899_/D : -0.911498
[hold in-reg] wbs_adr_i[4] -> mprj/_136965_/D : -0.898013
[hold in-reg] wbs_adr_i[4] -> mprj/_137243_/D : -0.893711
[hold in-reg] wbs_adr_i[4] -> mprj/_136761_/D : -0.880554
[hold in-reg] wbs_adr_i[4] -> mprj/_135865_/D : -0.878941
[hold in-reg] wbs_adr_i[4] -> mprj/_136592_/D : -0.873744
[hold in-reg] wbs_adr_i[4] -> mprj/_137241_/D : -0.869318
[hold in-reg] wbs_adr_i[4] -> mprj/_136080_/D : -0.864935
[hold in-reg] wbs_adr_i[4] -> mprj/_136251_/D : -0.863276
[hold in-reg] wbs_adr_i[4] -> mprj/_136411_/D : -0.858253
[hold in-reg] wbs_adr_i[4] -> mprj/_137031_/D : -0.848351
[hold in-reg] wbs_adr_i[4] -> mprj/_136551_/D : -0.843893
[hold in-reg] wbs_adr_i[4] -> mprj/_136135_/D : -0.843638
[hold in-reg] wbs_adr_i[4] -> mprj/_137301_/D : -0.842896
[hold in-reg] wbs_adr_i[4] -> mprj/_136591_/D : -0.841109
[hold in-reg] wbs_adr_i[4] -> mprj/_136572_/D : -0.839695
[hold in-reg] wbs_adr_i[4] -> mprj/_136281_/D : -0.839488
[hold in-reg] wbs_adr_i[4] -> mprj/_136791_/D : -0.839204
[hold in-reg] wbs_adr_i[4] -> mprj/_136552_/D : -0.838880
[hold in-reg] wbs_adr_i[4] -> mprj/_136793_/D : -0.837541
[hold in-reg] wbs_adr_i[4] -> mprj/_136763_/D : -0.837102
[hold in-reg] wbs_adr_i[4] -> mprj/_135798_/D : -0.833715
[hold in-reg] wbs_adr_i[4] -> mprj/_136111_/D : -0.833533
[hold in-reg] wbs_adr_i[4] -> mprj/_136745_/D : -0.830855
[hold in-reg] wbs_adr_i[4] -> mprj/_137305_/D : -0.830314
[hold in-reg] wbs_adr_i[4] -> mprj/_135828_/D : -0.828243
[hold in-reg] wbs_adr_i[4] -> mprj/_135867_/D : -0.826353
[hold in-reg] wbs_adr_i[4] -> mprj/_136870_/D : -0.823689
[hold in-reg] wbs_adr_i[4] -> mprj/_136561_/D : -0.823043
[hold in-reg] wbs_adr_i[4] -> mprj/_137063_/D : -0.817480
[hold in-reg] wbs_adr_i[4] -> mprj/_137009_/D : -0.814496
[hold in-reg] wbs_adr_i[4] -> mprj/_137204_/D : -0.814040
[hold in-reg] wbs_adr_i[4] -> mprj/_136324_/D : -0.813159
[hold in-reg] wbs_adr_i[4] -> mprj/_136539_/D : -0.812172
[hold in-reg] wbs_adr_i[4] -> mprj/_137140_/D : -0.811535
[hold in-reg] wbs_adr_i[4] -> mprj/_136805_/D : -0.810657
[hold in-reg] wbs_adr_i[4] -> mprj/_136079_/D : -0.810508
[hold in-reg] wbs_adr_i[4] -> mprj/_136511_/D : -0.809912
[hold in-reg] wbs_adr_i[4] -> mprj/_137007_/D : -0.809542
[hold in-reg] wbs_adr_i[4] -> mprj/_137076_/D : -0.805978
[hold in-reg] wbs_adr_i[4] -> mprj/_137064_/D : -0.805521
[hold in-reg] wbs_adr_i[4] -> mprj/_135860_/D : -0.804951
[hold in-reg] wbs_adr_i[4] -> mprj/_137273_/D : -0.804413
[hold in-reg] wbs_adr_i[4] -> mprj/_136211_/D : -0.804067
[hold in-reg] wbs_adr_i[4] -> mprj/_136180_/D : -0.803745
[hold in-reg] wbs_adr_i[4] -> mprj/_136062_/D : -0.802603
[hold in-reg] wbs_adr_i[4] -> mprj/_137303_/D : -0.800430
[hold in-reg] wbs_adr_i[4] -> mprj/_137275_/D : -0.799136
[hold in-reg] wbs_adr_i[4] -> mprj/_137051_/D : -0.799101
[hold in-reg] wbs_adr_i[4] -> mprj/_136509_/D : -0.797364
[hold in-reg] wbs_adr_i[4] -> mprj/_136564_/D : -0.797172
[hold in-reg] wbs_adr_i[4] -> mprj/_136859_/D : -0.794252
[hold in-reg] wbs_adr_i[4] -> mprj/_136019_/D : -0.793456
[hold in-reg] wbs_adr_i[4] -> mprj/_136836_/D : -0.792565
[hold in-reg] wbs_adr_i[4] -> mprj/_136293_/D : -0.791263
[hold in-reg] wbs_adr_i[4] -> mprj/_136049_/D : -0.791110
[hold in-reg] wbs_adr_i[4] -> mprj/_136541_/D : -0.790411
[hold in-reg] wbs_adr_i[4] -> mprj/_136923_/D : -0.789348
[hold in-reg] wbs_adr_i[4] -> mprj/_135831_/D : -0.788917
[hold in-reg] wbs_adr_i[4] -> mprj/_136123_/D : -0.784822
[hold in-reg] wbs_adr_i[4] -> mprj/_136531_/D : -0.783936
[hold in-reg] wbs_adr_i[4] -> mprj/_136021_/D : -0.782906
[hold in-reg] wbs_adr_i[4] -> mprj/_136692_/D : -0.782095
[hold in-reg] wbs_adr_i[4] -> mprj/_137248_/D : -0.781436
[hold in-reg] wbs_adr_i[4] -> mprj/_136134_/D : -0.780178
[hold in-reg] wbs_adr_i[4] -> mprj/_136005_/D : -0.778992
[hold in-reg] wbs_adr_i[4] -> mprj/_136723_/D : -0.777357
[hold in-reg] wbs_adr_i[4] -> mprj/_135866_/D : -0.775108
[hold in-reg] wbs_adr_i[4] -> mprj/_137242_/D : -0.774663
[hold in-reg] wbs_adr_i[4] -> mprj/_136528_/D : -0.772482
[hold in-reg] wbs_adr_i[4] -> mprj/_136602_/D : -0.772153
[hold in-reg] wbs_adr_i[4] -> mprj/_137153_/D : -0.771196
[hold in-reg] wbs_adr_i[4] -> mprj/_136027_/D : -0.770970
[hold in-reg] wbs_adr_i[4] -> mprj/_136059_/D : -0.770606
[hold in-reg] wbs_adr_i[4] -> mprj/_136570_/D : -0.769389
[hold in-reg] wbs_adr_i[4] -> mprj/_136282_/D : -0.769124
[hold in-reg] wbs_adr_i[4] -> mprj/_136601_/D : -0.768198
[hold in-reg] wbs_adr_i[4] -> mprj/_136104_/D : -0.767767
[hold in-reg] wbs_adr_i[4] -> mprj/_136287_/D : -0.767155
[hold in-reg] wbs_adr_i[4] -> mprj/_136738_/D : -0.767050
[hold in-reg] wbs_adr_i[4] -> mprj/_137029_/D : -0.766528
[hold in-reg] wbs_adr_i[4] -> mprj/_136347_/D : -0.766267
[hold in-reg] wbs_adr_i[4] -> mprj/_136616_/D : -0.765684
[hold in-reg] wbs_adr_i[4] -> mprj/_136346_/D : -0.765026
[hold in-reg] wbs_adr_i[4] -> mprj/_136891_/D : -0.763810
[hold in-reg] wbs_adr_i[4] -> mprj/_137039_/D : -0.762515
[hold in-reg] wbs_adr_i[4] -> mprj/_136762_/D : -0.762000
[hold in-reg] wbs_adr_i[4] -> mprj/_137131_/D : -0.761436
[hold in-reg] wbs_adr_i[4] -> mprj/_136871_/D : -0.760342
[hold in-reg] wbs_adr_i[4] -> mprj/_136781_/D : -0.758906
[hold in-reg] wbs_adr_i[4] -> mprj/_136515_/D : -0.758205
[hold in-reg] wbs_adr_i[4] -> mprj/_136171_/D : -0.757302
[hold in-reg] wbs_adr_i[4] -> mprj/_137284_/D : -0.757207
[hold in-reg] wbs_adr_i[4] -> mprj/_136099_/D : -0.757118
[hold in-reg] wbs_adr_i[4] -> mprj/_136414_/D : -0.756399
[hold in-reg] wbs_adr_i[4] -> mprj/_135911_/D : -0.755558
[hold in-reg] wbs_adr_i[4] -> mprj/_136507_/D : -0.754853
[hold in-reg] wbs_adr_i[4] -> mprj/_137283_/D : -0.754616
[hold in-reg] wbs_adr_i[4] -> mprj/_137073_/D : -0.754139
[hold in-reg] wbs_adr_i[4] -> mprj/_137040_/D : -0.753655
[hold in-reg] wbs_adr_i[4] -> mprj/_136345_/D : -0.753418
[hold in-reg] wbs_adr_i[4] -> mprj/_136061_/D : -0.752841
[hold in-reg] wbs_adr_i[4] -> mprj/_136517_/D : -0.752661
[hold in-reg] wbs_adr_i[4] -> mprj/_136821_/D : -0.751102
[hold in-reg] wbs_adr_i[4] -> mprj/_136619_/D : -0.750929
[hold in-reg] wbs_adr_i[4] -> mprj/_137306_/D : -0.750439
[hold in-reg] wbs_adr_i[4] -> mprj/_136497_/D : -0.750255
[hold in-reg] wbs_adr_i[4] -> mprj/_137067_/D : -0.750169
[hold in-reg] wbs_adr_i[4] -> mprj/_136505_/D : -0.749949
[hold in-reg] wbs_adr_i[4] -> mprj/_136917_/D : -0.749898
[hold in-reg] wbs_adr_i[4] -> mprj/_136445_/D : -0.749728
[hold in-reg] wbs_adr_i[4] -> mprj/_136444_/D : -0.748958
[hold in-reg] wbs_adr_i[4] -> mprj/_136379_/D : -0.748745
[hold in-reg] wbs_adr_i[4] -> mprj/_137272_/D : -0.748490
[hold in-reg] wbs_adr_i[4] -> mprj/_136872_/D : -0.747789
[hold in-reg] wbs_adr_i[4] -> mprj/_136073_/D : -0.747717
[hold in-reg] wbs_adr_i[4] -> mprj/_137015_/D : -0.747309
[hold in-reg] wbs_adr_i[4] -> mprj/_136535_/D : -0.747194
[hold in-reg] wbs_adr_i[4] -> mprj/_136107_/D : -0.746165
[hold in-reg] wbs_adr_i[4] -> mprj/_137027_/D : -0.745619
[hold in-reg] wbs_adr_i[4] -> mprj/_137037_/D : -0.745349
[hold in-reg] wbs_adr_i[4] -> mprj/_135995_/D : -0.745101
[hold in-reg] wbs_adr_i[4] -> mprj/_137094_/D : -0.744638
[hold in-reg] wbs_adr_i[4] -> mprj/_136093_/D : -0.743937
[hold in-reg] wbs_adr_i[4] -> mprj/_136956_/D : -0.742863
[hold in-reg] wbs_adr_i[4] -> mprj/_136081_/D : -0.742740
[hold in-reg] wbs_adr_i[4] -> mprj/_135996_/D : -0.741636
[hold in-reg] wbs_adr_i[4] -> mprj/_136025_/D : -0.741057
[hold in-reg] wbs_adr_i[4] -> mprj/_136985_/D : -0.738069
[hold in-reg] wbs_adr_i[4] -> mprj/_136585_/D : -0.737873
[hold in-reg] wbs_adr_i[4] -> mprj/_137141_/D : -0.736946
[hold in-reg] wbs_adr_i[4] -> mprj/_136537_/D : -0.736292
[hold in-reg] wbs_adr_i[4] -> mprj/_135997_/D : -0.735307
[hold in-reg] wbs_adr_i[4] -> mprj/_136341_/D : -0.733301
[hold in-reg] wbs_adr_i[4] -> mprj/_136331_/D : -0.730487
[hold in-reg] wbs_adr_i[4] -> mprj/_135883_/D : -0.728881
[hold in-reg] wbs_adr_i[4] -> mprj/_136071_/D : -0.728278
[hold in-reg] wbs_adr_i[4] -> mprj/_135834_/D : -0.728113
[hold in-reg] wbs_adr_i[4] -> mprj/_136571_/D : -0.727695
[hold in-reg] wbs_adr_i[4] -> mprj/_136521_/D : -0.726712
[hold in-reg] wbs_adr_i[4] -> mprj/_136979_/D : -0.726706
[hold in-reg] wbs_adr_i[4] -> mprj/_136076_/D : -0.726677
[hold in-reg] wbs_adr_i[4] -> mprj/_136473_/D : -0.726538
[hold in-reg] wbs_adr_i[4] -> mprj/_136343_/D : -0.726177
[hold in-reg] wbs_adr_i[4] -> mprj/_135801_/D : -0.725811
[hold in-reg] wbs_adr_i[4] -> mprj/_136972_/D : -0.724577
[hold in-reg] wbs_adr_i[4] -> mprj/_136295_/D : -0.724255
[hold in-reg] wbs_adr_i[4] -> mprj/_136573_/D : -0.723866
[hold in-reg] wbs_adr_i[4] -> mprj/_137019_/D : -0.721309
[hold in-reg] wbs_adr_i[4] -> mprj/_136121_/D : -0.720857
[hold in-reg] wbs_adr_i[4] -> mprj/_136359_/D : -0.720504
[hold in-reg] wbs_adr_i[4] -> mprj/_137083_/D : -0.720037
[hold in-reg] wbs_adr_i[4] -> mprj/_136794_/D : -0.719481
[hold in-reg] wbs_adr_i[4] -> mprj/_136614_/D : -0.718926
[hold in-reg] wbs_adr_i[4] -> mprj/_136799_/D : -0.717936
[hold in-reg] wbs_adr_i[4] -> mprj/_136450_/D : -0.717079
[hold in-reg] wbs_adr_i[4] -> mprj/_135974_/D : -0.716345
[hold in-reg] wbs_adr_i[4] -> mprj/_136181_/D : -0.716253
[hold in-reg] wbs_adr_i[4] -> mprj/_136983_/D : -0.716029
[hold in-reg] wbs_adr_i[4] -> mprj/_137217_/D : -0.713960
[hold in-reg] wbs_adr_i[4] -> mprj/_136103_/D : -0.713796
[hold in-reg] wbs_adr_i[4] -> mprj/_136959_/D : -0.713381
[hold in-reg] wbs_adr_i[4] -> mprj/_136115_/D : -0.713064
[hold in-reg] wbs_adr_i[4] -> mprj/_135833_/D : -0.712073
[hold in-reg] wbs_adr_i[4] -> mprj/_136393_/D : -0.711863
[hold in-reg] wbs_adr_i[4] -> mprj/_136996_/D : -0.711813
[hold in-reg] wbs_adr_i[4] -> mprj/_137003_/D : -0.711265
[hold in-reg] wbs_adr_i[4] -> mprj/_137033_/D : -0.710819
[hold in-reg] wbs_adr_i[4] -> mprj/_137021_/D : -0.710637
[hold in-reg] wbs_adr_i[4] -> mprj/_136807_/D : -0.710290
[hold in-reg] wbs_adr_i[4] -> mprj/_136283_/D : -0.709806
[hold in-reg] wbs_adr_i[4] -> mprj/_136582_/D : -0.709087
[hold in-reg] wbs_adr_i[4] -> mprj/_136841_/D : -0.708222
[hold in-reg] wbs_adr_i[4] -> mprj/_137218_/D : -0.706931
[hold in-reg] wbs_adr_i[4] -> mprj/_137274_/D : -0.706615
[hold in-reg] wbs_adr_i[4] -> mprj/_136977_/D : -0.705335
[hold in-reg] wbs_adr_i[4] -> mprj/_136385_/D : -0.704036
[hold in-reg] wbs_adr_i[4] -> mprj/_137220_/D : -0.703938
[hold in-reg] wbs_adr_i[4] -> mprj/_136625_/D : -0.703865
[hold in-reg] wbs_adr_i[4] -> mprj/_136153_/D : -0.703832
[hold in-reg] wbs_adr_i[4] -> mprj/_136583_/D : -0.703318
[hold in-reg] wbs_adr_i[4] -> mprj/_137219_/D : -0.703146
[hold in-reg] wbs_adr_i[4] -> mprj/_136947_/D : -0.702273
[hold in-reg] wbs_adr_i[4] -> mprj/_137095_/D : -0.701896
[hold in-reg] wbs_adr_i[4] -> mprj/_135896_/D : -0.701829
[hold in-reg] wbs_adr_i[4] -> mprj/_136231_/D : -0.701136
[hold in-reg] wbs_adr_i[4] -> mprj/_136659_/D : -0.701116
[hold in-reg] wbs_adr_i[4] -> mprj/_136615_/D : -0.700984
[hold in-reg] wbs_adr_i[4] -> mprj/_136961_/D : -0.700436
[hold in-reg] wbs_adr_i[4] -> mprj/_137289_/D : -0.699667
[hold in-reg] wbs_adr_i[4] -> mprj/_136296_/D : -0.699538
[hold in-reg] wbs_adr_i[4] -> mprj/_136376_/D : -0.698881
[hold in-reg] wbs_adr_i[4] -> mprj/_136853_/D : -0.698118
[hold in-reg] wbs_adr_i[4] -> mprj/_137203_/D : -0.697077
[hold in-reg] wbs_adr_i[4] -> mprj/_136022_/D : -0.696954
[hold in-reg] wbs_adr_i[4] -> mprj/_136808_/D : -0.696610
[hold in-reg] wbs_adr_i[4] -> mprj/_136869_/D : -0.696257
[hold in-reg] wbs_adr_i[4] -> mprj/_136102_/D : -0.695532
[hold in-reg] wbs_adr_i[4] -> mprj/_136467_/D : -0.695447
[hold in-reg] wbs_adr_i[4] -> mprj/_136063_/D : -0.695325
[hold in-reg] wbs_adr_i[4] -> mprj/_135925_/D : -0.693852
[hold in-reg] wbs_adr_i[4] -> mprj/_136527_/D : -0.693351
[hold in-reg] wbs_adr_i[4] -> mprj/_136312_/D : -0.693346
[hold in-reg] wbs_adr_i[4] -> mprj/_135784_/D : -0.693319
[hold in-reg] wbs_adr_i[4] -> mprj/_136800_/D : -0.693274
[hold in-reg] wbs_adr_i[4] -> mprj/_137290_/D : -0.692626
[hold in-reg] wbs_adr_i[4] -> mprj/_136782_/D : -0.692601
[hold in-reg] wbs_adr_i[4] -> mprj/_136329_/D : -0.692390
[hold in-reg] wbs_adr_i[4] -> mprj/_136855_/D : -0.691296
[hold in-reg] wbs_adr_i[4] -> mprj/_136039_/D : -0.689208
[hold in-reg] wbs_adr_i[4] -> mprj/_136091_/D : -0.688469
[hold in-reg] wbs_adr_i[4] -> mprj/_136177_/D : -0.688286
[hold in-reg] wbs_adr_i[4] -> mprj/_136631_/D : -0.687815
[hold in-reg] wbs_adr_i[4] -> mprj/_136313_/D : -0.686809
[hold in-reg] wbs_adr_i[4] -> mprj/_135957_/D : -0.686532
[hold in-reg] wbs_adr_i[4] -> mprj/_135864_/D : -0.686480
[hold in-reg] wbs_adr_i[4] -> mprj/_136413_/D : -0.686450
[hold in-reg] wbs_adr_i[4] -> mprj/_136363_/D : -0.685452
[hold in-reg] wbs_adr_i[4] -> mprj/_136918_/D : -0.683449
[hold in-reg] wbs_adr_i[4] -> mprj/_137115_/D : -0.683348
[hold in-reg] wbs_adr_i[4] -> mprj/_136067_/D : -0.682261
[hold in-reg] wbs_adr_i[4] -> mprj/_136795_/D : -0.681433
[hold in-reg] wbs_adr_i[4] -> mprj/_136603_/D : -0.681173
[hold in-reg] wbs_adr_i[4] -> mprj/_136579_/D : -0.680641
[hold in-reg] wbs_adr_i[4] -> mprj/_136627_/D : -0.679067
[hold in-reg] wbs_adr_i[4] -> mprj/_137230_/D : -0.677795
[hold in-reg] wbs_adr_i[4] -> mprj/_136864_/D : -0.677330
[hold in-reg] wbs_adr_i[4] -> mprj/_137136_/D : -0.677149
[hold in-reg] wbs_adr_i[4] -> mprj/_137034_/D : -0.677095
[hold in-reg] wbs_adr_i[4] -> mprj/_136423_/D : -0.676874
[hold in-reg] wbs_adr_i[4] -> mprj/_137249_/D : -0.676238
[hold in-reg] wbs_adr_i[4] -> mprj/_137172_/D : -0.676010
[hold in-reg] wbs_adr_i[4] -> mprj/_136147_/D : -0.675601
[hold in-reg] wbs_adr_i[4] -> mprj/_135965_/D : -0.675143
[hold in-reg] wbs_adr_i[4] -> mprj/_136288_/D : -0.674547
[hold in-reg] wbs_adr_i[4] -> mprj/_136842_/D : -0.674263
[hold in-reg] wbs_adr_i[4] -> mprj/_136475_/D : -0.673113
[hold in-reg] wbs_adr_i[4] -> mprj/_136300_/D : -0.673034
[hold in-reg] wbs_adr_i[4] -> mprj/_137139_/D : -0.672852
[hold in-reg] wbs_adr_i[4] -> mprj/_137294_/D : -0.672573
[hold in-reg] wbs_adr_i[4] -> mprj/_137020_/D : -0.672397
[hold in-reg] wbs_adr_i[4] -> mprj/_136595_/D : -0.672259
[hold in-reg] wbs_adr_i[4] -> mprj/_136270_/D : -0.671565
[hold in-reg] wbs_adr_i[4] -> mprj/_135783_/D : -0.671549
[hold in-reg] wbs_adr_i[4] -> mprj/_136624_/D : -0.670574
[hold in-reg] wbs_adr_i[4] -> mprj/_136087_/D : -0.669678
[hold in-reg] wbs_adr_i[4] -> mprj/_136633_/D : -0.669583
[hold in-reg] wbs_adr_i[4] -> mprj/_136449_/D : -0.669215
[hold in-reg] wbs_adr_i[4] -> mprj/_136422_/D : -0.669082
[hold in-reg] wbs_adr_i[4] -> mprj/_136563_/D : -0.668111
[hold in-reg] wbs_adr_i[4] -> mprj/_136487_/D : -0.667545
[hold in-reg] wbs_adr_i[4] -> mprj/_136825_/D : -0.667542
[hold in-reg] wbs_adr_i[4] -> mprj/_136290_/D : -0.666988
[hold in-reg] wbs_adr_i[4] -> mprj/_137049_/D : -0.666335
[hold in-reg] wbs_adr_i[4] -> mprj/_136182_/D : -0.666148
[hold in-reg] wbs_adr_i[4] -> mprj/_136953_/D : -0.666127
[hold in-reg] wbs_adr_i[4] -> mprj/_136989_/D : -0.665938
[hold in-reg] wbs_adr_i[4] -> mprj/_136101_/D : -0.665606
[hold in-reg] wbs_adr_i[4] -> mprj/_136503_/D : -0.663823
[hold in-reg] wbs_adr_i[4] -> mprj/_136112_/D : -0.663583
[hold in-reg] wbs_adr_i[4] -> mprj/_136893_/D : -0.663350
[hold in-reg] wbs_adr_i[4] -> mprj/_137041_/D : -0.663297
[hold in-reg] wbs_adr_i[4] -> mprj/_136492_/D : -0.662088
[hold in-reg] wbs_adr_i[4] -> mprj/_136057_/D : -0.661759
[hold in-reg] wbs_adr_i[4] -> mprj/_136183_/D : -0.659917
[hold in-reg] wbs_adr_i[4] -> mprj/_135908_/D : -0.659627
[hold in-reg] wbs_adr_i[4] -> mprj/_137260_/D : -0.658502
[hold in-reg] wbs_adr_i[4] -> mprj/_136461_/D : -0.656451
[hold in-reg] wbs_adr_i[4] -> mprj/_136212_/D : -0.656380
[hold in-reg] wbs_adr_i[4] -> mprj/_136330_/D : -0.655336
[hold in-reg] wbs_adr_i[4] -> mprj/_136244_/D : -0.654919
[hold in-reg] wbs_adr_i[4] -> mprj/_135854_/D : -0.653169
[hold in-reg] wbs_adr_i[4] -> mprj/_136811_/D : -0.652811
[hold in-reg] wbs_adr_i[4] -> mprj/_137163_/D : -0.652697
[hold in-reg] wbs_adr_i[4] -> mprj/_136332_/D : -0.652567
[hold in-reg] wbs_adr_i[4] -> mprj/_135893_/D : -0.652043
[hold in-reg] wbs_adr_i[4] -> mprj/_137279_/D : -0.650719
[hold in-reg] wbs_adr_i[4] -> mprj/_137082_/D : -0.650524
[hold in-reg] wbs_adr_i[4] -> mprj/_136724_/D : -0.650279
[hold in-reg] wbs_adr_i[4] -> mprj/_137127_/D : -0.649607
[hold in-reg] wbs_adr_i[4] -> mprj/_137259_/D : -0.649455
[hold in-reg] wbs_adr_i[4] -> mprj/_135963_/D : -0.649074
[hold in-reg] wbs_adr_i[4] -> mprj/_136613_/D : -0.648292
[hold in-reg] wbs_adr_i[4] -> mprj/_135884_/D : -0.646919
[hold in-reg] wbs_adr_i[4] -> mprj/_136824_/D : -0.646811
[hold in-reg] wbs_adr_i[4] -> mprj/_135958_/D : -0.646734
[hold in-reg] wbs_adr_i[4] -> mprj/_135851_/D : -0.646236
[hold in-reg] wbs_adr_i[4] -> mprj/_136179_/D : -0.645837
[hold in-reg] wbs_adr_i[4] -> mprj/_136055_/D : -0.645593
[hold in-reg] wbs_adr_i[4] -> mprj/_136477_/D : -0.645235
[hold in-reg] wbs_adr_i[4] -> mprj/_135861_/D : -0.645167
[hold in-reg] wbs_adr_i[4] -> mprj/_136524_/D : -0.644126
[hold in-reg] wbs_adr_i[4] -> mprj/_136273_/D : -0.643939
[hold in-reg] wbs_adr_i[4] -> mprj/_135913_/D : -0.643612
[hold in-reg] wbs_adr_i[4] -> mprj/_136299_/D : -0.643287
[hold in-reg] wbs_adr_i[4] -> mprj/_136323_/D : -0.642661
[hold in-reg] wbs_adr_i[4] -> mprj/_137308_/D : -0.642241
[hold in-reg] wbs_adr_i[4] -> mprj/_135975_/D : -0.641588
[hold in-reg] wbs_adr_i[4] -> mprj/_136136_/D : -0.641399
[hold in-reg] wbs_adr_i[4] -> mprj/_135966_/D : -0.640711
[hold in-reg] wbs_adr_i[4] -> mprj/_136721_/D : -0.640293
[hold in-reg] wbs_adr_i[4] -> mprj/_137032_/D : -0.639677
[hold in-reg] wbs_adr_i[4] -> mprj/_136051_/D : -0.638906
[hold in-reg] wbs_adr_i[4] -> mprj/_136233_/D : -0.638801
[hold in-reg] wbs_adr_i[4] -> mprj/_137079_/D : -0.638351
[hold in-reg] wbs_adr_i[4] -> mprj/_137151_/D : -0.638045
[hold in-reg] wbs_adr_i[4] -> mprj/_136529_/D : -0.637379
[hold in-reg] wbs_adr_i[4] -> mprj/_137142_/D : -0.636613
[hold in-reg] wbs_adr_i[4] -> mprj/_136999_/D : -0.636358
[hold in-reg] wbs_adr_i[4] -> mprj/_136277_/D : -0.636211
[hold in-reg] wbs_adr_i[4] -> mprj/_135847_/D : -0.635833
[hold in-reg] wbs_adr_i[4] -> mprj/_136302_/D : -0.634019
[hold in-reg] wbs_adr_i[4] -> mprj/_136828_/D : -0.630870
[hold in-reg] wbs_adr_i[4] -> mprj/_135812_/D : -0.630793
[hold in-reg] wbs_adr_i[4] -> mprj/_136243_/D : -0.629928
[hold in-reg] wbs_adr_i[4] -> mprj/_136318_/D : -0.629250
[hold in-reg] wbs_adr_i[4] -> mprj/_136567_/D : -0.628909
[hold in-reg] wbs_adr_i[4] -> mprj/_136935_/D : -0.628536
[hold in-reg] wbs_adr_i[4] -> mprj/_137159_/D : -0.627987
[hold in-reg] wbs_adr_i[4] -> mprj/_136992_/D : -0.627856
[hold in-reg] wbs_adr_i[4] -> mprj/_135881_/D : -0.627257
[hold in-reg] wbs_adr_i[4] -> mprj/_136987_/D : -0.626740
[hold in-reg] wbs_adr_i[4] -> mprj/_136480_/D : -0.626275
[hold in-reg] wbs_adr_i[4] -> mprj/_135987_/D : -0.624937
[hold in-reg] wbs_adr_i[4] -> mprj/_137099_/D : -0.624774
[hold in-reg] wbs_adr_i[4] -> mprj/_136193_/D : -0.624607
[hold in-reg] wbs_adr_i[4] -> mprj/_136443_/D : -0.624126
[hold in-reg] wbs_adr_i[4] -> mprj/_136512_/D : -0.623821
[hold in-reg] wbs_adr_i[4] -> mprj/_136479_/D : -0.623734
[hold in-reg] wbs_adr_i[4] -> mprj/_136405_/D : -0.623516
[hold in-reg] wbs_adr_i[4] -> mprj/_136833_/D : -0.623430
[hold in-reg] wbs_adr_i[4] -> mprj/_137170_/D : -0.622035
[hold in-reg] wbs_adr_i[4] -> mprj/_137028_/D : -0.620179
[hold in-reg] wbs_adr_i[4] -> mprj/_136789_/D : -0.619025
[hold in-reg] wbs_adr_i[4] -> mprj/_137050_/D : -0.618206
[hold in-reg] wbs_adr_i[4] -> mprj/_136726_/D : -0.618082
[hold in-reg] wbs_adr_i[4] -> mprj/_135993_/D : -0.617726
[hold in-reg] wbs_adr_i[4] -> mprj/_137278_/D : -0.616821
[hold in-reg] wbs_adr_i[4] -> mprj/_135830_/D : -0.615948
[hold in-reg] wbs_adr_i[4] -> mprj/_136538_/D : -0.615157
[hold in-reg] wbs_adr_i[4] -> mprj/_136774_/D : -0.614750
[hold in-reg] wbs_adr_i[4] -> mprj/_136451_/D : -0.614290
[hold in-reg] wbs_adr_i[4] -> mprj/_137075_/D : -0.613953
[hold in-reg] wbs_adr_i[4] -> mprj/_135811_/D : -0.613916
[hold in-reg] wbs_adr_i[4] -> mprj/_137296_/D : -0.613281
[hold in-reg] wbs_adr_i[4] -> mprj/_136028_/D : -0.613007
[hold in-reg] wbs_adr_i[4] -> mprj/_137010_/D : -0.612960
[hold in-reg] wbs_adr_i[4] -> mprj/_136355_/D : -0.612874
[hold in-reg] wbs_adr_i[4] -> mprj/_136792_/D : -0.612589
[hold in-reg] wbs_adr_i[4] -> mprj/_136798_/D : -0.612199
[hold in-reg] wbs_adr_i[4] -> mprj/_136617_/D : -0.611140
[hold in-reg] wbs_adr_i[4] -> mprj/_136045_/D : -0.610849
[hold in-reg] wbs_adr_i[4] -> mprj/_135910_/D : -0.610778
[hold in-reg] wbs_adr_i[4] -> mprj/_136857_/D : -0.609804
[hold in-reg] wbs_adr_i[4] -> mprj/_136986_/D : -0.609751
[hold in-reg] wbs_adr_i[4] -> mprj/_136973_/D : -0.609444
[hold in-reg] wbs_adr_i[4] -> mprj/_136962_/D : -0.609151
[hold in-reg] wbs_adr_i[4] -> mprj/_136955_/D : -0.608848
[hold in-reg] wbs_adr_i[4] -> mprj/_136499_/D : -0.608046
[hold in-reg] wbs_adr_i[4] -> mprj/_135981_/D : -0.607356
[hold in-reg] wbs_adr_i[4] -> mprj/_136981_/D : -0.607339
[hold in-reg] wbs_adr_i[4] -> mprj/_136895_/D : -0.606384
[hold in-reg] wbs_adr_i[4] -> mprj/_136289_/D : -0.605943
[hold in-reg] wbs_adr_i[4] -> mprj/_136661_/D : -0.605855
[hold in-reg] wbs_adr_i[4] -> mprj/_137129_/D : -0.605365
[hold in-reg] wbs_adr_i[4] -> mprj/_137097_/D : -0.605156
[hold in-reg] wbs_adr_i[4] -> mprj/_136469_/D : -0.605008
[hold in-reg] wbs_adr_i[4] -> mprj/_136768_/D : -0.604776
[hold in-reg] wbs_adr_i[4] -> mprj/_136508_/D : -0.604698
[hold in-reg] wbs_adr_i[4] -> mprj/_136574_/D : -0.604287
[hold in-reg] wbs_adr_i[4] -> mprj/_135829_/D : -0.603869
[hold in-reg] wbs_adr_i[4] -> mprj/_135961_/D : -0.603722
[hold in-reg] wbs_adr_i[4] -> mprj/_136199_/D : -0.603279
[hold in-reg] wbs_adr_i[4] -> mprj/_137017_/D : -0.602769
[hold in-reg] wbs_adr_i[4] -> mprj/_136013_/D : -0.602190
[hold in-reg] wbs_adr_i[4] -> mprj/_136863_/D : -0.602072
[hold in-reg] wbs_adr_i[4] -> mprj/_135937_/D : -0.600616
[hold in-reg] wbs_adr_i[4] -> mprj/_136949_/D : -0.600525
[hold in-reg] wbs_adr_i[4] -> mprj/_135846_/D : -0.600289
[hold in-reg] wbs_adr_i[4] -> mprj/_137011_/D : -0.600029
[hold in-reg] wbs_adr_i[4] -> mprj/_136314_/D : -0.599899
[hold in-reg] wbs_adr_i[4] -> mprj/_136452_/D : -0.599882
[hold in-reg] wbs_adr_i[4] -> mprj/_136562_/D : -0.599776
[hold in-reg] wbs_adr_i[4] -> mprj/_136754_/D : -0.599603
[hold in-reg] wbs_adr_i[4] -> mprj/_136516_/D : -0.598921
[hold in-reg] wbs_adr_i[4] -> mprj/_136623_/D : -0.598848
[hold in-reg] wbs_dat_i[24] -> mprj/_136195_/D : -0.598306
[hold in-reg] wbs_adr_i[4] -> mprj/_135853_/D : -0.598035
[hold in-reg] wbs_adr_i[4] -> mprj/_136651_/D : -0.598012
[hold in-reg] wbs_adr_i[4] -> mprj/_136660_/D : -0.597652
[hold in-reg] wbs_adr_i[4] -> mprj/_137008_/D : -0.597561
[hold in-reg] wbs_adr_i[4] -> mprj/_136438_/D : -0.596664
[hold in-reg] wbs_adr_i[4] -> mprj/_136139_/D : -0.595922
[hold in-reg] wbs_adr_i[4] -> mprj/_136133_/D : -0.595566
[hold in-reg] wbs_adr_i[4] -> mprj/_136924_/D : -0.595238
[hold in-reg] wbs_adr_i[4] -> mprj/_136991_/D : -0.594786
[hold in-reg] wbs_adr_i[4] -> mprj/_136883_/D : -0.594715
[hold in-reg] wbs_adr_i[4] -> mprj/_136711_/D : -0.594683
[hold in-reg] wbs_adr_i[4] -> mprj/_136117_/D : -0.594292
[hold in-reg] wbs_adr_i[4] -> mprj/_137295_/D : -0.594234
[hold in-reg] wbs_adr_i[4] -> mprj/_135841_/D : -0.593933
[hold in-reg] wbs_adr_i[4] -> mprj/_137236_/D : -0.593927
[hold in-reg] wbs_adr_i[4] -> mprj/_137257_/D : -0.592794
[hold in-reg] wbs_adr_i[4] -> mprj/_136017_/D : -0.592582
[hold in-reg] wbs_adr_i[4] -> mprj/_136274_/D : -0.592526
[hold in-reg] wbs_adr_i[4] -> mprj/_136494_/D : -0.591808
[hold in-reg] wbs_adr_i[4] -> mprj/_137229_/D : -0.591675
[hold in-reg] wbs_adr_i[4] -> mprj/_137118_/D : -0.591455
[hold in-reg] wbs_adr_i[4] -> mprj/_135935_/D : -0.591041
[hold in-reg] wbs_adr_i[4] -> mprj/_136106_/D : -0.590593
[hold in-reg] wbs_adr_i[4] -> mprj/_136140_/D : -0.590518
[hold in-reg] wbs_dat_i[24] -> mprj/_137091_/D : -0.590354
[hold in-reg] wbs_adr_i[4] -> mprj/_136926_/D : -0.590259
[hold in-reg] wbs_adr_i[4] -> mprj/_136673_/D : -0.590133
[hold in-reg] wbs_adr_i[4] -> mprj/_136029_/D : -0.589932
[hold in-reg] wbs_adr_i[4] -> mprj/_136245_/D : -0.589861
[hold in-reg] wbs_adr_i[4] -> mprj/_136929_/D : -0.589755
[hold in-reg] wbs_adr_i[4] -> mprj/_136835_/D : -0.589470
[hold in-reg] wbs_adr_i[4] -> mprj/_136941_/D : -0.589137
[hold in-reg] wbs_adr_i[4] -> mprj/_136050_/D : -0.588924
[hold in-reg] wbs_adr_i[4] -> mprj/_136406_/D : -0.587937
[hold in-reg] wbs_adr_i[4] -> mprj/_136360_/D : -0.587730
[hold in-reg] wbs_adr_i[4] -> mprj/_136830_/D : -0.587532
[hold in-reg] wbs_adr_i[4] -> mprj/_136978_/D : -0.587019
[hold in-reg] wbs_adr_i[4] -> mprj/_136437_/D : -0.586902
[hold in-reg] wbs_adr_i[4] -> mprj/_136137_/D : -0.586868
[hold in-reg] wbs_adr_i[7] -> mprj/_136455_/D : -0.586373
[hold in-reg] wbs_adr_i[4] -> mprj/_136629_/D : -0.586263
[hold in-reg] wbs_adr_i[4] -> mprj/_137169_/D : -0.585787
[hold in-reg] wbs_adr_i[4] -> mprj/_137056_/D : -0.584919
[hold in-reg] wbs_adr_i[4] -> mprj/_136255_/D : -0.584806
[hold in-reg] wbs_adr_i[4] -> mprj/_137238_/D : -0.584478
[hold in-reg] wbs_adr_i[4] -> mprj/_135964_/D : -0.584099
[hold in-reg] wbs_adr_i[4] -> mprj/_136254_/D : -0.583873
[hold in-reg] wbs_adr_i[4] -> mprj/_136175_/D : -0.583474
[hold in-reg] wbs_adr_i[4] -> mprj/_136120_/D : -0.583462
[hold in-reg] wbs_adr_i[4] -> mprj/_136165_/D : -0.583023
[hold in-reg] wbs_adr_i[4] -> mprj/_136722_/D : -0.582417
[hold in-reg] wbs_adr_i[4] -> mprj/_136026_/D : -0.582286
[hold in-reg] wbs_adr_i[4] -> mprj/_136267_/D : -0.581962
[hold in-reg] wbs_adr_i[4] -> mprj/_136881_/D : -0.581383
[hold in-reg] wbs_adr_i[4] -> mprj/_136649_/D : -0.581248
[hold in-reg] wbs_adr_i[4] -> mprj/_136189_/D : -0.581033
[hold in-reg] wbs_dat_i[24] -> mprj/_136015_/D : -0.580962
[hold in-reg] wbs_adr_i[4] -> mprj/_136242_/D : -0.580318
[hold in-reg] wbs_adr_i[4] -> mprj/_137205_/D : -0.580246
[hold in-reg] wbs_adr_i[4] -> mprj/_136766_/D : -0.579755
[hold in-reg] wbs_adr_i[4] -> mprj/_136070_/D : -0.579754
[hold in-reg] wbs_adr_i[4] -> mprj/_136033_/D : -0.579649
[hold in-reg] wbs_adr_i[4] -> mprj/_135805_/D : -0.579496
[hold in-reg] wbs_adr_i[4] -> mprj/_137143_/D : -0.579282
[hold in-reg] wbs_adr_i[4] -> mprj/_137111_/D : -0.579025
[hold in-reg] wbs_adr_i[4] -> mprj/_136751_/D : -0.578814
[hold in-reg] wbs_adr_i[4] -> mprj/_136522_/D : -0.578092
[hold in-reg] wbs_adr_i[4] -> mprj/_136089_/D : -0.577761
[hold in-reg] wbs_adr_i[4] -> mprj/_137100_/D : -0.577371
[hold in-reg] wbs_adr_i[4] -> mprj/_137038_/D : -0.577307
[hold in-reg] wbs_adr_i[4] -> mprj/_136278_/D : -0.576408
[hold in-reg] wbs_adr_i[4] -> mprj/_136632_/D : -0.576266
[hold in-reg] wbs_adr_i[4] -> mprj/_135914_/D : -0.576091
[hold in-reg] wbs_adr_i[4] -> mprj/_136715_/D : -0.576046
[hold in-reg] wbs_adr_i[4] -> mprj/_136226_/D : -0.575886
[hold in-reg] wbs_adr_i[4] -> mprj/_137053_/D : -0.575664
[hold in-reg] wbs_adr_i[4] -> mprj/_135794_/D : -0.575428
[hold in-reg] wbs_adr_i[4] -> mprj/_136525_/D : -0.575326
[hold in-reg] wbs_adr_i[4] -> mprj/_137055_/D : -0.575192
[hold in-reg] wbs_adr_i[4] -> mprj/_136219_/D : -0.574962
[hold in-reg] wbs_adr_i[4] -> mprj/_137304_/D : -0.574873
[hold in-reg] wbs_adr_i[4] -> mprj/_135999_/D : -0.574841
[hold in-reg] wbs_adr_i[4] -> mprj/_137312_/D : -0.574392
[hold in-reg] wbs_adr_i[4] -> mprj/_136003_/D : -0.574107
[hold in-reg] wbs_adr_i[4] -> mprj/_136362_/D : -0.573255
[hold in-reg] wbs_adr_i[3] -> mprj/_135973_/D : -0.572721
[hold in-reg] wbs_adr_i[4] -> mprj/_136960_/D : -0.572320
[hold in-reg] wbs_adr_i[4] -> mprj/_137161_/D : -0.571738
[hold in-reg] wbs_adr_i[4] -> mprj/_137206_/D : -0.571056
[hold in-reg] wbs_adr_i[4] -> mprj/_137058_/D : -0.570860
[hold in-reg] wbs_adr_i[3] -> mprj/_135777_/D : -0.570629
[hold in-reg] wbs_adr_i[4] -> mprj/_136069_/D : -0.570566
[hold in-reg] wbs_adr_i[4] -> mprj/_136301_/D : -0.570536
[hold in-reg] wbs_adr_i[4] -> mprj/_136246_/D : -0.570396
[hold in-reg] wbs_adr_i[4] -> mprj/_137253_/D : -0.570256
[hold in-reg] wbs_adr_i[4] -> mprj/_136790_/D : -0.570196
[hold in-reg] wbs_adr_i[4] -> mprj/_137109_/D : -0.569597
[hold in-reg] wbs_adr_i[4] -> mprj/_136232_/D : -0.569208
[hold in-reg] wbs_adr_i[4] -> mprj/_135802_/D : -0.568747
[hold in-reg] wbs_adr_i[7] -> mprj/_136905_/D : -0.568706
[hold in-reg] wbs_adr_i[4] -> mprj/_136606_/D : -0.568364
[hold in-reg] wbs_adr_i[4] -> mprj/_136566_/D : -0.568362
[hold in-reg] wbs_adr_i[3] -> mprj/_135778_/D : -0.568020
[hold in-reg] wbs_adr_i[4] -> mprj/_137093_/D : -0.567756
[hold in-reg] wbs_adr_i[4] -> mprj/_136810_/D : -0.567690
[hold in-reg] wbs_adr_i[4] -> mprj/_136867_/D : -0.567619
[hold in-reg] wbs_adr_i[4] -> mprj/_135796_/D : -0.567473
[hold in-reg] wbs_adr_i[4] -> mprj/_136756_/D : -0.567404
[hold in-reg] wbs_adr_i[4] -> mprj/_136599_/D : -0.567200
[hold in-reg] wbs_adr_i[4] -> mprj/_136725_/D : -0.567068
[hold in-reg] wbs_adr_i[4] -> mprj/_136481_/D : -0.565996
[hold in-reg] wbs_adr_i[4] -> mprj/_136161_/D : -0.565866
[hold in-reg] wbs_adr_i[4] -> mprj/_137135_/D : -0.565733
[hold in-reg] wbs_adr_i[4] -> mprj/_137214_/D : -0.565485
[hold in-reg] wbs_adr_i[4] -> mprj/_136826_/D : -0.565137
[hold in-reg] wbs_adr_i[4] -> mprj/_136004_/D : -0.564874
[hold in-reg] wbs_adr_i[4] -> mprj/_137254_/D : -0.564787
[hold in-reg] wbs_adr_i[4] -> mprj/_135797_/D : -0.563753
[hold in-reg] wbs_adr_i[4] -> mprj/_137080_/D : -0.563685
[hold in-reg] wbs_dat_i[9] -> mprj/_135904_/D : -0.563477
[hold in-reg] wbs_adr_i[4] -> mprj/_137185_/D : -0.563067
[hold in-reg] wbs_adr_i[4] -> mprj/_137002_/D : -0.562659
[hold in-reg] wbs_adr_i[4] -> mprj/_136471_/D : -0.561336
[hold in-reg] wbs_adr_i[4] -> mprj/_136201_/D : -0.560961
[hold in-reg] wbs_adr_i[4] -> mprj/_136001_/D : -0.560080
[hold in-reg] wbs_adr_i[4] -> mprj/_135900_/D : -0.559428
[hold in-reg] wbs_adr_i[4] -> mprj/_136705_/D : -0.559259
[hold in-reg] wbs_adr_i[4] -> mprj/_136060_/D : -0.558702
[hold in-reg] wbs_adr_i[4] -> mprj/_135874_/D : -0.558586
[hold in-reg] wbs_adr_i[4] -> mprj/_136373_/D : -0.557882
[hold in-reg] wbs_adr_i[4] -> mprj/_136687_/D : -0.557766
[hold in-reg] wbs_adr_i[4] -> mprj/_137202_/D : -0.557314
[hold in-reg] wbs_adr_i[4] -> mprj/_136806_/D : -0.557064
[hold in-reg] wbs_adr_i[4] -> mprj/_136395_/D : -0.556676
[hold in-reg] wbs_adr_i[4] -> mprj/_136162_/D : -0.555960
[hold in-reg] wbs_adr_i[4] -> mprj/_137085_/D : -0.555637
[hold in-reg] wbs_adr_i[4] -> mprj/_136294_/D : -0.555522
[hold in-reg] wbs_adr_i[4] -> mprj/_137268_/D : -0.555480
[hold in-reg] wbs_adr_i[4] -> mprj/_136773_/D : -0.555073
[hold in-reg] wbs_adr_i[4] -> mprj/_136241_/D : -0.554917
[hold in-reg] wbs_adr_i[4] -> mprj/_136652_/D : -0.554543
[hold in-reg] wbs_adr_i[4] -> mprj/_136655_/D : -0.553580
[hold in-reg] wbs_adr_i[4] -> mprj/_137193_/D : -0.553118
[hold in-reg] wbs_adr_i[4] -> mprj/_136447_/D : -0.553043
[hold in-reg] wbs_adr_i[4] -> mprj/_136235_/D : -0.552602
[hold in-reg] wbs_dat_i[24] -> mprj/_136911_/D : -0.552528
[hold in-reg] wbs_adr_i[4] -> mprj/_135871_/D : -0.551901
[hold in-reg] wbs_adr_i[4] -> mprj/_136383_/D : -0.551840
[hold in-reg] wbs_dat_i[24] -> mprj/_135955_/D : -0.551143
[hold in-reg] wbs_adr_i[4] -> mprj/_136967_/D : -0.550774
[hold in-reg] wbs_adr_i[4] -> mprj/_136984_/D : -0.550767
[hold in-reg] wbs_adr_i[4] -> mprj/_136812_/D : -0.549273
[hold in-reg] wbs_adr_i[4] -> mprj/_136489_/D : -0.549217
[hold in-reg] wbs_adr_i[4] -> mprj/_135998_/D : -0.548638
[hold in-reg] wbs_adr_i[4] -> mprj/_137025_/D : -0.548090
[hold in-reg] wbs_adr_i[4] -> mprj/_136885_/D : -0.548069
[hold in-reg] wbs_adr_i[4] -> mprj/_136386_/D : -0.547653
[hold in-reg] wbs_adr_i[4] -> mprj/_135832_/D : -0.547562
[hold in-reg] wbs_adr_i[4] -> mprj/_136545_/D : -0.547262
[hold in-reg] wbs_dat_i[9] -> mprj/_138352_/D : -0.546896
[hold in-reg] wbs_adr_i[4] -> mprj/_136390_/D : -0.546875
[hold in-reg] wbs_adr_i[4] -> mprj/_136366_/D : -0.546509
[hold in-reg] wbs_dat_i[9] -> mprj/_136416_/D : -0.546248
[hold in-reg] wbs_adr_i[4] -> mprj/_136498_/D : -0.545976
[hold in-reg] wbs_adr_i[4] -> mprj/_135938_/D : -0.545547
[hold in-reg] wbs_adr_i[4] -> mprj/_135928_/D : -0.545212
[hold in-reg] wbs_adr_i[4] -> mprj/_137013_/D : -0.545168
[hold in-reg] wbs_adr_i[4] -> mprj/_136938_/D : -0.545105
[hold in-reg] wbs_adr_i[4] -> mprj/_136351_/D : -0.544987
[hold in-reg] wbs_adr_i[4] -> mprj/_136834_/D : -0.544793
[hold in-reg] wbs_adr_i[4] -> mprj/_135985_/D : -0.544648
[hold in-reg] wbs_adr_i[4] -> mprj/_136865_/D : -0.544048
[hold in-reg] wbs_dat_i[9] -> mprj/_136684_/D : -0.543839
[hold in-reg] wbs_adr_i[4] -> mprj/_137160_/D : -0.543676
[hold in-reg] wbs_adr_i[4] -> mprj/_135977_/D : -0.542733
[hold in-reg] wbs_adr_i[4] -> mprj/_136239_/D : -0.541746
[hold in-reg] wbs_adr_i[4] -> mprj/_136315_/D : -0.541069
[hold in-reg] wbs_adr_i[4] -> mprj/_136034_/D : -0.541064
[hold in-reg] wbs_adr_i[4] -> mprj/_136344_/D : -0.540787
[hold in-reg] wbs_adr_i[4] -> mprj/_136190_/D : -0.540739
[hold in-reg] wbs_adr_i[4] -> mprj/_135850_/D : -0.540460
[hold in-reg] wbs_adr_i[4] -> mprj/_137098_/D : -0.539950
[hold in-reg] wbs_adr_i[4] -> mprj/_135792_/D : -0.539675
[hold in-reg] wbs_dat_i[24] -> mprj/_136851_/D : -0.539466
[hold in-reg] wbs_adr_i[4] -> mprj/_136530_/D : -0.539181
[hold in-reg] wbs_adr_i[4] -> mprj/_135839_/D : -0.539136
[hold in-reg] wbs_adr_i[4] -> mprj/_136902_/D : -0.538989
[hold in-reg] wbs_adr_i[4] -> mprj/_137122_/D : -0.538972
[hold in-reg] wbs_adr_i[4] -> mprj/_136879_/D : -0.538605
[hold in-reg] wbs_adr_i[4] -> mprj/_137144_/D : -0.538590
[hold in-reg] wbs_adr_i[4] -> mprj/_135939_/D : -0.538522
[hold in-reg] wbs_adr_i[4] -> mprj/_136966_/D : -0.538125
[hold in-reg] wbs_adr_i[4] -> mprj/_136334_/D : -0.537934
[hold in-reg] wbs_adr_i[4] -> mprj/_136856_/D : -0.537672
[hold in-reg] wbs_adr_i[4] -> mprj/_136023_/D : -0.537460
[hold in-reg] wbs_adr_i[4] -> mprj/_136997_/D : -0.536838
[hold in-reg] wbs_adr_i[4] -> mprj/_137128_/D : -0.536748
[hold in-reg] wbs_adr_i[4] -> mprj/_136873_/D : -0.536285
[hold in-reg] wbs_dat_i[9] -> mprj/_137196_/D : -0.535989
[hold in-reg] wbs_adr_i[4] -> mprj/_136777_/D : -0.535751
[hold in-reg] wbs_adr_i[4] -> mprj/_136203_/D : -0.535660
[hold in-reg] wbs_adr_i[4] -> mprj/_136052_/D : -0.535585
[hold in-reg] wbs_adr_i[4] -> mprj/_137247_/D : -0.535427
[hold in-reg] wbs_adr_i[4] -> mprj/_135886_/D : -0.534789
[hold in-reg] wbs_adr_i[4] -> mprj/_135822_/D : -0.534618
[hold in-reg] wbs_adr_i[4] -> mprj/_136813_/D : -0.534156
[hold in-reg] wbs_adr_i[4] -> mprj/_136493_/D : -0.533634
[hold in-reg] wbs_adr_i[4] -> mprj/_137043_/D : -0.533505
[hold in-reg] wbs_adr_i[4] -> mprj/_136636_/D : -0.533388
[hold in-reg] wbs_adr_i[4] -> mprj/_136558_/D : -0.533296
[hold in-reg] wbs_adr_i[4] -> mprj/_137285_/D : -0.533221
[hold in-reg] wbs_adr_i[4] -> mprj/_136937_/D : -0.533139
[hold in-reg] wbs_adr_i[4] -> mprj/_135787_/D : -0.532407
[hold in-reg] wbs_adr_i[4] -> mprj/_137005_/D : -0.532024
[hold in-reg] wbs_adr_i[4] -> mprj/_137201_/D : -0.531858
[hold in-reg] wbs_adr_i[4] -> mprj/_137250_/D : -0.531016
[hold in-reg] wbs_adr_i[4] -> mprj/_136265_/D : -0.530454
[hold in-reg] wbs_adr_i[4] -> mprj/_136163_/D : -0.529873
[hold in-reg] wbs_adr_i[4] -> mprj/_136046_/D : -0.529791
[hold in-reg] wbs_adr_i[4] -> mprj/_136124_/D : -0.529626
[hold in-reg] wbs_adr_i[4] -> mprj/_136064_/D : -0.529452
[hold in-reg] wbs_adr_i[4] -> mprj/_135926_/D : -0.529364
[hold in-reg] wbs_adr_i[4] -> mprj/_136164_/D : -0.528991
[hold in-reg] wbs_adr_i[4] -> mprj/_136898_/D : -0.528361
[hold in-reg] wbs_adr_i[4] -> mprj/_136394_/D : -0.528319
[hold in-reg] wbs_adr_i[4] -> mprj/_137148_/D : -0.528161
[hold in-reg] wbs_adr_i[4] -> mprj/_136138_/D : -0.527606
[hold in-reg] wbs_adr_i[4] -> mprj/_136151_/D : -0.527196
[hold in-reg] wbs_adr_i[4] -> mprj/_137130_/D : -0.526953
[hold in-reg] wbs_adr_i[4] -> mprj/_135803_/D : -0.526734
[hold in-reg] wbs_adr_i[4] -> mprj/_137213_/D : -0.525397
[hold in-reg] wbs_adr_i[4] -> mprj/_136874_/D : -0.525154
[hold in-reg] wbs_adr_i[4] -> mprj/_137280_/D : -0.524434
[hold in-reg] wbs_adr_i[4] -> mprj/_137227_/D : -0.524218
[hold in-reg] wbs_adr_i[4] -> mprj/_136750_/D : -0.524138
[hold in-reg] wbs_adr_i[4] -> mprj/_137047_/D : -0.523872
[hold in-reg] wbs_adr_i[4] -> mprj/_136630_/D : -0.523868
[hold in-reg] wbs_adr_i[4] -> mprj/_136565_/D : -0.523788
[hold in-reg] wbs_adr_i[4] -> mprj/_136474_/D : -0.522297
[hold in-reg] wbs_adr_i[4] -> mprj/_136663_/D : -0.521686
[hold in-reg] wbs_adr_i[4] -> mprj/_136167_/D : -0.521609
[hold in-reg] wbs_adr_i[4] -> mprj/_136878_/D : -0.521577
[hold in-reg] wbs_adr_i[4] -> mprj/_135942_/D : -0.521072
[hold in-reg] wbs_adr_i[4] -> mprj/_137045_/D : -0.520796
[hold in-reg] wbs_dat_i[9] -> mprj/_135906_/D : -0.520058
[hold in-reg] wbs_adr_i[4] -> mprj/_135933_/D : -0.520028
[hold in-reg] wbs_adr_i[4] -> mprj/_136340_/D : -0.519953
[hold in-reg] wbs_adr_i[4] -> mprj/_136587_/D : -0.519875
[hold in-reg] wbs_adr_i[4] -> mprj/_136737_/D : -0.519744
[hold in-reg] wbs_adr_i[4] -> mprj/_136037_/D : -0.519649
[hold in-reg] wbs_adr_i[4] -> mprj/_136861_/D : -0.519639
[hold in-reg] wbs_adr_i[4] -> mprj/_136412_/D : -0.519620
[hold in-reg] wbs_adr_i[4] -> mprj/_137310_/D : -0.519336
[hold in-reg] wbs_adr_i[4] -> mprj/_136554_/D : -0.519212
[hold in-reg] wbs_adr_i[4] -> mprj/_136200_/D : -0.518857
[hold in-reg] wbs_adr_i[4] -> mprj/_136690_/D : -0.518647
[hold in-reg] wbs_adr_i[4] -> mprj/_136757_/D : -0.518636
[hold in-reg] wbs_dat_i[9] -> mprj/_136418_/D : -0.518603
[hold in-reg] wbs_adr_i[4] -> mprj/_137121_/D : -0.517716
[hold in-reg] wbs_adr_i[4] -> mprj/_137251_/D : -0.517143
[hold in-reg] wbs_adr_i[4] -> mprj/_136266_/D : -0.516233
[hold in-reg] wbs_adr_i[4] -> mprj/_137302_/D : -0.515966
[hold in-reg] wbs_adr_i[3] -> mprj/_136486_/D : -0.515763
[hold in-reg] wbs_adr_i[4] -> mprj/_136090_/D : -0.515494
[hold in-reg] wbs_adr_i[4] -> mprj/_136653_/D : -0.515399
[hold in-reg] wbs_adr_i[3] -> mprj/_136372_/D : -0.515237
[hold in-reg] wbs_adr_i[4] -> mprj/_136882_/D : -0.514676
[hold in-reg] wbs_adr_i[4] -> mprj/_136169_/D : -0.514328
[hold in-reg] wbs_adr_i[4] -> mprj/_135950_/D : -0.514326
[hold in-reg] wbs_adr_i[4] -> mprj/_137262_/D : -0.514057
[hold in-reg] wbs_adr_i[4] -> mprj/_136581_/D : -0.514023
[hold in-reg] wbs_adr_i[4] -> mprj/_136747_/D : -0.513562
[hold in-reg] wbs_adr_i[4] -> mprj/_136317_/D : -0.513416
[hold in-reg] wbs_adr_i[4] -> mprj/_135873_/D : -0.513236
[hold in-reg] wbs_adr_i[4] -> mprj/_136119_/D : -0.512820
[hold in-reg] wbs_adr_i[2] -> mprj/_136227_/D : -0.512268
[hold in-reg] wbs_adr_i[4] -> mprj/_136907_/D : -0.512006
[hold in-reg] wbs_dat_i[24] -> mprj/_136611_/D : -0.511781
[hold in-reg] wbs_adr_i[4] -> mprj/_137195_/D : -0.511641
[hold in-reg] wbs_adr_i[4] -> mprj/_137261_/D : -0.511439
[hold in-reg] wbs_adr_i[4] -> mprj/_136085_/D : -0.511267
[hold in-reg] wbs_adr_i[4] -> mprj/_136963_/D : -0.511012
[hold in-reg] wbs_adr_i[4] -> mprj/_135929_/D : -0.510942
[hold in-reg] wbs_adr_i[4] -> mprj/_136253_/D : -0.510602
[hold in-reg] wbs_adr_i[4] -> mprj/_137112_/D : -0.510445
[hold in-reg] wbs_adr_i[4] -> mprj/_137084_/D : -0.509528
[hold in-reg] wbs_adr_i[4] -> mprj/_136650_/D : -0.509174
[hold in-reg] wbs_adr_i[4] -> mprj/_137223_/D : -0.508200
[hold in-reg] wbs_adr_i[4] -> mprj/_137270_/D : -0.508174
[hold in-reg] wbs_adr_i[4] -> mprj/_136980_/D : -0.507842
[hold in-reg] wbs_adr_i[4] -> mprj/_135959_/D : -0.507548
[hold in-reg] wbs_adr_i[4] -> mprj/_135949_/D : -0.507171
[hold in-reg] wbs_adr_i[4] -> mprj/_136389_/D : -0.505946
[hold in-reg] wbs_adr_i[4] -> mprj/_136154_/D : -0.505361
[hold in-reg] wbs_adr_i[4] -> mprj/_136202_/D : -0.505222
[hold in-reg] wbs_adr_i[4] -> mprj/_136213_/D : -0.505016
[hold in-reg] wbs_adr_i[4] -> mprj/_137057_/D : -0.504559
[hold in-reg] wbs_adr_i[3] -> mprj/_136608_/D : -0.504512
[hold in-reg] wbs_adr_i[4] -> mprj/_136501_/D : -0.504448
[hold in-reg] wbs_adr_i[4] -> mprj/_136303_/D : -0.504324
[hold in-reg] wbs_adr_i[4] -> mprj/_136513_/D : -0.503557
[hold in-reg] wbs_adr_i[4] -> mprj/_136982_/D : -0.503244
[hold in-reg] wbs_adr_i[4] -> mprj/_136942_/D : -0.502751
[hold in-reg] wbs_adr_i[4] -> mprj/_136441_/D : -0.502226
[hold in-reg] wbs_adr_i[4] -> mprj/_136398_/D : -0.502189
[hold in-reg] wbs_adr_i[4] -> mprj/_136126_/D : -0.501943
[hold in-reg] wbs_adr_i[4] -> mprj/_137012_/D : -0.501766
[hold in-reg] wbs_adr_i[4] -> mprj/_136877_/D : -0.501541
[hold in-reg] wbs_adr_i[4] -> mprj/_137239_/D : -0.501475
[hold in-reg] wbs_adr_i[4] -> mprj/_136758_/D : -0.501365
[hold in-reg] wbs_adr_i[4] -> mprj/_136310_/D : -0.500894
[hold in-reg] wbs_adr_i[4] -> mprj/_136948_/D : -0.500848
[hold in-reg] wbs_adr_i[4] -> mprj/_136767_/D : -0.500809
[hold in-reg] wbs_adr_i[4] -> mprj/_137070_/D : -0.500650
[hold in-reg] wbs_adr_i[4] -> mprj/_137269_/D : -0.500640
[hold in-reg] wbs_adr_i[4] -> mprj/_136425_/D : -0.500524
[hold in-reg] wbs_adr_i[4] -> mprj/_136648_/D : -0.500235
[hold in-reg] wbs_adr_i[4] -> mprj/_136875_/D : -0.500111
[hold in-reg] wbs_adr_i[4] -> mprj/_137162_/D : -0.499800
[hold in-reg] wbs_adr_i[4] -> mprj/_137086_/D : -0.499661
[hold in-reg] wbs_adr_i[4] -> mprj/_136533_/D : -0.499495
[hold in-reg] wbs_adr_i[4] -> mprj/_135947_/D : -0.499379
[hold in-reg] wbs_adr_i[4] -> mprj/_136680_/D : -0.498648
[hold in-reg] wbs_adr_i[4] -> mprj/_136205_/D : -0.498526
[hold in-reg] wbs_adr_i[4] -> mprj/_136600_/D : -0.498464
[hold in-reg] wbs_adr_i[4] -> mprj/_136342_/D : -0.498138
[hold in-reg] wbs_adr_i[4] -> mprj/_136860_/D : -0.497308
[hold in-reg] wbs_adr_i[4] -> mprj/_136671_/D : -0.497302
[hold in-reg] wbs_adr_i[4] -> mprj/_136866_/D : -0.497277
[hold in-reg] wbs_adr_i[4] -> mprj/_136166_/D : -0.497219
[hold in-reg] wbs_adr_i[4] -> mprj/_136500_/D : -0.496895
[hold in-reg] wbs_adr_i[4] -> mprj/_137110_/D : -0.496512
[hold in-reg] wbs_adr_i[4] -> mprj/_135978_/D : -0.496454
[hold in-reg] wbs_adr_i[4] -> mprj/_136957_/D : -0.496400
[hold in-reg] wbs_adr_i[4] -> mprj/_135793_/D : -0.496228
[hold in-reg] wbs_adr_i[4] -> mprj/_135988_/D : -0.496100
[hold in-reg] wbs_dat_i[23] -> mprj/_136666_/D : -0.496092
[hold in-reg] wbs_adr_i[4] -> mprj/_136297_/D : -0.496089
[hold in-reg] wbs_adr_i[4] -> mprj/_136325_/D : -0.496086
[hold in-reg] wbs_adr_i[4] -> mprj/_137263_/D : -0.496061
[hold in-reg] wbs_adr_i[4] -> mprj/_136901_/D : -0.495874
[hold in-reg] wbs_adr_i[4] -> mprj/_136042_/D : -0.495310
[hold in-reg] wbs_adr_i[4] -> mprj/_135789_/D : -0.495052
[hold in-reg] wbs_adr_i[4] -> mprj/_136899_/D : -0.494272
[hold in-reg] wbs_adr_i[4] -> mprj/_136588_/D : -0.494177
[hold in-reg] wbs_adr_i[4] -> mprj/_136693_/D : -0.493771
[hold in-reg] wbs_dat_i[23] -> mprj/_136550_/D : -0.493607
[hold in-reg] wbs_adr_i[4] -> mprj/_136391_/D : -0.493085
[hold in-reg] wbs_adr_i[3] -> mprj/_136852_/D : -0.492936
[hold in-reg] wbs_adr_i[4] -> mprj/_136846_/D : -0.492872
[hold in-reg] wbs_adr_i[4] -> mprj/_137072_/D : -0.492726
[hold in-reg] wbs_adr_i[4] -> mprj/_135849_/D : -0.492467
[hold in-reg] wbs_adr_i[4] -> mprj/_136354_/D : -0.492427
[hold in-reg] wbs_adr_i[4] -> mprj/_137282_/D : -0.492241
[hold in-reg] wbs_adr_i[4] -> mprj/_136743_/D : -0.491933
[hold in-reg] wbs_adr_i[4] -> mprj/_136753_/D : -0.491873
[hold in-reg] wbs_adr_i[4] -> mprj/_136215_/D : -0.491615
[hold in-reg] wbs_adr_i[4] -> mprj/_136840_/D : -0.491308
[hold in-reg] wbs_adr_i[4] -> mprj/_135932_/D : -0.490932
[hold in-reg] wbs_adr_i[4] -> mprj/_136681_/D : -0.490775
[hold in-reg] wbs_adr_i[4] -> mprj/_136764_/D : -0.490706
[hold in-reg] wbs_adr_i[4] -> mprj/_137222_/D : -0.490461
[hold in-reg] wbs_adr_i[4] -> mprj/_135918_/D : -0.490332
[hold in-reg] wbs_adr_i[4] -> mprj/_136168_/D : -0.490296
[hold in-reg] wbs_adr_i[4] -> mprj/_136897_/D : -0.490284
[hold in-reg] wbs_adr_i[4] -> mprj/_136749_/D : -0.490267
[hold in-reg] wbs_adr_i[4] -> mprj/_137199_/D : -0.490243
[hold in-reg] wbs_adr_i[4] -> mprj/_136819_/D : -0.490171
[hold in-reg] wbs_adr_i[4] -> mprj/_137042_/D : -0.489611
[hold in-reg] wbs_adr_i[4] -> mprj/_136678_/D : -0.489312
[hold in-reg] wbs_adr_i[4] -> mprj/_137252_/D : -0.489213
[hold in-reg] wbs_adr_i[4] -> mprj/_136454_/D : -0.488269
[hold in-reg] wbs_adr_i[4] -> mprj/_136645_/D : -0.488083
[hold in-reg] wbs_adr_i[4] -> mprj/_137186_/D : -0.487796
[hold in-reg] wbs_adr_i[4] -> mprj/_136674_/D : -0.487776
[hold in-reg] wbs_adr_i[4] -> mprj/_136150_/D : -0.487405
[hold in-reg] wbs_adr_i[4] -> mprj/_136252_/D : -0.487391
[hold in-reg] wbs_adr_i[4] -> mprj/_136361_/D : -0.487086
[hold in-reg] wbs_adr_i[4] -> mprj/_136191_/D : -0.486878
[hold in-reg] wbs_adr_i[4] -> mprj/_135790_/D : -0.486502
[hold in-reg] wbs_adr_i[4] -> mprj/_136110_/D : -0.486490
[hold in-reg] wbs_adr_i[7] -> mprj/_135887_/D : -0.485372
[hold in-reg] wbs_adr_i[4] -> mprj/_136694_/D : -0.485175
[hold in-reg] wbs_adr_i[4] -> mprj/_136712_/D : -0.484907
[hold in-reg] wbs_adr_i[4] -> mprj/_137066_/D : -0.484842
[hold in-reg] wbs_adr_i[4] -> mprj/_136035_/D : -0.484421
[hold in-reg] wbs_adr_i[4] -> mprj/_136031_/D : -0.484405
[hold in-reg] wbs_adr_i[4] -> mprj/_136309_/D : -0.484404
[hold in-reg] wbs_adr_i[4] -> mprj/_135785_/D : -0.483928
[hold in-reg] wbs_adr_i[4] -> mprj/_135791_/D : -0.483848
[hold in-reg] wbs_adr_i[4] -> mprj/_136727_/D : -0.483543
[hold in-reg] wbs_adr_i[4] -> mprj/_135817_/D : -0.483536
[hold in-reg] wbs_adr_i[4] -> mprj/_136765_/D : -0.483536
[hold in-reg] wbs_adr_i[4] -> mprj/_136184_/D : -0.483328
[hold in-reg] wbs_adr_i[4] -> mprj/_136910_/D : -0.482844
[hold in-reg] wbs_adr_i[4] -> mprj/_136459_/D : -0.482582
[hold in-reg] wbs_adr_i[4] -> mprj/_136470_/D : -0.482233
[hold in-reg] wbs_adr_i[4] -> mprj/_136662_/D : -0.482133
[hold in-reg] wbs_adr_i[4] -> mprj/_136858_/D : -0.481752
[hold in-reg] wbs_adr_i[4] -> mprj/_136519_/D : -0.481611
[hold in-reg] wbs_adr_i[4] -> mprj/_136593_/D : -0.481579
[hold in-reg] wbs_adr_i[4] -> mprj/_136845_/D : -0.481278
[hold in-reg] wbs_adr_i[4] -> mprj/_136642_/D : -0.481106
[hold in-reg] wbs_adr_i[4] -> mprj/_137052_/D : -0.481056
[hold in-reg] wbs_adr_i[4] -> mprj/_135943_/D : -0.480841
[hold in-reg] wbs_adr_i[4] -> mprj/_137237_/D : -0.480568
[hold in-reg] wbs_adr_i[4] -> mprj/_136779_/D : -0.479512
[hold in-reg] wbs_adr_i[4] -> mprj/_136286_/D : -0.479157
[hold in-reg] wbs_adr_i[4] -> mprj/_136559_/D : -0.478745
[hold in-reg] wbs_adr_i[4] -> mprj/_136822_/D : -0.478484
[hold in-reg] wbs_adr_i[4] -> mprj/_136006_/D : -0.478218
[hold in-reg] wbs_adr_i[4] -> mprj/_136635_/D : -0.478192
[hold in-reg] wbs_adr_i[2] -> mprj/_137188_/D : -0.478058
[hold in-reg] wbs_adr_i[4] -> mprj/_136921_/D : -0.477982
[hold in-reg] wbs_adr_i[4] -> mprj/_136993_/D : -0.477824
[hold in-reg] wbs_adr_i[4] -> mprj/_135897_/D : -0.477615
[hold in-reg] wbs_adr_i[4] -> mprj/_136543_/D : -0.477376
[hold in-reg] wbs_adr_i[4] -> mprj/_135836_/D : -0.477181
[hold in-reg] wbs_adr_i[4] -> mprj/_136876_/D : -0.476979
[hold in-reg] wbs_adr_i[4] -> mprj/_135982_/D : -0.476490
[hold in-reg] wbs_adr_i[4] -> mprj/_136888_/D : -0.476020
[hold in-reg] wbs_adr_i[4] -> mprj/_137132_/D : -0.475981
[hold in-reg] wbs_adr_i[4] -> mprj/_136584_/D : -0.475759
[hold in-reg] wbs_adr_i[4] -> mprj/_136187_/D : -0.475147
[hold in-reg] wbs_adr_i[2] -> mprj/_137187_/D : -0.474945
[hold in-reg] wbs_adr_i[4] -> mprj/_136783_/D : -0.474906
[hold in-reg] wbs_adr_i[4] -> mprj/_135875_/D : -0.474631
[hold in-reg] wbs_adr_i[4] -> mprj/_136082_/D : -0.474509
[hold in-reg] wbs_adr_i[4] -> mprj/_135934_/D : -0.474467
[hold in-reg] wbs_adr_i[4] -> mprj/_137114_/D : -0.474161
[hold in-reg] wbs_adr_i[4] -> mprj/_137113_/D : -0.473957
[hold in-reg] wbs_adr_i[4] -> mprj/_136618_/D : -0.473425
[hold in-reg] wbs_adr_i[4] -> mprj/_136348_/D : -0.473173
[hold in-reg] wbs_adr_i[4] -> mprj/_136817_/D : -0.473164
[hold in-reg] wbs_adr_i[4] -> mprj/_136468_/D : -0.472598
[hold in-reg] wbs_adr_i[4] -> mprj/_136000_/D : -0.472163
[hold in-reg] wbs_adr_i[4] -> mprj/_136839_/D : -0.471855
[hold in-reg] wbs_adr_i[4] -> mprj/_136142_/D : -0.471746
[hold in-reg] wbs_adr_i[4] -> mprj/_136880_/D : -0.471687
[hold in-reg] wbs_adr_i[4] -> mprj/_136415_/D : -0.471471
[hold in-reg] wbs_adr_i[4] -> mprj/_137001_/D : -0.471406
[hold in-reg] wbs_adr_i[4] -> mprj/_136557_/D : -0.470664
[hold in-reg] wbs_adr_i[4] -> mprj/_136775_/D : -0.470582
[hold in-reg] wbs_adr_i[4] -> mprj/_137117_/D : -0.469165
[hold in-reg] wbs_adr_i[7] -> mprj/_136399_/D : -0.468225
[hold in-reg] wbs_adr_i[4] -> mprj/_137152_/D : -0.468112
[hold in-reg] wbs_adr_i[4] -> mprj/_135858_/D : -0.467688
[hold in-reg] wbs_adr_i[4] -> mprj/_136717_/D : -0.466949
[hold in-reg] wbs_adr_i[4] -> mprj/_135862_/D : -0.466948
[hold in-reg] wbs_adr_i[4] -> mprj/_136271_/D : -0.466602
[hold in-reg] wbs_adr_i[4] -> mprj/_136862_/D : -0.466247
[hold in-reg] wbs_adr_i[4] -> mprj/_136220_/D : -0.466082
[hold in-reg] wbs_adr_i[4] -> mprj/_136072_/D : -0.466038
[hold in-reg] wbs_adr_i[4] -> mprj/_136225_/D : -0.465717
[hold in-reg] wbs_adr_i[4] -> mprj/_137233_/D : -0.465695
[hold in-reg] wbs_adr_i[4] -> mprj/_137023_/D : -0.465638
[hold in-reg] wbs_adr_i[4] -> mprj/_136894_/D : -0.464887
[hold in-reg] wbs_adr_i[4] -> mprj/_135903_/D : -0.464746
[hold in-reg] wbs_adr_i[4] -> mprj/_136547_/D : -0.464688
[hold in-reg] wbs_adr_i[4] -> mprj/_136886_/D : -0.464526
[hold in-reg] wbs_adr_i[4] -> mprj/_136141_/D : -0.464482
[hold in-reg] wbs_adr_i[4] -> mprj/_136446_/D : -0.464315
[hold in-reg] wbs_adr_i[4] -> mprj/_136868_/D : -0.464033
[hold in-reg] wbs_adr_i[4] -> mprj/_136284_/D : -0.463749
[hold in-reg] wbs_adr_i[4] -> mprj/_136333_/D : -0.463703
[hold in-reg] wbs_adr_i[4] -> mprj/_136638_/D : -0.463699
[hold in-reg] wbs_adr_i[4] -> mprj/_136392_/D : -0.463538
[hold in-reg] wbs_adr_i[4] -> mprj/_136430_/D : -0.463525
[hold in-reg] wbs_adr_i[4] -> mprj/_136421_/D : -0.463185
[hold in-reg] wbs_adr_i[4] -> mprj/_137105_/D : -0.462688
[hold in-reg] wbs_dat_i[23] -> mprj/_137178_/D : -0.462316
[hold in-reg] wbs_adr_i[4] -> mprj/_135885_/D : -0.461530
[hold in-reg] wbs_adr_i[4] -> mprj/_136679_/D : -0.460475
[hold in-reg] wbs_adr_i[4] -> mprj/_137116_/D : -0.460235
[hold in-reg] wbs_adr_i[4] -> mprj/_137006_/D : -0.460121
[hold in-reg] wbs_adr_i[4] -> mprj/_136540_/D : -0.460037
[hold in-reg] wbs_adr_i[4] -> mprj/_136401_/D : -0.459636
[hold in-reg] wbs_adr_i[4] -> mprj/_137071_/D : -0.458603
[hold in-reg] wbs_adr_i[4] -> mprj/_136014_/D : -0.458293
[hold in-reg] wbs_adr_i[4] -> mprj/_137030_/D : -0.458145
[hold in-reg] wbs_adr_i[4] -> mprj/_136958_/D : -0.458091
[hold in-reg] wbs_adr_i[4] -> mprj/_135990_/D : -0.457924
[hold in-reg] wbs_adr_i[4] -> mprj/_136209_/D : -0.457681
[hold in-reg] wbs_adr_i[4] -> mprj/_136426_/D : -0.457437
[hold in-reg] wbs_adr_i[3] -> mprj/_137157_/D : -0.456772
[hold in-reg] wbs_adr_i[4] -> mprj/_136214_/D : -0.456652
[hold in-reg] wbs_adr_i[4] -> mprj/_135848_/D : -0.456595
[hold in-reg] wbs_adr_i[4] -> mprj/_136207_/D : -0.456389
[hold in-reg] wbs_adr_i[4] -> mprj/_136012_/D : -0.456006
[hold in-reg] wbs_adr_i[4] -> mprj/_136620_/D : -0.455433
[hold in-reg] wbs_adr_i[4] -> mprj/_137068_/D : -0.454792
[hold in-reg] wbs_adr_i[3] -> mprj/_136485_/D : -0.454206
[hold in-reg] wbs_adr_i[4] -> mprj/_135820_/D : -0.453837
[hold in-reg] wbs_adr_i[4] -> mprj/_136397_/D : -0.453495
[hold in-reg] wbs_adr_i[4] -> mprj/_136158_/D : -0.453401
[hold in-reg] wbs_adr_i[4] -> mprj/_135945_/D : -0.453340
[hold in-reg] wbs_adr_i[4] -> mprj/_137164_/D : -0.452600
[hold in-reg] wbs_adr_i[4] -> mprj/_137150_/D : -0.452471
[hold in-reg] wbs_adr_i[4] -> mprj/_136622_/D : -0.452453
[hold in-reg] wbs_adr_i[4] -> mprj/_137182_/D : -0.451839
[hold in-reg] wbs_adr_i[4] -> mprj/_135962_/D : -0.451743
[hold in-reg] wbs_adr_i[4] -> mprj/_136518_/D : -0.451642
[hold in-reg] wbs_adr_i[4] -> mprj/_136699_/D : -0.451523
[hold in-reg] wbs_adr_i[4] -> mprj/_136797_/D : -0.451196
[hold in-reg] wbs_adr_i[4] -> mprj/_136020_/D : -0.450935
[hold in-reg] wbs_adr_i[4] -> mprj/_136374_/D : -0.450895
[hold in-reg] wbs_adr_i[4] -> mprj/_135878_/D : -0.450779
[hold in-reg] wbs_adr_i[4] -> mprj/_136108_/D : -0.450658
[hold in-reg] wbs_adr_i[4] -> mprj/_137024_/D : -0.450337
[hold in-reg] wbs_adr_i[3] -> mprj/_136933_/D : -0.450068
[hold in-reg] wbs_adr_i[4] -> mprj/_135983_/D : -0.449873
[hold in-reg] wbs_adr_i[4] -> mprj/_136644_/D : -0.449544
[hold in-reg] wbs_adr_i[4] -> mprj/_137026_/D : -0.449401
[hold in-reg] wbs_adr_i[4] -> mprj/_136047_/D : -0.449199
[hold in-reg] wbs_adr_i[4] -> mprj/_135944_/D : -0.448699
[hold in-reg] wbs_adr_i[4] -> mprj/_137212_/D : -0.448370
[hold in-reg] wbs_adr_i[4] -> mprj/_136223_/D : -0.448306
[hold in-reg] wbs_adr_i[4] -> mprj/_136194_/D : -0.448283
[hold in-reg] wbs_adr_i[4] -> mprj/_137309_/D : -0.448063
[hold in-reg] wbs_adr_i[4] -> mprj/_137154_/D : -0.448051
[hold in-reg] wbs_adr_i[4] -> mprj/_136714_/D : -0.447842
[hold in-reg] wbs_adr_i[4] -> mprj/_135821_/D : -0.447459
[hold in-reg] wbs_adr_i[4] -> mprj/_136702_/D : -0.447235
[hold in-reg] wbs_adr_i[4] -> mprj/_136932_/D : -0.446457
[hold in-reg] wbs_adr_i[4] -> mprj/_136796_/D : -0.445627
[hold in-reg] wbs_adr_i[4] -> mprj/_135989_/D : -0.445595
[hold in-reg] wbs_adr_i[4] -> mprj/_136276_/D : -0.445306
[hold in-reg] wbs_adr_i[4] -> mprj/_135856_/D : -0.445206
[hold in-reg] wbs_adr_i[4] -> mprj/_136387_/D : -0.445113
[hold in-reg] wbs_adr_i[4] -> mprj/_136420_/D : -0.445020
[hold in-reg] wbs_adr_i[4] -> mprj/_137014_/D : -0.444198
[hold in-reg] wbs_adr_i[4] -> mprj/_136594_/D : -0.443945
[hold in-reg] wbs_adr_i[4] -> mprj/_137291_/D : -0.443919
[hold in-reg] wbs_adr_i[4] -> mprj/_135882_/D : -0.443495
[hold in-reg] wbs_adr_i[4] -> mprj/_136780_/D : -0.443491
[hold in-reg] wbs_adr_i[4] -> mprj/_136268_/D : -0.443488
[hold in-reg] wbs_adr_i[4] -> mprj/_137171_/D : -0.443466
[hold in-reg] wbs_adr_i[3] -> mprj/_136495_/D : -0.443141
[hold in-reg] wbs_adr_i[4] -> mprj/_136429_/D : -0.442504
[hold in-reg] wbs_adr_i[4] -> mprj/_136240_/D : -0.442209
[hold in-reg] wbs_adr_i[4] -> mprj/_136145_/D : -0.442110
[hold in-reg] wbs_adr_i[4] -> mprj/_137046_/D : -0.442023
[hold in-reg] wbs_adr_i[4] -> mprj/_137059_/D : -0.441836
[hold in-reg] wbs_adr_i[4] -> mprj/_136927_/D : -0.441645
[hold in-reg] wbs_adr_i[4] -> mprj/_136896_/D : -0.441546
[hold in-reg] wbs_adr_i[4] -> mprj/_136575_/D : -0.441055
[hold in-reg] wbs_adr_i[4] -> mprj/_135842_/D : -0.440955
[hold in-reg] wbs_adr_i[4] -> mprj/_136931_/D : -0.440267
[hold in-reg] wbs_adr_i[4] -> mprj/_136809_/D : -0.440132
[hold in-reg] wbs_adr_i[4] -> mprj/_135984_/D : -0.440079
[hold in-reg] wbs_adr_i[4] -> mprj/_137165_/D : -0.439906
[hold in-reg] wbs_adr_i[4] -> mprj/_136823_/D : -0.439723
[hold in-reg] wbs_adr_i[4] -> mprj/_137149_/D : -0.438152
[hold in-reg] wbs_adr_i[4] -> mprj/_136172_/D : -0.437901
[hold in-reg] wbs_adr_i[4] -> mprj/_135991_/D : -0.437764
[hold in-reg] wbs_adr_i[4] -> mprj/_136844_/D : -0.437575
[hold in-reg] wbs_adr_i[4] -> mprj/_136641_/D : -0.437494
[hold in-reg] wbs_adr_i[4] -> mprj/_136637_/D : -0.437470
[hold in-reg] wbs_adr_i[4] -> mprj/_137174_/D : -0.437364
[hold in-reg] wbs_adr_i[4] -> mprj/_136176_/D : -0.436962
[hold in-reg] wbs_adr_i[4] -> mprj/_136526_/D : -0.436606
[hold in-reg] wbs_adr_i[4] -> mprj/_136377_/D : -0.436570
[hold in-reg] wbs_adr_i[4] -> mprj/_136122_/D : -0.436056
[hold in-reg] wbs_adr_i[4] -> mprj/_137036_/D : -0.435804
[hold in-reg] wbs_adr_i[4] -> mprj/_136384_/D : -0.435694
[hold in-reg] wbs_adr_i[4] -> mprj/_137292_/D : -0.435204
[hold in-reg] wbs_adr_i[4] -> mprj/_135889_/D : -0.435184
[hold in-reg] wbs_adr_i[4] -> mprj/_137069_/D : -0.434946
[hold in-reg] wbs_adr_i[4] -> mprj/_135876_/D : -0.434538
[hold in-reg] wbs_adr_i[4] -> mprj/_136424_/D : -0.434160
[hold in-reg] wbs_adr_i[4] -> mprj/_136462_/D : -0.433741
[hold in-reg] wbs_dat_i[24] -> mprj/_136371_/D : -0.433309
[hold in-reg] wbs_adr_i[4] -> mprj/_136672_/D : -0.433047
[hold in-reg] wbs_adr_i[4] -> mprj/_135941_/D : -0.432910
[hold in-reg] wbs_adr_i[4] -> mprj/_135979_/D : -0.432831
[hold in-reg] wbs_adr_i[4] -> mprj/_136409_/D : -0.432210
[hold in-reg] wbs_adr_i[4] -> mprj/_135917_/D : -0.431899
[hold in-reg] wbs_adr_i[4] -> mprj/_136353_/D : -0.431407
[hold in-reg] wbs_adr_i[4] -> mprj/_136887_/D : -0.431230
[hold in-reg] wbs_adr_i[4] -> mprj/_136148_/D : -0.429301
[hold in-reg] wbs_adr_i[4] -> mprj/_136478_/D : -0.429039
[hold in-reg] wbs_adr_i[4] -> mprj/_136577_/D : -0.428894
[hold in-reg] wbs_adr_i[4] -> mprj/_137147_/D : -0.428572
[hold in-reg] wbs_adr_i[4] -> mprj/_135823_/D : -0.428267
[hold in-reg] wbs_adr_i[4] -> mprj/_136256_/D : -0.427833
[hold in-reg] wbs_adr_i[4] -> mprj/_135912_/D : -0.427770
[hold in-reg] wbs_adr_i[4] -> mprj/_136382_/D : -0.427627
[hold in-reg] wbs_adr_i[4] -> mprj/_136943_/D : -0.427262
[hold in-reg] wbs_adr_i[4] -> mprj/_136048_/D : -0.427214
[hold in-reg] wbs_adr_i[4] -> mprj/_137183_/D : -0.427081
[hold in-reg] wbs_adr_i[4] -> mprj/_137096_/D : -0.426958
[hold in-reg] wbs_adr_i[3] -> mprj/_135986_/D : -0.426954
[hold in-reg] wbs_adr_i[4] -> mprj/_135870_/D : -0.426509
[hold in-reg] wbs_adr_i[4] -> mprj/_136689_/D : -0.426277
[hold in-reg] wbs_adr_i[7] -> mprj/_136249_/D : -0.426233
[hold in-reg] wbs_adr_i[4] -> mprj/_136735_/D : -0.425897
[hold in-reg] wbs_adr_i[4] -> mprj/_136801_/D : -0.425740
[hold in-reg] wbs_adr_i[4] -> mprj/_136909_/D : -0.424533
[hold in-reg] wbs_adr_i[4] -> mprj/_136308_/D : -0.424361
[hold in-reg] wbs_adr_i[4] -> mprj/_135969_/D : -0.423953
[hold in-reg] wbs_adr_i[4] -> mprj/_136752_/D : -0.423879
[hold in-reg] wbs_adr_i[4] -> mprj/_136221_/D : -0.423523
[hold in-reg] wbs_adr_i[4] -> mprj/_137184_/D : -0.423420
[hold in-reg] wbs_adr_i[4] -> mprj/_136542_/D : -0.421676
[hold in-reg] wbs_adr_i[4] -> mprj/_136053_/D : -0.421486
[hold in-reg] wbs_adr_i[4] -> mprj/_135824_/D : -0.421315
[hold in-reg] wbs_adr_i[4] -> mprj/_136118_/D : -0.420938
[hold in-reg] wbs_adr_i[4] -> mprj/_137200_/D : -0.420906
[hold in-reg] wbs_adr_i[4] -> mprj/_136125_/D : -0.420871
[hold in-reg] wbs_adr_i[4] -> mprj/_136146_/D : -0.420620
[hold in-reg] wbs_adr_i[4] -> mprj/_137191_/D : -0.419240
[hold in-reg] wbs_adr_i[4] -> mprj/_136889_/D : -0.419204
[hold in-reg] wbs_adr_i[4] -> mprj/_136065_/D : -0.419042
[hold in-reg] wbs_adr_i[4] -> mprj/_137106_/D : -0.418901
[hold in-reg] wbs_adr_i[4] -> mprj/_136534_/D : -0.418758
[hold in-reg] wbs_adr_i[4] -> mprj/_136457_/D : -0.417489
[hold in-reg] wbs_adr_i[2] -> mprj/_136260_/D : -0.417416
[hold in-reg] wbs_adr_i[4] -> mprj/_136688_/D : -0.416142
[hold in-reg] wbs_adr_i[4] -> mprj/_136904_/D : -0.415925
[hold in-reg] wbs_adr_i[4] -> mprj/_136388_/D : -0.415900
[hold in-reg] wbs_adr_i[4] -> mprj/_136884_/D : -0.415567
[hold in-reg] wbs_adr_i[4] -> mprj/_137016_/D : -0.415327
[hold in-reg] wbs_adr_i[4] -> mprj/_136621_/D : -0.415169
[hold in-reg] wbs_adr_i[4] -> mprj/_136670_/D : -0.414775
[hold in-reg] wbs_adr_i[4] -> mprj/_137101_/D : -0.414451
[hold in-reg] wbs_dat_i[24] -> mprj/_137155_/D : -0.414248
[hold in-reg] wbs_adr_i[4] -> mprj/_136634_/D : -0.413921
[hold in-reg] wbs_adr_i[4] -> mprj/_136380_/D : -0.413731
[hold in-reg] wbs_adr_i[4] -> mprj/_136831_/D : -0.413674
[hold in-reg] wbs_adr_i[4] -> mprj/_136969_/D : -0.413509
[hold in-reg] wbs_adr_i[3] -> mprj/_136739_/D : -0.413260
[hold in-reg] wbs_adr_i[4] -> mprj/_135852_/D : -0.413226
[hold in-reg] wbs_adr_i[4] -> mprj/_136990_/D : -0.413082
[hold in-reg] wbs_adr_i[4] -> mprj/_137018_/D : -0.412994
[hold in-reg] wbs_adr_i[4] -> mprj/_136054_/D : -0.412887
[hold in-reg] wbs_adr_i[4] -> mprj/_137286_/D : -0.412677
[hold in-reg] wbs_adr_i[4] -> mprj/_136560_/D : -0.412635
[hold in-reg] wbs_adr_i[4] -> mprj/_136002_/D : -0.411567
[hold in-reg] wbs_adr_i[4] -> mprj/_136109_/D : -0.411037
[hold in-reg] wbs_adr_i[4] -> mprj/_136951_/D : -0.410505
[hold in-reg] wbs_adr_i[4] -> mprj/_136431_/D : -0.410459
[hold in-reg] wbs_adr_i[4] -> mprj/_136094_/D : -0.409906
[hold in-reg] wbs_adr_i[4] -> mprj/_135815_/D : -0.408988
[hold in-reg] wbs_dat_i[23] -> mprj/_136160_/D : -0.408188
[hold in-reg] wbs_adr_i[4] -> mprj/_136974_/D : -0.406848
[hold in-reg] wbs_adr_i[7] -> mprj/_136755_/D : -0.406524
[hold in-reg] wbs_adr_i[4] -> mprj/_136605_/D : -0.405794
[hold in-reg] wbs_adr_i[4] -> mprj/_136815_/D : -0.405661
[hold in-reg] wbs_adr_i[4] -> mprj/_136007_/D : -0.405274
[hold in-reg] wbs_dat_i[24] -> mprj/_136643_/D : -0.404914
[hold in-reg] wbs_adr_i[4] -> mprj/_135967_/D : -0.404620
[hold in-reg] wbs_adr_i[4] -> mprj/_135915_/D : -0.404513
[hold in-reg] wbs_adr_i[4] -> mprj/_135880_/D : -0.404379
[hold in-reg] wbs_adr_i[4] -> mprj/_136178_/D : -0.404190
[hold in-reg] wbs_adr_i[4] -> mprj/_136504_/D : -0.403419
[hold in-reg] wbs_adr_i[4] -> mprj/_137264_/D : -0.402883
[hold in-reg] wbs_adr_i[4] -> mprj/_136116_/D : -0.402763
[hold in-reg] wbs_adr_i[4] -> mprj/_136784_/D : -0.402523
[hold in-reg] wbs_adr_i[2] -> mprj/_136772_/D : -0.402412
[hold in-reg] wbs_adr_i[4] -> mprj/_137226_/D : -0.402194
[hold in-reg] wbs_adr_i[4] -> mprj/_136155_/D : -0.401527
[hold in-reg] wbs_adr_i[4] -> mprj/_136095_/D : -0.401195
[hold in-reg] wbs_adr_i[4] -> mprj/_136734_/D : -0.400895
[hold in-reg] wbs_adr_i[4] -> mprj/_137000_/D : -0.399717
[hold in-reg] wbs_adr_i[4] -> mprj/_136532_/D : -0.399621
[hold in-reg] wbs_adr_i[4] -> mprj/_136919_/D : -0.399331
[hold in-reg] wbs_dat_i[9] -> mprj/_136748_/D : -0.397504
[hold in-reg] wbs_adr_i[3] -> mprj/_137092_/D : -0.397080
[hold in-reg] wbs_adr_i[4] -> mprj/_136476_/D : -0.396057
[hold in-reg] wbs_adr_i[4] -> mprj/_135953_/D : -0.395497
[hold in-reg] wbs_adr_i[4] -> mprj/_136647_/D : -0.395454
[hold in-reg] wbs_adr_i[4] -> mprj/_136068_/D : -0.395407
[hold in-reg] wbs_adr_i[4] -> mprj/_136988_/D : -0.394960
[hold in-reg] wbs_adr_i[7] -> mprj/_137145_/D : -0.394665
[hold in-reg] wbs_adr_i[4] -> mprj/_137255_/D : -0.394638
[hold in-reg] wbs_adr_i[4] -> mprj/_136658_/D : -0.393960
[hold in-reg] wbs_adr_i[4] -> mprj/_135868_/D : -0.393952
[hold in-reg] wbs_adr_i[4] -> mprj/_136272_/D : -0.393443
[hold in-reg] wbs_adr_i[4] -> mprj/_135946_/D : -0.393334
[hold in-reg] wbs_adr_i[4] -> mprj/_136304_/D : -0.393056
[hold in-reg] wbs_adr_i[4] -> mprj/_137221_/D : -0.392778
[hold in-reg] wbs_adr_i[4] -> mprj/_136536_/D : -0.392552
[hold in-reg] wbs_adr_i[4] -> mprj/_135927_/D : -0.392092
[hold in-reg] wbs_adr_i[4] -> mprj/_136157_/D : -0.391597
[hold in-reg] wbs_adr_i[4] -> mprj/_136456_/D : -0.390780
[hold in-reg] wbs_adr_i[7] -> mprj/_137265_/D : -0.390526
[hold in-reg] wbs_adr_i[4] -> mprj/_135894_/D : -0.389638
[hold in-reg] wbs_adr_i[4] -> mprj/_136041_/D : -0.389350
[hold in-reg] wbs_adr_i[4] -> mprj/_136829_/D : -0.388901
[hold in-reg] wbs_adr_i[4] -> mprj/_136683_/D : -0.388843
[hold in-reg] wbs_adr_i[3] -> mprj/_136132_/D : -0.387943
[hold in-reg] wbs_adr_i[4] -> mprj/_136788_/D : -0.387741
[hold in-reg] wbs_adr_i[4] -> mprj/_135806_/D : -0.386997
[hold in-reg] wbs_adr_i[4] -> mprj/_136586_/D : -0.386957
[hold in-reg] wbs_adr_i[4] -> mprj/_136222_/D : -0.386574
[hold in-reg] wbs_adr_i[4] -> mprj/_136994_/D : -0.386555
[hold in-reg] wbs_adr_i[4] -> mprj/_135837_/D : -0.386411
[hold in-reg] wbs_adr_i[4] -> mprj/_136439_/D : -0.386090
[hold in-reg] wbs_adr_i[4] -> mprj/_135843_/D : -0.385880
[hold in-reg] wbs_adr_i[4] -> mprj/_136703_/D : -0.385774
[hold in-reg] wbs_adr_i[4] -> mprj/_136440_/D : -0.385746
[hold in-reg] wbs_adr_i[4] -> mprj/_137300_/D : -0.384873
[hold in-reg] wbs_adr_i[7] -> mprj/_135795_/D : -0.383594
[hold in-reg] wbs_adr_i[4] -> mprj/_135905_/D : -0.383256
[hold in-reg] wbs_adr_i[4] -> mprj/_136900_/D : -0.383171
[hold in-reg] wbs_adr_i[4] -> mprj/_136327_/D : -0.382506
[hold in-reg] wbs_adr_i[4] -> mprj/_136628_/D : -0.382479
[hold in-reg] wbs_adr_i[4] -> mprj/_136234_/D : -0.381924
[hold in-reg] wbs_adr_i[4] -> mprj/_136597_/D : -0.381587
[hold in-reg] wbs_adr_i[3] -> mprj/_136607_/D : -0.381150
[hold in-reg] wbs_adr_i[4] -> mprj/_136657_/D : -0.380783
[hold in-reg] wbs_adr_i[4] -> mprj/_136970_/D : -0.380341
[hold in-reg] wbs_adr_i[4] -> mprj/_137215_/D : -0.379639
[hold in-reg] wbs_adr_i[4] -> mprj/_137194_/D : -0.379394
[hold in-reg] wbs_dat_i[4] -> mprj/_136741_/D : -0.378849
[hold in-reg] wbs_adr_i[4] -> mprj/_137044_/D : -0.378699
[hold in-reg] wbs_dat_i[24] -> mprj/_136131_/D : -0.378588
[hold in-reg] wbs_dat_i[9] -> mprj/_135788_/D : -0.378346
[hold in-reg] wbs_adr_i[3] -> mprj/_136589_/D : -0.377761
[hold in-reg] wbs_adr_i[4] -> mprj/_136706_/D : -0.377700
[hold in-reg] wbs_dat_i[24] -> mprj/_135923_/D : -0.377373
[hold in-reg] wbs_adr_i[4] -> mprj/_136578_/D : -0.377030
[hold in-reg] wbs_adr_i[4] -> mprj/_136925_/D : -0.376987
[hold in-reg] wbs_adr_i[4] -> mprj/_136502_/D : -0.376962
[hold in-reg] wbs_adr_i[4] -> mprj/_137277_/D : -0.376953
[hold in-reg] wbs_adr_i[4] -> mprj/_136170_/D : -0.376804
[hold in-reg] wbs_adr_i[4] -> mprj/_136482_/D : -0.376433
[hold in-reg] wbs_adr_i[4] -> mprj/_136514_/D : -0.376412
[hold in-reg] wbs_adr_i[4] -> mprj/_136713_/D : -0.376358
[hold in-reg] wbs_adr_i[4] -> mprj/_136820_/D : -0.376322
[hold in-reg] wbs_adr_i[4] -> mprj/_135960_/D : -0.376087
[hold in-reg] wbs_adr_i[4] -> mprj/_135855_/D : -0.375792
[hold in-reg] wbs_adr_i[4] -> mprj/_136677_/D : -0.375695
[hold in-reg] wbs_adr_i[4] -> mprj/_136778_/D : -0.375437
[hold in-reg] wbs_dat_i[23] -> mprj/_137266_/D : -0.375412
[hold in-reg] wbs_dat_i[23] -> mprj/_136096_/D : -0.375276
[hold in-reg] wbs_adr_i[4] -> mprj/_136733_/D : -0.374761
[hold in-reg] wbs_adr_i[4] -> mprj/_135840_/D : -0.374104
[hold in-reg] wbs_adr_i[4] -> mprj/_135930_/D : -0.373426
[hold in-reg] wbs_adr_i[4] -> mprj/_136854_/D : -0.373421
[hold in-reg] wbs_adr_i[4] -> mprj/_135951_/D : -0.372919
[hold in-reg] wbs_adr_i[4] -> mprj/_137074_/D : -0.371519
[hold in-reg] wbs_adr_i[4] -> mprj/_136669_/D : -0.371366
[hold in-reg] wbs_adr_i[4] -> mprj/_136520_/D : -0.370979
[hold in-reg] wbs_adr_i[4] -> mprj/_136419_/D : -0.370908
[hold in-reg] wbs_adr_i[4] -> mprj/_136654_/D : -0.370691
[hold in-reg] wbs_dat_i[9] -> mprj/_136236_/D : -0.370314
[hold in-reg] wbs_adr_i[4] -> mprj/_136506_/D : -0.370162
[hold in-reg] wbs_adr_i[4] -> mprj/_137246_/D : -0.370113
[hold in-reg] wbs_adr_i[4] -> mprj/_136453_/D : -0.369749
[hold in-reg] wbs_adr_i[4] -> mprj/_136083_/D : -0.369716
[hold in-reg] wbs_adr_i[4] -> mprj/_136279_/D : -0.368990
[hold in-reg] wbs_adr_i[4] -> mprj/_137245_/D : -0.367397
[hold in-reg] wbs_adr_i[4] -> mprj/_137258_/D : -0.367118
[hold in-reg] wbs_adr_i[4] -> mprj/_136396_/D : -0.367109
[hold in-reg] wbs_adr_i[4] -> mprj/_137103_/D : -0.367090
[hold in-reg] wbs_adr_i[7] -> mprj/_136307_/D : -0.366117
[hold in-reg] wbs_adr_i[4] -> mprj/_136472_/D : -0.365638
[hold in-reg] wbs_adr_i[4] -> mprj/_135976_/D : -0.364730
[hold in-reg] wbs_adr_i[4] -> mprj/_136968_/D : -0.364036
[hold in-reg] wbs_adr_i[4] -> mprj/_136580_/D : -0.364004
[hold in-reg] wbs_adr_i[7] -> mprj/_137267_/D : -0.363529
[hold in-reg] wbs_adr_i[4] -> mprj/_137078_/D : -0.363504
[hold in-reg] wbs_adr_i[4] -> mprj/_136843_/D : -0.362389
[hold in-reg] wbs_adr_i[4] -> mprj/_135992_/D : -0.361970
[hold in-reg] wbs_adr_i[4] -> mprj/_136691_/D : -0.361779
[hold in-reg] wbs_adr_i[4] -> mprj/_136908_/D : -0.361601
[hold in-reg] wbs_adr_i[4] -> mprj/_136442_/D : -0.361236
[hold in-reg] wbs_adr_i[4] -> mprj/_136114_/D : -0.360431
[hold in-reg] wbs_adr_i[4] -> mprj/_136458_/D : -0.360134
[hold in-reg] wbs_adr_i[4] -> mprj/_137061_/D : -0.360112
[hold in-reg] wbs_adr_i[4] -> mprj/_136084_/D : -0.359814
[hold in-reg] wbs_adr_i[4] -> mprj/_136646_/D : -0.359494
[hold in-reg] wbs_adr_i[4] -> mprj/_136682_/D : -0.358609
[hold in-reg] wbs_adr_i[4] -> mprj/_136269_/D : -0.357996
[hold in-reg] wbs_dat_i[23] -> mprj/_136218_/D : -0.357923
[hold in-reg] wbs_adr_i[4] -> mprj/_136626_/D : -0.356703
[hold in-reg] wbs_adr_i[4] -> mprj/_136427_/D : -0.356170
[hold in-reg] wbs_adr_i[4] -> mprj/_136018_/D : -0.355386
[hold in-reg] wbs_dat_i[24] -> mprj/_136435_/D : -0.355192
[hold in-reg] wbs_adr_i[4] -> mprj/_137077_/D : -0.355143
[hold in-reg] wbs_adr_i[4] -> mprj/_136576_/D : -0.354976
[hold in-reg] wbs_adr_i[4] -> mprj/_136149_/D : -0.354636
[hold in-reg] wbs_adr_i[4] -> mprj/_135838_/D : -0.352835
[hold in-reg] wbs_adr_i[4] -> mprj/_136952_/D : -0.352715
[hold in-reg] wbs_adr_i[4] -> mprj/_136044_/D : -0.352500
[hold in-reg] wbs_adr_i[4] -> mprj/_135890_/D : -0.351907
[hold in-reg] wbs_adr_i[4] -> mprj/_135827_/D : -0.351307
[hold in-reg] wbs_adr_i[4] -> mprj/_137166_/D : -0.351085
[hold in-reg] wbs_adr_i[4] -> mprj/_137138_/D : -0.351034
[hold in-reg] wbs_adr_i[4] -> mprj/_137276_/D : -0.350611
[hold in-reg] wbs_dat_i[24] -> mprj/_135891_/D : -0.350204
[hold in-reg] wbs_adr_i[4] -> mprj/_137004_/D : -0.350199
[hold in-reg] wbs_adr_i[4] -> mprj/_136568_/D : -0.349003
[hold in-reg] wbs_dat_i[9] -> mprj/_135968_/D : -0.348583
[hold in-reg] wbs_adr_i[4] -> mprj/_135818_/D : -0.348334
[hold in-reg] wbs_adr_i[4] -> mprj/_135879_/D : -0.348200
[hold in-reg] wbs_adr_i[4] -> mprj/_137224_/D : -0.347797
[hold in-reg] wbs_adr_i[4] -> mprj/_136210_/D : -0.346789
[hold in-reg] wbs_dat_i[9] -> mprj/_136928_/D : -0.346223
[hold in-reg] wbs_adr_i[7] -> mprj/_137235_/D : -0.345262
[hold in-reg] wbs_adr_i[4] -> mprj/_135909_/D : -0.345064
[hold in-reg] wbs_adr_i[4] -> mprj/_135921_/D : -0.344899
[hold in-reg] wbs_adr_i[3] -> mprj/_136488_/D : -0.344724
[hold in-reg] wbs_adr_i[7] -> mprj/_136556_/D : -0.344716
[hold in-reg] wbs_adr_i[4] -> mprj/_136785_/D : -0.344040
[hold in-reg] wbs_adr_i[4] -> mprj/_137119_/D : -0.343058
[hold in-reg] wbs_adr_i[4] -> mprj/_136685_/D : -0.342967
[hold in-reg] wbs_adr_i[3] -> mprj/_135907_/D : -0.341280
[hold in-reg] wbs_adr_i[4] -> mprj/_136237_/D : -0.340336
[hold in-reg] wbs_adr_i[4] -> mprj/_135872_/D : -0.340183
[hold in-reg] wbs_adr_i[3] -> mprj/_136319_/D : -0.339973
[hold in-reg] wbs_adr_i[4] -> mprj/_135980_/D : -0.339445
[hold in-reg] wbs_adr_i[4] -> mprj/_136892_/D : -0.338690
[hold in-reg] wbs_adr_i[4] -> mprj/_137107_/D : -0.338565
[hold in-reg] wbs_adr_i[4] -> mprj/_135826_/D : -0.338492
[hold in-reg] wbs_adr_i[4] -> mprj/_136954_/D : -0.337947
[hold in-reg] wbs_adr_i[4] -> mprj/_136850_/D : -0.337755
[hold in-reg] wbs_adr_i[4] -> mprj/_136352_/D : -0.335725
[hold in-reg] wbs_adr_i[4] -> mprj/_135901_/D : -0.335548
[hold in-reg] wbs_adr_i[4] -> mprj/_136746_/D : -0.335485
[hold in-reg] wbs_adr_i[4] -> mprj/_135857_/D : -0.335418
[hold in-reg] wbs_adr_i[4] -> mprj/_135863_/D : -0.335019
[hold in-reg] wbs_adr_i[3] -> mprj/_135954_/D : -0.334915
[hold in-reg] wbs_adr_i[4] -> mprj/_136553_/D : -0.334652
[hold in-reg] wbs_adr_i[4] -> mprj/_135902_/D : -0.333678
[hold in-reg] wbs_adr_i[3] -> mprj/_135956_/D : -0.333447
[hold in-reg] wbs_adr_i[4] -> mprj/_136206_/D : -0.332870
[hold in-reg] wbs_adr_i[4] -> mprj/_137167_/D : -0.332423
[hold in-reg] wbs_adr_i[3] -> mprj/_136604_/D : -0.332073
[hold in-reg] wbs_adr_i[4] -> mprj/_136074_/D : -0.331278
[hold in-reg] wbs_adr_i[4] -> mprj/_136732_/D : -0.330945
[hold in-reg] wbs_adr_i[4] -> mprj/_135920_/D : -0.330375
[hold in-reg] wbs_adr_i[4] -> mprj/_135809_/D : -0.330251
[hold in-reg] wbs_adr_i[4] -> mprj/_136950_/D : -0.329308
[hold in-reg] wbs_adr_i[3] -> mprj/_136598_/D : -0.329188
[hold in-reg] wbs_adr_i[4] -> mprj/_136338_/D : -0.328699
[hold in-reg] wbs_adr_i[4] -> mprj/_136224_/D : -0.327815
[hold in-reg] wbs_adr_i[3] -> mprj/_136609_/D : -0.327810
[hold in-reg] wbs_adr_i[4] -> mprj/_136639_/D : -0.327090
[hold in-reg] wbs_adr_i[4] -> mprj/_137234_/D : -0.326659
[hold in-reg] wbs_adr_i[4] -> mprj/_136010_/D : -0.326264
[hold in-reg] wbs_adr_i[7] -> mprj/_136544_/D : -0.325671
[hold in-reg] wbs_adr_i[3] -> mprj/_136402_/D : -0.325491
[hold in-reg] wbs_adr_i[4] -> mprj/_137293_/D : -0.325431
[hold in-reg] wbs_adr_i[4] -> mprj/_137173_/D : -0.324413
[hold in-reg] wbs_adr_i[4] -> mprj/_135786_/D : -0.324038
[hold in-reg] wbs_adr_i[4] -> mprj/_136417_/D : -0.323954
[hold in-reg] wbs_adr_i[4] -> mprj/_137108_/D : -0.323578
[hold in-reg] wbs_adr_i[4] -> mprj/_136596_/D : -0.322556
[hold in-reg] wbs_adr_i[4] -> mprj/_137271_/D : -0.322447
[hold in-reg] wbs_adr_i[4] -> mprj/_136143_/D : -0.322387
[hold in-reg] wbs_adr_i[4] -> mprj/_136920_/D : -0.321970
[hold in-reg] wbs_adr_i[4] -> mprj/_136336_/D : -0.320703
[hold in-reg] wbs_adr_i[4] -> mprj/_136816_/D : -0.319992
[hold in-reg] wbs_dat_i[23] -> mprj/_136186_/D : -0.319774
[hold in-reg] wbs_adr_i[4] -> mprj/_136407_/D : -0.319488
[hold in-reg] wbs_adr_i[4] -> mprj/_136463_/D : -0.319369
[hold in-reg] wbs_adr_i[4] -> mprj/_136676_/D : -0.319114
[hold in-reg] wbs_adr_i[4] -> mprj/_136008_/D : -0.319005
[hold in-reg] wbs_adr_i[4] -> mprj/_136930_/D : -0.318978
[hold in-reg] wbs_adr_i[4] -> mprj/_137192_/D : -0.316001
[hold in-reg] wbs_adr_i[4] -> mprj/_136675_/D : -0.315795
[hold in-reg] wbs_adr_i[4] -> mprj/_136465_/D : -0.315140
[hold in-reg] wbs_adr_i[3] -> mprj/_136490_/D : -0.314149
[hold in-reg] wbs_adr_i[4] -> mprj/_136298_/D : -0.313206
[hold in-reg] wbs_adr_i[4] -> mprj/_137048_/D : -0.312971
[hold in-reg] wbs_adr_i[4] -> mprj/_135948_/D : -0.312436
[hold in-reg] wbs_adr_i[4] -> mprj/_136903_/D : -0.312343
[hold in-reg] wbs_adr_i[4] -> mprj/_136058_/D : -0.312003
[hold in-reg] wbs_adr_i[4] -> mprj/_136667_/D : -0.311369
[hold in-reg] wbs_adr_i[3] -> mprj/_136261_/D : -0.311119
[hold in-reg] wbs_adr_i[4] -> mprj/_135994_/D : -0.310886
[hold in-reg] wbs_adr_i[7] -> mprj/_136185_/D : -0.310374
[hold in-reg] wbs_adr_i[3] -> mprj/_136914_/D : -0.309019
[hold in-reg] wbs_adr_i[4] -> mprj/_136024_/D : -0.307870
[hold in-reg] wbs_adr_i[3] -> mprj/_136496_/D : -0.307628
[hold in-reg] wbs_adr_i[2] -> mprj/_136291_/D : -0.307104
[hold in-reg] wbs_adr_i[4] -> mprj/_135919_/D : -0.305738
[hold in-reg] wbs_adr_i[4] -> mprj/_137065_/D : -0.305265
[hold in-reg] wbs_adr_i[4] -> mprj/_137256_/D : -0.305204
[hold in-reg] wbs_adr_i[4] -> mprj/_137225_/D : -0.304168
[hold in-reg] wbs_adr_i[4] -> mprj/_136088_/D : -0.303237
[hold in-reg] wbs_adr_i[4] -> mprj/_137179_/D : -0.303014
[hold in-reg] wbs_dat_i[23] -> mprj/_136280_/D : -0.303007
[hold in-reg] wbs_adr_i[4] -> mprj/_137244_/D : -0.302911
[hold in-reg] wbs_adr_i[4] -> mprj/_136433_/D : -0.302654
[hold in-reg] wbs_adr_i[4] -> mprj/_136975_/D : -0.302441
[hold in-reg] wbs_adr_i[4] -> mprj/_137175_/D : -0.302274
[hold in-reg] wbs_adr_i[4] -> mprj/_136718_/D : -0.301409
[hold in-reg] wbs_adr_i[4] -> mprj/_136939_/D : -0.301333
[hold in-reg] wbs_adr_i[4] -> mprj/_135888_/D : -0.301255
[hold in-reg] wbs_adr_i[4] -> mprj/_135970_/D : -0.300531
[hold in-reg] wbs_adr_i[4] -> mprj/_135814_/D : -0.299425
[hold in-reg] wbs_adr_i[4] -> mprj/_136759_/D : -0.299323
[hold in-reg] wbs_adr_i[4] -> mprj/_136849_/D : -0.299137
[hold in-reg] wbs_adr_i[4] -> mprj/_136113_/D : -0.298395
[hold in-reg] wbs_adr_i[4] -> mprj/_136230_/D : -0.297641
[hold in-reg] wbs_adr_i[4] -> mprj/_137133_/D : -0.297392
[hold in-reg] wbs_adr_i[4] -> mprj/_136192_/D : -0.296213
[hold in-reg] wbs_adr_i[4] -> mprj/_136208_/D : -0.295877
[hold in-reg] wbs_adr_i[4] -> mprj/_135819_/D : -0.295648
[hold in-reg] wbs_adr_i[2] -> mprj/_136259_/D : -0.295526
[hold in-reg] wbs_dat_i[23] -> mprj/_136698_/D : -0.295461
[hold in-reg] wbs_adr_i[4] -> mprj/_137298_/D : -0.295100
[hold in-reg] wbs_dat_i[23] -> mprj/_136306_/D : -0.294913
[hold in-reg] wbs_adr_i[4] -> mprj/_136720_/D : -0.294800
[hold in-reg] wbs_adr_i[4] -> mprj/_136364_/D : -0.294761
[hold in-reg] wbs_adr_i[4] -> mprj/_136744_/D : -0.293840
[hold in-reg] wbs_adr_i[4] -> mprj/_136337_/D : -0.293024
[hold in-reg] wbs_adr_i[4] -> mprj/_137207_/D : -0.292636
[hold in-reg] wbs_adr_i[4] -> mprj/_135898_/D : -0.292633
[hold in-reg] wbs_adr_i[3] -> mprj/_136610_/D : -0.292443
[hold in-reg] wbs_adr_i[2] -> mprj/_136771_/D : -0.292284
[hold in-reg] wbs_adr_i[4] -> mprj/_136460_/D : -0.292240
[hold in-reg] wbs_adr_i[4] -> mprj/_136890_/D : -0.291692
[hold in-reg] wbs_adr_i[4] -> mprj/_135844_/D : -0.291355
[hold in-reg] wbs_dat_i[23] -> mprj/_136250_/D : -0.291174
[hold in-reg] wbs_adr_i[7] -> mprj/_136127_/D : -0.291095
[hold in-reg] wbs_adr_i[4] -> mprj/_136704_/D : -0.290644
[hold in-reg] wbs_adr_i[4] -> mprj/_136848_/D : -0.290361
[hold in-reg] wbs_adr_i[7] -> mprj/_135859_/D : -0.290233
[hold in-reg] wbs_adr_i[7] -> mprj/_137209_/D : -0.289779
[hold in-reg] wbs_dat_i[7] -> mprj/_136804_/D : -0.289624
[hold in-reg] wbs_dat_i[23] -> mprj/_137146_/D : -0.289535
[hold in-reg] wbs_adr_i[4] -> mprj/_135940_/D : -0.289476
[hold in-reg] wbs_adr_i[4] -> mprj/_136906_/D : -0.286998
[hold in-reg] wbs_adr_i[7] -> mprj/_136365_/D : -0.286398
[hold in-reg] wbs_adr_i[3] -> mprj/_136466_/D : -0.285790
[hold in-reg] wbs_adr_i[4] -> mprj/_136838_/D : -0.285094
[hold in-reg] wbs_adr_i[4] -> mprj/_136326_/D : -0.284865
[hold in-reg] wbs_adr_i[2] -> mprj/_135779_/D : -0.284770
[hold in-reg] wbs_adr_i[7] -> mprj/_136697_/D : -0.284206
[hold in-reg] wbs_adr_i[4] -> mprj/_136285_/D : -0.283777
[hold in-reg] wbs_adr_i[4] -> mprj/_136086_/D : -0.283443
[hold in-reg] wbs_dat_i[22] -> mprj/_136549_/D : -0.281892
[hold in-reg] wbs_dat_i[23] -> mprj/_136066_/D : -0.281750
[hold in-reg] wbs_adr_i[4] -> mprj/_136264_/D : -0.280743
[hold in-reg] wbs_adr_i[4] -> mprj/_136814_/D : -0.280718
[hold in-reg] wbs_adr_i[7] -> mprj/_136339_/D : -0.280007
[hold in-reg] wbs_adr_i[4] -> mprj/_135825_/D : -0.279897
[hold in-reg] wbs_adr_i[4] -> mprj/_136152_/D : -0.278244
[hold in-reg] wbs_adr_i[4] -> mprj/_136144_/D : -0.277888
[hold in-reg] wbs_adr_i[4] -> mprj/_137297_/D : -0.277170
[hold in-reg] wbs_adr_i[3] -> mprj/_136196_/D : -0.276983
[hold in-reg] wbs_adr_i[4] -> mprj/_136786_/D : -0.276745
[hold in-reg] wbs_adr_i[4] -> mprj/_137137_/D : -0.275971
[hold in-reg] wbs_adr_i[3] -> mprj/_135972_/D : -0.274164
[hold in-reg] wbs_adr_i[4] -> mprj/_136381_/D : -0.273878
[hold in-reg] wbs_adr_i[3] -> mprj/_135807_/D : -0.272978
[hold in-reg] wbs_adr_i[4] -> mprj/_136964_/D : -0.272850
[hold in-reg] wbs_adr_i[3] -> mprj/_135971_/D : -0.271399
[hold in-reg] wbs_dat_i[23] -> mprj/_136130_/D : -0.271125
[hold in-reg] wbs_dat_i[23] -> mprj/_136818_/D : -0.270561
[hold in-reg] wbs_adr_i[4] -> mprj/_136092_/D : -0.270464
[hold in-reg] wbs_adr_i[4] -> mprj/_137232_/D : -0.270378
[hold in-reg] wbs_adr_i[4] -> mprj/_136776_/D : -0.270151
[hold in-reg] wbs_adr_i[4] -> mprj/_136328_/D : -0.270050
[hold in-reg] wbs_adr_i[4] -> mprj/_135816_/D : -0.269894
[hold in-reg] wbs_adr_i[4] -> mprj/_136410_/D : -0.269799
[hold in-reg] wbs_adr_i[4] -> mprj/_136656_/D : -0.269409
[hold in-reg] wbs_adr_i[4] -> mprj/_136665_/D : -0.269401
[hold in-reg] wbs_dat_i[24] -> mprj/_136403_/D : -0.268719
[hold in-reg] wbs_adr_i[4] -> mprj/_136247_/D : -0.268163
[hold in-reg] wbs_adr_i[4] -> mprj/_136350_/D : -0.267738
[hold in-reg] wbs_adr_i[4] -> mprj/_136040_/D : -0.267460
[hold in-reg] wbs_adr_i[4] -> mprj/_136078_/D : -0.267358
[hold in-reg] wbs_adr_i[4] -> mprj/_137216_/D : -0.267277
[hold in-reg] wbs_dat_i[23] -> mprj/_137090_/D : -0.266969
[hold in-reg] wbs_dat_i[23] -> mprj/_137176_/D : -0.264977
[hold in-reg] wbs_adr_i[4] -> mprj/_136378_/D : -0.264358
[hold in-reg] wbs_dat_i[23] -> mprj/_136098_/D : -0.264156
[hold in-reg] wbs_adr_i[4] -> mprj/_136640_/D : -0.263984
[hold in-reg] wbs_adr_i[4] -> mprj/_136945_/D : -0.263904
[hold in-reg] wbs_dat_i[23] -> mprj/_137210_/D : -0.263203
[hold in-reg] wbs_adr_i[4] -> mprj/_137134_/D : -0.263114
[hold in-reg] wbs_adr_i[4] -> mprj/_136368_/D : -0.263082
[hold in-reg] wbs_adr_i[4] -> mprj/_137168_/D : -0.262987
[hold in-reg] wbs_adr_i[4] -> mprj/_136736_/D : -0.260769
[hold in-reg] wbs_adr_i[4] -> mprj/_136400_/D : -0.259592
[hold in-reg] wbs_adr_i[4] -> mprj/_136668_/D : -0.259146
[hold in-reg] wbs_adr_i[4] -> mprj/_135813_/D : -0.259114
[hold in-reg] wbs_adr_i[7] -> mprj/_136129_/D : -0.258059
[hold in-reg] wbs_adr_i[4] -> mprj/_136664_/D : -0.256639
[hold in-reg] wbs_adr_i[4] -> mprj/_135916_/D : -0.255747
[hold in-reg] wbs_adr_i[4] -> mprj/_136238_/D : -0.255711
[hold in-reg] wbs_adr_i[4] -> mprj/_136077_/D : -0.254953
[hold in-reg] wbs_adr_i[3] -> mprj/_137311_/D : -0.252455
[hold in-reg] wbs_adr_i[4] -> mprj/_136686_/D : -0.252420
[hold in-reg] wbs_dat_i[23] -> mprj/_136036_/D : -0.251546
[hold in-reg] wbs_adr_i[4] -> mprj/_136097_/D : -0.251204
[hold in-reg] wbs_adr_i[4] -> mprj/_135936_/D : -0.250708
[hold in-reg] wbs_adr_i[4] -> mprj/_136934_/D : -0.250602
[hold in-reg] wbs_adr_i[4] -> mprj/_136156_/D : -0.250220
[hold in-reg] wbs_dat_i[23] -> mprj/_136760_/D : -0.250220
[hold in-reg] wbs_dat_i[8] -> mprj/_138351_/D : -0.249813
[hold in-reg] wbs_adr_i[4] -> mprj/_136940_/D : -0.249539
[hold in-reg] wbs_dat_i[23] -> mprj/_136216_/D : -0.249013
[hold in-reg] wbs_adr_i[4] -> mprj/_136946_/D : -0.248564
[hold in-reg] wbs_adr_i[4] -> mprj/_137288_/D : -0.247709
[hold in-reg] wbs_adr_i[4] -> mprj/_137104_/D : -0.246770
[hold in-reg] wbs_dat_i[23] -> mprj/_136248_/D : -0.246296
[hold in-reg] wbs_adr_i[4] -> mprj/_136204_/D : -0.244391
[hold in-reg] wbs_adr_i[4] -> mprj/_136716_/D : -0.243949
[hold in-reg] wbs_adr_i[4] -> mprj/_136922_/D : -0.243935
[hold in-reg] wbs_adr_i[4] -> mprj/_136590_/D : -0.243782
[hold in-reg] wbs_adr_i[7] -> mprj/_136369_/D : -0.243587
[hold in-reg] wbs_adr_i[4] -> mprj/_136936_/D : -0.241811
[hold in-reg] wbs_adr_i[4] -> mprj/_136016_/D : -0.240872
[hold in-reg] wbs_adr_i[4] -> mprj/_137087_/D : -0.240784
[hold in-reg] wbs_dat_i[24] -> mprj/_136915_/D : -0.239408
[hold in-reg] wbs_adr_i[4] -> mprj/_136998_/D : -0.236500
[hold in-reg] wbs_adr_i[4] -> mprj/_136428_/D : -0.235405
[hold in-reg] wbs_adr_i[4] -> mprj/_136217_/D : -0.234815
[hold in-reg] wbs_adr_i[4] -> mprj/_137181_/D : -0.234161
[hold in-reg] wbs_adr_i[4] -> mprj/_136188_/D : -0.233821
[hold in-reg] wbs_adr_i[4] -> mprj/_135799_/D : -0.232729
[hold in-reg] wbs_adr_i[7] -> mprj/_136009_/D : -0.232503
[hold in-reg] wbs_adr_i[4] -> mprj/_136700_/D : -0.232081
[hold in-reg] wbs_adr_i[4] -> mprj/_135877_/D : -0.230584
[hold in-reg] wbs_adr_i[4] -> mprj/_136701_/D : -0.229709
[hold in-reg] wbs_adr_i[3] -> mprj/_136769_/D : -0.229145
[hold in-reg] wbs_dat_i[23] -> mprj/_137240_/D : -0.228956
[hold in-reg] wbs_adr_i[4] -> mprj/_137228_/D : -0.228437
[hold in-reg] wbs_adr_i[3] -> mprj/_136320_/D : -0.228249
[hold in-reg] wbs_adr_i[4] -> mprj/_136837_/D : -0.227687
[hold in-reg] wbs_adr_i[4] -> mprj/_136695_/D : -0.227223
[hold in-reg] wbs_dat_i[23] -> mprj/_135800_/D : -0.225373
[hold in-reg] wbs_dat_i[23] -> mprj/_136728_/D : -0.224755
[hold in-reg] wbs_adr_i[0] -> mprj/_135769_/D : -0.224295
[hold in-reg] wbs_adr_i[4] -> mprj/_136408_/D : -0.223590
[hold in-reg] wbs_adr_i[4] -> mprj/_136546_/D : -0.221884
[hold in-reg] wbs_adr_i[3] -> mprj/_136832_/D : -0.221832
[hold in-reg] wbs_adr_i[4] -> mprj/_135869_/D : -0.219428
[hold in-reg] wbs_adr_i[4] -> mprj/_136173_/D : -0.218880
[hold in-reg] wbs_adr_i[4] -> mprj/_136322_/D : -0.218488
[hold in-reg] wbs_adr_i[4] -> mprj/_136258_/D : -0.218399
[hold in-reg] wbs_adr_i[4] -> mprj/_137102_/D : -0.217538
[hold in-reg] wbs_adr_i[3] -> mprj/_135922_/D : -0.217100
[hold in-reg] wbs_adr_i[7] -> mprj/_136787_/D : -0.216577
[hold in-reg] wbs_adr_i[7] -> mprj/_136275_/D : -0.216093
[hold in-reg] wbs_adr_i[4] -> mprj/_137125_/D : -0.215418
[hold in-reg] wbs_adr_i[3] -> mprj/_136434_/D : -0.214948
[hold in-reg] wbs_adr_i[4] -> mprj/_137062_/D : -0.214321
[hold in-reg] wbs_adr_i[2] -> mprj/_136719_/D : -0.213759
[hold in-reg] wbs_adr_i[7] -> mprj/_137299_/D : -0.211707
[hold in-reg] wbs_adr_i[4] -> mprj/_135810_/D : -0.211159
[hold in-reg] wbs_adr_i[4] -> mprj/_136032_/D : -0.207966
[hold in-reg] wbs_adr_i[4] -> mprj/_136770_/D : -0.205432
[hold in-reg] wbs_adr_i[4] -> mprj/_136912_/D : -0.205201
[hold in-reg] wbs_adr_i[3] -> mprj/_137156_/D : -0.204697
[hold in-reg] wbs_adr_i[4] -> mprj/_136729_/D : -0.203719
[hold in-reg] wbs_adr_i[4] -> mprj/_136335_/D : -0.203542
[hold in-reg] wbs_adr_i[7] -> mprj/_137089_/D : -0.203364
[hold in-reg] wbs_adr_i[4] -> mprj/_136448_/D : -0.202607
[hold in-reg] wbs_adr_i[3] -> mprj/_135808_/D : -0.202552
[hold in-reg] wbs_adr_i[4] -> mprj/_135952_/D : -0.200487
[hold in-reg] wbs_adr_i[4] -> mprj/_136056_/D : -0.199852
[hold in-reg] wbs_adr_i[4] -> mprj/_136370_/D : -0.198876
[hold in-reg] wbs_dat_i[23] -> mprj/_137060_/D : -0.198145
[hold in-reg] wbs_dat_i[23] -> mprj/_137120_/D : -0.197397
[hold in-reg] wbs_adr_i[4] -> mprj/_137180_/D : -0.197382
[hold in-reg] wbs_adr_i[4] -> mprj/_136128_/D : -0.197338
[hold in-reg] wbs_adr_i[3] -> mprj/_136159_/D : -0.197129
[hold in-reg] wbs_adr_i[4] -> mprj/_136030_/D : -0.196417
[hold in-reg] wbs_adr_i[4] -> mprj/_136311_/D : -0.195770
[hold in-reg] wbs_dat_i[23] -> mprj/_137208_/D : -0.191521
[hold in-reg] wbs_adr_i[4] -> mprj/_136263_/D : -0.187438
[hold in-reg] wbs_adr_i[4] -> mprj/_137054_/D : -0.187381
[hold in-reg] wbs_adr_i[4] -> mprj/_137197_/D : -0.186028
[hold in-reg] wbs_adr_i[4] -> mprj/_136740_/D : -0.183563
[hold in-reg] wbs_adr_i[4] -> mprj/_136316_/D : -0.182811
[hold in-reg] wbs_adr_i[4] -> mprj/_136321_/D : -0.174087
[hold in-reg] wbs_dat_i[1] -> mprj/_136708_/D : -0.173853
[hold in-reg] wbs_adr_i[4] -> mprj/_137189_/D : -0.172972
[hold in-reg] wbs_adr_i[4] -> mprj/_136432_/D : -0.168948
[hold in-reg] wbs_adr_i[4] -> mprj/_137287_/D : -0.165758
[hold in-reg] wbs_adr_i[4] -> mprj/_137190_/D : -0.165262
[hold in-reg] wbs_adr_i[2] -> mprj/_136709_/D : -0.163763
[hold in-reg] wbs_adr_i[3] -> mprj/_136802_/D : -0.160193
[hold in-reg] wbs_adr_i[4] -> mprj/_137177_/D : -0.160175
[hold in-reg] wbs_adr_i[4] -> mprj/_136944_/D : -0.158898
[hold in-reg] wbs_adr_i[4] -> mprj/_136464_/D : -0.157263
[hold in-reg] wbs_adr_i[4] -> mprj/_136367_/D : -0.155087
[hold in-reg] wbs_adr_i[4] -> mprj/_136847_/D : -0.154016
[hold in-reg] wbs_adr_i[2] -> mprj/_136228_/D : -0.152617
[hold in-reg] wbs_dat_i[23] -> mprj/_137088_/D : -0.151834
[hold in-reg] wbs_dat_i[23] -> mprj/_136730_/D : -0.151781
[hold in-reg] wbs_dat_i[5] -> mprj/_136742_/D : -0.151463
[hold in-reg] wbs_dat_i[0] -> mprj/_136707_/D : -0.149433
[hold in-reg] wbs_adr_i[4] -> mprj/_135804_/D : -0.147368
[hold in-reg] wbs_adr_i[3] -> mprj/_136197_/D : -0.145566
[hold in-reg] wbs_adr_i[2] -> mprj/_136710_/D : -0.144609
[hold in-reg] wbs_adr_i[3] -> mprj/_135924_/D : -0.142109
[hold in-reg] wbs_adr_i[7] -> mprj/_136548_/D : -0.141383
[hold in-reg] wbs_adr_i[4] -> mprj/_136696_/D : -0.134854
[hold in-reg] wbs_adr_i[4] -> mprj/_137126_/D : -0.132595
[hold in-reg] wbs_adr_i[4] -> mprj/_136305_/D : -0.128277
[hold in-reg] wbs_adr_i[4] -> mprj/_135845_/D : -0.128062
[hold in-reg] wbs_adr_i[3] -> mprj/_135892_/D : -0.128010
[hold in-reg] wbs_adr_i[3] -> mprj/_136436_/D : -0.125338
[hold in-reg] wbs_adr_i[3] -> mprj/_136404_/D : -0.116890
[hold in-reg] wbs_adr_i[3] -> mprj/_136483_/D : -0.109208
[hold in-reg] wbs_adr_i[4] -> mprj/_136349_/D : -0.106198
[hold in-reg] wbs_adr_i[4] -> mprj/_136174_/D : -0.105652
[hold in-reg] wbs_adr_i[3] -> mprj/_136916_/D : -0.104271
[hold in-reg] wbs_adr_i[4] -> mprj/_137281_/D : -0.094516
[hold in-reg] wbs_adr_i[3] -> mprj/_136612_/D : -0.092893
[hold in-reg] wbs_adr_i[4] -> mprj/_136976_/D : -0.092851
[hold in-reg] wbs_adr_i[4] -> mprj/_136105_/D : -0.089034
[hold in-reg] wbs_adr_i[4] -> mprj/_137231_/D : -0.087438
[hold in-reg] wbs_adr_i[4] -> mprj/_136292_/D : -0.080926
[hold in-reg] wbs_adr_i[4] -> mprj/_137198_/D : -0.049952
[hold in-reg] wbs_dat_i[4] -> mprj/_135781_/D : -0.028868
[hold in-reg] wbs_adr_i[4] -> mprj/_136995_/D : -0.009579
[hold in-reg] wbs_dat_i[1] -> mprj/_135776_/D : -0.005361
[hold in-reg] wbs_adr_i[4] -> mprj/_136375_/D : -0.001089
