
===========================================================================
 report_power
============================================================================
======================= max_ff_n40C_1v95 Corner ===================================

Group                    Internal    Switching      Leakage        Total
                            Power        Power        Power        Power (Watts)
------------------------------------------------------------------------
Sequential           3.390493e-02 1.568182e-04 2.855180e-07 3.406204e-02  47.1%
Combinational        1.793337e-03 4.392064e-03 1.278923e-06 6.186679e-03   8.6%
Clock                1.391864e-02 1.812139e-02 5.603484e-07 3.204059e-02  44.3%
Macro                0.000000e+00 0.000000e+00 0.000000e+00 0.000000e+00   0.0%
Pad                  0.000000e+00 0.000000e+00 0.000000e+00 0.000000e+00   0.0%
------------------------------------------------------------------------
Total                4.961692e-02 2.267018e-02 2.124790e-06 7.228922e-02 100.0%
                            68.6%        31.4%         0.0%

