
===========================================================================
 report_power
============================================================================
======================= nom_tt_025C_1v80 Corner ===================================

Group                    Internal    Switching      Leakage        Total
                            Power        Power        Power        Power (Watts)
------------------------------------------------------------------------
Sequential           2.920635e-02 1.231402e-04 1.471430e-07 2.932964e-02  48.0%
Combinational        1.579123e-03 3.446395e-03 4.463007e-07 5.025964e-03   8.2%
Clock                1.218402e-02 1.451694e-02 4.011486e-07 2.670137e-02  43.7%
Macro                0.000000e+00 0.000000e+00 0.000000e+00 0.000000e+00   0.0%
Pad                  0.000000e+00 0.000000e+00 0.000000e+00 0.000000e+00   0.0%
------------------------------------------------------------------------
Total                4.296944e-02 1.808649e-02 9.946787e-07 6.105692e-02 100.0%
                            70.4%        29.6%         0.0%

