
===========================================================================
Violator List
============================================================================
[hold in-reg] wbs_adr_i[4] -> mprj/_136043_/D : -1.575832
[hold in-reg] wbs_adr_i[4] -> mprj/_137307_/D : -1.543196
[hold in-reg] wbs_adr_i[4] -> mprj/_136555_/D : -1.538322
[hold in-reg] wbs_adr_i[4] -> mprj/_136491_/D : -1.534208
[hold in-reg] wbs_adr_i[4] -> mprj/_136510_/D : -1.509573
[hold in-reg] wbs_adr_i[4] -> mprj/_135931_/D : -1.503683
[hold in-reg] wbs_adr_i[4] -> mprj/_136971_/D : -1.488771
[hold in-reg] wbs_adr_i[4] -> mprj/_136075_/D : -1.483131
[hold in-reg] wbs_adr_i[4] -> mprj/_136827_/D : -1.462558
[hold in-reg] wbs_adr_i[4] -> mprj/_137022_/D : -1.447958
[hold in-reg] wbs_adr_i[4] -> mprj/_135895_/D : -1.441560
[hold in-reg] wbs_adr_i[4] -> mprj/_136569_/D : -1.397428
[hold in-reg] wbs_adr_i[4] -> mprj/_137211_/D : -1.394524
[hold in-reg] wbs_adr_i[4] -> mprj/_137081_/D : -1.390106
[hold in-reg] wbs_adr_i[4] -> mprj/_136011_/D : -1.389803
[hold in-reg] wbs_adr_i[4] -> mprj/_135899_/D : -1.368740
[hold in-reg] wbs_adr_i[4] -> mprj/_136523_/D : -1.332768
[hold in-reg] wbs_adr_i[4] -> mprj/_137035_/D : -1.328004
[hold in-reg] wbs_adr_i[4] -> mprj/_136592_/D : -1.316426
[hold in-reg] wbs_adr_i[4] -> mprj/_135835_/D : -1.309695
[hold in-reg] wbs_adr_i[4] -> mprj/_136731_/D : -1.306395
[hold in-reg] wbs_adr_i[4] -> mprj/_136761_/D : -1.306052
[hold in-reg] wbs_adr_i[4] -> mprj/_135865_/D : -1.300461
[hold in-reg] wbs_adr_i[4] -> mprj/_136591_/D : -1.288364
[hold in-reg] wbs_adr_i[4] -> mprj/_136411_/D : -1.288283
[hold in-reg] wbs_adr_i[4] -> mprj/_137301_/D : -1.282243
[hold in-reg] wbs_adr_i[4] -> mprj/_136965_/D : -1.277436
[hold in-reg] wbs_adr_i[4] -> mprj/_136572_/D : -1.276240
[hold in-reg] wbs_adr_i[4] -> mprj/_137243_/D : -1.273731
[hold in-reg] wbs_adr_i[4] -> mprj/_137241_/D : -1.265277
[hold in-reg] wbs_adr_i[4] -> mprj/_137031_/D : -1.264015
[hold in-reg] wbs_adr_i[4] -> mprj/_136080_/D : -1.256292
[hold in-reg] wbs_adr_i[4] -> mprj/_136551_/D : -1.256137
[hold in-reg] wbs_adr_i[4] -> mprj/_136135_/D : -1.255695
[hold in-reg] wbs_adr_i[4] -> mprj/_135867_/D : -1.255549
[hold in-reg] wbs_adr_i[4] -> mprj/_136251_/D : -1.245144
[hold in-reg] wbs_adr_i[4] -> mprj/_136111_/D : -1.245087
[hold in-reg] wbs_adr_i[4] -> mprj/_136870_/D : -1.244368
[hold in-reg] wbs_adr_i[4] -> mprj/_136793_/D : -1.240561
[hold in-reg] wbs_adr_i[4] -> mprj/_136745_/D : -1.237303
[hold in-reg] wbs_adr_i[4] -> mprj/_136791_/D : -1.233113
[hold in-reg] wbs_adr_i[4] -> mprj/_136511_/D : -1.229748
[hold in-reg] wbs_adr_i[4] -> mprj/_136281_/D : -1.229346
[hold in-reg] wbs_adr_i[4] -> mprj/_136180_/D : -1.227894
[hold in-reg] wbs_adr_i[4] -> mprj/_136561_/D : -1.227629
[hold in-reg] wbs_adr_i[4] -> mprj/_137305_/D : -1.227043
[hold in-reg] wbs_adr_i[4] -> mprj/_136805_/D : -1.226008
[hold in-reg] wbs_adr_i[4] -> mprj/_136062_/D : -1.222699
[hold in-reg] wbs_adr_i[4] -> mprj/_136552_/D : -1.220702
[hold in-reg] wbs_adr_i[4] -> mprj/_137009_/D : -1.217981
[hold in-reg] wbs_adr_i[4] -> mprj/_137063_/D : -1.215674
[hold in-reg] wbs_adr_i[4] -> mprj/_136763_/D : -1.207814
[hold in-reg] wbs_adr_i[4] -> mprj/_136509_/D : -1.207479
[hold in-reg] wbs_adr_i[4] -> mprj/_137007_/D : -1.204364
[hold in-reg] wbs_adr_i[4] -> mprj/_137204_/D : -1.201906
[hold in-reg] wbs_adr_i[4] -> mprj/_136539_/D : -1.201169
[hold in-reg] wbs_adr_i[4] -> mprj/_137140_/D : -1.198705
[hold in-reg] wbs_adr_i[4] -> mprj/_136123_/D : -1.198141
[hold in-reg] wbs_adr_i[4] -> mprj/_136293_/D : -1.197505
[hold in-reg] wbs_adr_i[4] -> mprj/_136079_/D : -1.196276
[hold in-reg] wbs_adr_i[4] -> mprj/_137076_/D : -1.194642
[hold in-reg] wbs_adr_i[4] -> mprj/_136923_/D : -1.193083
[hold in-reg] wbs_adr_i[4] -> mprj/_136324_/D : -1.185476
[hold in-reg] wbs_adr_i[4] -> mprj/_136541_/D : -1.185457
[hold in-reg] wbs_adr_i[4] -> mprj/_136859_/D : -1.183771
[hold in-reg] wbs_adr_i[4] -> mprj/_136564_/D : -1.182189
[hold in-reg] wbs_adr_i[4] -> mprj/_137273_/D : -1.180847
[hold in-reg] wbs_adr_i[4] -> mprj/_137051_/D : -1.179224
[hold in-reg] wbs_adr_i[4] -> mprj/_136059_/D : -1.173491
[hold in-reg] wbs_adr_i[4] -> mprj/_137153_/D : -1.172772
[hold in-reg] wbs_adr_i[4] -> mprj/_136049_/D : -1.171338
[hold in-reg] wbs_adr_i[4] -> mprj/_137303_/D : -1.170723
[hold in-reg] wbs_adr_i[4] -> mprj/_136836_/D : -1.170205
[hold in-reg] wbs_adr_i[4] -> mprj/_136211_/D : -1.169076
[hold in-reg] wbs_adr_i[4] -> mprj/_137064_/D : -1.168779
[hold in-reg] wbs_adr_i[4] -> mprj/_136027_/D : -1.168117
[hold in-reg] wbs_adr_i[4] -> mprj/_136019_/D : -1.167283
[hold in-reg] wbs_adr_i[4] -> mprj/_136570_/D : -1.166690
[hold in-reg] wbs_adr_i[4] -> mprj/_135831_/D : -1.160600
[hold in-reg] wbs_adr_i[4] -> mprj/_136692_/D : -1.158290
[hold in-reg] wbs_adr_i[4] -> mprj/_136891_/D : -1.157288
[hold in-reg] wbs_adr_i[4] -> mprj/_136871_/D : -1.156821
[hold in-reg] wbs_adr_i[4] -> mprj/_136134_/D : -1.155771
[hold in-reg] wbs_adr_i[4] -> mprj/_136531_/D : -1.154287
[hold in-reg] wbs_adr_i[4] -> mprj/_135996_/D : -1.152133
[hold in-reg] wbs_adr_i[4] -> mprj/_137248_/D : -1.151593
[hold in-reg] wbs_adr_i[4] -> mprj/_135798_/D : -1.150204
[hold in-reg] wbs_adr_i[4] -> mprj/_136021_/D : -1.148753
[hold in-reg] wbs_adr_i[4] -> mprj/_137275_/D : -1.148399
[hold in-reg] wbs_adr_i[4] -> mprj/_136985_/D : -1.147870
[hold in-reg] wbs_adr_i[4] -> mprj/_136872_/D : -1.140859
[hold in-reg] wbs_adr_i[4] -> mprj/_136061_/D : -1.139498
[hold in-reg] wbs_adr_i[4] -> mprj/_135866_/D : -1.138999
[hold in-reg] wbs_adr_i[4] -> mprj/_135911_/D : -1.137052
[hold in-reg] wbs_adr_i[4] -> mprj/_136414_/D : -1.136693
[hold in-reg] wbs_adr_i[4] -> mprj/_137131_/D : -1.133471
[hold in-reg] wbs_adr_i[4] -> mprj/_137242_/D : -1.131640
[hold in-reg] wbs_adr_i[4] -> mprj/_136287_/D : -1.131017
[hold in-reg] wbs_adr_i[4] -> mprj/_136445_/D : -1.130920
[hold in-reg] wbs_adr_i[4] -> mprj/_136347_/D : -1.130834
[hold in-reg] wbs_adr_i[4] -> mprj/_135860_/D : -1.130812
[hold in-reg] wbs_adr_i[4] -> mprj/_136738_/D : -1.127508
[hold in-reg] wbs_adr_i[4] -> mprj/_135828_/D : -1.127441
[hold in-reg] wbs_adr_i[4] -> mprj/_137039_/D : -1.125660
[hold in-reg] wbs_adr_i[4] -> mprj/_136535_/D : -1.125224
[hold in-reg] wbs_adr_i[4] -> mprj/_136171_/D : -1.123543
[hold in-reg] wbs_adr_i[4] -> mprj/_136379_/D : -1.122762
[hold in-reg] wbs_adr_i[4] -> mprj/_136507_/D : -1.122442
[hold in-reg] wbs_adr_i[4] -> mprj/_136444_/D : -1.122280
[hold in-reg] wbs_adr_i[4] -> mprj/_136505_/D : -1.122039
[hold in-reg] wbs_adr_i[4] -> mprj/_136181_/D : -1.121141
[hold in-reg] wbs_adr_i[4] -> mprj/_136616_/D : -1.120611
[hold in-reg] wbs_adr_i[4] -> mprj/_137015_/D : -1.119100
[hold in-reg] wbs_adr_i[4] -> mprj/_136723_/D : -1.118835
[hold in-reg] wbs_adr_i[4] -> mprj/_136104_/D : -1.118487
[hold in-reg] wbs_adr_i[4] -> mprj/_137037_/D : -1.114918
[hold in-reg] wbs_adr_i[4] -> mprj/_136781_/D : -1.114890
[hold in-reg] wbs_adr_i[4] -> mprj/_136282_/D : -1.114289
[hold in-reg] wbs_adr_i[4] -> mprj/_137141_/D : -1.113160
[hold in-reg] wbs_adr_i[4] -> mprj/_136762_/D : -1.112864
[hold in-reg] wbs_adr_i[4] -> mprj/_136619_/D : -1.112381
[hold in-reg] wbs_adr_i[4] -> mprj/_137272_/D : -1.111994
[hold in-reg] wbs_adr_i[4] -> mprj/_137067_/D : -1.111618
[hold in-reg] wbs_adr_i[4] -> mprj/_136346_/D : -1.110797
[hold in-reg] wbs_adr_i[4] -> mprj/_135995_/D : -1.110052
[hold in-reg] wbs_adr_i[4] -> mprj/_136601_/D : -1.109549
[hold in-reg] wbs_adr_i[4] -> mprj/_136528_/D : -1.109212
[hold in-reg] wbs_adr_i[4] -> mprj/_136956_/D : -1.107257
[hold in-reg] wbs_adr_i[4] -> mprj/_136571_/D : -1.106410
[hold in-reg] wbs_adr_i[4] -> mprj/_136093_/D : -1.106168
[hold in-reg] wbs_adr_i[4] -> mprj/_136025_/D : -1.105836
[hold in-reg] wbs_adr_i[4] -> mprj/_136537_/D : -1.105682
[hold in-reg] wbs_adr_i[4] -> mprj/_136073_/D : -1.105396
[hold in-reg] wbs_adr_i[4] -> mprj/_136497_/D : -1.105292
[hold in-reg] wbs_adr_i[4] -> mprj/_137073_/D : -1.103368
[hold in-reg] wbs_adr_i[4] -> mprj/_136602_/D : -1.102928
[hold in-reg] wbs_adr_i[4] -> mprj/_136917_/D : -1.101838
[hold in-reg] wbs_adr_i[4] -> mprj/_136107_/D : -1.100419
[hold in-reg] wbs_adr_i[4] -> mprj/_135997_/D : -1.100202
[hold in-reg] wbs_adr_i[4] -> mprj/_137094_/D : -1.099942
[hold in-reg] wbs_adr_i[4] -> mprj/_137083_/D : -1.098899
[hold in-reg] wbs_adr_i[4] -> mprj/_136573_/D : -1.098558
[hold in-reg] wbs_adr_i[4] -> mprj/_137284_/D : -1.094556
[hold in-reg] wbs_adr_i[4] -> mprj/_136821_/D : -1.094223
[hold in-reg] wbs_adr_i[4] -> mprj/_136585_/D : -1.093958
[hold in-reg] wbs_adr_i[4] -> mprj/_137306_/D : -1.092201
[hold in-reg] wbs_adr_i[4] -> mprj/_136005_/D : -1.090416
[hold in-reg] wbs_adr_i[4] -> mprj/_136450_/D : -1.088270
[hold in-reg] wbs_adr_i[4] -> mprj/_136473_/D : -1.087439
[hold in-reg] wbs_adr_i[4] -> mprj/_137040_/D : -1.084763
[hold in-reg] wbs_adr_i[4] -> mprj/_136515_/D : -1.084450
[hold in-reg] wbs_adr_i[4] -> mprj/_137029_/D : -1.080704
[hold in-reg] wbs_adr_i[4] -> mprj/_136121_/D : -1.078730
[hold in-reg] wbs_adr_i[4] -> mprj/_136341_/D : -1.076879
[hold in-reg] wbs_adr_i[4] -> mprj/_137019_/D : -1.074511
[hold in-reg] wbs_adr_i[4] -> mprj/_137027_/D : -1.073397
[hold in-reg] wbs_adr_i[4] -> mprj/_136331_/D : -1.072055
[hold in-reg] wbs_adr_i[4] -> mprj/_136345_/D : -1.070498
[hold in-reg] wbs_adr_i[4] -> mprj/_137021_/D : -1.070331
[hold in-reg] wbs_adr_i[4] -> mprj/_136359_/D : -1.070100
[hold in-reg] wbs_adr_i[4] -> mprj/_136231_/D : -1.069490
[hold in-reg] wbs_adr_i[4] -> mprj/_135974_/D : -1.068925
[hold in-reg] wbs_adr_i[4] -> mprj/_137217_/D : -1.068852
[hold in-reg] wbs_adr_i[4] -> mprj/_135883_/D : -1.068133
[hold in-reg] wbs_adr_i[4] -> mprj/_136022_/D : -1.067461
[hold in-reg] wbs_dat_i[24] -> mprj/_136195_/D : -1.067082
[hold in-reg] wbs_adr_i[4] -> mprj/_136071_/D : -1.066090
[hold in-reg] wbs_adr_i[4] -> mprj/_137283_/D : -1.064997
[hold in-reg] wbs_adr_i[4] -> mprj/_136099_/D : -1.064973
[hold in-reg] wbs_adr_i[4] -> mprj/_136081_/D : -1.063799
[hold in-reg] wbs_adr_i[4] -> mprj/_136983_/D : -1.063588
[hold in-reg] wbs_adr_i[4] -> mprj/_135801_/D : -1.062372
[hold in-reg] wbs_adr_i[4] -> mprj/_136393_/D : -1.062293
[hold in-reg] wbs_adr_i[4] -> mprj/_136115_/D : -1.061588
[hold in-reg] wbs_dat_i[24] -> mprj/_137091_/D : -1.061048
[hold in-reg] wbs_adr_i[4] -> mprj/_137220_/D : -1.060222
[hold in-reg] wbs_adr_i[4] -> mprj/_136521_/D : -1.059584
[hold in-reg] wbs_adr_i[4] -> mprj/_136961_/D : -1.058615
[hold in-reg] wbs_adr_i[4] -> mprj/_137219_/D : -1.058544
[hold in-reg] wbs_adr_i[4] -> mprj/_136799_/D : -1.055822
[hold in-reg] wbs_adr_i[4] -> mprj/_136841_/D : -1.055503
[hold in-reg] wbs_adr_i[4] -> mprj/_136517_/D : -1.054842
[hold in-reg] wbs_adr_i[4] -> mprj/_136343_/D : -1.053505
[hold in-reg] wbs_adr_i[4] -> mprj/_135864_/D : -1.052074
[hold in-reg] wbs_adr_i[4] -> mprj/_136918_/D : -1.048417
[hold in-reg] wbs_adr_i[4] -> mprj/_137033_/D : -1.042100
[hold in-reg] wbs_adr_i[4] -> mprj/_136996_/D : -1.041796
[hold in-reg] wbs_adr_i[4] -> mprj/_136977_/D : -1.041188
[hold in-reg] wbs_adr_i[4] -> mprj/_136582_/D : -1.040417
[hold in-reg] wbs_adr_i[4] -> mprj/_136631_/D : -1.040377
[hold in-reg] wbs_adr_i[4] -> mprj/_136153_/D : -1.040374
[hold in-reg] wbs_adr_i[4] -> mprj/_137289_/D : -1.040367
[hold in-reg] wbs_adr_i[4] -> mprj/_135834_/D : -1.039788
[hold in-reg] wbs_adr_i[4] -> mprj/_136103_/D : -1.039351
[hold in-reg] wbs_adr_i[4] -> mprj/_137218_/D : -1.038964
[hold in-reg] wbs_adr_i[4] -> mprj/_136385_/D : -1.038653
[hold in-reg] wbs_adr_i[4] -> mprj/_136296_/D : -1.037514
[hold in-reg] wbs_adr_i[4] -> mprj/_136595_/D : -1.036566
[hold in-reg] wbs_adr_i[4] -> mprj/_136947_/D : -1.035819
[hold in-reg] wbs_adr_i[4] -> mprj/_136869_/D : -1.035051
[hold in-reg] wbs_adr_i[4] -> mprj/_136808_/D : -1.033605
[hold in-reg] wbs_adr_i[4] -> mprj/_136583_/D : -1.033111
[hold in-reg] wbs_adr_i[4] -> mprj/_136794_/D : -1.032057
[hold in-reg] wbs_adr_i[4] -> mprj/_137095_/D : -1.031937
[hold in-reg] wbs_adr_i[4] -> mprj/_137274_/D : -1.030939
[hold in-reg] wbs_adr_i[4] -> mprj/_136625_/D : -1.030372
[hold in-reg] wbs_adr_i[4] -> mprj/_136959_/D : -1.029040
[hold in-reg] wbs_adr_i[4] -> mprj/_136376_/D : -1.029029
[hold in-reg] wbs_adr_i[4] -> mprj/_135784_/D : -1.027486
[hold in-reg] wbs_adr_i[4] -> mprj/_136615_/D : -1.026860
[hold in-reg] wbs_adr_i[4] -> mprj/_137003_/D : -1.026661
[hold in-reg] wbs_adr_i[4] -> mprj/_136614_/D : -1.025954
[hold in-reg] wbs_adr_i[4] -> mprj/_136295_/D : -1.025138
[hold in-reg] wbs_adr_i[4] -> mprj/_136329_/D : -1.024508
[hold in-reg] wbs_adr_i[4] -> mprj/_137203_/D : -1.023571
[hold in-reg] wbs_adr_i[4] -> mprj/_136853_/D : -1.022212
[hold in-reg] wbs_adr_i[4] -> mprj/_136413_/D : -1.022146
[hold in-reg] wbs_adr_i[4] -> mprj/_135896_/D : -1.021843
[hold in-reg] wbs_adr_i[4] -> mprj/_135833_/D : -1.020354
[hold in-reg] wbs_adr_i[4] -> mprj/_136659_/D : -1.020052
[hold in-reg] wbs_adr_i[4] -> mprj/_136800_/D : -1.017106
[hold in-reg] wbs_adr_i[4] -> mprj/_136423_/D : -1.015696
[hold in-reg] wbs_adr_i[4] -> mprj/_136363_/D : -1.015524
[hold in-reg] wbs_adr_i[4] -> mprj/_136864_/D : -1.014694
[hold in-reg] wbs_adr_i[4] -> mprj/_137290_/D : -1.014135
[hold in-reg] wbs_adr_i[4] -> mprj/_136039_/D : -1.013341
[hold in-reg] wbs_dat_i[9] -> mprj/_138352_/D : -1.012008
[hold in-reg] wbs_adr_i[4] -> mprj/_136627_/D : -1.011915
[hold in-reg] wbs_adr_i[4] -> mprj/_136422_/D : -1.011785
[hold in-reg] wbs_adr_i[4] -> mprj/_137020_/D : -1.011649
[hold in-reg] wbs_dat_i[24] -> mprj/_136015_/D : -1.011238
[hold in-reg] wbs_adr_i[4] -> mprj/_136855_/D : -1.010461
[hold in-reg] wbs_adr_i[4] -> mprj/_136091_/D : -1.010270
[hold in-reg] wbs_adr_i[4] -> mprj/_136312_/D : -1.010135
[hold in-reg] wbs_adr_i[4] -> mprj/_137249_/D : -1.009532
[hold in-reg] wbs_adr_i[4] -> mprj/_136782_/D : -1.008775
[hold in-reg] wbs_adr_i[4] -> mprj/_135925_/D : -1.005831
[hold in-reg] wbs_adr_i[4] -> mprj/_137034_/D : -1.004956
[hold in-reg] wbs_adr_i[4] -> mprj/_136807_/D : -1.004779
[hold in-reg] wbs_adr_i[4] -> mprj/_136449_/D : -1.004363
[hold in-reg] wbs_adr_i[4] -> mprj/_136475_/D : -1.003513
[hold in-reg] wbs_adr_i[4] -> mprj/_136063_/D : -1.002081
[hold in-reg] wbs_adr_i[4] -> mprj/_136979_/D : -1.001834
[hold in-reg] wbs_adr_i[4] -> mprj/_136603_/D : -1.000169
[hold in-reg] wbs_adr_i[4] -> mprj/_135965_/D : -0.999714
[hold in-reg] wbs_adr_i[4] -> mprj/_136087_/D : -0.999155
[hold in-reg] wbs_adr_i[4] -> mprj/_136527_/D : -0.997670
[hold in-reg] wbs_adr_i[4] -> mprj/_136177_/D : -0.996861
[hold in-reg] wbs_adr_i[4] -> mprj/_136972_/D : -0.996574
[hold in-reg] wbs_adr_i[4] -> mprj/_136076_/D : -0.996283
[hold in-reg] wbs_adr_i[4] -> mprj/_136147_/D : -0.996151
[hold in-reg] wbs_dat_i[24] -> mprj/_136611_/D : -0.995558
[hold in-reg] wbs_adr_i[4] -> mprj/_137136_/D : -0.994874
[hold in-reg] wbs_adr_i[4] -> mprj/_136313_/D : -0.994817
[hold in-reg] wbs_adr_i[4] -> mprj/_135957_/D : -0.994543
[hold in-reg] wbs_adr_i[4] -> mprj/_137230_/D : -0.991379
[hold in-reg] wbs_adr_i[4] -> mprj/_136300_/D : -0.990275
[hold in-reg] wbs_adr_i[4] -> mprj/_136842_/D : -0.988861
[hold in-reg] wbs_adr_i[4] -> mprj/_135851_/D : -0.987200
[hold in-reg] wbs_adr_i[4] -> mprj/_136183_/D : -0.987198
[hold in-reg] wbs_adr_i[4] -> mprj/_136633_/D : -0.986875
[hold in-reg] wbs_adr_i[4] -> mprj/_135854_/D : -0.986164
[hold in-reg] wbs_adr_i[4] -> mprj/_136893_/D : -0.985701
[hold in-reg] wbs_adr_i[4] -> mprj/_137127_/D : -0.985201
[hold in-reg] wbs_adr_i[4] -> mprj/_136563_/D : -0.984704
[hold in-reg] wbs_adr_i[4] -> mprj/_136487_/D : -0.982893
[hold in-reg] wbs_adr_i[4] -> mprj/_137049_/D : -0.981287
[hold in-reg] wbs_adr_i[4] -> mprj/_136953_/D : -0.980980
[hold in-reg] wbs_adr_i[4] -> mprj/_136624_/D : -0.980505
[hold in-reg] wbs_adr_i[4] -> mprj/_136579_/D : -0.980327
[hold in-reg] wbs_adr_i[4] -> mprj/_136182_/D : -0.979444
[hold in-reg] wbs_adr_i[4] -> mprj/_135908_/D : -0.979405
[hold in-reg] wbs_adr_i[4] -> mprj/_137139_/D : -0.978740
[hold in-reg] wbs_adr_i[4] -> mprj/_136057_/D : -0.978586
[hold in-reg] wbs_adr_i[4] -> mprj/_136999_/D : -0.977384
[hold in-reg] wbs_adr_i[4] -> mprj/_137082_/D : -0.977297
[hold in-reg] wbs_adr_i[4] -> mprj/_136503_/D : -0.976106
[hold in-reg] wbs_adr_i[4] -> mprj/_137163_/D : -0.975114
[hold in-reg] wbs_adr_i[4] -> mprj/_136989_/D : -0.974620
[hold in-reg] wbs_adr_i[4] -> mprj/_136270_/D : -0.974576
[hold in-reg] wbs_adr_i[4] -> mprj/_137260_/D : -0.974092
[hold in-reg] wbs_adr_i[4] -> mprj/_137172_/D : -0.973267
[hold in-reg] wbs_adr_i[4] -> mprj/_136288_/D : -0.973011
[hold in-reg] wbs_adr_i[4] -> mprj/_136283_/D : -0.972854
[hold in-reg] wbs_adr_i[4] -> mprj/_136102_/D : -0.972525
[hold in-reg] wbs_adr_i[4] -> mprj/_136067_/D : -0.970855
[hold in-reg] wbs_adr_i[4] -> mprj/_136825_/D : -0.970020
[hold in-reg] wbs_adr_i[4] -> mprj/_137294_/D : -0.969965
[hold in-reg] wbs_adr_i[4] -> mprj/_137041_/D : -0.969572
[hold in-reg] wbs_adr_i[4] -> mprj/_137279_/D : -0.966378
[hold in-reg] wbs_dat_i[24] -> mprj/_136911_/D : -0.966123
[hold in-reg] wbs_adr_i[4] -> mprj/_135963_/D : -0.965884
[hold in-reg] wbs_adr_i[4] -> mprj/_136290_/D : -0.965846
[hold in-reg] wbs_adr_i[4] -> mprj/_137159_/D : -0.964977
[hold in-reg] wbs_adr_i[4] -> mprj/_137079_/D : -0.959206
[hold in-reg] wbs_adr_i[4] -> mprj/_135913_/D : -0.958533
[hold in-reg] wbs_adr_i[4] -> mprj/_137151_/D : -0.957975
[hold in-reg] wbs_adr_i[4] -> mprj/_137259_/D : -0.956429
[hold in-reg] wbs_adr_i[4] -> mprj/_137115_/D : -0.956389
[hold in-reg] wbs_adr_i[4] -> mprj/_136477_/D : -0.955174
[hold in-reg] wbs_adr_i[4] -> mprj/_135893_/D : -0.954585
[hold in-reg] wbs_dat_i[24] -> mprj/_135955_/D : -0.954351
[hold in-reg] wbs_adr_i[4] -> mprj/_136112_/D : -0.952773
[hold in-reg] wbs_adr_i[4] -> mprj/_135966_/D : -0.951704
[hold in-reg] wbs_adr_i[4] -> mprj/_136811_/D : -0.951625
[hold in-reg] wbs_adr_i[4] -> mprj/_135861_/D : -0.951419
[hold in-reg] wbs_adr_i[4] -> mprj/_136711_/D : -0.951262
[hold in-reg] wbs_adr_i[4] -> mprj/_135961_/D : -0.950005
[hold in-reg] wbs_adr_i[4] -> mprj/_136330_/D : -0.949592
[hold in-reg] wbs_adr_i[4] -> mprj/_136332_/D : -0.949037
[hold in-reg] wbs_adr_i[4] -> mprj/_136055_/D : -0.947200
[hold in-reg] wbs_adr_i[4] -> mprj/_136824_/D : -0.946367
[hold in-reg] wbs_adr_i[4] -> mprj/_135783_/D : -0.942744
[hold in-reg] wbs_adr_i[4] -> mprj/_136212_/D : -0.942533
[hold in-reg] wbs_adr_i[4] -> mprj/_136461_/D : -0.941106
[hold in-reg] wbs_adr_i[4] -> mprj/_136467_/D : -0.939990
[hold in-reg] wbs_adr_i[4] -> mprj/_135975_/D : -0.938819
[hold in-reg] wbs_dat_i[23] -> mprj/_137058_/D : -0.937897
[hold in-reg] wbs_dat_i[23] -> mprj/_137056_/D : -0.937384
[hold in-reg] wbs_adr_i[4] -> mprj/_136987_/D : -0.937292
[hold in-reg] wbs_adr_i[4] -> mprj/_137142_/D : -0.936963
[hold in-reg] wbs_adr_i[4] -> mprj/_135884_/D : -0.936282
[hold in-reg] wbs_dat_i[24] -> mprj/_136851_/D : -0.936058
[hold in-reg] wbs_adr_i[4] -> mprj/_136795_/D : -0.934715
[hold in-reg] wbs_adr_i[4] -> mprj/_136299_/D : -0.934628
[hold in-reg] wbs_adr_i[4] -> mprj/_136193_/D : -0.934320
[hold in-reg] wbs_dat_i[23] -> mprj/_136550_/D : -0.934095
[hold in-reg] wbs_adr_i[4] -> mprj/_136524_/D : -0.932124
[hold in-reg] wbs_adr_i[4] -> mprj/_136244_/D : -0.931618
[hold in-reg] wbs_adr_i[4] -> mprj/_136492_/D : -0.930680
[hold in-reg] wbs_adr_i[4] -> mprj/_136179_/D : -0.929265
[hold in-reg] wbs_adr_i[4] -> mprj/_136273_/D : -0.928761
[hold in-reg] wbs_adr_i[4] -> mprj/_136567_/D : -0.926371
[hold in-reg] wbs_adr_i[4] -> mprj/_136724_/D : -0.926010
[hold in-reg] wbs_adr_i[4] -> mprj/_137028_/D : -0.925187
[hold in-reg] wbs_adr_i[4] -> mprj/_135958_/D : -0.924272
[hold in-reg] wbs_adr_i[4] -> mprj/_136512_/D : -0.922697
[hold in-reg] wbs_adr_i[4] -> mprj/_136661_/D : -0.921866
[hold in-reg] wbs_adr_i[4] -> mprj/_135881_/D : -0.920472
[hold in-reg] wbs_adr_i[4] -> mprj/_136833_/D : -0.919804
[hold in-reg] wbs_adr_i[4] -> mprj/_136529_/D : -0.919257
[hold in-reg] wbs_adr_i[4] -> mprj/_136721_/D : -0.917446
[hold in-reg] wbs_adr_i[4] -> mprj/_136302_/D : -0.917332
[hold in-reg] wbs_adr_i[4] -> mprj/_135812_/D : -0.917077
[hold in-reg] wbs_adr_i[4] -> mprj/_136199_/D : -0.916834
[hold in-reg] wbs_adr_i[4] -> mprj/_137097_/D : -0.916454
[hold in-reg] wbs_adr_i[4] -> mprj/_137099_/D : -0.916150
[hold in-reg] wbs_adr_i[4] -> mprj/_136617_/D : -0.916081
[hold in-reg] wbs_adr_i[4] -> mprj/_136101_/D : -0.915720
[hold in-reg] wbs_adr_i[4] -> mprj/_136405_/D : -0.914633
[hold in-reg] wbs_adr_i[4] -> mprj/_136243_/D : -0.913158
[hold in-reg] wbs_adr_i[4] -> mprj/_137129_/D : -0.913047
[hold in-reg] wbs_adr_i[4] -> mprj/_135847_/D : -0.912372
[hold in-reg] wbs_adr_i[4] -> mprj/_135993_/D : -0.912229
[hold in-reg] wbs_adr_i[4] -> mprj/_136935_/D : -0.912000
[hold in-reg] wbs_adr_i[4] -> mprj/_136992_/D : -0.911258
[hold in-reg] wbs_adr_i[4] -> mprj/_136480_/D : -0.908844
[hold in-reg] wbs_adr_i[4] -> mprj/_136136_/D : -0.908182
[hold in-reg] wbs_adr_i[4] -> mprj/_137296_/D : -0.905072
[hold in-reg] wbs_adr_i[4] -> mprj/_137032_/D : -0.903480
[hold in-reg] wbs_adr_i[4] -> mprj/_136857_/D : -0.902839
[hold in-reg] wbs_adr_i[4] -> mprj/_136962_/D : -0.902590
[hold in-reg] wbs_adr_i[4] -> mprj/_136233_/D : -0.901179
[hold in-reg] wbs_adr_i[4] -> mprj/_135910_/D : -0.901061
[hold in-reg] wbs_adr_i[4] -> mprj/_136538_/D : -0.900784
[hold in-reg] wbs_adr_i[4] -> mprj/_136451_/D : -0.900424
[hold in-reg] wbs_adr_i[4] -> mprj/_136673_/D : -0.899800
[hold in-reg] wbs_adr_i[4] -> mprj/_136895_/D : -0.899449
[hold in-reg] wbs_adr_i[4] -> mprj/_137075_/D : -0.897938
[hold in-reg] wbs_adr_i[4] -> mprj/_137050_/D : -0.897762
[hold in-reg] wbs_adr_i[4] -> mprj/_136828_/D : -0.897365
[hold in-reg] wbs_adr_i[4] -> mprj/_137017_/D : -0.896064
[hold in-reg] wbs_adr_i[4] -> mprj/_136479_/D : -0.895711
[hold in-reg] wbs_adr_i[4] -> mprj/_137308_/D : -0.894511
[hold in-reg] wbs_adr_i[4] -> mprj/_135846_/D : -0.894043
[hold in-reg] wbs_adr_i[4] -> mprj/_136613_/D : -0.893500
[hold in-reg] wbs_adr_i[4] -> mprj/_137010_/D : -0.892085
[hold in-reg] wbs_adr_i[4] -> mprj/_136323_/D : -0.891590
[hold in-reg] wbs_adr_i[4] -> mprj/_136574_/D : -0.891213
[hold in-reg] wbs_adr_i[4] -> mprj/_135811_/D : -0.890801
[hold in-reg] wbs_adr_i[4] -> mprj/_136318_/D : -0.890253
[hold in-reg] wbs_adr_i[4] -> mprj/_136028_/D : -0.889703
[hold in-reg] wbs_adr_i[4] -> mprj/_136754_/D : -0.889596
[hold in-reg] wbs_adr_i[4] -> mprj/_136715_/D : -0.889476
[hold in-reg] wbs_adr_i[4] -> mprj/_136026_/D : -0.887575
[hold in-reg] wbs_adr_i[4] -> mprj/_136137_/D : -0.883237
[hold in-reg] wbs_adr_i[4] -> mprj/_136863_/D : -0.882980
[hold in-reg] wbs_adr_i[4] -> mprj/_136452_/D : -0.882033
[hold in-reg] wbs_adr_i[4] -> mprj/_135981_/D : -0.881980
[hold in-reg] wbs_adr_i[4] -> mprj/_136986_/D : -0.881347
[hold in-reg] wbs_adr_i[4] -> mprj/_137229_/D : -0.880759
[hold in-reg] wbs_adr_i[4] -> mprj/_136443_/D : -0.880754
[hold in-reg] wbs_adr_i[4] -> mprj/_136045_/D : -0.880103
[hold in-reg] wbs_adr_i[4] -> mprj/_137278_/D : -0.880051
[hold in-reg] wbs_adr_i[4] -> mprj/_136883_/D : -0.878007
[hold in-reg] wbs_adr_i[7] -> mprj/_136455_/D : -0.877720
[hold in-reg] wbs_adr_i[4] -> mprj/_135937_/D : -0.877510
[hold in-reg] wbs_adr_i[4] -> mprj/_136649_/D : -0.876949
[hold in-reg] wbs_adr_i[4] -> mprj/_136255_/D : -0.876558
[hold in-reg] wbs_adr_i[4] -> mprj/_136792_/D : -0.876411
[hold in-reg] wbs_adr_i[4] -> mprj/_136798_/D : -0.876239
[hold in-reg] wbs_dat_i[28] -> mprj/_136165_/D : -0.876076
[hold in-reg] wbs_adr_i[4] -> mprj/_137170_/D : -0.874604
[hold in-reg] wbs_adr_i[4] -> mprj/_136051_/D : -0.873817
[hold in-reg] wbs_adr_i[4] -> mprj/_136751_/D : -0.873436
[hold in-reg] wbs_adr_i[4] -> mprj/_137295_/D : -0.872802
[hold in-reg] wbs_adr_i[4] -> mprj/_136017_/D : -0.872457
[hold in-reg] wbs_dat_i[9] -> mprj/_135906_/D : -0.872133
[hold in-reg] wbs_adr_i[4] -> mprj/_136973_/D : -0.872073
[hold in-reg] wbs_adr_i[4] -> mprj/_136629_/D : -0.871862
[hold in-reg] wbs_dat_i[9] -> mprj/_136418_/D : -0.870719
[hold in-reg] wbs_adr_i[4] -> mprj/_135935_/D : -0.869910
[hold in-reg] wbs_adr_i[4] -> mprj/_136508_/D : -0.868923
[hold in-reg] wbs_adr_i[4] -> mprj/_136981_/D : -0.868335
[hold in-reg] wbs_adr_i[4] -> mprj/_136469_/D : -0.868082
[hold in-reg] wbs_adr_i[4] -> mprj/_136117_/D : -0.866327
[hold in-reg] wbs_adr_i[4] -> mprj/_136242_/D : -0.866089
[hold in-reg] wbs_adr_i[4] -> mprj/_136562_/D : -0.865454
[hold in-reg] wbs_adr_i[4] -> mprj/_136949_/D : -0.865129
[hold in-reg] wbs_adr_i[4] -> mprj/_136651_/D : -0.864941
[hold in-reg] wbs_adr_i[4] -> mprj/_137161_/D : -0.864613
[hold in-reg] wbs_adr_i[4] -> mprj/_136289_/D : -0.864306
[hold in-reg] wbs_adr_i[4] -> mprj/_137312_/D : -0.864209
[hold in-reg] wbs_adr_i[4] -> mprj/_137109_/D : -0.862182
[hold in-reg] wbs_adr_i[4] -> mprj/_136120_/D : -0.861369
[hold in-reg] wbs_adr_i[4] -> mprj/_136139_/D : -0.860255
[hold in-reg] wbs_adr_i[4] -> mprj/_135853_/D : -0.860058
[hold in-reg] wbs_adr_i[4] -> mprj/_136013_/D : -0.859149
[hold in-reg] wbs_adr_i[4] -> mprj/_135841_/D : -0.858105
[hold in-reg] wbs_adr_i[5] -> mprj/_136438_/D : -0.858047
[hold in-reg] wbs_adr_i[4] -> mprj/_135964_/D : -0.857968
[hold in-reg] wbs_adr_i[4] -> mprj/_136768_/D : -0.857280
[hold in-reg] wbs_dat_i[9] -> mprj/_135904_/D : -0.857270
[hold in-reg] wbs_adr_i[4] -> mprj/_136267_/D : -0.857071
[hold in-reg] wbs_adr_i[4] -> mprj/_136623_/D : -0.856689
[hold in-reg] wbs_adr_i[4] -> mprj/_136516_/D : -0.856684
[hold in-reg] wbs_adr_i[4] -> mprj/_136133_/D : -0.856420
[hold in-reg] wbs_adr_i[4] -> mprj/_136314_/D : -0.856251
[hold in-reg] wbs_adr_i[4] -> mprj/_136978_/D : -0.855699
[hold in-reg] wbs_adr_i[4] -> mprj/_136360_/D : -0.855531
[hold in-reg] wbs_adr_i[4] -> mprj/_135985_/D : -0.854681
[hold in-reg] wbs_adr_i[4] -> mprj/_136955_/D : -0.854243
[hold in-reg] wbs_adr_i[4] -> mprj/_136924_/D : -0.853209
[hold in-reg] wbs_adr_i[4] -> mprj/_136029_/D : -0.853085
[hold in-reg] wbs_adr_i[4] -> mprj/_136632_/D : -0.852499
[hold in-reg] wbs_adr_i[4] -> mprj/_136881_/D : -0.852034
[hold in-reg] wbs_adr_i[4] -> mprj/_136991_/D : -0.851931
[hold in-reg] wbs_adr_i[4] -> mprj/_135987_/D : -0.851109
[hold in-reg] wbs_adr_i[4] -> mprj/_136926_/D : -0.848633
[hold in-reg] wbs_dat_i[9] -> mprj/_136416_/D : -0.848384
[hold in-reg] wbs_adr_i[4] -> mprj/_135999_/D : -0.846816
[hold in-reg] wbs_adr_i[4] -> mprj/_136929_/D : -0.845281
[hold in-reg] wbs_adr_i[4] -> mprj/_136941_/D : -0.844250
[hold in-reg] wbs_adr_i[4] -> mprj/_136201_/D : -0.843762
[hold in-reg] wbs_adr_i[4] -> mprj/_137008_/D : -0.843717
[hold in-reg] wbs_adr_i[4] -> mprj/_136232_/D : -0.842728
[hold in-reg] wbs_adr_i[4] -> mprj/_136050_/D : -0.842449
[hold in-reg] wbs_adr_i[4] -> mprj/_136660_/D : -0.841920
[hold in-reg] wbs_adr_i[4] -> mprj/_136437_/D : -0.840747
[hold in-reg] wbs_adr_i[4] -> mprj/_136089_/D : -0.839952
[hold in-reg] wbs_adr_i[4] -> mprj/_136566_/D : -0.839931
[hold in-reg] wbs_adr_i[4] -> mprj/_136003_/D : -0.839493
[hold in-reg] wbs_adr_i[4] -> mprj/_136494_/D : -0.839439
[hold in-reg] wbs_adr_i[4] -> mprj/_135794_/D : -0.838252
[hold in-reg] wbs_adr_i[4] -> mprj/_137143_/D : -0.837736
[hold in-reg] wbs_adr_i[4] -> mprj/_136106_/D : -0.837706
[hold in-reg] wbs_adr_i[4] -> mprj/_137185_/D : -0.835865
[hold in-reg] wbs_adr_i[4] -> mprj/_136241_/D : -0.835220
[hold in-reg] wbs_adr_i[4] -> mprj/_137053_/D : -0.835023
[hold in-reg] wbs_adr_i[4] -> mprj/_137055_/D : -0.834936
[hold in-reg] wbs_adr_i[7] -> mprj/_136905_/D : -0.833336
[hold in-reg] wbs_adr_i[4] -> mprj/_136471_/D : -0.831525
[hold in-reg] wbs_adr_i[4] -> mprj/_136033_/D : -0.831406
[hold in-reg] wbs_adr_i[4] -> mprj/_137257_/D : -0.830961
[hold in-reg] wbs_adr_i[4] -> mprj/_137111_/D : -0.830780
[hold in-reg] wbs_adr_i[4] -> mprj/_136522_/D : -0.829834
[hold in-reg] wbs_adr_i[4] -> mprj/_136406_/D : -0.829417
[hold in-reg] wbs_adr_i[4] -> mprj/_136175_/D : -0.828819
[hold in-reg] wbs_adr_i[4] -> mprj/_136806_/D : -0.828747
[hold in-reg] wbs_adr_i[4] -> mprj/_136161_/D : -0.828136
[hold in-reg] wbs_adr_i[4] -> mprj/_137038_/D : -0.826977
[hold in-reg] wbs_adr_i[4] -> mprj/_136226_/D : -0.826778
[hold in-reg] wbs_adr_i[4] -> mprj/_136830_/D : -0.826732
[hold in-reg] wbs_adr_i[4] -> mprj/_136060_/D : -0.826708
[hold in-reg] wbs_adr_i[4] -> mprj/_136774_/D : -0.826517
[hold in-reg] wbs_adr_i[4] -> mprj/_137080_/D : -0.826047
[hold in-reg] wbs_adr_i[4] -> mprj/_136867_/D : -0.825779
[hold in-reg] wbs_adr_i[4] -> mprj/_136499_/D : -0.825609
[hold in-reg] wbs_adr_i[4] -> mprj/_136235_/D : -0.824701
[hold in-reg] wbs_adr_i[4] -> mprj/_137169_/D : -0.824031
[hold in-reg] wbs_adr_i[4] -> mprj/_136001_/D : -0.822798
[hold in-reg] wbs_adr_i[4] -> mprj/_136525_/D : -0.820824
[hold in-reg] wbs_dat_i[23] -> mprj/_136666_/D : -0.820119
[hold in-reg] wbs_adr_i[4] -> mprj/_136274_/D : -0.819952
[hold in-reg] wbs_adr_i[4] -> mprj/_136395_/D : -0.819854
[hold in-reg] wbs_adr_i[4] -> mprj/_137118_/D : -0.818891
[hold in-reg] wbs_adr_i[4] -> mprj/_137304_/D : -0.818136
[hold in-reg] wbs_adr_i[4] -> mprj/_136705_/D : -0.817799
[hold in-reg] wbs_adr_i[4] -> mprj/_136004_/D : -0.817749
[hold in-reg] wbs_adr_i[4] -> mprj/_137202_/D : -0.816183
[hold in-reg] wbs_adr_i[4] -> mprj/_136239_/D : -0.815899
[hold in-reg] wbs_adr_i[4] -> mprj/_136865_/D : -0.815838
[hold in-reg] wbs_adr_i[4] -> mprj/_137011_/D : -0.814209
[hold in-reg] wbs_adr_i[4] -> mprj/_136277_/D : -0.814019
[hold in-reg] wbs_adr_i[4] -> mprj/_137160_/D : -0.812818
[hold in-reg] wbs_adr_i[4] -> mprj/_135914_/D : -0.812743
[hold in-reg] wbs_adr_i[4] -> mprj/_136294_/D : -0.811720
[hold in-reg] wbs_adr_i[4] -> mprj/_136481_/D : -0.810468
[hold in-reg] wbs_adr_i[4] -> mprj/_137093_/D : -0.810291
[hold in-reg] wbs_adr_i[4] -> mprj/_136835_/D : -0.810186
[hold in-reg] wbs_adr_i[4] -> mprj/_136373_/D : -0.810171
[hold in-reg] wbs_adr_i[4] -> mprj/_136362_/D : -0.808884
[hold in-reg] wbs_adr_i[4] -> mprj/_136140_/D : -0.808362
[hold in-reg] wbs_adr_i[4] -> mprj/_136599_/D : -0.807800
[hold in-reg] wbs_adr_i[4] -> mprj/_136826_/D : -0.807327
[hold in-reg] wbs_adr_i[4] -> mprj/_136447_/D : -0.807219
[hold in-reg] wbs_adr_i[4] -> mprj/_136960_/D : -0.806081
[hold in-reg] wbs_adr_i[4] -> mprj/_136810_/D : -0.806000
[hold in-reg] wbs_adr_i[4] -> mprj/_136162_/D : -0.804864
[hold in-reg] wbs_adr_i[4] -> mprj/_136254_/D : -0.804266
[hold in-reg] wbs_adr_i[4] -> mprj/_136684_/D : -0.803742
[hold in-reg] wbs_adr_i[4] -> mprj/_135874_/D : -0.803092
[hold in-reg] wbs_adr_i[3] -> mprj/_135973_/D : -0.801931
[hold in-reg] wbs_adr_i[4] -> mprj/_136938_/D : -0.801562
[hold in-reg] wbs_adr_i[4] -> mprj/_135830_/D : -0.801450
[hold in-reg] wbs_adr_i[4] -> mprj/_135792_/D : -0.800924
[hold in-reg] wbs_adr_i[4] -> mprj/_136489_/D : -0.800908
[hold in-reg] wbs_adr_i[4] -> mprj/_136301_/D : -0.800862
[hold in-reg] wbs_adr_i[4] -> mprj/_137098_/D : -0.800141
[hold in-reg] wbs_adr_i[4] -> mprj/_137201_/D : -0.797436
[hold in-reg] wbs_adr_i[4] -> mprj/_136383_/D : -0.797061
[hold in-reg] wbs_adr_i[4] -> mprj/_136722_/D : -0.796719
[hold in-reg] wbs_adr_i[4] -> mprj/_137214_/D : -0.796692
[hold in-reg] wbs_adr_i[4] -> mprj/_136766_/D : -0.796664
[hold in-reg] wbs_adr_i[4] -> mprj/_136189_/D : -0.796462
[hold in-reg] wbs_adr_i[4] -> mprj/_136655_/D : -0.795676
[hold in-reg] wbs_adr_i[4] -> mprj/_137193_/D : -0.795653
[hold in-reg] wbs_adr_i[4] -> mprj/_137002_/D : -0.795349
[hold in-reg] wbs_adr_i[4] -> mprj/_136052_/D : -0.794588
[hold in-reg] wbs_adr_i[4] -> mprj/_135802_/D : -0.794323
[hold in-reg] wbs_adr_i[4] -> mprj/_135787_/D : -0.793835
[hold in-reg] wbs_adr_i[4] -> mprj/_136967_/D : -0.793810
[hold in-reg] wbs_adr_i[4] -> mprj/_136034_/D : -0.793726
[hold in-reg] wbs_adr_i[4] -> mprj/_136789_/D : -0.793662
[hold in-reg] wbs_adr_i[4] -> mprj/_136167_/D : -0.793600
[hold in-reg] wbs_adr_i[4] -> mprj/_136885_/D : -0.793031
[hold in-reg] wbs_adr_i[4] -> mprj/_137128_/D : -0.792258
[hold in-reg] wbs_adr_i[4] -> mprj/_137196_/D : -0.791747
[hold in-reg] wbs_adr_i[4] -> mprj/_137135_/D : -0.791300
[hold in-reg] wbs_adr_i[4] -> mprj/_136355_/D : -0.790902
[hold in-reg] wbs_adr_i[4] -> mprj/_136386_/D : -0.790282
[hold in-reg] wbs_adr_i[4] -> mprj/_135977_/D : -0.789170
[hold in-reg] wbs_adr_i[4] -> mprj/_136163_/D : -0.787836
[hold in-reg] wbs_adr_i[4] -> mprj/_136726_/D : -0.787399
[hold in-reg] wbs_adr_i[4] -> mprj/_136203_/D : -0.786758
[hold in-reg] wbs_adr_i[4] -> mprj/_136164_/D : -0.786249
[hold in-reg] wbs_adr_i[7] -> mprj/_136530_/D : -0.786189
[hold in-reg] wbs_adr_i[4] -> mprj/_136351_/D : -0.785916
[hold in-reg] wbs_adr_i[4] -> mprj/_135871_/D : -0.785155
[hold in-reg] wbs_adr_i[4] -> mprj/_136812_/D : -0.784465
[hold in-reg] wbs_adr_i[4] -> mprj/_136879_/D : -0.783682
[hold in-reg] wbs_adr_i[4] -> mprj/_136023_/D : -0.783155
[hold in-reg] wbs_adr_i[4] -> mprj/_137025_/D : -0.783022
[hold in-reg] wbs_adr_i[4] -> mprj/_137253_/D : -0.782250
[hold in-reg] wbs_adr_i[4] -> mprj/_136834_/D : -0.782210
[hold in-reg] wbs_adr_i[4] -> mprj/_137121_/D : -0.781644
[hold in-reg] wbs_adr_i[4] -> mprj/_137144_/D : -0.781005
[hold in-reg] wbs_adr_i[4] -> mprj/_135939_/D : -0.780554
[hold in-reg] wbs_adr_i[4] -> mprj/_137100_/D : -0.779772
[hold in-reg] wbs_adr_i[4] -> mprj/_136687_/D : -0.779358
[hold in-reg] wbs_adr_i[4] -> mprj/_135998_/D : -0.779332
[hold in-reg] wbs_adr_i[3] -> mprj/_135778_/D : -0.778404
[hold in-reg] wbs_adr_i[4] -> mprj/_135928_/D : -0.778314
[hold in-reg] wbs_adr_i[4] -> mprj/_136545_/D : -0.777942
[hold in-reg] wbs_adr_i[4] -> mprj/_136069_/D : -0.777746
[hold in-reg] wbs_adr_i[4] -> mprj/_136138_/D : -0.776963
[hold in-reg] wbs_adr_i[4] -> mprj/_137227_/D : -0.776778
[hold in-reg] wbs_dat_i[4] -> mprj/_135777_/D : -0.775017
[hold in-reg] wbs_adr_i[4] -> mprj/_137247_/D : -0.774609
[hold in-reg] wbs_adr_i[4] -> mprj/_136777_/D : -0.773689
[hold in-reg] wbs_adr_i[4] -> mprj/_135938_/D : -0.773429
[hold in-reg] wbs_adr_i[4] -> mprj/_137013_/D : -0.772769
[hold in-reg] wbs_adr_i[4] -> mprj/_136124_/D : -0.772468
[hold in-reg] wbs_adr_i[4] -> mprj/_136984_/D : -0.772007
[hold in-reg] wbs_adr_i[4] -> mprj/_136303_/D : -0.771236
[hold in-reg] wbs_adr_i[4] -> mprj/_136606_/D : -0.771211
[hold in-reg] wbs_adr_i[4] -> mprj/_137047_/D : -0.770990
[hold in-reg] wbs_adr_i[4] -> mprj/_137250_/D : -0.770022
[hold in-reg] wbs_adr_i[4] -> mprj/_136747_/D : -0.769839
[hold in-reg] wbs_adr_i[4] -> mprj/_136937_/D : -0.769092
[hold in-reg] wbs_adr_i[4] -> mprj/_137043_/D : -0.768698
[hold in-reg] wbs_dat_i[23] -> mprj/_137178_/D : -0.768511
[hold in-reg] wbs_adr_i[4] -> mprj/_137122_/D : -0.768416
[hold in-reg] wbs_adr_i[4] -> mprj/_135832_/D : -0.767906
[hold in-reg] wbs_adr_i[4] -> mprj/_136565_/D : -0.767235
[hold in-reg] wbs_adr_i[4] -> mprj/_136498_/D : -0.767065
[hold in-reg] wbs_adr_i[4] -> mprj/_135839_/D : -0.766753
[hold in-reg] wbs_adr_i[4] -> mprj/_137130_/D : -0.766538
[hold in-reg] wbs_adr_i[4] -> mprj/_136653_/D : -0.766200
[hold in-reg] wbs_adr_i[4] -> mprj/_136344_/D : -0.765193
[hold in-reg] wbs_adr_i[4] -> mprj/_135805_/D : -0.764253
[hold in-reg] wbs_adr_i[4] -> mprj/_136200_/D : -0.763762
[hold in-reg] wbs_adr_i[4] -> mprj/_137254_/D : -0.763747
[hold in-reg] wbs_adr_i[4] -> mprj/_136493_/D : -0.763237
[hold in-reg] wbs_adr_i[4] -> mprj/_137005_/D : -0.762456
[hold in-reg] wbs_adr_i[4] -> mprj/_135850_/D : -0.762371
[hold in-reg] wbs_adr_i[4] -> mprj/_136265_/D : -0.760797
[hold in-reg] wbs_adr_i[4] -> mprj/_136169_/D : -0.760045
[hold in-reg] wbs_adr_i[4] -> mprj/_137195_/D : -0.759830
[hold in-reg] wbs_adr_i[4] -> mprj/_136856_/D : -0.759417
[hold in-reg] wbs_adr_i[4] -> mprj/_137085_/D : -0.759243
[hold in-reg] wbs_adr_i[4] -> mprj/_137280_/D : -0.758678
[hold in-reg] wbs_adr_i[4] -> mprj/_136245_/D : -0.756449
[hold in-reg] wbs_adr_i[4] -> mprj/_137045_/D : -0.754353
[hold in-reg] wbs_adr_i[4] -> mprj/_136898_/D : -0.754247
[hold in-reg] wbs_adr_i[4] -> mprj/_135933_/D : -0.754101
[hold in-reg] wbs_adr_i[4] -> mprj/_137205_/D : -0.753611
[hold in-reg] wbs_adr_i[4] -> mprj/_136334_/D : -0.753437
[hold in-reg] wbs_adr_i[4] -> mprj/_136680_/D : -0.752864
[hold in-reg] wbs_adr_i[4] -> mprj/_136907_/D : -0.751877
[hold in-reg] wbs_adr_i[4] -> mprj/_135897_/D : -0.751840
[hold in-reg] wbs_adr_i[4] -> mprj/_136219_/D : -0.750906
[hold in-reg] wbs_adr_i[4] -> mprj/_137251_/D : -0.750906
[hold in-reg] wbs_adr_i[4] -> mprj/_136873_/D : -0.750244
[hold in-reg] wbs_adr_i[4] -> mprj/_136997_/D : -0.750228
[hold in-reg] wbs_adr_i[4] -> mprj/_135829_/D : -0.749216
[hold in-reg] wbs_dat_i[23] -> mprj/_136878_/D : -0.748942
[hold in-reg] wbs_adr_i[4] -> mprj/_137084_/D : -0.748009
[hold in-reg] wbs_adr_i[4] -> mprj/_136750_/D : -0.747987
[hold in-reg] wbs_dat_i[24] -> mprj/_137155_/D : -0.747434
[hold in-reg] wbs_dat_i[23] -> mprj/_136366_/D : -0.747203
[hold in-reg] wbs_adr_i[4] -> mprj/_136737_/D : -0.747004
[hold in-reg] wbs_adr_i[4] -> mprj/_136151_/D : -0.746996
[hold in-reg] wbs_adr_i[4] -> mprj/_136037_/D : -0.746740
[hold in-reg] wbs_adr_i[4] -> mprj/_135900_/D : -0.746569
[hold in-reg] wbs_adr_i[4] -> mprj/_136474_/D : -0.745845
[hold in-reg] wbs_adr_i[4] -> mprj/_136882_/D : -0.745267
[hold in-reg] wbs_adr_i[4] -> mprj/_136671_/D : -0.743730
[hold in-reg] wbs_adr_i[4] -> mprj/_136213_/D : -0.743611
[hold in-reg] wbs_adr_i[4] -> mprj/_137262_/D : -0.743116
[hold in-reg] wbs_adr_i[4] -> mprj/_136650_/D : -0.743070
[hold in-reg] wbs_adr_i[4] -> mprj/_136712_/D : -0.742267
[hold in-reg] wbs_adr_i[4] -> mprj/_136690_/D : -0.741738
[hold in-reg] wbs_adr_i[4] -> mprj/_136652_/D : -0.741696
[hold in-reg] wbs_adr_i[4] -> mprj/_135822_/D : -0.741676
[hold in-reg] wbs_adr_i[4] -> mprj/_136963_/D : -0.741628
[hold in-reg] wbs_adr_i[4] -> mprj/_135959_/D : -0.741169
[hold in-reg] wbs_adr_i[4] -> mprj/_136813_/D : -0.740999
[hold in-reg] wbs_adr_i[4] -> mprj/_136636_/D : -0.740111
[hold in-reg] wbs_adr_i[4] -> mprj/_136663_/D : -0.739621
[hold in-reg] wbs_adr_i[4] -> mprj/_137310_/D : -0.739509
[hold in-reg] wbs_adr_i[4] -> mprj/_135929_/D : -0.739328
[hold in-reg] wbs_adr_i[4] -> mprj/_136202_/D : -0.739218
[hold in-reg] wbs_adr_i[4] -> mprj/_136205_/D : -0.739081
[hold in-reg] wbs_adr_i[4] -> mprj/_136070_/D : -0.738337
[hold in-reg] wbs_adr_i[4] -> mprj/_136861_/D : -0.738271
[hold in-reg] wbs_adr_i[4] -> mprj/_136554_/D : -0.738000
[hold in-reg] wbs_adr_i[4] -> mprj/_136513_/D : -0.737059
[hold in-reg] wbs_adr_i[4] -> mprj/_137238_/D : -0.736970
[hold in-reg] wbs_adr_i[4] -> mprj/_136630_/D : -0.736674
[hold in-reg] wbs_adr_i[4] -> mprj/_137012_/D : -0.736312
[hold in-reg] wbs_adr_i[4] -> mprj/_136278_/D : -0.736041
[hold in-reg] wbs_adr_i[4] -> mprj/_137162_/D : -0.736033
[hold in-reg] wbs_adr_i[4] -> mprj/_135849_/D : -0.735578
[hold in-reg] wbs_adr_i[4] -> mprj/_135978_/D : -0.735310
[hold in-reg] wbs_adr_i[4] -> mprj/_136394_/D : -0.735207
[hold in-reg] wbs_adr_i[4] -> mprj/_137236_/D : -0.734238
[hold in-reg] wbs_adr_i[4] -> mprj/_136948_/D : -0.733818
[hold in-reg] wbs_adr_i[4] -> mprj/_137148_/D : -0.733770
[hold in-reg] wbs_adr_i[4] -> mprj/_135926_/D : -0.733439
[hold in-reg] wbs_adr_i[4] -> mprj/_137302_/D : -0.732459
[hold in-reg] wbs_adr_i[4] -> mprj/_137206_/D : -0.732189
[hold in-reg] wbs_adr_i[4] -> mprj/_136648_/D : -0.731760
[hold in-reg] wbs_adr_i[4] -> mprj/_137110_/D : -0.731385
[hold in-reg] wbs_adr_i[4] -> mprj/_136441_/D : -0.731302
[hold in-reg] wbs_adr_i[4] -> mprj/_136874_/D : -0.730921
[hold in-reg] wbs_adr_i[3] -> mprj/_136608_/D : -0.730586
[hold in-reg] wbs_adr_i[4] -> mprj/_136558_/D : -0.730499
[hold in-reg] wbs_adr_i[4] -> mprj/_136064_/D : -0.729564
[hold in-reg] wbs_adr_i[4] -> mprj/_135947_/D : -0.729556
[hold in-reg] wbs_adr_i[4] -> mprj/_136681_/D : -0.729502
[hold in-reg] wbs_adr_i[4] -> mprj/_136753_/D : -0.728678
[hold in-reg] wbs_adr_i[4] -> mprj/_136119_/D : -0.728406
[hold in-reg] wbs_dat_i[24] -> mprj/_136643_/D : -0.727779
[hold in-reg] wbs_adr_i[4] -> mprj/_136246_/D : -0.727477
[hold in-reg] wbs_adr_i[4] -> mprj/_136090_/D : -0.726481
[hold in-reg] wbs_adr_i[4] -> mprj/_136790_/D : -0.726237
[hold in-reg] wbs_dat_i[23] -> mprj/_136190_/D : -0.726181
[hold in-reg] wbs_adr_i[4] -> mprj/_135988_/D : -0.726113
[hold in-reg] wbs_adr_i[4] -> mprj/_137239_/D : -0.726063
[hold in-reg] wbs_adr_i[4] -> mprj/_135873_/D : -0.725984
[hold in-reg] wbs_adr_i[4] -> mprj/_136266_/D : -0.725318
[hold in-reg] wbs_adr_i[4] -> mprj/_136168_/D : -0.725056
[hold in-reg] wbs_adr_i[4] -> mprj/_137112_/D : -0.724883
[hold in-reg] wbs_dat_i[28] -> mprj/_136645_/D : -0.724656
[hold in-reg] wbs_adr_i[4] -> mprj/_136693_/D : -0.724137
[hold in-reg] wbs_adr_i[4] -> mprj/_136957_/D : -0.723461
[hold in-reg] wbs_adr_i[4] -> mprj/_137263_/D : -0.722385
[hold in-reg] wbs_adr_i[4] -> mprj/_135793_/D : -0.722213
[hold in-reg] wbs_adr_i[4] -> mprj/_137213_/D : -0.721744
[hold in-reg] wbs_adr_i[4] -> mprj/_136500_/D : -0.721442
[hold in-reg] wbs_adr_i[4] -> mprj/_136767_/D : -0.721398
[hold in-reg] wbs_adr_i[4] -> mprj/_136581_/D : -0.721388
[hold in-reg] wbs_adr_i[4] -> mprj/_135797_/D : -0.720534
[hold in-reg] wbs_adr_i[4] -> mprj/_137057_/D : -0.718258
[hold in-reg] wbs_adr_i[4] -> mprj/_135886_/D : -0.718036
[hold in-reg] wbs_adr_i[4] -> mprj/_136361_/D : -0.717546
[hold in-reg] wbs_adr_i[4] -> mprj/_136401_/D : -0.717186
[hold in-reg] wbs_adr_i[4] -> mprj/_136315_/D : -0.716875
[hold in-reg] wbs_adr_i[4] -> mprj/_136317_/D : -0.716849
[hold in-reg] wbs_adr_i[4] -> mprj/_136046_/D : -0.716740
[hold in-reg] wbs_adr_i[4] -> mprj/_136425_/D : -0.716360
[hold in-reg] wbs_adr_i[4] -> mprj/_136390_/D : -0.716309
[hold in-reg] wbs_adr_i[4] -> mprj/_136725_/D : -0.715920
[hold in-reg] wbs_adr_i[4] -> mprj/_136191_/D : -0.715731
[hold in-reg] wbs_dat_i[24] -> mprj/_136371_/D : -0.715718
[hold in-reg] wbs_adr_i[4] -> mprj/_137261_/D : -0.715134
[hold in-reg] wbs_adr_i[4] -> mprj/_136085_/D : -0.715128
[hold in-reg] wbs_adr_i[4] -> mprj/_136501_/D : -0.714548
[hold in-reg] wbs_adr_i[4] -> mprj/_136154_/D : -0.714452
[hold in-reg] wbs_adr_i[4] -> mprj/_136587_/D : -0.712968
[hold in-reg] wbs_adr_i[4] -> mprj/_136533_/D : -0.712122
[hold in-reg] wbs_adr_i[4] -> mprj/_136150_/D : -0.711613
[hold in-reg] wbs_adr_i[4] -> mprj/_137199_/D : -0.711515
[hold in-reg] wbs_adr_i[4] -> mprj/_136459_/D : -0.711507
[hold in-reg] wbs_adr_i[4] -> mprj/_136662_/D : -0.711169
[hold in-reg] wbs_adr_i[4] -> mprj/_136678_/D : -0.710811
[hold in-reg] wbs_adr_i[4] -> mprj/_136420_/D : -0.709818
[hold in-reg] wbs_adr_i[4] -> mprj/_136902_/D : -0.709472
[hold in-reg] wbs_adr_i[4] -> mprj/_136166_/D : -0.708588
[hold in-reg] wbs_adr_i[4] -> mprj/_135796_/D : -0.708238
[hold in-reg] wbs_adr_i[4] -> mprj/_136860_/D : -0.707766
[hold in-reg] wbs_adr_i[4] -> mprj/_136756_/D : -0.707680
[hold in-reg] wbs_adr_i[7] -> mprj/_135887_/D : -0.706748
[hold in-reg] wbs_adr_i[4] -> mprj/_136866_/D : -0.706555
[hold in-reg] wbs_adr_i[4] -> mprj/_137223_/D : -0.705923
[hold in-reg] wbs_adr_i[4] -> mprj/_136899_/D : -0.705841
[hold in-reg] wbs_adr_i[4] -> mprj/_135791_/D : -0.704786
[hold in-reg] wbs_adr_i[4] -> mprj/_137072_/D : -0.703007
[hold in-reg] wbs_adr_i[4] -> mprj/_136877_/D : -0.702538
[hold in-reg] wbs_adr_i[4] -> mprj/_137282_/D : -0.701999
[hold in-reg] wbs_adr_i[4] -> mprj/_136679_/D : -0.701045
[hold in-reg] wbs_dat_i[27] -> mprj/_135986_/D : -0.700959
[hold in-reg] wbs_adr_i[2] -> mprj/_136227_/D : -0.700092
[hold in-reg] wbs_adr_i[4] -> mprj/_137268_/D : -0.699425
[hold in-reg] wbs_adr_i[4] -> mprj/_136875_/D : -0.698953
[hold in-reg] wbs_adr_i[4] -> mprj/_136764_/D : -0.698688
[hold in-reg] wbs_dat_i[23] -> mprj/_137086_/D : -0.698522
[hold in-reg] wbs_adr_i[4] -> mprj/_137222_/D : -0.698479
[hold in-reg] wbs_adr_i[4] -> mprj/_136600_/D : -0.698304
[hold in-reg] wbs_adr_i[4] -> mprj/_136342_/D : -0.698265
[hold in-reg] wbs_adr_i[4] -> mprj/_136297_/D : -0.698083
[hold in-reg] wbs_adr_i[4] -> mprj/_137042_/D : -0.697012
[hold in-reg] wbs_adr_i[4] -> mprj/_136215_/D : -0.696836
[hold in-reg] wbs_adr_i[4] -> mprj/_136773_/D : -0.696549
[hold in-reg] wbs_adr_i[4] -> mprj/_137252_/D : -0.696158
[hold in-reg] wbs_adr_i[4] -> mprj/_136840_/D : -0.696149
[hold in-reg] wbs_adr_i[4] -> mprj/_136717_/D : -0.695906
[hold in-reg] wbs_adr_i[4] -> mprj/_137186_/D : -0.695308
[hold in-reg] wbs_adr_i[4] -> mprj/_136897_/D : -0.695219
[hold in-reg] wbs_adr_i[4] -> mprj/_136253_/D : -0.694412
[hold in-reg] wbs_adr_i[4] -> mprj/_136727_/D : -0.694245
[hold in-reg] wbs_adr_i[4] -> mprj/_136035_/D : -0.693487
[hold in-reg] wbs_adr_i[4] -> mprj/_136982_/D : -0.692730
[hold in-reg] wbs_adr_i[3] -> mprj/_136486_/D : -0.692724
[hold in-reg] wbs_adr_i[4] -> mprj/_136184_/D : -0.692239
[hold in-reg] wbs_adr_i[4] -> mprj/_136674_/D : -0.690992
[hold in-reg] wbs_adr_i[4] -> mprj/_135803_/D : -0.688693
[hold in-reg] wbs_dat_i[23] -> mprj/_136160_/D : -0.688222
[hold in-reg] wbs_adr_i[4] -> mprj/_136042_/D : -0.688003
[hold in-reg] wbs_adr_i[4] -> mprj/_136415_/D : -0.687726
[hold in-reg] wbs_adr_i[4] -> mprj/_136391_/D : -0.687503
[hold in-reg] wbs_adr_i[4] -> mprj/_136412_/D : -0.686587
[hold in-reg] wbs_adr_i[4] -> mprj/_135789_/D : -0.686373
[hold in-reg] wbs_adr_i[4] -> mprj/_136354_/D : -0.686122
[hold in-reg] wbs_adr_i[4] -> mprj/_135991_/D : -0.685942
[hold in-reg] wbs_adr_i[4] -> mprj/_136409_/D : -0.685040
[hold in-reg] wbs_adr_i[4] -> mprj/_136377_/D : -0.684818
[hold in-reg] wbs_adr_i[4] -> mprj/_135950_/D : -0.684474
[hold in-reg] wbs_adr_i[4] -> mprj/_136921_/D : -0.683901
[hold in-reg] wbs_adr_i[7] -> mprj/_136399_/D : -0.683563
[hold in-reg] wbs_adr_i[4] -> mprj/_136389_/D : -0.682459
[hold in-reg] wbs_adr_i[4] -> mprj/_136031_/D : -0.681331
[hold in-reg] wbs_adr_i[4] -> mprj/_136980_/D : -0.678759
[hold in-reg] wbs_adr_i[4] -> mprj/_137066_/D : -0.678483
[hold in-reg] wbs_adr_i[3] -> mprj/_136372_/D : -0.678293
[hold in-reg] wbs_adr_i[4] -> mprj/_136942_/D : -0.678096
[hold in-reg] wbs_adr_i[4] -> mprj/_137070_/D : -0.677032
[hold in-reg] wbs_adr_i[4] -> mprj/_136876_/D : -0.676922
[hold in-reg] wbs_adr_i[4] -> mprj/_136252_/D : -0.676610
[hold in-reg] wbs_adr_i[4] -> mprj/_135790_/D : -0.676507
[hold in-reg] wbs_adr_i[4] -> mprj/_135903_/D : -0.675969
[hold in-reg] wbs_adr_i[4] -> mprj/_136858_/D : -0.675738
[hold in-reg] wbs_dat_i[1] -> mprj/_136260_/D : -0.675625
[hold in-reg] wbs_adr_i[4] -> mprj/_136966_/D : -0.675532
[hold in-reg] wbs_dat_i[24] -> mprj/_136131_/D : -0.675398
[hold in-reg] wbs_adr_i[4] -> mprj/_136519_/D : -0.674850
[hold in-reg] wbs_adr_i[4] -> mprj/_136694_/D : -0.674850
[hold in-reg] wbs_adr_i[4] -> mprj/_135934_/D : -0.673700
[hold in-reg] wbs_adr_i[4] -> mprj/_136943_/D : -0.673579
[hold in-reg] wbs_adr_i[4] -> mprj/_136126_/D : -0.673552
[hold in-reg] wbs_adr_i[4] -> mprj/_136000_/D : -0.673548
[hold in-reg] wbs_adr_i[4] -> mprj/_135942_/D : -0.673330
[hold in-reg] wbs_adr_i[4] -> mprj/_136642_/D : -0.673084
[hold in-reg] wbs_adr_i[4] -> mprj/_136543_/D : -0.672126
[hold in-reg] wbs_adr_i[4] -> mprj/_136749_/D : -0.671748
[hold in-reg] wbs_adr_i[4] -> mprj/_136225_/D : -0.671627
[hold in-reg] wbs_adr_i[4] -> mprj/_135817_/D : -0.671321
[hold in-reg] wbs_adr_i[4] -> mprj/_136398_/D : -0.671231
[hold in-reg] wbs_adr_i[4] -> mprj/_135949_/D : -0.670735
[hold in-reg] wbs_adr_i[4] -> mprj/_136547_/D : -0.669970
[hold in-reg] wbs_adr_i[4] -> mprj/_135785_/D : -0.669517
[hold in-reg] wbs_adr_i[4] -> mprj/_136426_/D : -0.669452
[hold in-reg] wbs_adr_i[4] -> mprj/_136644_/D : -0.669376
[hold in-reg] wbs_adr_i[4] -> mprj/_136783_/D : -0.669177
[hold in-reg] wbs_adr_i[4] -> mprj/_136888_/D : -0.669115
[hold in-reg] wbs_adr_i[4] -> mprj/_136421_/D : -0.668717
[hold in-reg] wbs_adr_i[4] -> mprj/_136880_/D : -0.668254
[hold in-reg] wbs_dat_i[1] -> mprj/_137188_/D : -0.666246
[hold in-reg] wbs_adr_i[4] -> mprj/_136470_/D : -0.665996
[hold in-reg] wbs_dat_i[7] -> mprj/_136804_/D : -0.665972
[hold in-reg] wbs_adr_i[4] -> mprj/_135943_/D : -0.665681
[hold in-reg] wbs_adr_i[4] -> mprj/_136214_/D : -0.665261
[hold in-reg] wbs_dat_i[1] -> mprj/_136772_/D : -0.664175
[hold in-reg] wbs_adr_i[4] -> mprj/_136901_/D : -0.664070
[hold in-reg] wbs_adr_i[4] -> mprj/_136641_/D : -0.663246
[hold in-reg] wbs_adr_i[4] -> mprj/_136446_/D : -0.662786
[hold in-reg] wbs_adr_i[4] -> mprj/_136743_/D : -0.662541
[hold in-reg] wbs_adr_i[4] -> mprj/_136618_/D : -0.662491
[hold in-reg] wbs_adr_i[4] -> mprj/_137071_/D : -0.661483
[hold in-reg] wbs_adr_i[4] -> mprj/_137114_/D : -0.661467
[hold in-reg] wbs_adr_i[4] -> mprj/_137052_/D : -0.661283
[hold in-reg] wbs_adr_i[4] -> mprj/_137113_/D : -0.661244
[hold in-reg] wbs_adr_i[4] -> mprj/_136584_/D : -0.660918
[hold in-reg] wbs_adr_i[4] -> mprj/_136223_/D : -0.659846
[hold in-reg] wbs_adr_i[4] -> mprj/_135858_/D : -0.659512
[hold in-reg] wbs_adr_i[4] -> mprj/_136839_/D : -0.659453
[hold in-reg] wbs_adr_i[4] -> mprj/_137285_/D : -0.658846
[hold in-reg] wbs_adr_i[4] -> mprj/_136392_/D : -0.658791
[hold in-reg] wbs_adr_i[4] -> mprj/_136862_/D : -0.658539
[hold in-reg] wbs_adr_i[4] -> mprj/_136559_/D : -0.658464
[hold in-reg] wbs_adr_i[4] -> mprj/_136557_/D : -0.658329
[hold in-reg] wbs_adr_i[4] -> mprj/_136958_/D : -0.657913
[hold in-reg] wbs_adr_i[4] -> mprj/_135932_/D : -0.657368
[hold in-reg] wbs_adr_i[4] -> mprj/_136765_/D : -0.657241
[hold in-reg] wbs_adr_i[4] -> mprj/_136819_/D : -0.655537
[hold in-reg] wbs_adr_i[4] -> mprj/_136886_/D : -0.654761
[hold in-reg] wbs_adr_i[4] -> mprj/_136894_/D : -0.654676
[hold in-reg] wbs_adr_i[4] -> mprj/_136889_/D : -0.653462
[hold in-reg] wbs_adr_i[4] -> mprj/_136951_/D : -0.653380
[hold in-reg] wbs_adr_i[4] -> mprj/_136868_/D : -0.652695
[hold in-reg] wbs_adr_i[4] -> mprj/_136822_/D : -0.652632
[hold in-reg] wbs_adr_i[4] -> mprj/_137152_/D : -0.652168
[hold in-reg] wbs_adr_i[4] -> mprj/_135945_/D : -0.652157
[hold in-reg] wbs_adr_i[4] -> mprj/_136271_/D : -0.651393
[hold in-reg] wbs_adr_i[4] -> mprj/_136846_/D : -0.651072
[hold in-reg] wbs_adr_i[4] -> mprj/_136993_/D : -0.649806
[hold in-reg] wbs_adr_i[4] -> mprj/_137171_/D : -0.648501
[hold in-reg] wbs_adr_i[4] -> mprj/_136431_/D : -0.647306
[hold in-reg] wbs_adr_i[4] -> mprj/_136082_/D : -0.646605
[hold in-reg] wbs_adr_i[4] -> mprj/_136927_/D : -0.646533
[hold in-reg] wbs_adr_i[4] -> mprj/_136110_/D : -0.646474
[hold in-reg] wbs_adr_i[4] -> mprj/_137024_/D : -0.646412
[hold in-reg] wbs_adr_i[4] -> mprj/_136775_/D : -0.643785
[hold in-reg] wbs_adr_i[4] -> mprj/_136593_/D : -0.643455
[hold in-reg] wbs_adr_i[2] -> mprj/_137187_/D : -0.643420
[hold in-reg] wbs_adr_i[4] -> mprj/_136779_/D : -0.643379
[hold in-reg] wbs_adr_i[4] -> mprj/_136588_/D : -0.641821
[hold in-reg] wbs_adr_i[4] -> mprj/_136757_/D : -0.641071
[hold in-reg] wbs_adr_i[5] -> mprj/_135990_/D : -0.640856
[hold in-reg] wbs_adr_i[4] -> mprj/_136429_/D : -0.640420
[hold in-reg] wbs_adr_i[4] -> mprj/_135862_/D : -0.640225
[hold in-reg] wbs_adr_i[4] -> mprj/_136286_/D : -0.639544
[hold in-reg] wbs_adr_i[4] -> mprj/_137233_/D : -0.638704
[hold in-reg] wbs_adr_i[3] -> mprj/_136852_/D : -0.638159
[hold in-reg] wbs_adr_i[4] -> mprj/_136333_/D : -0.637945
[hold in-reg] wbs_adr_i[4] -> mprj/_137001_/D : -0.637080
[hold in-reg] wbs_dat_i[24] -> mprj/_135951_/D : -0.636866
[hold in-reg] wbs_adr_i[4] -> mprj/_135944_/D : -0.636821
[hold in-reg] wbs_adr_i[4] -> mprj/_136047_/D : -0.636629
[hold in-reg] wbs_adr_i[4] -> mprj/_137026_/D : -0.636610
[hold in-reg] wbs_dat_i[23] -> mprj/_136096_/D : -0.636596
[hold in-reg] wbs_adr_i[4] -> mprj/_135982_/D : -0.636391
[hold in-reg] wbs_adr_i[4] -> mprj/_136240_/D : -0.636370
[hold in-reg] wbs_adr_i[4] -> mprj/_136910_/D : -0.635698
[hold in-reg] wbs_adr_i[4] -> mprj/_136932_/D : -0.635187
[hold in-reg] wbs_adr_i[4] -> mprj/_136919_/D : -0.635144
[hold in-reg] wbs_adr_i[4] -> mprj/_137059_/D : -0.634597
[hold in-reg] wbs_adr_i[4] -> mprj/_136072_/D : -0.634580
[hold in-reg] wbs_adr_i[4] -> mprj/_137164_/D : -0.634313
[hold in-reg] wbs_adr_i[4] -> mprj/_136845_/D : -0.633785
[hold in-reg] wbs_adr_i[4] -> mprj/_136194_/D : -0.633563
[hold in-reg] wbs_dat_i[4] -> mprj/_136741_/D : -0.633405
[hold in-reg] wbs_adr_i[4] -> mprj/_137165_/D : -0.633335
[hold in-reg] wbs_adr_i[4] -> mprj/_135848_/D : -0.632971
[hold in-reg] wbs_adr_i[4] -> mprj/_136495_/D : -0.632860
[hold in-reg] wbs_adr_i[4] -> mprj/_137132_/D : -0.631761
[hold in-reg] wbs_adr_i[4] -> mprj/_136672_/D : -0.631585
[hold in-reg] wbs_adr_i[4] -> mprj/_137309_/D : -0.631049
[hold in-reg] wbs_adr_i[4] -> mprj/_135918_/D : -0.630664
[hold in-reg] wbs_adr_i[4] -> mprj/_136887_/D : -0.630450
[hold in-reg] wbs_adr_i[4] -> mprj/_136735_/D : -0.630404
[hold in-reg] wbs_adr_i[4] -> mprj/_137117_/D : -0.629112
[hold in-reg] wbs_adr_i[4] -> mprj/_137183_/D : -0.628420
[hold in-reg] wbs_adr_i[4] -> mprj/_136207_/D : -0.628403
[hold in-reg] wbs_adr_i[4] -> mprj/_136122_/D : -0.627774
[hold in-reg] wbs_adr_i[4] -> mprj/_137174_/D : -0.627392
[hold in-reg] wbs_adr_i[4] -> mprj/_137023_/D : -0.627048
[hold in-reg] wbs_dat_i[24] -> mprj/_135923_/D : -0.626868
[hold in-reg] wbs_adr_i[4] -> mprj/_137014_/D : -0.626474
[hold in-reg] wbs_adr_i[4] -> mprj/_137270_/D : -0.625926
[hold in-reg] wbs_dat_i[23] -> mprj/_137266_/D : -0.625577
[hold in-reg] wbs_adr_i[4] -> mprj/_136931_/D : -0.625180
[hold in-reg] wbs_adr_i[4] -> mprj/_137068_/D : -0.623962
[hold in-reg] wbs_adr_i[4] -> mprj/_137154_/D : -0.623436
[hold in-reg] wbs_adr_i[4] -> mprj/_135836_/D : -0.623402
[hold in-reg] wbs_adr_i[4] -> mprj/_135983_/D : -0.623332
[hold in-reg] wbs_adr_i[4] -> mprj/_136353_/D : -0.622954
[hold in-reg] wbs_adr_i[4] -> mprj/_136209_/D : -0.621109
[hold in-reg] wbs_adr_i[4] -> mprj/_137105_/D : -0.620323
[hold in-reg] wbs_adr_i[4] -> mprj/_136374_/D : -0.619766
[hold in-reg] wbs_adr_i[4] -> mprj/_135962_/D : -0.619162
[hold in-reg] wbs_adr_i[4] -> mprj/_135989_/D : -0.619105
[hold in-reg] wbs_adr_i[4] -> mprj/_136424_/D : -0.618748
[hold in-reg] wbs_adr_i[4] -> mprj/_136714_/D : -0.618519
[hold in-reg] wbs_adr_i[4] -> mprj/_136268_/D : -0.618278
[hold in-reg] wbs_adr_i[4] -> mprj/_136635_/D : -0.617909
[hold in-reg] wbs_adr_i[4] -> mprj/_136142_/D : -0.617560
[hold in-reg] wbs_adr_i[4] -> mprj/_137269_/D : -0.617482
[hold in-reg] wbs_dat_i[22] -> mprj/_136549_/D : -0.617419
[hold in-reg] wbs_adr_i[4] -> mprj/_137006_/D : -0.616280
[hold in-reg] wbs_adr_i[4] -> mprj/_135927_/D : -0.616106
[hold in-reg] wbs_adr_i[4] -> mprj/_136020_/D : -0.615754
[hold in-reg] wbs_adr_i[4] -> mprj/_136817_/D : -0.615747
[hold in-reg] wbs_dat_i[23] -> mprj/_136218_/D : -0.615264
[hold in-reg] wbs_adr_i[4] -> mprj/_135842_/D : -0.615190
[hold in-reg] wbs_adr_i[4] -> mprj/_136176_/D : -0.614664
[hold in-reg] wbs_adr_i[4] -> mprj/_136540_/D : -0.614524
[hold in-reg] wbs_adr_i[4] -> mprj/_136187_/D : -0.614191
[hold in-reg] wbs_adr_i[4] -> mprj/_136468_/D : -0.613985
[hold in-reg] wbs_adr_i[4] -> mprj/_135856_/D : -0.613411
[hold in-reg] wbs_adr_i[4] -> mprj/_135953_/D : -0.613193
[hold in-reg] wbs_adr_i[4] -> mprj/_136340_/D : -0.612317
[hold in-reg] wbs_adr_i[4] -> mprj/_137046_/D : -0.611906
[hold in-reg] wbs_adr_i[7] -> mprj/_136249_/D : -0.611897
[hold in-reg] wbs_adr_i[4] -> mprj/_136348_/D : -0.611038
[hold in-reg] wbs_adr_i[4] -> mprj/_135875_/D : -0.610466
[hold in-reg] wbs_adr_i[4] -> mprj/_136454_/D : -0.610184
[hold in-reg] wbs_adr_i[4] -> mprj/_135821_/D : -0.609972
[hold in-reg] wbs_adr_i[4] -> mprj/_135917_/D : -0.609933
[hold in-reg] wbs_adr_i[4] -> mprj/_135889_/D : -0.608638
[hold in-reg] wbs_adr_i[4] -> mprj/_136638_/D : -0.608359
[hold in-reg] wbs_adr_i[3] -> mprj/_136485_/D : -0.608261
[hold in-reg] wbs_adr_i[4] -> mprj/_137212_/D : -0.608257
[hold in-reg] wbs_adr_i[4] -> mprj/_136439_/D : -0.608194
[hold in-reg] wbs_adr_i[4] -> mprj/_136397_/D : -0.607675
[hold in-reg] wbs_adr_i[4] -> mprj/_135984_/D : -0.607647
[hold in-reg] wbs_adr_i[4] -> mprj/_136575_/D : -0.606870
[hold in-reg] wbs_adr_i[4] -> mprj/_136752_/D : -0.606400
[hold in-reg] wbs_adr_i[4] -> mprj/_136758_/D : -0.606328
[hold in-reg] wbs_adr_i[4] -> mprj/_136310_/D : -0.605986
[hold in-reg] wbs_adr_i[4] -> mprj/_135882_/D : -0.605413
[hold in-reg] wbs_adr_i[4] -> mprj/_136012_/D : -0.605067
[hold in-reg] wbs_adr_i[4] -> mprj/_135885_/D : -0.604739
[hold in-reg] wbs_adr_i[4] -> mprj/_137184_/D : -0.603983
[hold in-reg] wbs_adr_i[4] -> mprj/_136457_/D : -0.603786
[hold in-reg] wbs_adr_i[4] -> mprj/_135912_/D : -0.602358
[hold in-reg] wbs_adr_i[4] -> mprj/_136284_/D : -0.601217
[hold in-reg] wbs_adr_i[3] -> mprj/_136933_/D : -0.601064
[hold in-reg] wbs_adr_i[4] -> mprj/_135820_/D : -0.601048
[hold in-reg] wbs_adr_i[4] -> mprj/_137182_/D : -0.600167
[hold in-reg] wbs_adr_i[4] -> mprj/_136702_/D : -0.599194
[hold in-reg] wbs_adr_i[4] -> mprj/_135969_/D : -0.599155
[hold in-reg] wbs_adr_i[4] -> mprj/_136896_/D : -0.597933
[hold in-reg] wbs_dat_i[24] -> mprj/_136435_/D : -0.597878
[hold in-reg] wbs_adr_i[4] -> mprj/_137191_/D : -0.597757
[hold in-reg] wbs_adr_i[4] -> mprj/_137200_/D : -0.597192
[hold in-reg] wbs_adr_i[4] -> mprj/_136969_/D : -0.597022
[hold in-reg] wbs_adr_i[4] -> mprj/_136689_/D : -0.596418
[hold in-reg] wbs_adr_i[4] -> mprj/_136884_/D : -0.596016
[hold in-reg] wbs_adr_i[4] -> mprj/_136220_/D : -0.596004
[hold in-reg] wbs_adr_i[4] -> mprj/_136145_/D : -0.594759
[hold in-reg] wbs_adr_i[4] -> mprj/_136430_/D : -0.594715
[hold in-reg] wbs_adr_i[4] -> mprj/_136325_/D : -0.594499
[hold in-reg] wbs_adr_i[4] -> mprj/_136384_/D : -0.592717
[hold in-reg] wbs_adr_i[4] -> mprj/_137116_/D : -0.592299
[hold in-reg] wbs_adr_i[4] -> mprj/_136780_/D : -0.591799
[hold in-reg] wbs_adr_i[4] -> mprj/_136141_/D : -0.591299
[hold in-reg] wbs_adr_i[4] -> mprj/_136478_/D : -0.590685
[hold in-reg] wbs_adr_i[4] -> mprj/_136256_/D : -0.590585
[hold in-reg] wbs_adr_i[4] -> mprj/_137150_/D : -0.590520
[hold in-reg] wbs_adr_i[4] -> mprj/_136620_/D : -0.590415
[hold in-reg] wbs_adr_i[4] -> mprj/_135979_/D : -0.590151
[hold in-reg] wbs_adr_i[4] -> mprj/_136634_/D : -0.589149
[hold in-reg] wbs_adr_i[4] -> mprj/_136002_/D : -0.588832
[hold in-reg] wbs_adr_i[4] -> mprj/_136688_/D : -0.588135
[hold in-reg] wbs_adr_i[4] -> mprj/_136014_/D : -0.586746
[hold in-reg] wbs_adr_i[4] -> mprj/_136304_/D : -0.586216
[hold in-reg] wbs_adr_i[4] -> mprj/_137292_/D : -0.584147
[hold in-reg] wbs_adr_i[7] -> mprj/_136755_/D : -0.584097
[hold in-reg] wbs_adr_i[4] -> mprj/_136594_/D : -0.583516
[hold in-reg] wbs_adr_i[4] -> mprj/_136699_/D : -0.582612
[hold in-reg] wbs_adr_i[4] -> mprj/_136148_/D : -0.582515
[hold in-reg] wbs_adr_i[4] -> mprj/_136158_/D : -0.581618
[hold in-reg] wbs_adr_i[4] -> mprj/_136006_/D : -0.581593
[hold in-reg] wbs_adr_i[4] -> mprj/_136622_/D : -0.581585
[hold in-reg] wbs_adr_i[4] -> mprj/_136796_/D : -0.581428
[hold in-reg] wbs_adr_i[4] -> mprj/_136108_/D : -0.581387
[hold in-reg] wbs_adr_i[4] -> mprj/_136990_/D : -0.580846
[hold in-reg] wbs_dat_i[24] -> mprj/_135891_/D : -0.580235
[hold in-reg] wbs_adr_i[4] -> mprj/_136577_/D : -0.580224
[hold in-reg] wbs_adr_i[4] -> mprj/_137149_/D : -0.578531
[hold in-reg] wbs_adr_i[4] -> mprj/_137291_/D : -0.578109
[hold in-reg] wbs_dat_i[4] -> mprj/_137157_/D : -0.577833
[hold in-reg] wbs_adr_i[4] -> mprj/_136637_/D : -0.576562
[hold in-reg] wbs_adr_i[4] -> mprj/_136844_/D : -0.575604
[hold in-reg] wbs_adr_i[4] -> mprj/_137036_/D : -0.575299
[hold in-reg] wbs_adr_i[4] -> mprj/_136419_/D : -0.573953
[hold in-reg] wbs_adr_i[4] -> mprj/_136048_/D : -0.573083
[hold in-reg] wbs_adr_i[4] -> mprj/_136054_/D : -0.572849
[hold in-reg] wbs_adr_i[4] -> mprj/_137096_/D : -0.572622
[hold in-reg] wbs_adr_i[4] -> mprj/_136095_/D : -0.571175
[hold in-reg] wbs_adr_i[4] -> mprj/_136801_/D : -0.569638
[hold in-reg] wbs_adr_i[4] -> mprj/_136309_/D : -0.568668
[hold in-reg] wbs_adr_i[4] -> mprj/_135967_/D : -0.567820
[hold in-reg] wbs_adr_i[4] -> mprj/_136904_/D : -0.567256
[hold in-reg] wbs_adr_i[4] -> mprj/_136118_/D : -0.567035
[hold in-reg] wbs_dat_i[24] -> mprj/_136463_/D : -0.566121
[hold in-reg] wbs_adr_i[4] -> mprj/_135788_/D : -0.565940
[hold in-reg] wbs_adr_i[4] -> mprj/_136647_/D : -0.565833
[hold in-reg] wbs_adr_i[7] -> mprj/_137145_/D : -0.565466
[hold in-reg] wbs_adr_i[4] -> mprj/_137101_/D : -0.564954
[hold in-reg] wbs_adr_i[4] -> mprj/_136041_/D : -0.564834
[hold in-reg] wbs_adr_i[4] -> mprj/_137237_/D : -0.564446
[hold in-reg] wbs_adr_i[4] -> mprj/_136534_/D : -0.564132
[hold in-reg] wbs_adr_i[4] -> mprj/_136925_/D : -0.563709
[hold in-reg] wbs_adr_i[4] -> mprj/_136831_/D : -0.563672
[hold in-reg] wbs_adr_i[4] -> mprj/_135870_/D : -0.563175
[hold in-reg] wbs_adr_i[4] -> mprj/_136683_/D : -0.562939
[hold in-reg] wbs_adr_i[4] -> mprj/_137264_/D : -0.562595
[hold in-reg] wbs_adr_i[4] -> mprj/_137016_/D : -0.562419
[hold in-reg] wbs_adr_i[4] -> mprj/_135823_/D : -0.562307
[hold in-reg] wbs_adr_i[4] -> mprj/_135824_/D : -0.561902
[hold in-reg] wbs_adr_i[4] -> mprj/_136809_/D : -0.561860
[hold in-reg] wbs_adr_i[4] -> mprj/_136007_/D : -0.561757
[hold in-reg] wbs_adr_i[7] -> mprj/_135795_/D : -0.561377
[hold in-reg] wbs_adr_i[4] -> mprj/_135852_/D : -0.561172
[hold in-reg] wbs_adr_i[4] -> mprj/_137018_/D : -0.561170
[hold in-reg] wbs_adr_i[4] -> mprj/_135843_/D : -0.560764
[hold in-reg] wbs_adr_i[4] -> mprj/_135876_/D : -0.560609
[hold in-reg] wbs_adr_i[4] -> mprj/_136053_/D : -0.560316
[hold in-reg] wbs_adr_i[4] -> mprj/_136526_/D : -0.559399
[hold in-reg] wbs_adr_i[4] -> mprj/_136748_/D : -0.558901
[hold in-reg] wbs_adr_i[4] -> mprj/_136676_/D : -0.558844
[hold in-reg] wbs_adr_i[4] -> mprj/_136387_/D : -0.558757
[hold in-reg] wbs_adr_i[4] -> mprj/_136382_/D : -0.557333
[hold in-reg] wbs_adr_i[4] -> mprj/_135941_/D : -0.557101
[hold in-reg] wbs_adr_i[4] -> mprj/_136221_/D : -0.556606
[hold in-reg] wbs_adr_i[4] -> mprj/_136172_/D : -0.556163
[hold in-reg] wbs_adr_i[4] -> mprj/_136797_/D : -0.555943
[hold in-reg] wbs_adr_i[4] -> mprj/_136065_/D : -0.555825
[hold in-reg] wbs_adr_i[4] -> mprj/_135905_/D : -0.555731
[hold in-reg] wbs_adr_i[4] -> mprj/_137030_/D : -0.555724
[hold in-reg] wbs_adr_i[4] -> mprj/_137106_/D : -0.554180
[hold in-reg] wbs_adr_i[4] -> mprj/_136560_/D : -0.553823
[hold in-reg] wbs_adr_i[4] -> mprj/_136675_/D : -0.553706
[hold in-reg] wbs_adr_i[4] -> mprj/_136823_/D : -0.552902
[hold in-reg] wbs_adr_i[4] -> mprj/_136909_/D : -0.552038
[hold in-reg] wbs_adr_i[4] -> mprj/_136236_/D : -0.549520
[hold in-reg] wbs_adr_i[4] -> mprj/_136146_/D : -0.549014
[hold in-reg] wbs_adr_i[4] -> mprj/_136476_/D : -0.548154
[hold in-reg] wbs_dat_i[23] -> mprj/_135890_/D : -0.548037
[hold in-reg] wbs_adr_i[4] -> mprj/_136542_/D : -0.547677
[hold in-reg] wbs_adr_i[4] -> mprj/_137226_/D : -0.547068
[hold in-reg] wbs_dat_i[23] -> mprj/_136456_/D : -0.546872
[hold in-reg] wbs_adr_i[4] -> mprj/_135880_/D : -0.546402
[hold in-reg] wbs_adr_i[4] -> mprj/_136462_/D : -0.546318
[hold in-reg] wbs_adr_i[4] -> mprj/_136988_/D : -0.544474
[hold in-reg] wbs_adr_i[4] -> mprj/_136607_/D : -0.544074
[hold in-reg] wbs_adr_i[4] -> mprj/_136518_/D : -0.542573
[hold in-reg] wbs_adr_i[4] -> mprj/_135992_/D : -0.542414
[hold in-reg] wbs_adr_i[7] -> mprj/_137265_/D : -0.541815
[hold in-reg] wbs_dat_i[24] -> mprj/_136975_/D : -0.541247
[hold in-reg] wbs_adr_i[4] -> mprj/_136380_/D : -0.541233
[hold in-reg] wbs_adr_i[4] -> mprj/_137147_/D : -0.541046
[hold in-reg] wbs_dat_i[23] -> mprj/_136186_/D : -0.540622
[hold in-reg] wbs_dat_i[9] -> mprj/_135968_/D : -0.540024
[hold in-reg] wbs_adr_i[4] -> mprj/_136677_/D : -0.539806
[hold in-reg] wbs_adr_i[4] -> mprj/_135921_/D : -0.539565
[hold in-reg] wbs_adr_i[4] -> mprj/_135815_/D : -0.539021
[hold in-reg] wbs_adr_i[4] -> mprj/_136094_/D : -0.537926
[hold in-reg] wbs_adr_i[4] -> mprj/_136734_/D : -0.537689
[hold in-reg] wbs_adr_i[4] -> mprj/_136952_/D : -0.536919
[hold in-reg] wbs_adr_i[4] -> mprj/_136703_/D : -0.535849
[hold in-reg] wbs_adr_i[4] -> mprj/_136532_/D : -0.534628
[hold in-reg] wbs_dat_i[23] -> mprj/_136850_/D : -0.534611
[hold in-reg] wbs_adr_i[4] -> mprj/_135946_/D : -0.534529
[hold in-reg] wbs_adr_i[4] -> mprj/_136784_/D : -0.534407
[hold in-reg] wbs_adr_i[4] -> mprj/_136586_/D : -0.534290
[hold in-reg] wbs_adr_i[4] -> mprj/_136155_/D : -0.534038
[hold in-reg] wbs_adr_i[4] -> mprj/_136116_/D : -0.534012
[hold in-reg] wbs_adr_i[4] -> mprj/_136388_/D : -0.533731
[hold in-reg] wbs_adr_i[4] -> mprj/_136815_/D : -0.533496
[hold in-reg] wbs_adr_i[4] -> mprj/_135878_/D : -0.533215
[hold in-reg] wbs_adr_i[4] -> mprj/_136536_/D : -0.533198
[hold in-reg] wbs_adr_i[4] -> mprj/_136125_/D : -0.532931
[hold in-reg] wbs_adr_i[4] -> mprj/_136504_/D : -0.532077
[hold in-reg] wbs_adr_i[7] -> mprj/_136307_/D : -0.531246
[hold in-reg] wbs_adr_i[4] -> mprj/_136597_/D : -0.530818
[hold in-reg] wbs_adr_i[7] -> mprj/_136157_/D : -0.530616
[hold in-reg] wbs_adr_i[4] -> mprj/_136669_/D : -0.528718
[hold in-reg] wbs_adr_i[4] -> mprj/_137215_/D : -0.526437
[hold in-reg] wbs_adr_i[4] -> mprj/_137069_/D : -0.526213
[hold in-reg] wbs_adr_i[4] -> mprj/_136272_/D : -0.525805
[hold in-reg] wbs_adr_i[4] -> mprj/_135894_/D : -0.523748
[hold in-reg] wbs_dat_i[23] -> mprj/_135826_/D : -0.523470
[hold in-reg] wbs_adr_i[4] -> mprj/_136178_/D : -0.522316
[hold in-reg] wbs_adr_i[3] -> mprj/_136739_/D : -0.522043
[hold in-reg] wbs_adr_i[4] -> mprj/_137221_/D : -0.521918
[hold in-reg] wbs_dat_i[27] -> mprj/_135954_/D : -0.521414
[hold in-reg] wbs_adr_i[4] -> mprj/_137000_/D : -0.521070
[hold in-reg] wbs_adr_i[4] -> mprj/_136970_/D : -0.520759
[hold in-reg] wbs_adr_i[4] -> mprj/_136670_/D : -0.520705
[hold in-reg] wbs_dat_i[23] -> mprj/_136338_/D : -0.520640
[hold in-reg] wbs_adr_i[4] -> mprj/_136691_/D : -0.519446
[hold in-reg] wbs_dat_i[8] -> mprj/_138351_/D : -0.519060
[hold in-reg] wbs_adr_i[4] -> mprj/_135930_/D : -0.518998
[hold in-reg] wbs_adr_i[7] -> mprj/_137267_/D : -0.517328
[hold in-reg] wbs_adr_i[4] -> mprj/_136440_/D : -0.517178
[hold in-reg] wbs_adr_i[4] -> mprj/_136578_/D : -0.517105
[hold in-reg] wbs_adr_i[4] -> mprj/_136658_/D : -0.516819
[hold in-reg] wbs_adr_i[4] -> mprj/_135837_/D : -0.515963
[hold in-reg] wbs_adr_i[4] -> mprj/_137061_/D : -0.514083
[hold in-reg] wbs_adr_i[4] -> mprj/_136706_/D : -0.513936
[hold in-reg] wbs_adr_i[4] -> mprj/_136628_/D : -0.512662
[hold in-reg] wbs_dat_i[23] -> mprj/_136968_/D : -0.512152
[hold in-reg] wbs_adr_i[4] -> mprj/_136713_/D : -0.511891
[hold in-reg] wbs_adr_i[4] -> mprj/_136900_/D : -0.511387
[hold in-reg] wbs_adr_i[4] -> mprj/_135960_/D : -0.511376
[hold in-reg] wbs_adr_i[7] -> mprj/_136279_/D : -0.510235
[hold in-reg] wbs_adr_i[4] -> mprj/_136646_/D : -0.510069
[hold in-reg] wbs_adr_i[4] -> mprj/_136994_/D : -0.509943
[hold in-reg] wbs_adr_i[4] -> mprj/_136829_/D : -0.509474
[hold in-reg] wbs_adr_i[4] -> mprj/_136974_/D : -0.507900
[hold in-reg] wbs_adr_i[4] -> mprj/_136920_/D : -0.507574
[hold in-reg] wbs_adr_i[4] -> mprj/_136170_/D : -0.507018
[hold in-reg] wbs_dat_i[27] -> mprj/_136914_/D : -0.506728
[hold in-reg] wbs_adr_i[7] -> mprj/_136556_/D : -0.505899
[hold in-reg] wbs_dat_i[27] -> mprj/_136402_/D : -0.505137
[hold in-reg] wbs_adr_i[4] -> mprj/_136854_/D : -0.505080
[hold in-reg] wbs_adr_i[4] -> mprj/_137194_/D : -0.504890
[hold in-reg] wbs_adr_i[4] -> mprj/_137255_/D : -0.504874
[hold in-reg] wbs_adr_i[4] -> mprj/_136605_/D : -0.504389
[hold in-reg] wbs_dat_i[9] -> mprj/_136928_/D : -0.503358
[hold in-reg] wbs_adr_i[4] -> mprj/_136327_/D : -0.503093
[hold in-reg] wbs_dat_i[23] -> mprj/_136698_/D : -0.503079
[hold in-reg] wbs_adr_i[4] -> mprj/_137044_/D : -0.502915
[hold in-reg] wbs_adr_i[4] -> mprj/_136276_/D : -0.502043
[hold in-reg] wbs_adr_i[4] -> mprj/_135915_/D : -0.502019
[hold in-reg] wbs_adr_i[4] -> mprj/_136465_/D : -0.500915
[hold in-reg] wbs_dat_i[1] -> mprj/_136708_/D : -0.500334
[hold in-reg] wbs_adr_i[4] -> mprj/_136654_/D : -0.499356
[hold in-reg] wbs_adr_i[4] -> mprj/_136502_/D : -0.499272
[hold in-reg] wbs_adr_i[4] -> mprj/_136514_/D : -0.498698
[hold in-reg] wbs_adr_i[7] -> mprj/_137235_/D : -0.498607
[hold in-reg] wbs_adr_i[4] -> mprj/_136222_/D : -0.498586
[hold in-reg] wbs_adr_i[4] -> mprj/_136396_/D : -0.498544
[hold in-reg] wbs_adr_i[4] -> mprj/_135855_/D : -0.498312
[hold in-reg] wbs_adr_i[4] -> mprj/_136908_/D : -0.497536
[hold in-reg] wbs_adr_i[4] -> mprj/_135976_/D : -0.494907
[hold in-reg] wbs_adr_i[4] -> mprj/_136234_/D : -0.494615
[hold in-reg] wbs_adr_i[4] -> mprj/_136472_/D : -0.493944
[hold in-reg] wbs_adr_i[4] -> mprj/_136506_/D : -0.493765
[hold in-reg] wbs_adr_i[4] -> mprj/_136580_/D : -0.493461
[hold in-reg] wbs_adr_i[4] -> mprj/_136778_/D : -0.493282
[hold in-reg] wbs_adr_i[4] -> mprj/_137078_/D : -0.492761
[hold in-reg] wbs_adr_i[4] -> mprj/_136843_/D : -0.491884
[hold in-reg] wbs_adr_i[4] -> mprj/_137077_/D : -0.491517
[hold in-reg] wbs_adr_i[4] -> mprj/_135868_/D : -0.490957
[hold in-reg] wbs_dat_i[23] -> mprj/_136280_/D : -0.489834
[hold in-reg] wbs_adr_i[4] -> mprj/_137092_/D : -0.489790
[hold in-reg] wbs_dat_i[7] -> mprj/_135844_/D : -0.489738
[hold in-reg] wbs_adr_i[4] -> mprj/_136407_/D : -0.489432
[hold in-reg] wbs_adr_i[4] -> mprj/_136657_/D : -0.489304
[hold in-reg] wbs_dat_i[23] -> mprj/_136306_/D : -0.489241
[hold in-reg] wbs_adr_i[4] -> mprj/_136520_/D : -0.488602
[hold in-reg] wbs_adr_i[4] -> mprj/_136621_/D : -0.488493
[hold in-reg] wbs_adr_i[4] -> mprj/_136442_/D : -0.488229
[hold in-reg] wbs_adr_i[4] -> mprj/_135806_/D : -0.487844
[hold in-reg] wbs_adr_i[4] -> mprj/_136458_/D : -0.486710
[hold in-reg] wbs_adr_i[4] -> mprj/_137286_/D : -0.486391
[hold in-reg] wbs_adr_i[4] -> mprj/_136149_/D : -0.486272
[hold in-reg] wbs_adr_i[4] -> mprj/_137103_/D : -0.484925
[hold in-reg] wbs_adr_i[4] -> mprj/_136682_/D : -0.484663
[hold in-reg] wbs_adr_i[4] -> mprj/_136576_/D : -0.484567
[hold in-reg] wbs_adr_i[4] -> mprj/_136733_/D : -0.483764
[hold in-reg] wbs_dat_i[23] -> mprj/_137146_/D : -0.482684
[hold in-reg] wbs_adr_i[4] -> mprj/_136083_/D : -0.481626
[hold in-reg] wbs_adr_i[4] -> mprj/_136132_/D : -0.480878
[hold in-reg] wbs_adr_i[4] -> mprj/_136433_/D : -0.480686
[hold in-reg] wbs_adr_i[4] -> mprj/_136109_/D : -0.479874
[hold in-reg] wbs_adr_i[4] -> mprj/_137119_/D : -0.479079
[hold in-reg] wbs_adr_i[4] -> mprj/_137246_/D : -0.478638
[hold in-reg] wbs_dat_i[23] -> mprj/_136066_/D : -0.478444
[hold in-reg] wbs_adr_i[4] -> mprj/_137258_/D : -0.477085
[hold in-reg] wbs_dat_i[23] -> mprj/_136250_/D : -0.476181
[hold in-reg] wbs_adr_i[3] -> mprj/_136589_/D : -0.475818
[hold in-reg] wbs_adr_i[4] -> mprj/_136084_/D : -0.475359
[hold in-reg] wbs_adr_i[7] -> mprj/_136544_/D : -0.475030
[hold in-reg] wbs_adr_i[4] -> mprj/_136553_/D : -0.474406
[hold in-reg] wbs_adr_i[4] -> mprj/_137074_/D : -0.473564
[hold in-reg] wbs_dat_i[23] -> mprj/_137298_/D : -0.469878
[hold in-reg] wbs_adr_i[4] -> mprj/_137245_/D : -0.468776
[hold in-reg] wbs_adr_i[4] -> mprj/_136352_/D : -0.468342
[hold in-reg] wbs_adr_i[5] -> mprj/_136950_/D : -0.467344
[hold in-reg] wbs_adr_i[4] -> mprj/_137166_/D : -0.467168
[hold in-reg] wbs_adr_i[4] -> mprj/_136568_/D : -0.466652
[hold in-reg] wbs_adr_i[4] -> mprj/_136308_/D : -0.466382
[hold in-reg] wbs_adr_i[4] -> mprj/_136068_/D : -0.466331
[hold in-reg] wbs_adr_i[4] -> mprj/_135872_/D : -0.466242
[hold in-reg] wbs_adr_i[4] -> mprj/_137004_/D : -0.465364
[hold in-reg] wbs_dat_i[2] -> mprj/_136291_/D : -0.463901
[hold in-reg] wbs_adr_i[4] -> mprj/_136269_/D : -0.462337
[hold in-reg] wbs_adr_i[4] -> mprj/_136890_/D : -0.462300
[hold in-reg] wbs_adr_i[4] -> mprj/_137224_/D : -0.462300
[hold in-reg] wbs_dat_i[23] -> mprj/_137090_/D : -0.461857
[hold in-reg] wbs_adr_i[7] -> mprj/_135859_/D : -0.460614
[hold in-reg] wbs_adr_i[4] -> mprj/_136626_/D : -0.459991
[hold in-reg] wbs_adr_i[7] -> mprj/_136185_/D : -0.459542
[hold in-reg] wbs_adr_i[3] -> mprj/_135907_/D : -0.457772
[hold in-reg] wbs_adr_i[4] -> mprj/_136018_/D : -0.457383
[hold in-reg] wbs_adr_i[4] -> mprj/_136639_/D : -0.457348
[hold in-reg] wbs_adr_i[4] -> mprj/_135827_/D : -0.457339
[hold in-reg] wbs_dat_i[27] -> mprj/_136466_/D : -0.457220
[hold in-reg] wbs_adr_i[4] -> mprj/_136596_/D : -0.457063
[hold in-reg] wbs_dat_i[0] -> mprj/_136707_/D : -0.454508
[hold in-reg] wbs_dat_i[23] -> mprj/_136818_/D : -0.454352
[hold in-reg] wbs_adr_i[4] -> mprj/_136785_/D : -0.453846
[hold in-reg] wbs_adr_i[4] -> mprj/_136482_/D : -0.453708
[hold in-reg] wbs_adr_i[4] -> mprj/_136114_/D : -0.453353
[hold in-reg] wbs_adr_i[4] -> mprj/_136417_/D : -0.452036
[hold in-reg] wbs_dat_i[23] -> mprj/_136130_/D : -0.450491
[hold in-reg] wbs_dat_i[23] -> mprj/_137210_/D : -0.449642
[hold in-reg] wbs_adr_i[4] -> mprj/_137276_/D : -0.448511
[hold in-reg] wbs_adr_i[4] -> mprj/_136954_/D : -0.447094
[hold in-reg] wbs_adr_i[4] -> mprj/_136453_/D : -0.446931
[hold in-reg] wbs_adr_i[4] -> mprj/_135809_/D : -0.446868
[hold in-reg] wbs_adr_i[4] -> mprj/_137138_/D : -0.446701
[hold in-reg] wbs_adr_i[4] -> mprj/_135909_/D : -0.445770
[hold in-reg] wbs_adr_i[4] -> mprj/_137277_/D : -0.444224
[hold in-reg] wbs_adr_i[4] -> mprj/_137173_/D : -0.444082
[hold in-reg] wbs_adr_i[4] -> mprj/_135980_/D : -0.443512
[hold in-reg] wbs_adr_i[4] -> mprj/_136224_/D : -0.441980
[hold in-reg] wbs_adr_i[4] -> mprj/_137167_/D : -0.441217
[hold in-reg] wbs_adr_i[4] -> mprj/_136206_/D : -0.441165
[hold in-reg] wbs_adr_i[4] -> mprj/_135879_/D : -0.439638
[hold in-reg] wbs_dat_i[24] -> mprj/_136403_/D : -0.439488
[hold in-reg] wbs_adr_i[4] -> mprj/_135840_/D : -0.437989
[hold in-reg] wbs_adr_i[4] -> mprj/_137192_/D : -0.437912
[hold in-reg] wbs_adr_i[4] -> mprj/_135818_/D : -0.437633
[hold in-reg] wbs_adr_i[4] -> mprj/_137107_/D : -0.437293
[hold in-reg] wbs_adr_i[4] -> mprj/_135898_/D : -0.436277
[hold in-reg] wbs_dat_i[24] -> mprj/_137271_/D : -0.435144
[hold in-reg] wbs_adr_i[4] -> mprj/_137065_/D : -0.434234
[hold in-reg] wbs_adr_i[7] -> mprj/_137209_/D : -0.433986
[hold in-reg] wbs_adr_i[3] -> mprj/_136604_/D : -0.433811
[hold in-reg] wbs_dat_i[5] -> mprj/_136742_/D : -0.433354
[hold in-reg] wbs_adr_i[4] -> mprj/_136044_/D : -0.432991
[hold in-reg] wbs_dat_i[23] -> mprj/_136098_/D : -0.431458
[hold in-reg] wbs_dat_i[23] -> mprj/_136786_/D : -0.430865
[hold in-reg] wbs_dat_i[23] -> mprj/_137176_/D : -0.429428
[hold in-reg] wbs_dat_i[23] -> mprj/_136008_/D : -0.429424
[hold in-reg] wbs_adr_i[3] -> mprj/_136598_/D : -0.427885
[hold in-reg] wbs_adr_i[4] -> mprj/_135838_/D : -0.425413
[hold in-reg] wbs_adr_i[4] -> mprj/_136427_/D : -0.424909
[hold in-reg] wbs_adr_i[4] -> mprj/_136230_/D : -0.423873
[hold in-reg] wbs_adr_i[7] -> mprj/_136697_/D : -0.422867
[hold in-reg] wbs_adr_i[4] -> mprj/_136319_/D : -0.421477
[hold in-reg] wbs_adr_i[4] -> mprj/_136074_/D : -0.420909
[hold in-reg] wbs_dat_i[2] -> mprj/_135779_/D : -0.420738
[hold in-reg] wbs_adr_i[3] -> mprj/_136488_/D : -0.420528
[hold in-reg] wbs_adr_i[4] -> mprj/_136010_/D : -0.420512
[hold in-reg] wbs_adr_i[4] -> mprj/_136746_/D : -0.418922
[hold in-reg] wbs_adr_i[4] -> mprj/_136930_/D : -0.417967
[hold in-reg] wbs_adr_i[4] -> mprj/_137108_/D : -0.417850
[hold in-reg] wbs_adr_i[4] -> mprj/_135857_/D : -0.417716
[hold in-reg] wbs_adr_i[4] -> mprj/_137293_/D : -0.417425
[hold in-reg] wbs_adr_i[4] -> mprj/_135863_/D : -0.417041
[hold in-reg] wbs_adr_i[4] -> mprj/_136143_/D : -0.415364
[hold in-reg] wbs_dat_i[23] -> mprj/_136040_/D : -0.411139
[hold in-reg] wbs_adr_i[4] -> mprj/_136336_/D : -0.409221
[hold in-reg] wbs_adr_i[4] -> mprj/_136788_/D : -0.407654
[hold in-reg] wbs_adr_i[4] -> mprj/_137300_/D : -0.406796
[hold in-reg] wbs_dat_i[23] -> mprj/_136216_/D : -0.406390
[hold in-reg] wbs_adr_i[4] -> mprj/_135948_/D : -0.405847
[hold in-reg] wbs_adr_i[4] -> mprj/_137048_/D : -0.405421
[hold in-reg] wbs_adr_i[4] -> mprj/_135902_/D : -0.405300
[hold in-reg] wbs_adr_i[4] -> mprj/_136410_/D : -0.404283
[hold in-reg] wbs_adr_i[4] -> mprj/_135920_/D : -0.404143
[hold in-reg] wbs_adr_i[4] -> mprj/_135970_/D : -0.402929
[hold in-reg] wbs_dat_i[23] -> mprj/_136760_/D : -0.400382
[hold in-reg] wbs_adr_i[4] -> mprj/_136058_/D : -0.399188
[hold in-reg] wbs_adr_i[4] -> mprj/_136849_/D : -0.398654
[hold in-reg] wbs_adr_i[7] -> mprj/_136127_/D : -0.398558
[hold in-reg] wbs_adr_i[7] -> mprj/_137175_/D : -0.398063
[hold in-reg] wbs_adr_i[4] -> mprj/_136378_/D : -0.397867
[hold in-reg] wbs_adr_i[4] -> mprj/_135994_/D : -0.396806
[hold in-reg] wbs_adr_i[4] -> mprj/_135786_/D : -0.396705
[hold in-reg] wbs_adr_i[4] -> mprj/_136718_/D : -0.396580
[hold in-reg] wbs_adr_i[4] -> mprj/_136024_/D : -0.395617
[hold in-reg] wbs_dat_i[23] -> mprj/_136546_/D : -0.395423
[hold in-reg] wbs_adr_i[4] -> mprj/_137225_/D : -0.394989
[hold in-reg] wbs_adr_i[4] -> mprj/_136892_/D : -0.394899
[hold in-reg] wbs_adr_i[4] -> mprj/_136732_/D : -0.394638
[hold in-reg] wbs_adr_i[4] -> mprj/_137207_/D : -0.394283
[hold in-reg] wbs_adr_i[4] -> mprj/_136820_/D : -0.393704
[hold in-reg] wbs_adr_i[4] -> mprj/_136704_/D : -0.392559
[hold in-reg] wbs_adr_i[4] -> mprj/_136192_/D : -0.392466
[hold in-reg] wbs_adr_i[4] -> mprj/_135919_/D : -0.391819
[hold in-reg] wbs_adr_i[4] -> mprj/_136210_/D : -0.391767
[hold in-reg] wbs_dat_i[23] -> mprj/_136248_/D : -0.390552
[hold in-reg] wbs_adr_i[4] -> mprj/_136088_/D : -0.388600
[hold in-reg] wbs_adr_i[4] -> mprj/_136816_/D : -0.388575
[hold in-reg] wbs_adr_i[4] -> mprj/_136337_/D : -0.388230
[hold in-reg] wbs_adr_i[4] -> mprj/_136903_/D : -0.386264
[hold in-reg] wbs_adr_i[4] -> mprj/_136298_/D : -0.385386
[hold in-reg] wbs_adr_i[4] -> mprj/_137256_/D : -0.384768
[hold in-reg] wbs_adr_i[3] -> mprj/_136496_/D : -0.384107
[hold in-reg] wbs_dat_i[23] -> mprj/_136610_/D : -0.383911
[hold in-reg] wbs_adr_i[4] -> mprj/_136364_/D : -0.383602
[hold in-reg] wbs_adr_i[7] -> mprj/_136339_/D : -0.382815
[hold in-reg] wbs_dat_i[24] -> mprj/_136915_/D : -0.381769
[hold in-reg] wbs_adr_i[4] -> mprj/_136460_/D : -0.380792
[hold in-reg] wbs_adr_i[4] -> mprj/_136685_/D : -0.380163
[hold in-reg] wbs_adr_i[4] -> mprj/_135888_/D : -0.379415
[hold in-reg] wbs_dat_i[23] -> mprj/_137240_/D : -0.379366
[hold in-reg] wbs_adr_i[4] -> mprj/_136208_/D : -0.377663
[hold in-reg] wbs_adr_i[3] -> mprj/_136609_/D : -0.376359
[hold in-reg] wbs_adr_i[3] -> mprj/_136490_/D : -0.374691
[hold in-reg] wbs_dat_i[23] -> mprj/_136728_/D : -0.370137
[hold in-reg] wbs_adr_i[4] -> mprj/_136237_/D : -0.369842
[hold in-reg] wbs_dat_i[23] -> mprj/_136036_/D : -0.369199
[hold in-reg] wbs_adr_i[7] -> mprj/_136365_/D : -0.368449
[hold in-reg] wbs_adr_i[4] -> mprj/_136665_/D : -0.367755
[hold in-reg] wbs_adr_i[3] -> mprj/_135956_/D : -0.367463
[hold in-reg] wbs_adr_i[4] -> mprj/_136744_/D : -0.365587
[hold in-reg] wbs_adr_i[4] -> mprj/_136848_/D : -0.364834
[hold in-reg] wbs_adr_i[4] -> mprj/_137244_/D : -0.362164
[hold in-reg] wbs_adr_i[4] -> mprj/_135940_/D : -0.361814
[hold in-reg] wbs_adr_i[4] -> mprj/_137234_/D : -0.361376
[hold in-reg] wbs_adr_i[4] -> mprj/_136285_/D : -0.360886
[hold in-reg] wbs_adr_i[4] -> mprj/_136906_/D : -0.359862
[hold in-reg] wbs_dat_i[27] -> mprj/_136434_/D : -0.359631
[hold in-reg] wbs_adr_i[4] -> mprj/_137297_/D : -0.359550
[hold in-reg] wbs_dat_i[23] -> mprj/_136936_/D : -0.359445
[hold in-reg] wbs_adr_i[3] -> mprj/_135972_/D : -0.358669
[hold in-reg] wbs_adr_i[4] -> mprj/_136016_/D : -0.358037
[hold in-reg] wbs_adr_i[4] -> mprj/_136945_/D : -0.357987
[hold in-reg] wbs_adr_i[4] -> mprj/_136640_/D : -0.357870
[hold in-reg] wbs_adr_i[4] -> mprj/_136922_/D : -0.357519
[hold in-reg] wbs_dat_i[23] -> mprj/_135800_/D : -0.356568
[hold in-reg] wbs_dat_i[28] -> mprj/_137125_/D : -0.356541
[hold in-reg] wbs_adr_i[4] -> mprj/_136939_/D : -0.355120
[hold in-reg] wbs_adr_i[4] -> mprj/_136264_/D : -0.353911
[hold in-reg] wbs_adr_i[4] -> mprj/_136656_/D : -0.353595
[hold in-reg] wbs_adr_i[3] -> mprj/_135971_/D : -0.353563
[hold in-reg] wbs_adr_i[4] -> mprj/_136668_/D : -0.352398
[hold in-reg] wbs_adr_i[4] -> mprj/_136086_/D : -0.351472
[hold in-reg] wbs_adr_i[4] -> mprj/_137216_/D : -0.351283
[hold in-reg] wbs_adr_i[4] -> mprj/_135819_/D : -0.350935
[hold in-reg] wbs_dat_i[23] -> mprj/_137120_/D : -0.350855
[hold in-reg] wbs_adr_i[4] -> mprj/_137311_/D : -0.349964
[hold in-reg] wbs_adr_i[4] -> mprj/_136113_/D : -0.349814
[hold in-reg] wbs_adr_i[4] -> mprj/_136814_/D : -0.348130
[hold in-reg] wbs_adr_i[4] -> mprj/_135825_/D : -0.348124
[hold in-reg] wbs_adr_i[4] -> mprj/_136720_/D : -0.348074
[hold in-reg] wbs_dat_i[27] -> mprj/_135922_/D : -0.347608
[hold in-reg] wbs_adr_i[4] -> mprj/_136368_/D : -0.346900
[hold in-reg] wbs_adr_i[4] -> mprj/_136144_/D : -0.346529
[hold in-reg] wbs_adr_i[4] -> mprj/_136247_/D : -0.345687
[hold in-reg] wbs_adr_i[4] -> mprj/_136716_/D : -0.345405
[hold in-reg] wbs_adr_i[4] -> mprj/_136664_/D : -0.344683
[hold in-reg] wbs_adr_i[4] -> mprj/_136964_/D : -0.343563
[hold in-reg] wbs_adr_i[4] -> mprj/_136152_/D : -0.343363
[hold in-reg] wbs_adr_i[4] -> mprj/_136667_/D : -0.343231
[hold in-reg] wbs_dat_i[23] -> mprj/_136370_/D : -0.342513
[hold in-reg] wbs_adr_i[4] -> mprj/_136998_/D : -0.340923
[hold in-reg] wbs_adr_i[4] -> mprj/_136776_/D : -0.338974
[hold in-reg] wbs_adr_i[4] -> mprj/_136328_/D : -0.337723
[hold in-reg] wbs_adr_i[4] -> mprj/_135901_/D : -0.336033
[hold in-reg] wbs_adr_i[4] -> mprj/_136408_/D : -0.331567
[hold in-reg] wbs_dat_i[4] -> mprj/_136261_/D : -0.331164
[hold in-reg] wbs_adr_i[4] -> mprj/_137168_/D : -0.330777
[hold in-reg] wbs_adr_i[4] -> mprj/_136736_/D : -0.328963
[hold in-reg] wbs_adr_i[4] -> mprj/_136934_/D : -0.328582
[hold in-reg] wbs_dat_i[27] -> mprj/_136946_/D : -0.326753
[hold in-reg] wbs_adr_i[4] -> mprj/_136940_/D : -0.326557
[hold in-reg] wbs_adr_i[4] -> mprj/_135816_/D : -0.326401
[hold in-reg] wbs_adr_i[4] -> mprj/_137179_/D : -0.326341
[hold in-reg] wbs_adr_i[4] -> mprj/_137137_/D : -0.325459
[hold in-reg] wbs_adr_i[4] -> mprj/_136092_/D : -0.323205
[hold in-reg] wbs_adr_i[7] -> mprj/_136129_/D : -0.321543
[hold in-reg] wbs_adr_i[4] -> mprj/_136400_/D : -0.319388
[hold in-reg] wbs_adr_i[7] -> mprj/_136369_/D : -0.318384
[hold in-reg] wbs_adr_i[7] -> mprj/_136009_/D : -0.318290
[hold in-reg] wbs_dat_i[0] -> mprj/_136771_/D : -0.315548
[hold in-reg] wbs_adr_i[4] -> mprj/_135916_/D : -0.315231
[hold in-reg] wbs_adr_i[4] -> mprj/_137232_/D : -0.314612
[hold in-reg] wbs_adr_i[4] -> mprj/_136695_/D : -0.314131
[hold in-reg] wbs_adr_i[4] -> mprj/_137062_/D : -0.306648
[hold in-reg] wbs_dat_i[23] -> mprj/_137208_/D : -0.305288
[hold in-reg] wbs_adr_i[4] -> mprj/_137133_/D : -0.305173
[hold in-reg] wbs_adr_i[4] -> mprj/_137087_/D : -0.303110
[hold in-reg] wbs_adr_i[4] -> mprj/_135936_/D : -0.302935
[hold in-reg] wbs_dat_i[0] -> mprj/_136259_/D : -0.302737
[hold in-reg] wbs_adr_i[4] -> mprj/_136204_/D : -0.301494
[hold in-reg] wbs_adr_i[4] -> mprj/_137104_/D : -0.301180
[hold in-reg] wbs_adr_i[4] -> mprj/_136759_/D : -0.301074
[hold in-reg] wbs_adr_i[4] -> mprj/_137288_/D : -0.300455
[hold in-reg] wbs_adr_i[4] -> mprj/_136320_/D : -0.300419
[hold in-reg] wbs_adr_i[4] -> mprj/_136258_/D : -0.299170
[hold in-reg] wbs_adr_i[4] -> mprj/_136078_/D : -0.298753
[hold in-reg] wbs_adr_i[4] -> mprj/_136350_/D : -0.296971
[hold in-reg] wbs_adr_i[4] -> mprj/_136912_/D : -0.295841
[hold in-reg] wbs_adr_i[4] -> mprj/_137134_/D : -0.295534
[hold in-reg] wbs_adr_i[7] -> mprj/_137089_/D : -0.294966
[hold in-reg] wbs_adr_i[0] -> mprj/_135769_/D : -0.294316
[hold in-reg] wbs_adr_i[4] -> mprj/_135814_/D : -0.288797
[hold in-reg] wbs_dat_i[23] -> mprj/_137060_/D : -0.287141
[hold in-reg] wbs_adr_i[4] -> mprj/_136322_/D : -0.286352
[hold in-reg] wbs_adr_i[4] -> mprj/_136428_/D : -0.285542
[hold in-reg] wbs_adr_i[4] -> mprj/_136832_/D : -0.285300
[hold in-reg] wbs_adr_i[4] -> mprj/_136196_/D : -0.284605
[hold in-reg] wbs_adr_i[4] -> mprj/_137228_/D : -0.282746
[hold in-reg] wbs_adr_i[4] -> mprj/_135807_/D : -0.282436
[hold in-reg] wbs_adr_i[4] -> mprj/_135799_/D : -0.281517
[hold in-reg] wbs_adr_i[4] -> mprj/_136770_/D : -0.280420
[hold in-reg] wbs_adr_i[4] -> mprj/_136838_/D : -0.276335
[hold in-reg] wbs_adr_i[4] -> mprj/_136326_/D : -0.275797
[hold in-reg] wbs_adr_i[4] -> mprj/_137181_/D : -0.274083
[hold in-reg] wbs_adr_i[4] -> mprj/_136238_/D : -0.273867
[hold in-reg] wbs_adr_i[4] -> mprj/_136701_/D : -0.272800
[hold in-reg] wbs_adr_i[4] -> mprj/_136590_/D : -0.271442
[hold in-reg] wbs_dat_i[23] -> mprj/_136730_/D : -0.271262
[hold in-reg] wbs_adr_i[7] -> mprj/_136787_/D : -0.264720
[hold in-reg] wbs_adr_i[4] -> mprj/_136381_/D : -0.263437
[hold in-reg] wbs_dat_i[23] -> mprj/_137088_/D : -0.262784
[hold in-reg] wbs_adr_i[4] -> mprj/_136686_/D : -0.260706
[hold in-reg] wbs_adr_i[4] -> mprj/_135810_/D : -0.260121
[hold in-reg] wbs_adr_i[7] -> mprj/_136275_/D : -0.258973
[hold in-reg] wbs_adr_i[7] -> mprj/_137299_/D : -0.258643
[hold in-reg] wbs_adr_i[4] -> mprj/_136173_/D : -0.257843
[hold in-reg] wbs_adr_i[4] -> mprj/_136097_/D : -0.253354
[hold in-reg] wbs_adr_i[4] -> mprj/_136077_/D : -0.253119
[hold in-reg] wbs_adr_i[7] -> mprj/_136548_/D : -0.252438
[hold in-reg] wbs_adr_i[4] -> mprj/_136217_/D : -0.251815
[hold in-reg] wbs_adr_i[4] -> mprj/_137189_/D : -0.243889
[hold in-reg] wbs_dat_i[23] -> mprj/_136156_/D : -0.243003
[hold in-reg] wbs_adr_i[4] -> mprj/_136432_/D : -0.242153
[hold in-reg] wbs_adr_i[4] -> mprj/_135808_/D : -0.236965
[hold in-reg] wbs_adr_i[4] -> mprj/_136188_/D : -0.230844
[hold in-reg] wbs_adr_i[4] -> mprj/_137190_/D : -0.230283
[hold in-reg] wbs_dat_i[1] -> mprj/_135776_/D : -0.229497
[hold in-reg] wbs_adr_i[4] -> mprj/_137197_/D : -0.226456
[hold in-reg] wbs_adr_i[4] -> mprj/_136700_/D : -0.225605
[hold in-reg] wbs_adr_i[2] -> mprj/_136719_/D : -0.224130
[hold in-reg] wbs_adr_i[4] -> mprj/_135952_/D : -0.223106
[hold in-reg] wbs_dat_i[4] -> mprj/_136769_/D : -0.220418
[hold in-reg] wbs_adr_i[4] -> mprj/_136448_/D : -0.220163
[hold in-reg] wbs_adr_i[4] -> mprj/_137102_/D : -0.216407
[hold in-reg] wbs_adr_i[4] -> mprj/_136464_/D : -0.214293
[hold in-reg] wbs_adr_i[4] -> mprj/_136729_/D : -0.208112
[hold in-reg] wbs_adr_i[4] -> mprj/_136335_/D : -0.207629
[hold in-reg] wbs_adr_i[4] -> mprj/_136056_/D : -0.207292
[hold in-reg] wbs_dat_i[23] -> mprj/_136696_/D : -0.207070
[hold in-reg] wbs_adr_i[4] -> mprj/_136030_/D : -0.200323
[hold in-reg] wbs_adr_i[4] -> mprj/_136128_/D : -0.200098
[hold in-reg] wbs_adr_i[4] -> mprj/_137126_/D : -0.199895
[hold in-reg] wbs_adr_i[4] -> mprj/_135877_/D : -0.199734
[hold in-reg] wbs_adr_i[4] -> mprj/_136032_/D : -0.194400
[hold in-reg] wbs_adr_i[4] -> mprj/_137054_/D : -0.193598
[hold in-reg] wbs_adr_i[4] -> mprj/_136944_/D : -0.193126
[hold in-reg] wbs_adr_i[4] -> mprj/_135813_/D : -0.192870
[hold in-reg] wbs_adr_i[4] -> mprj/_137156_/D : -0.191561
[hold in-reg] wbs_adr_i[4] -> mprj/_136367_/D : -0.186874
[hold in-reg] wbs_adr_i[4] -> mprj/_136311_/D : -0.186326
[hold in-reg] wbs_adr_i[3] -> mprj/_136159_/D : -0.172749
[hold in-reg] wbs_adr_i[4] -> mprj/_136263_/D : -0.172494
[hold in-reg] wbs_adr_i[4] -> mprj/_135869_/D : -0.170417
[hold in-reg] wbs_adr_i[4] -> mprj/_135845_/D : -0.169896
[hold in-reg] wbs_adr_i[4] -> mprj/_136316_/D : -0.168608
[hold in-reg] wbs_adr_i[4] -> mprj/_136740_/D : -0.168231
[hold in-reg] wbs_adr_i[4] -> mprj/_136321_/D : -0.154921
[hold in-reg] wbs_adr_i[2] -> mprj/_136228_/D : -0.152178
[hold in-reg] wbs_dat_i[23] -> mprj/_137180_/D : -0.149291
[hold in-reg] wbs_adr_i[4] -> mprj/_136837_/D : -0.148018
[hold in-reg] wbs_adr_i[3] -> mprj/_136483_/D : -0.147642
[hold in-reg] wbs_adr_i[3] -> mprj/_136612_/D : -0.146613
[hold in-reg] wbs_adr_i[4] -> mprj/_137287_/D : -0.142444
[hold in-reg] wbs_adr_i[4] -> mprj/_136847_/D : -0.140446
[hold in-reg] wbs_adr_i[4] -> mprj/_137177_/D : -0.135231
[hold in-reg] wbs_adr_i[4] -> mprj/_135924_/D : -0.120921
[hold in-reg] wbs_dat_i[10] -> mprj/_138353_/D : -0.116909
[hold in-reg] wbs_adr_i[4] -> mprj/_136976_/D : -0.116656
[hold in-reg] wbs_adr_i[4] -> mprj/_136305_/D : -0.115738
[hold in-reg] wbs_adr_i[2] -> mprj/_136709_/D : -0.114254
[hold in-reg] wbs_cyc_i -> mprj/_137336_/D : -0.114011
[hold in-reg] wbs_dat_i[4] -> mprj/_135781_/D : -0.110518
[hold in-reg] wbs_adr_i[2] -> mprj/_136710_/D : -0.107393
[hold in-reg] wbs_adr_i[4] -> mprj/_135804_/D : -0.106048
[hold in-reg] wbs_adr_i[4] -> mprj/_136105_/D : -0.093733
[hold in-reg] wbs_adr_i[3] -> mprj/_136802_/D : -0.083801
[hold in-reg] wbs_adr_i[4] -> mprj/_137281_/D : -0.067066
[hold in-reg] wbs_dat_i[6] -> mprj/_136803_/D : -0.063564
[hold in-reg] wbs_dat_i[4] -> mprj/_136197_/D : -0.058116
[hold in-reg] wbs_adr_i[4] -> mprj/_137231_/D : -0.046797
[hold in-reg] wbs_adr_i[4] -> mprj/_136174_/D : -0.035064
[hold in-reg] wbs_adr_i[3] -> mprj/_136436_/D : -0.031192
[hold in-reg] wbs_adr_i[3] -> mprj/_135892_/D : -0.028329
[hold in-reg] wbs_dat_i[5] -> mprj/_135782_/D : -0.022362
[hold in-reg] wbs_adr_i[4] -> mprj/_136292_/D : -0.019519
[hold in-reg] wbs_dat_i[12] -> mprj/_138355_/D : -0.018795
[hold in-reg] wbs_adr_i[3] -> mprj/_136404_/D : -0.014735
[hold in-reg] wbs_dat_i[11] -> mprj/_138354_/D : -0.010811
