Clock: clk
Sources: wb_clk_i 
Generated: no
Virtual: yes
Propagated: no
Period: 25.000000

===========================================================================
report_clock_properties
============================================================================
Clock                   Period          Waveform
----------------------------------------------------
clk                  25.000000    0.000000 12.500000

===========================================================================
report_clock_latency
============================================================================
Clock clk
rise -> rise
    min     max
4.650000 5.570000 source latency
10.247509         network latency mprj/_153328_/CLK
        12.424558 network latency mprj/_135957_/CLK
---------------
14.897510 17.994558 latency
        3.097048 skew

fall -> fall
    min     max
4.650000 5.570000 source latency
9.550920         network latency mprj/_153328_/CLK
        11.482565 network latency mprj/_135957_/CLK
---------------
14.200920 17.052565 latency
        2.851644 skew



===========================================================================
report_clock_min_period
============================================================================
clk period_min = 29.04 fmax = 34.44
