
===========================================================================
 report_power
============================================================================
======================= max_ss_100C_1v60 Corner ===================================

Group                    Internal    Switching      Leakage        Total
                            Power        Power        Power        Power (Watts)
------------------------------------------------------------------------
Sequential           2.258583e-02 9.876819e-05 2.495718e-04 2.293417e-02  46.4%
Combinational        1.261484e-03 2.941069e-03 5.167593e-04 4.719312e-03   9.5%
Clock                9.971355e-03 1.175874e-02 3.974068e-05 2.176984e-02  44.0%
Macro                0.000000e+00 0.000000e+00 0.000000e+00 0.000000e+00   0.0%
Pad                  0.000000e+00 0.000000e+00 0.000000e+00 0.000000e+00   0.0%
------------------------------------------------------------------------
Total                3.381877e-02 1.479859e-02 8.059969e-04 4.942335e-02 100.0%
                            68.4%        29.9%         1.6%

