
===========================================================================
 report_power
============================================================================
======================= max_tt_025C_1v80 Corner ===================================

Group                    Internal    Switching      Leakage        Total
                            Power        Power        Power        Power (Watts)
------------------------------------------------------------------------
Sequential           2.920983e-02 1.289712e-04 1.471430e-07 2.933895e-02  47.2%
Combinational        1.579857e-03 3.729446e-03 4.463007e-07 5.309748e-03   8.5%
Clock                1.218912e-02 1.526950e-02 4.011486e-07 2.745902e-02  44.2%
Macro                0.000000e+00 0.000000e+00 0.000000e+00 0.000000e+00   0.0%
Pad                  0.000000e+00 0.000000e+00 0.000000e+00 0.000000e+00   0.0%
------------------------------------------------------------------------
Total                4.297888e-02 1.912792e-02 9.946787e-07 6.210779e-02 100.0%
                            69.2%        30.8%         0.0%

