
===========================================================================
Violator List
============================================================================
[hold in-reg] wbs_adr_i[4] -> mprj/_136043_/D : -1.787060
[hold in-reg] wbs_adr_i[4] -> mprj/_136491_/D : -1.754232
[hold in-reg] wbs_adr_i[4] -> mprj/_137307_/D : -1.749973
[hold in-reg] wbs_adr_i[4] -> mprj/_136555_/D : -1.748738
[hold in-reg] wbs_adr_i[4] -> mprj/_136971_/D : -1.708529
[hold in-reg] wbs_adr_i[4] -> mprj/_136510_/D : -1.705741
[hold in-reg] wbs_adr_i[4] -> mprj/_135931_/D : -1.705336
[hold in-reg] wbs_adr_i[4] -> mprj/_136075_/D : -1.702979
[hold in-reg] wbs_adr_i[4] -> mprj/_136827_/D : -1.669216
[hold in-reg] wbs_adr_i[4] -> mprj/_137022_/D : -1.644017
[hold in-reg] wbs_adr_i[4] -> mprj/_135895_/D : -1.641685
[hold in-reg] wbs_adr_i[4] -> mprj/_137211_/D : -1.612572
[hold in-reg] wbs_adr_i[4] -> mprj/_136569_/D : -1.592706
[hold in-reg] wbs_adr_i[4] -> mprj/_137081_/D : -1.581413
[hold in-reg] wbs_adr_i[4] -> mprj/_136011_/D : -1.580481
[hold in-reg] wbs_adr_i[4] -> mprj/_135899_/D : -1.552111
[hold in-reg] wbs_adr_i[4] -> mprj/_136523_/D : -1.529828
[hold in-reg] wbs_adr_i[4] -> mprj/_137035_/D : -1.524263
[hold in-reg] wbs_adr_i[4] -> mprj/_135835_/D : -1.510635
[hold in-reg] wbs_adr_i[4] -> mprj/_136731_/D : -1.506906
[hold in-reg] wbs_adr_i[4] -> mprj/_136551_/D : -1.501795
[hold in-reg] wbs_adr_i[4] -> mprj/_137031_/D : -1.497066
[hold in-reg] wbs_adr_i[4] -> mprj/_136135_/D : -1.488559
[hold in-reg] wbs_adr_i[4] -> mprj/_136965_/D : -1.486312
[hold in-reg] wbs_adr_i[4] -> mprj/_136761_/D : -1.484348
[hold in-reg] wbs_adr_i[4] -> mprj/_137301_/D : -1.477968
[hold in-reg] wbs_adr_i[4] -> mprj/_136592_/D : -1.477932
[hold in-reg] wbs_adr_i[4] -> mprj/_137243_/D : -1.477285
[hold in-reg] wbs_adr_i[4] -> mprj/_136411_/D : -1.475648
[hold in-reg] wbs_adr_i[4] -> mprj/_135865_/D : -1.469131
[hold in-reg] wbs_adr_i[4] -> mprj/_136591_/D : -1.461709
[hold in-reg] wbs_adr_i[4] -> mprj/_137063_/D : -1.459028
[hold in-reg] wbs_adr_i[4] -> mprj/_136111_/D : -1.456505
[hold in-reg] wbs_adr_i[4] -> mprj/_136572_/D : -1.451938
[hold in-reg] wbs_adr_i[4] -> mprj/_136251_/D : -1.441391
[hold in-reg] wbs_adr_i[4] -> mprj/_135867_/D : -1.441138
[hold in-reg] wbs_adr_i[4] -> mprj/_137241_/D : -1.439620
[hold in-reg] wbs_adr_i[4] -> mprj/_136870_/D : -1.433858
[hold in-reg] wbs_adr_i[4] -> mprj/_136561_/D : -1.429077
[hold in-reg] wbs_adr_i[4] -> mprj/_136791_/D : -1.427670
[hold in-reg] wbs_adr_i[4] -> mprj/_136541_/D : -1.419354
[hold in-reg] wbs_adr_i[4] -> mprj/_136080_/D : -1.418509
[hold in-reg] wbs_adr_i[4] -> mprj/_136511_/D : -1.417533
[hold in-reg] wbs_adr_i[4] -> mprj/_137007_/D : -1.417237
[hold in-reg] wbs_adr_i[4] -> mprj/_136509_/D : -1.416486
[hold in-reg] wbs_adr_i[4] -> mprj/_136745_/D : -1.414668
[hold in-reg] wbs_adr_i[4] -> mprj/_137009_/D : -1.412381
[hold in-reg] wbs_adr_i[4] -> mprj/_136805_/D : -1.410442
[hold in-reg] wbs_adr_i[4] -> mprj/_136763_/D : -1.406622
[hold in-reg] wbs_adr_i[4] -> mprj/_136062_/D : -1.399294
[hold in-reg] wbs_adr_i[4] -> mprj/_136793_/D : -1.399101
[hold in-reg] wbs_adr_i[4] -> mprj/_137305_/D : -1.398577
[hold in-reg] wbs_adr_i[4] -> mprj/_136281_/D : -1.393660
[hold in-reg] wbs_adr_i[4] -> mprj/_136552_/D : -1.391851
[hold in-reg] wbs_adr_i[4] -> mprj/_137076_/D : -1.388508
[hold in-reg] wbs_adr_i[4] -> mprj/_136180_/D : -1.387272
[hold in-reg] wbs_adr_i[4] -> mprj/_136123_/D : -1.380226
[hold in-reg] wbs_adr_i[4] -> mprj/_136564_/D : -1.379227
[hold in-reg] wbs_adr_i[4] -> mprj/_136293_/D : -1.378055
[hold in-reg] wbs_adr_i[4] -> mprj/_136539_/D : -1.375321
[hold in-reg] wbs_adr_i[4] -> mprj/_136923_/D : -1.371575
[hold in-reg] wbs_adr_i[4] -> mprj/_136079_/D : -1.368092
[hold in-reg] wbs_adr_i[4] -> mprj/_136324_/D : -1.367120
[hold in-reg] wbs_adr_i[4] -> mprj/_136049_/D : -1.366337
[hold in-reg] wbs_adr_i[4] -> mprj/_136859_/D : -1.365043
[hold in-reg] wbs_adr_i[4] -> mprj/_137303_/D : -1.362411
[hold in-reg] wbs_adr_i[4] -> mprj/_137204_/D : -1.359393
[hold in-reg] wbs_adr_i[4] -> mprj/_136059_/D : -1.358208
[hold in-reg] wbs_adr_i[4] -> mprj/_137140_/D : -1.357265
[hold in-reg] wbs_adr_i[4] -> mprj/_136061_/D : -1.350874
[hold in-reg] wbs_adr_i[4] -> mprj/_137273_/D : -1.347028
[hold in-reg] wbs_adr_i[4] -> mprj/_136019_/D : -1.345797
[hold in-reg] wbs_adr_i[4] -> mprj/_137051_/D : -1.345134
[hold in-reg] wbs_adr_i[4] -> mprj/_135798_/D : -1.344351
[hold in-reg] wbs_adr_i[4] -> mprj/_135831_/D : -1.343964
[hold in-reg] wbs_adr_i[4] -> mprj/_136027_/D : -1.342095
[hold in-reg] wbs_adr_i[4] -> mprj/_136570_/D : -1.341039
[hold in-reg] wbs_adr_i[4] -> mprj/_137275_/D : -1.340609
[hold in-reg] wbs_adr_i[4] -> mprj/_136871_/D : -1.339581
[hold in-reg] wbs_adr_i[4] -> mprj/_136211_/D : -1.339305
[hold in-reg] wbs_adr_i[4] -> mprj/_137064_/D : -1.339140
[hold in-reg] wbs_adr_i[4] -> mprj/_136531_/D : -1.338669
[hold in-reg] wbs_adr_i[4] -> mprj/_136093_/D : -1.338357
[hold in-reg] wbs_adr_i[4] -> mprj/_136021_/D : -1.338051
[hold in-reg] wbs_adr_i[4] -> mprj/_136287_/D : -1.335554
[hold in-reg] wbs_adr_i[4] -> mprj/_135996_/D : -1.334771
[hold in-reg] wbs_adr_i[4] -> mprj/_136836_/D : -1.333522
[hold in-reg] wbs_adr_i[4] -> mprj/_136891_/D : -1.330953
[hold in-reg] wbs_adr_i[4] -> mprj/_137153_/D : -1.327602
[hold in-reg] wbs_adr_i[4] -> mprj/_136414_/D : -1.325383
[hold in-reg] wbs_adr_i[4] -> mprj/_137248_/D : -1.321969
[hold in-reg] wbs_adr_i[4] -> mprj/_136445_/D : -1.321814
[hold in-reg] wbs_adr_i[4] -> mprj/_136985_/D : -1.321043
[hold in-reg] wbs_adr_i[4] -> mprj/_136781_/D : -1.318051
[hold in-reg] wbs_adr_i[4] -> mprj/_137039_/D : -1.314805
[hold in-reg] wbs_adr_i[4] -> mprj/_136692_/D : -1.314168
[hold in-reg] wbs_adr_i[4] -> mprj/_136347_/D : -1.312418
[hold in-reg] wbs_adr_i[4] -> mprj/_136134_/D : -1.312135
[hold in-reg] wbs_adr_i[4] -> mprj/_135828_/D : -1.312078
[hold in-reg] wbs_adr_i[4] -> mprj/_135860_/D : -1.312078
[hold in-reg] wbs_adr_i[4] -> mprj/_135911_/D : -1.311073
[hold in-reg] wbs_adr_i[4] -> mprj/_136872_/D : -1.307427
[hold in-reg] wbs_adr_i[4] -> mprj/_136573_/D : -1.306302
[hold in-reg] wbs_adr_i[4] -> mprj/_136444_/D : -1.305575
[hold in-reg] wbs_adr_i[4] -> mprj/_136497_/D : -1.302225
[hold in-reg] wbs_adr_i[4] -> mprj/_136181_/D : -1.301989
[hold in-reg] wbs_adr_i[4] -> mprj/_136738_/D : -1.299397
[hold in-reg] wbs_adr_i[4] -> mprj/_137131_/D : -1.295839
[hold in-reg] wbs_adr_i[4] -> mprj/_136535_/D : -1.295708
[hold in-reg] wbs_adr_i[4] -> mprj/_137141_/D : -1.294746
[hold in-reg] wbs_adr_i[4] -> mprj/_136507_/D : -1.293585
[hold in-reg] wbs_adr_i[4] -> mprj/_136917_/D : -1.292195
[hold in-reg] wbs_adr_i[4] -> mprj/_136956_/D : -1.290678
[hold in-reg] wbs_adr_i[4] -> mprj/_136505_/D : -1.289396
[hold in-reg] wbs_adr_i[4] -> mprj/_136821_/D : -1.288893
[hold in-reg] wbs_adr_i[4] -> mprj/_136723_/D : -1.287429
[hold in-reg] wbs_adr_i[4] -> mprj/_136071_/D : -1.287071
[hold in-reg] wbs_adr_i[4] -> mprj/_136171_/D : -1.286957
[hold in-reg] wbs_adr_i[4] -> mprj/_136379_/D : -1.286049
[hold in-reg] wbs_adr_i[4] -> mprj/_135997_/D : -1.285347
[hold in-reg] wbs_adr_i[4] -> mprj/_136616_/D : -1.283077
[hold in-reg] wbs_adr_i[4] -> mprj/_137015_/D : -1.282662
[hold in-reg] wbs_adr_i[4] -> mprj/_136537_/D : -1.282067
[hold in-reg] wbs_adr_i[4] -> mprj/_136571_/D : -1.280301
[hold in-reg] wbs_adr_i[4] -> mprj/_136025_/D : -1.279103
[hold in-reg] wbs_adr_i[4] -> mprj/_135995_/D : -1.278384
[hold in-reg] wbs_adr_i[4] -> mprj/_136005_/D : -1.276088
[hold in-reg] wbs_adr_i[4] -> mprj/_137037_/D : -1.275895
[hold in-reg] wbs_adr_i[4] -> mprj/_135866_/D : -1.274843
[hold in-reg] wbs_adr_i[4] -> mprj/_136619_/D : -1.274477
[hold in-reg] wbs_adr_i[4] -> mprj/_137083_/D : -1.273724
[hold in-reg] wbs_adr_i[4] -> mprj/_137021_/D : -1.272609
[hold in-reg] wbs_adr_i[4] -> mprj/_137242_/D : -1.271205
[hold in-reg] wbs_adr_i[4] -> mprj/_137067_/D : -1.270898
[hold in-reg] wbs_adr_i[4] -> mprj/_136104_/D : -1.269286
[hold in-reg] wbs_adr_i[4] -> mprj/_137073_/D : -1.269241
[hold in-reg] wbs_adr_i[4] -> mprj/_136473_/D : -1.267008
[hold in-reg] wbs_adr_i[4] -> mprj/_136528_/D : -1.266952
[hold in-reg] wbs_adr_i[4] -> mprj/_136601_/D : -1.266647
[hold in-reg] wbs_adr_i[4] -> mprj/_137029_/D : -1.266291
[hold in-reg] wbs_adr_i[4] -> mprj/_136602_/D : -1.264693
[hold in-reg] wbs_adr_i[4] -> mprj/_136073_/D : -1.264001
[hold in-reg] wbs_adr_i[4] -> mprj/_136107_/D : -1.263281
[hold in-reg] wbs_adr_i[4] -> mprj/_136585_/D : -1.260020
[hold in-reg] wbs_adr_i[4] -> mprj/_136121_/D : -1.257805
[hold in-reg] wbs_adr_i[4] -> mprj/_136762_/D : -1.257674
[hold in-reg] wbs_adr_i[4] -> mprj/_137284_/D : -1.257113
[hold in-reg] wbs_adr_i[4] -> mprj/_137094_/D : -1.256920
[hold in-reg] wbs_adr_i[4] -> mprj/_136799_/D : -1.256842
[hold in-reg] wbs_adr_i[4] -> mprj/_135974_/D : -1.254874
[hold in-reg] wbs_adr_i[4] -> mprj/_136450_/D : -1.253927
[hold in-reg] wbs_adr_i[4] -> mprj/_137095_/D : -1.252143
[hold in-reg] wbs_adr_i[4] -> mprj/_136583_/D : -1.252069
[hold in-reg] wbs_adr_i[4] -> mprj/_137019_/D : -1.251934
[hold in-reg] wbs_adr_i[4] -> mprj/_136346_/D : -1.251226
[hold in-reg] wbs_adr_i[4] -> mprj/_137272_/D : -1.249469
[hold in-reg] wbs_adr_i[4] -> mprj/_136341_/D : -1.246983
[hold in-reg] wbs_adr_i[4] -> mprj/_136103_/D : -1.244859
[hold in-reg] wbs_adr_i[4] -> mprj/_137283_/D : -1.244331
[hold in-reg] wbs_adr_i[4] -> mprj/_136022_/D : -1.244176
[hold in-reg] wbs_adr_i[4] -> mprj/_137040_/D : -1.243763
[hold in-reg] wbs_adr_i[4] -> mprj/_136282_/D : -1.243748
[hold in-reg] wbs_adr_i[4] -> mprj/_136115_/D : -1.240958
[hold in-reg] wbs_adr_i[4] -> mprj/_136359_/D : -1.235794
[hold in-reg] wbs_adr_i[4] -> mprj/_137003_/D : -1.235669
[hold in-reg] wbs_adr_i[4] -> mprj/_136615_/D : -1.235365
[hold in-reg] wbs_adr_i[4] -> mprj/_136345_/D : -1.234848
[hold in-reg] wbs_adr_i[4] -> mprj/_136961_/D : -1.233803
[hold in-reg] wbs_adr_i[4] -> mprj/_136517_/D : -1.233689
[hold in-reg] wbs_adr_i[4] -> mprj/_136331_/D : -1.231617
[hold in-reg] wbs_adr_i[4] -> mprj/_136296_/D : -1.230557
[hold in-reg] wbs_adr_i[4] -> mprj/_136983_/D : -1.230426
[hold in-reg] wbs_adr_i[4] -> mprj/_136515_/D : -1.229328
[hold in-reg] wbs_adr_i[4] -> mprj/_136231_/D : -1.229299
[hold in-reg] wbs_adr_i[4] -> mprj/_135883_/D : -1.228370
[hold in-reg] wbs_adr_i[4] -> mprj/_135801_/D : -1.227443
[hold in-reg] wbs_adr_i[4] -> mprj/_136595_/D : -1.226014
[hold in-reg] wbs_adr_i[4] -> mprj/_137306_/D : -1.224649
[hold in-reg] wbs_adr_i[4] -> mprj/_136808_/D : -1.224521
[hold in-reg] wbs_adr_i[4] -> mprj/_136918_/D : -1.224474
[hold in-reg] wbs_dat_i[24] -> mprj/_136195_/D : -1.222976
[hold in-reg] wbs_adr_i[4] -> mprj/_136081_/D : -1.222348
[hold in-reg] wbs_adr_i[4] -> mprj/_136521_/D : -1.221019
[hold in-reg] wbs_adr_i[4] -> mprj/_135784_/D : -1.220958
[hold in-reg] wbs_adr_i[4] -> mprj/_136099_/D : -1.220941
[hold in-reg] wbs_adr_i[4] -> mprj/_137027_/D : -1.219842
[hold in-reg] wbs_dat_i[24] -> mprj/_137091_/D : -1.217812
[hold in-reg] wbs_adr_i[4] -> mprj/_137217_/D : -1.217466
[hold in-reg] wbs_adr_i[4] -> mprj/_136800_/D : -1.216585
[hold in-reg] wbs_adr_i[4] -> mprj/_136343_/D : -1.216464
[hold in-reg] wbs_adr_i[4] -> mprj/_136869_/D : -1.214321
[hold in-reg] wbs_adr_i[4] -> mprj/_136959_/D : -1.214019
[hold in-reg] wbs_adr_i[4] -> mprj/_136385_/D : -1.211319
[hold in-reg] wbs_adr_i[4] -> mprj/_136631_/D : -1.211107
[hold in-reg] wbs_adr_i[4] -> mprj/_137033_/D : -1.206800
[hold in-reg] wbs_adr_i[4] -> mprj/_137220_/D : -1.206278
[hold in-reg] wbs_adr_i[4] -> mprj/_137203_/D : -1.204315
[hold in-reg] wbs_adr_i[4] -> mprj/_136393_/D : -1.204097
[hold in-reg] wbs_adr_i[4] -> mprj/_137218_/D : -1.204012
[hold in-reg] wbs_adr_i[4] -> mprj/_137219_/D : -1.201406
[hold in-reg] wbs_adr_i[4] -> mprj/_136989_/D : -1.197801
[hold in-reg] wbs_adr_i[4] -> mprj/_136977_/D : -1.195066
[hold in-reg] wbs_adr_i[4] -> mprj/_136864_/D : -1.195001
[hold in-reg] wbs_adr_i[4] -> mprj/_136841_/D : -1.194675
[hold in-reg] wbs_adr_i[4] -> mprj/_136582_/D : -1.194558
[hold in-reg] wbs_adr_i[4] -> mprj/_136413_/D : -1.194265
[hold in-reg] wbs_adr_i[4] -> mprj/_136853_/D : -1.191200
[hold in-reg] wbs_adr_i[4] -> mprj/_136039_/D : -1.190635
[hold in-reg] wbs_adr_i[4] -> mprj/_136422_/D : -1.189663
[hold in-reg] wbs_adr_i[4] -> mprj/_136627_/D : -1.188857
[hold in-reg] wbs_adr_i[4] -> mprj/_136947_/D : -1.187720
[hold in-reg] wbs_adr_i[4] -> mprj/_136625_/D : -1.187608
[hold in-reg] wbs_adr_i[4] -> mprj/_136614_/D : -1.186763
[hold in-reg] wbs_adr_i[4] -> mprj/_136363_/D : -1.185863
[hold in-reg] wbs_adr_i[4] -> mprj/_136063_/D : -1.185636
[hold in-reg] wbs_adr_i[4] -> mprj/_135864_/D : -1.185591
[hold in-reg] wbs_adr_i[4] -> mprj/_136659_/D : -1.184865
[hold in-reg] wbs_adr_i[4] -> mprj/_137289_/D : -1.184821
[hold in-reg] wbs_adr_i[4] -> mprj/_136423_/D : -1.184668
[hold in-reg] wbs_adr_i[4] -> mprj/_136295_/D : -1.183510
[hold in-reg] wbs_adr_i[4] -> mprj/_135854_/D : -1.183049
[hold in-reg] wbs_adr_i[4] -> mprj/_135925_/D : -1.182477
[hold in-reg] wbs_adr_i[4] -> mprj/_135834_/D : -1.181682
[hold in-reg] wbs_adr_i[4] -> mprj/_136855_/D : -1.180870
[hold in-reg] wbs_adr_i[4] -> mprj/_136153_/D : -1.180645
[hold in-reg] wbs_adr_i[4] -> mprj/_136147_/D : -1.179627
[hold in-reg] wbs_adr_i[4] -> mprj/_137136_/D : -1.179459
[hold in-reg] wbs_adr_i[4] -> mprj/_136996_/D : -1.178255
[hold in-reg] wbs_adr_i[4] -> mprj/_136979_/D : -1.177934
[hold in-reg] wbs_adr_i[4] -> mprj/_136527_/D : -1.176784
[hold in-reg] wbs_adr_i[4] -> mprj/_136972_/D : -1.176372
[hold in-reg] wbs_adr_i[4] -> mprj/_135957_/D : -1.175629
[hold in-reg] wbs_adr_i[4] -> mprj/_135833_/D : -1.175488
[hold in-reg] wbs_adr_i[4] -> mprj/_136449_/D : -1.174680
[hold in-reg] wbs_adr_i[4] -> mprj/_136091_/D : -1.172619
[hold in-reg] wbs_adr_i[4] -> mprj/_136076_/D : -1.172349
[hold in-reg] wbs_dat_i[9] -> mprj/_138352_/D : -1.171325
[hold in-reg] wbs_adr_i[4] -> mprj/_137020_/D : -1.170834
[hold in-reg] wbs_adr_i[4] -> mprj/_136475_/D : -1.170832
[hold in-reg] wbs_adr_i[4] -> mprj/_136487_/D : -1.170108
[hold in-reg] wbs_adr_i[4] -> mprj/_136794_/D : -1.170092
[hold in-reg] wbs_adr_i[4] -> mprj/_135908_/D : -1.169704
[hold in-reg] wbs_adr_i[4] -> mprj/_135913_/D : -1.168959
[hold in-reg] wbs_adr_i[4] -> mprj/_137274_/D : -1.167851
[hold in-reg] wbs_dat_i[24] -> mprj/_136611_/D : -1.167846
[hold in-reg] wbs_adr_i[4] -> mprj/_136087_/D : -1.167479
[hold in-reg] wbs_adr_i[4] -> mprj/_136563_/D : -1.167293
[hold in-reg] wbs_adr_i[4] -> mprj/_136288_/D : -1.166175
[hold in-reg] wbs_adr_i[4] -> mprj/_136329_/D : -1.165961
[hold in-reg] wbs_adr_i[4] -> mprj/_136376_/D : -1.165817
[hold in-reg] wbs_adr_i[4] -> mprj/_136893_/D : -1.164187
[hold in-reg] wbs_adr_i[4] -> mprj/_136603_/D : -1.162618
[hold in-reg] wbs_adr_i[4] -> mprj/_136624_/D : -1.162605
[hold in-reg] wbs_adr_i[4] -> mprj/_136999_/D : -1.161930
[hold in-reg] wbs_adr_i[4] -> mprj/_136183_/D : -1.161702
[hold in-reg] wbs_adr_i[4] -> mprj/_135896_/D : -1.161568
[hold in-reg] wbs_adr_i[4] -> mprj/_136290_/D : -1.160600
[hold in-reg] wbs_dat_i[24] -> mprj/_136015_/D : -1.160362
[hold in-reg] wbs_adr_i[4] -> mprj/_135961_/D : -1.159167
[hold in-reg] wbs_adr_i[4] -> mprj/_137041_/D : -1.158023
[hold in-reg] wbs_adr_i[4] -> mprj/_136177_/D : -1.155480
[hold in-reg] wbs_adr_i[4] -> mprj/_135965_/D : -1.154269
[hold in-reg] wbs_adr_i[4] -> mprj/_136807_/D : -1.154194
[hold in-reg] wbs_adr_i[4] -> mprj/_136633_/D : -1.153214
[hold in-reg] wbs_adr_i[4] -> mprj/_136313_/D : -1.152677
[hold in-reg] wbs_adr_i[4] -> mprj/_135851_/D : -1.151880
[hold in-reg] wbs_adr_i[4] -> mprj/_137163_/D : -1.150808
[hold in-reg] wbs_adr_i[4] -> mprj/_137249_/D : -1.149873
[hold in-reg] wbs_adr_i[4] -> mprj/_136312_/D : -1.149766
[hold in-reg] wbs_adr_i[4] -> mprj/_136300_/D : -1.149628
[hold in-reg] wbs_adr_i[4] -> mprj/_137139_/D : -1.149207
[hold in-reg] wbs_adr_i[4] -> mprj/_136182_/D : -1.143200
[hold in-reg] wbs_adr_i[4] -> mprj/_137290_/D : -1.141419
[hold in-reg] wbs_adr_i[4] -> mprj/_135966_/D : -1.140506
[hold in-reg] wbs_adr_i[4] -> mprj/_136057_/D : -1.140074
[hold in-reg] wbs_adr_i[4] -> mprj/_136953_/D : -1.139305
[hold in-reg] wbs_adr_i[4] -> mprj/_137127_/D : -1.138838
[hold in-reg] wbs_adr_i[4] -> mprj/_136503_/D : -1.135304
[hold in-reg] wbs_adr_i[4] -> mprj/_137260_/D : -1.134410
[hold in-reg] wbs_adr_i[4] -> mprj/_135963_/D : -1.132250
[hold in-reg] wbs_adr_i[4] -> mprj/_137034_/D : -1.132210
[hold in-reg] wbs_adr_i[4] -> mprj/_135861_/D : -1.129985
[hold in-reg] wbs_adr_i[4] -> mprj/_136825_/D : -1.129114
[hold in-reg] wbs_adr_i[4] -> mprj/_136102_/D : -1.128186
[hold in-reg] wbs_adr_i[4] -> mprj/_136283_/D : -1.127995
[hold in-reg] wbs_adr_i[4] -> mprj/_136579_/D : -1.127252
[hold in-reg] wbs_adr_i[4] -> mprj/_137115_/D : -1.126209
[hold in-reg] wbs_adr_i[4] -> mprj/_136782_/D : -1.125207
[hold in-reg] wbs_adr_i[4] -> mprj/_137230_/D : -1.125012
[hold in-reg] wbs_adr_i[4] -> mprj/_135975_/D : -1.123551
[hold in-reg] wbs_adr_i[4] -> mprj/_137049_/D : -1.121765
[hold in-reg] wbs_adr_i[4] -> mprj/_137259_/D : -1.121254
[hold in-reg] wbs_adr_i[4] -> mprj/_137159_/D : -1.119303
[hold in-reg] wbs_dat_i[23] -> mprj/_137056_/D : -1.119147
[hold in-reg] wbs_adr_i[4] -> mprj/_136811_/D : -1.115770
[hold in-reg] wbs_adr_i[4] -> mprj/_136467_/D : -1.114366
[hold in-reg] wbs_adr_i[4] -> mprj/_135893_/D : -1.113777
[hold in-reg] wbs_adr_i[4] -> mprj/_136461_/D : -1.113256
[hold in-reg] wbs_adr_i[4] -> mprj/_136842_/D : -1.113224
[hold in-reg] wbs_adr_i[4] -> mprj/_137079_/D : -1.113169
[hold in-reg] wbs_dat_i[24] -> mprj/_136911_/D : -1.112099
[hold in-reg] wbs_adr_i[4] -> mprj/_136067_/D : -1.112056
[hold in-reg] wbs_adr_i[4] -> mprj/_136477_/D : -1.110181
[hold in-reg] wbs_adr_i[4] -> mprj/_137082_/D : -1.108783
[hold in-reg] wbs_adr_i[4] -> mprj/_137279_/D : -1.106764
[hold in-reg] wbs_adr_i[4] -> mprj/_137028_/D : -1.105888
[hold in-reg] wbs_dat_i[23] -> mprj/_137058_/D : -1.105246
[hold in-reg] wbs_adr_i[4] -> mprj/_136987_/D : -1.104853
[hold in-reg] wbs_adr_i[4] -> mprj/_136055_/D : -1.104334
[hold in-reg] wbs_adr_i[4] -> mprj/_136529_/D : -1.103111
[hold in-reg] wbs_adr_i[4] -> mprj/_137142_/D : -1.101632
[hold in-reg] wbs_adr_i[4] -> mprj/_136524_/D : -1.101625
[hold in-reg] wbs_dat_i[24] -> mprj/_135955_/D : -1.100885
[hold in-reg] wbs_dat_i[23] -> mprj/_136550_/D : -1.099927
[hold in-reg] wbs_adr_i[4] -> mprj/_136857_/D : -1.098146
[hold in-reg] wbs_adr_i[4] -> mprj/_136270_/D : -1.098086
[hold in-reg] wbs_adr_i[4] -> mprj/_136179_/D : -1.096128
[hold in-reg] wbs_adr_i[4] -> mprj/_136833_/D : -1.095514
[hold in-reg] wbs_adr_i[4] -> mprj/_135958_/D : -1.094344
[hold in-reg] wbs_adr_i[4] -> mprj/_135783_/D : -1.094187
[hold in-reg] wbs_adr_i[4] -> mprj/_136299_/D : -1.093530
[hold in-reg] wbs_adr_i[4] -> mprj/_137151_/D : -1.091430
[hold in-reg] wbs_adr_i[4] -> mprj/_136243_/D : -1.090966
[hold in-reg] wbs_adr_i[4] -> mprj/_136492_/D : -1.090958
[hold in-reg] wbs_adr_i[4] -> mprj/_136302_/D : -1.090930
[hold in-reg] wbs_adr_i[4] -> mprj/_137172_/D : -1.090346
[hold in-reg] wbs_adr_i[4] -> mprj/_137294_/D : -1.089706
[hold in-reg] wbs_adr_i[4] -> mprj/_136711_/D : -1.088830
[hold in-reg] wbs_adr_i[4] -> mprj/_136795_/D : -1.088241
[hold in-reg] wbs_adr_i[4] -> mprj/_136538_/D : -1.087496
[hold in-reg] wbs_adr_i[4] -> mprj/_135846_/D : -1.087224
[hold in-reg] wbs_adr_i[4] -> mprj/_136451_/D : -1.087078
[hold in-reg] wbs_adr_i[4] -> mprj/_136405_/D : -1.085102
[hold in-reg] wbs_adr_i[4] -> mprj/_136567_/D : -1.083401
[hold in-reg] wbs_dat_i[24] -> mprj/_136851_/D : -1.081222
[hold in-reg] wbs_adr_i[4] -> mprj/_136935_/D : -1.080354
[hold in-reg] wbs_adr_i[4] -> mprj/_137296_/D : -1.080017
[hold in-reg] wbs_adr_i[4] -> mprj/_137099_/D : -1.078398
[hold in-reg] wbs_adr_i[4] -> mprj/_136824_/D : -1.078189
[hold in-reg] wbs_adr_i[4] -> mprj/_137075_/D : -1.075894
[hold in-reg] wbs_adr_i[4] -> mprj/_136992_/D : -1.075343
[hold in-reg] wbs_adr_i[4] -> mprj/_136480_/D : -1.072872
[hold in-reg] wbs_adr_i[4] -> mprj/_136026_/D : -1.071605
[hold in-reg] wbs_adr_i[4] -> mprj/_136330_/D : -1.071165
[hold in-reg] wbs_adr_i[4] -> mprj/_136199_/D : -1.071068
[hold in-reg] wbs_adr_i[4] -> mprj/_135993_/D : -1.069835
[hold in-reg] wbs_adr_i[4] -> mprj/_136101_/D : -1.069745
[hold in-reg] wbs_adr_i[4] -> mprj/_135910_/D : -1.069197
[hold in-reg] wbs_adr_i[4] -> mprj/_136452_/D : -1.067050
[hold in-reg] wbs_adr_i[4] -> mprj/_136661_/D : -1.065738
[hold in-reg] wbs_adr_i[4] -> mprj/_136895_/D : -1.064699
[hold in-reg] wbs_adr_i[4] -> mprj/_135847_/D : -1.063961
[hold in-reg] wbs_adr_i[4] -> mprj/_136029_/D : -1.062952
[hold in-reg] wbs_adr_i[4] -> mprj/_136273_/D : -1.061767
[hold in-reg] wbs_adr_i[4] -> mprj/_136212_/D : -1.059943
[hold in-reg] wbs_adr_i[4] -> mprj/_136233_/D : -1.059046
[hold in-reg] wbs_adr_i[4] -> mprj/_136828_/D : -1.058485
[hold in-reg] wbs_adr_i[4] -> mprj/_136332_/D : -1.058440
[hold in-reg] wbs_adr_i[4] -> mprj/_136244_/D : -1.056338
[hold in-reg] wbs_adr_i[4] -> mprj/_135985_/D : -1.056274
[hold in-reg] wbs_adr_i[4] -> mprj/_137017_/D : -1.055800
[hold in-reg] wbs_adr_i[4] -> mprj/_136045_/D : -1.054730
[hold in-reg] wbs_adr_i[4] -> mprj/_135881_/D : -1.054616
[hold in-reg] wbs_adr_i[4] -> mprj/_136715_/D : -1.053317
[hold in-reg] wbs_adr_i[4] -> mprj/_136751_/D : -1.052516
[hold in-reg] wbs_adr_i[4] -> mprj/_136017_/D : -1.051987
[hold in-reg] wbs_adr_i[4] -> mprj/_136318_/D : -1.050736
[hold in-reg] wbs_adr_i[4] -> mprj/_136512_/D : -1.049668
[hold in-reg] wbs_adr_i[4] -> mprj/_135937_/D : -1.049500
[hold in-reg] wbs_adr_i[4] -> mprj/_136721_/D : -1.048879
[hold in-reg] wbs_adr_i[4] -> mprj/_136193_/D : -1.048816
[hold in-reg] wbs_adr_i[4] -> mprj/_136863_/D : -1.048144
[hold in-reg] wbs_adr_i[4] -> mprj/_136613_/D : -1.047352
[hold in-reg] wbs_adr_i[4] -> mprj/_135812_/D : -1.046895
[hold in-reg] wbs_adr_i[4] -> mprj/_136973_/D : -1.046848
[hold in-reg] wbs_adr_i[4] -> mprj/_137097_/D : -1.046542
[hold in-reg] wbs_adr_i[4] -> mprj/_137053_/D : -1.045906
[hold in-reg] wbs_adr_i[4] -> mprj/_135981_/D : -1.045885
[hold in-reg] wbs_adr_i[4] -> mprj/_136289_/D : -1.045469
[hold in-reg] wbs_adr_i[4] -> mprj/_136629_/D : -1.043964
[hold in-reg] wbs_adr_i[4] -> mprj/_136724_/D : -1.043491
[hold in-reg] wbs_adr_i[4] -> mprj/_135884_/D : -1.043356
[hold in-reg] wbs_adr_i[4] -> mprj/_137295_/D : -1.043186
[hold in-reg] wbs_adr_i[4] -> mprj/_136469_/D : -1.041625
[hold in-reg] wbs_adr_i[4] -> mprj/_136051_/D : -1.041114
[hold in-reg] wbs_adr_i[4] -> mprj/_136479_/D : -1.040289
[hold in-reg] wbs_adr_i[4] -> mprj/_137312_/D : -1.040249
[hold in-reg] wbs_adr_i[4] -> mprj/_136949_/D : -1.040164
[hold in-reg] wbs_adr_i[4] -> mprj/_136617_/D : -1.039769
[hold in-reg] wbs_adr_i[4] -> mprj/_137278_/D : -1.039715
[hold in-reg] wbs_adr_i[4] -> mprj/_136112_/D : -1.039462
[hold in-reg] wbs_adr_i[7] -> mprj/_136455_/D : -1.039185
[hold in-reg] wbs_adr_i[4] -> mprj/_136981_/D : -1.038800
[hold in-reg] wbs_adr_i[4] -> mprj/_135935_/D : -1.038067
[hold in-reg] wbs_adr_i[4] -> mprj/_136323_/D : -1.037604
[hold in-reg] wbs_adr_i[4] -> mprj/_136443_/D : -1.037440
[hold in-reg] wbs_adr_i[4] -> mprj/_136516_/D : -1.036703
[hold in-reg] wbs_adr_i[4] -> mprj/_137050_/D : -1.035785
[hold in-reg] wbs_adr_i[4] -> mprj/_136165_/D : -1.035756
[hold in-reg] wbs_adr_i[4] -> mprj/_136962_/D : -1.033531
[hold in-reg] wbs_adr_i[4] -> mprj/_137308_/D : -1.031274
[hold in-reg] wbs_adr_i[4] -> mprj/_137129_/D : -1.026751
[hold in-reg] wbs_adr_i[4] -> mprj/_136117_/D : -1.026449
[hold in-reg] wbs_adr_i[4] -> mprj/_136986_/D : -1.025633
[hold in-reg] wbs_dat_i[9] -> mprj/_135904_/D : -1.025112
[hold in-reg] wbs_adr_i[5] -> mprj/_136438_/D : -1.025035
[hold in-reg] wbs_adr_i[4] -> mprj/_135964_/D : -1.024404
[hold in-reg] wbs_adr_i[4] -> mprj/_136028_/D : -1.022713
[hold in-reg] wbs_adr_i[7] -> mprj/_136905_/D : -1.022491
[hold in-reg] wbs_adr_i[4] -> mprj/_136267_/D : -1.021959
[hold in-reg] wbs_adr_i[4] -> mprj/_136013_/D : -1.021449
[hold in-reg] wbs_adr_i[4] -> mprj/_136566_/D : -1.021415
[hold in-reg] wbs_adr_i[4] -> mprj/_136883_/D : -1.019679
[hold in-reg] wbs_adr_i[4] -> mprj/_136437_/D : -1.018986
[hold in-reg] wbs_adr_i[4] -> mprj/_135999_/D : -1.018636
[hold in-reg] wbs_adr_i[4] -> mprj/_135853_/D : -1.018187
[hold in-reg] wbs_adr_i[4] -> mprj/_135811_/D : -1.017884
[hold in-reg] wbs_adr_i[4] -> mprj/_136623_/D : -1.015810
[hold in-reg] wbs_adr_i[4] -> mprj/_136574_/D : -1.014446
[hold in-reg] wbs_dat_i[9] -> mprj/_136416_/D : -1.013803
[hold in-reg] wbs_adr_i[4] -> mprj/_136881_/D : -1.013736
[hold in-reg] wbs_adr_i[4] -> mprj/_136792_/D : -1.012705
[hold in-reg] wbs_adr_i[4] -> mprj/_136673_/D : -1.011944
[hold in-reg] wbs_adr_i[4] -> mprj/_136941_/D : -1.011825
[hold in-reg] wbs_adr_i[4] -> mprj/_136137_/D : -1.011490
[hold in-reg] wbs_adr_i[4] -> mprj/_135987_/D : -1.010611
[hold in-reg] wbs_adr_i[4] -> mprj/_136003_/D : -1.008869
[hold in-reg] wbs_adr_i[4] -> mprj/_136955_/D : -1.006858
[hold in-reg] wbs_adr_i[4] -> mprj/_136754_/D : -1.006580
[hold in-reg] wbs_adr_i[4] -> mprj/_136241_/D : -1.005955
[hold in-reg] wbs_adr_i[4] -> mprj/_136255_/D : -1.004697
[hold in-reg] wbs_adr_i[4] -> mprj/_136929_/D : -1.002291
[hold in-reg] wbs_adr_i[4] -> mprj/_136649_/D : -1.001178
[hold in-reg] wbs_adr_i[4] -> mprj/_137229_/D : -1.000063
[hold in-reg] wbs_adr_i[4] -> mprj/_136508_/D : -0.999391
[hold in-reg] wbs_adr_i[4] -> mprj/_136133_/D : -0.999044
[hold in-reg] wbs_adr_i[4] -> mprj/_136235_/D : -0.997416
[hold in-reg] wbs_adr_i[4] -> mprj/_136136_/D : -0.996217
[hold in-reg] wbs_adr_i[4] -> mprj/_136867_/D : -0.995700
[hold in-reg] wbs_adr_i[4] -> mprj/_136991_/D : -0.995591
[hold in-reg] wbs_adr_i[4] -> mprj/_136175_/D : -0.995558
[hold in-reg] wbs_adr_i[4] -> mprj/_137032_/D : -0.993248
[hold in-reg] wbs_adr_i[4] -> mprj/_137118_/D : -0.992173
[hold in-reg] wbs_adr_i[4] -> mprj/_136494_/D : -0.990894
[hold in-reg] wbs_adr_i[4] -> mprj/_136924_/D : -0.990833
[hold in-reg] wbs_adr_i[4] -> mprj/_136033_/D : -0.990227
[hold in-reg] wbs_adr_i[4] -> mprj/_137161_/D : -0.989656
[hold in-reg] wbs_adr_i[4] -> mprj/_136774_/D : -0.989591
[hold in-reg] wbs_adr_i[4] -> mprj/_137055_/D : -0.987487
[hold in-reg] wbs_adr_i[4] -> mprj/_136684_/D : -0.987289
[hold in-reg] wbs_adr_i[4] -> mprj/_135841_/D : -0.986977
[hold in-reg] wbs_adr_i[4] -> mprj/_137257_/D : -0.985569
[hold in-reg] wbs_adr_i[4] -> mprj/_136806_/D : -0.985327
[hold in-reg] wbs_adr_i[4] -> mprj/_136926_/D : -0.985054
[hold in-reg] wbs_adr_i[4] -> mprj/_137143_/D : -0.984644
[hold in-reg] wbs_dat_i[9] -> mprj/_135906_/D : -0.983404
[hold in-reg] wbs_adr_i[4] -> mprj/_136525_/D : -0.983020
[hold in-reg] wbs_adr_i[4] -> mprj/_136069_/D : -0.982809
[hold in-reg] wbs_adr_i[4] -> mprj/_136004_/D : -0.982307
[hold in-reg] wbs_dat_i[9] -> mprj/_136418_/D : -0.981475
[hold in-reg] wbs_adr_i[4] -> mprj/_136120_/D : -0.981397
[hold in-reg] wbs_adr_i[4] -> mprj/_136798_/D : -0.981373
[hold in-reg] wbs_adr_i[4] -> mprj/_137111_/D : -0.980910
[hold in-reg] wbs_adr_i[4] -> mprj/_136314_/D : -0.980362
[hold in-reg] wbs_adr_i[4] -> mprj/_136242_/D : -0.979271
[hold in-reg] wbs_dat_i[23] -> mprj/_136666_/D : -0.978993
[hold in-reg] wbs_adr_i[4] -> mprj/_136499_/D : -0.978928
[hold in-reg] wbs_adr_i[4] -> mprj/_136001_/D : -0.977209
[hold in-reg] wbs_adr_i[4] -> mprj/_137109_/D : -0.976506
[hold in-reg] wbs_adr_i[4] -> mprj/_136239_/D : -0.975148
[hold in-reg] wbs_adr_i[4] -> mprj/_135787_/D : -0.974948
[hold in-reg] wbs_adr_i[4] -> mprj/_137214_/D : -0.974105
[hold in-reg] wbs_adr_i[4] -> mprj/_137135_/D : -0.973255
[hold in-reg] wbs_adr_i[4] -> mprj/_136651_/D : -0.973043
[hold in-reg] wbs_adr_i[4] -> mprj/_136360_/D : -0.972570
[hold in-reg] wbs_adr_i[4] -> mprj/_137196_/D : -0.971669
[hold in-reg] wbs_adr_i[4] -> mprj/_136395_/D : -0.970497
[hold in-reg] wbs_adr_i[4] -> mprj/_135792_/D : -0.970393
[hold in-reg] wbs_adr_i[4] -> mprj/_136447_/D : -0.969745
[hold in-reg] wbs_adr_i[4] -> mprj/_137170_/D : -0.969577
[hold in-reg] wbs_adr_i[4] -> mprj/_136201_/D : -0.969332
[hold in-reg] wbs_adr_i[4] -> mprj/_136481_/D : -0.969278
[hold in-reg] wbs_adr_i[4] -> mprj/_137011_/D : -0.969040
[hold in-reg] wbs_adr_i[4] -> mprj/_136938_/D : -0.968893
[hold in-reg] wbs_adr_i[4] -> mprj/_136830_/D : -0.968515
[hold in-reg] wbs_adr_i[4] -> mprj/_136768_/D : -0.968460
[hold in-reg] wbs_adr_i[4] -> mprj/_136139_/D : -0.968317
[hold in-reg] wbs_adr_i[4] -> mprj/_136277_/D : -0.967597
[hold in-reg] wbs_adr_i[4] -> mprj/_137201_/D : -0.967475
[hold in-reg] wbs_adr_i[3] -> mprj/_135973_/D : -0.966521
[hold in-reg] wbs_adr_i[7] -> mprj/_136530_/D : -0.964500
[hold in-reg] wbs_adr_i[4] -> mprj/_137010_/D : -0.964442
[hold in-reg] wbs_adr_i[4] -> mprj/_136471_/D : -0.964359
[hold in-reg] wbs_adr_i[4] -> mprj/_136294_/D : -0.964343
[hold in-reg] wbs_adr_i[4] -> mprj/_136489_/D : -0.964300
[hold in-reg] wbs_adr_i[4] -> mprj/_136660_/D : -0.962586
[hold in-reg] wbs_adr_i[4] -> mprj/_136089_/D : -0.961887
[hold in-reg] wbs_adr_i[4] -> mprj/_136383_/D : -0.960451
[hold in-reg] wbs_adr_i[4] -> mprj/_136189_/D : -0.959974
[hold in-reg] wbs_adr_i[4] -> mprj/_137093_/D : -0.959038
[hold in-reg] wbs_adr_i[4] -> mprj/_136632_/D : -0.958628
[hold in-reg] wbs_adr_i[4] -> mprj/_136687_/D : -0.958554
[hold in-reg] wbs_adr_i[4] -> mprj/_136301_/D : -0.957414
[hold in-reg] wbs_adr_i[4] -> mprj/_136355_/D : -0.956663
[hold in-reg] wbs_adr_i[4] -> mprj/_136373_/D : -0.956494
[hold in-reg] wbs_adr_i[4] -> mprj/_135977_/D : -0.956349
[hold in-reg] wbs_adr_i[4] -> mprj/_137304_/D : -0.953199
[hold in-reg] wbs_adr_i[4] -> mprj/_136835_/D : -0.952559
[hold in-reg] wbs_adr_i[4] -> mprj/_136203_/D : -0.952388
[hold in-reg] wbs_adr_i[4] -> mprj/_136599_/D : -0.950205
[hold in-reg] wbs_adr_i[4] -> mprj/_136789_/D : -0.949641
[hold in-reg] wbs_adr_i[4] -> mprj/_136967_/D : -0.949298
[hold in-reg] wbs_adr_i[4] -> mprj/_136522_/D : -0.948554
[hold in-reg] wbs_adr_i[4] -> mprj/_136232_/D : -0.948419
[hold in-reg] wbs_adr_i[4] -> mprj/_136885_/D : -0.948258
[hold in-reg] wbs_adr_i[4] -> mprj/_137013_/D : -0.947721
[hold in-reg] wbs_adr_i[4] -> mprj/_137251_/D : -0.947505
[hold in-reg] wbs_adr_i[4] -> mprj/_137193_/D : -0.947394
[hold in-reg] wbs_adr_i[4] -> mprj/_135939_/D : -0.946700
[hold in-reg] wbs_adr_i[4] -> mprj/_136406_/D : -0.946567
[hold in-reg] wbs_adr_i[4] -> mprj/_137038_/D : -0.946378
[hold in-reg] wbs_adr_i[4] -> mprj/_136167_/D : -0.946035
[hold in-reg] wbs_adr_i[4] -> mprj/_135794_/D : -0.945692
[hold in-reg] wbs_adr_i[4] -> mprj/_136747_/D : -0.944944
[hold in-reg] wbs_adr_i[4] -> mprj/_135897_/D : -0.944876
[hold in-reg] wbs_adr_i[4] -> mprj/_137227_/D : -0.944849
[hold in-reg] wbs_adr_i[4] -> mprj/_137121_/D : -0.944806
[hold in-reg] wbs_adr_i[4] -> mprj/_137169_/D : -0.944125
[hold in-reg] wbs_adr_i[4] -> mprj/_136978_/D : -0.943944
[hold in-reg] wbs_adr_i[4] -> mprj/_136865_/D : -0.942284
[hold in-reg] wbs_adr_i[4] -> mprj/_137043_/D : -0.942063
[hold in-reg] wbs_adr_i[4] -> mprj/_137185_/D : -0.941778
[hold in-reg] wbs_adr_i[4] -> mprj/_136161_/D : -0.941299
[hold in-reg] wbs_adr_i[4] -> mprj/_136562_/D : -0.940316
[hold in-reg] wbs_adr_i[4] -> mprj/_136653_/D : -0.939509
[hold in-reg] wbs_adr_i[4] -> mprj/_135874_/D : -0.938407
[hold in-reg] wbs_adr_i[4] -> mprj/_136163_/D : -0.938385
[hold in-reg] wbs_adr_i[4] -> mprj/_136226_/D : -0.938230
[hold in-reg] wbs_dat_i[5] -> mprj/_135778_/D : -0.937470
[hold in-reg] wbs_adr_i[4] -> mprj/_136164_/D : -0.936597
[hold in-reg] wbs_adr_i[4] -> mprj/_136937_/D : -0.935762
[hold in-reg] wbs_adr_i[4] -> mprj/_136140_/D : -0.935524
[hold in-reg] wbs_adr_i[4] -> mprj/_137080_/D : -0.934546
[hold in-reg] wbs_adr_i[4] -> mprj/_136606_/D : -0.933489
[hold in-reg] wbs_adr_i[4] -> mprj/_136655_/D : -0.933243
[hold in-reg] wbs_adr_i[4] -> mprj/_136254_/D : -0.933082
[hold in-reg] wbs_adr_i[4] -> mprj/_135805_/D : -0.932524
[hold in-reg] wbs_adr_i[4] -> mprj/_136060_/D : -0.932410
[hold in-reg] wbs_adr_i[4] -> mprj/_136826_/D : -0.932380
[hold in-reg] wbs_adr_i[4] -> mprj/_136023_/D : -0.930673
[hold in-reg] wbs_adr_i[4] -> mprj/_136705_/D : -0.930017
[hold in-reg] wbs_adr_i[4] -> mprj/_137047_/D : -0.929926
[hold in-reg] wbs_adr_i[4] -> mprj/_137202_/D : -0.929844
[hold in-reg] wbs_adr_i[4] -> mprj/_137195_/D : -0.929426
[hold in-reg] wbs_adr_i[4] -> mprj/_137253_/D : -0.929182
[hold in-reg] wbs_adr_i[4] -> mprj/_136106_/D : -0.928015
[hold in-reg] wbs_dat_i[23] -> mprj/_137178_/D : -0.927499
[hold in-reg] wbs_adr_i[4] -> mprj/_136386_/D : -0.927415
[hold in-reg] wbs_adr_i[4] -> mprj/_137008_/D : -0.927225
[hold in-reg] wbs_adr_i[4] -> mprj/_137085_/D : -0.927216
[hold in-reg] wbs_adr_i[4] -> mprj/_136474_/D : -0.926262
[hold in-reg] wbs_adr_i[4] -> mprj/_136726_/D : -0.925662
[hold in-reg] wbs_adr_i[4] -> mprj/_137025_/D : -0.925555
[hold in-reg] wbs_adr_i[4] -> mprj/_135928_/D : -0.925444
[hold in-reg] wbs_adr_i[4] -> mprj/_136085_/D : -0.924980
[hold in-reg] wbs_adr_i[4] -> mprj/_136545_/D : -0.923120
[hold in-reg] wbs_adr_i[4] -> mprj/_136493_/D : -0.923088
[hold in-reg] wbs_adr_i[4] -> mprj/_136997_/D : -0.922451
[hold in-reg] wbs_adr_i[4] -> mprj/_137005_/D : -0.922159
[hold in-reg] wbs_adr_i[4] -> mprj/_135830_/D : -0.921608
[hold in-reg] wbs_adr_i[4] -> mprj/_135933_/D : -0.921188
[hold in-reg] wbs_adr_i[4] -> mprj/_136274_/D : -0.921101
[hold in-reg] wbs_adr_i[4] -> mprj/_136351_/D : -0.920605
[hold in-reg] wbs_adr_i[4] -> mprj/_136960_/D : -0.920527
[hold in-reg] wbs_adr_i[4] -> mprj/_136834_/D : -0.920113
[hold in-reg] wbs_adr_i[4] -> mprj/_135998_/D : -0.919631
[hold in-reg] wbs_adr_i[4] -> mprj/_136565_/D : -0.918954
[hold in-reg] wbs_adr_i[4] -> mprj/_137254_/D : -0.916941
[hold in-reg] wbs_adr_i[4] -> mprj/_136050_/D : -0.916602
[hold in-reg] wbs_adr_i[4] -> mprj/_136034_/D : -0.915771
[hold in-reg] wbs_adr_i[4] -> mprj/_135802_/D : -0.915186
[hold in-reg] wbs_adr_i[4] -> mprj/_135871_/D : -0.914065
[hold in-reg] wbs_adr_i[4] -> mprj/_136777_/D : -0.913997
[hold in-reg] wbs_adr_i[4] -> mprj/_137160_/D : -0.913222
[hold in-reg] wbs_adr_i[4] -> mprj/_136401_/D : -0.911759
[hold in-reg] wbs_adr_i[4] -> mprj/_136205_/D : -0.911606
[hold in-reg] wbs_adr_i[4] -> mprj/_135938_/D : -0.910427
[hold in-reg] wbs_adr_i[4] -> mprj/_136766_/D : -0.909452
[hold in-reg] wbs_adr_i[4] -> mprj/_136037_/D : -0.908878
[hold in-reg] wbs_adr_i[4] -> mprj/_136303_/D : -0.908827
[hold in-reg] wbs_adr_i[4] -> mprj/_136162_/D : -0.908065
[hold in-reg] wbs_adr_i[4] -> mprj/_136963_/D : -0.908036
[hold in-reg] wbs_adr_i[4] -> mprj/_137098_/D : -0.906331
[hold in-reg] wbs_adr_i[4] -> mprj/_136636_/D : -0.906197
[hold in-reg] wbs_adr_i[4] -> mprj/_136052_/D : -0.906194
[hold in-reg] wbs_adr_i[4] -> mprj/_137100_/D : -0.905820
[hold in-reg] wbs_adr_i[4] -> mprj/_136812_/D : -0.904112
[hold in-reg] wbs_adr_i[4] -> mprj/_135839_/D : -0.903905
[hold in-reg] wbs_adr_i[4] -> mprj/_136813_/D : -0.903404
[hold in-reg] wbs_adr_i[4] -> mprj/_136750_/D : -0.902483
[hold in-reg] wbs_adr_i[4] -> mprj/_137045_/D : -0.901811
[hold in-reg] wbs_adr_i[4] -> mprj/_137148_/D : -0.900915
[hold in-reg] wbs_adr_i[4] -> mprj/_136265_/D : -0.900667
[hold in-reg] wbs_adr_i[4] -> mprj/_137262_/D : -0.900665
[hold in-reg] wbs_adr_i[4] -> mprj/_136680_/D : -0.900003
[hold in-reg] wbs_adr_i[4] -> mprj/_136420_/D : -0.899919
[hold in-reg] wbs_adr_i[4] -> mprj/_137205_/D : -0.899838
[hold in-reg] wbs_dat_i[4] -> mprj/_135777_/D : -0.899677
[hold in-reg] wbs_adr_i[4] -> mprj/_135832_/D : -0.899551
[hold in-reg] wbs_adr_i[4] -> mprj/_136879_/D : -0.899245
[hold in-reg] wbs_adr_i[4] -> mprj/_136907_/D : -0.899004
[hold in-reg] wbs_adr_i[4] -> mprj/_137128_/D : -0.898149
[hold in-reg] wbs_adr_i[4] -> mprj/_136722_/D : -0.897985
[hold in-reg] wbs_adr_i[4] -> mprj/_136245_/D : -0.897854
[hold in-reg] wbs_adr_i[4] -> mprj/_136151_/D : -0.897201
[hold in-reg] wbs_adr_i[4] -> mprj/_136344_/D : -0.897098
[hold in-reg] wbs_adr_i[4] -> mprj/_135829_/D : -0.893891
[hold in-reg] wbs_adr_i[4] -> mprj/_136693_/D : -0.893024
[hold in-reg] wbs_adr_i[4] -> mprj/_136513_/D : -0.891979
[hold in-reg] wbs_adr_i[4] -> mprj/_136856_/D : -0.891632
[hold in-reg] wbs_adr_i[4] -> mprj/_136138_/D : -0.891453
[hold in-reg] wbs_adr_i[4] -> mprj/_136957_/D : -0.891351
[hold in-reg] wbs_adr_i[4] -> mprj/_136663_/D : -0.890650
[hold in-reg] wbs_adr_i[4] -> mprj/_135978_/D : -0.890296
[hold in-reg] wbs_adr_i[4] -> mprj/_137239_/D : -0.888416
[hold in-reg] wbs_adr_i[4] -> mprj/_136810_/D : -0.887942
[hold in-reg] wbs_adr_i[4] -> mprj/_135914_/D : -0.887293
[hold in-reg] wbs_adr_i[4] -> mprj/_136898_/D : -0.886520
[hold in-reg] wbs_adr_i[4] -> mprj/_136362_/D : -0.886052
[hold in-reg] wbs_adr_i[4] -> mprj/_137002_/D : -0.885501
[hold in-reg] wbs_adr_i[4] -> mprj/_137144_/D : -0.884655
[hold in-reg] wbs_adr_i[4] -> mprj/_136984_/D : -0.884580
[hold in-reg] wbs_dat_i[23] -> mprj/_136608_/D : -0.883794
[hold in-reg] wbs_adr_i[4] -> mprj/_136266_/D : -0.882058
[hold in-reg] wbs_adr_i[4] -> mprj/_136219_/D : -0.881565
[hold in-reg] wbs_adr_i[4] -> mprj/_137213_/D : -0.880834
[hold in-reg] wbs_adr_i[4] -> mprj/_137122_/D : -0.879540
[hold in-reg] wbs_adr_i[4] -> mprj/_136425_/D : -0.878418
[hold in-reg] wbs_adr_i[4] -> mprj/_136678_/D : -0.876815
[hold in-reg] wbs_adr_i[4] -> mprj/_135991_/D : -0.876033
[hold in-reg] wbs_dat_i[23] -> mprj/_136878_/D : -0.875215
[hold in-reg] wbs_adr_i[4] -> mprj/_137238_/D : -0.875003
[hold in-reg] wbs_adr_i[4] -> mprj/_135849_/D : -0.874305
[hold in-reg] wbs_adr_i[7] -> mprj/_135887_/D : -0.873275
[hold in-reg] wbs_adr_i[4] -> mprj/_136124_/D : -0.873037
[hold in-reg] wbs_adr_i[4] -> mprj/_136377_/D : -0.872682
[hold in-reg] wbs_adr_i[4] -> mprj/_135873_/D : -0.872674
[hold in-reg] wbs_adr_i[4] -> mprj/_137130_/D : -0.872375
[hold in-reg] wbs_adr_i[4] -> mprj/_136317_/D : -0.871721
[hold in-reg] wbs_adr_i[4] -> mprj/_136169_/D : -0.871604
[hold in-reg] wbs_dat_i[23] -> mprj/_136366_/D : -0.871067
[hold in-reg] wbs_adr_i[4] -> mprj/_136315_/D : -0.870441
[hold in-reg] wbs_adr_i[4] -> mprj/_137261_/D : -0.870143
[hold in-reg] wbs_adr_i[4] -> mprj/_136409_/D : -0.869982
[hold in-reg] wbs_adr_i[4] -> mprj/_137057_/D : -0.869530
[hold in-reg] wbs_adr_i[4] -> mprj/_136921_/D : -0.868314
[hold in-reg] wbs_adr_i[4] -> mprj/_135900_/D : -0.867726
[hold in-reg] wbs_adr_i[4] -> mprj/_136070_/D : -0.867574
[hold in-reg] wbs_adr_i[4] -> mprj/_136671_/D : -0.866908
[hold in-reg] wbs_adr_i[4] -> mprj/_135797_/D : -0.866525
[hold in-reg] wbs_adr_i[4] -> mprj/_135796_/D : -0.866115
[hold in-reg] wbs_adr_i[4] -> mprj/_136168_/D : -0.866013
[hold in-reg] wbs_adr_i[4] -> mprj/_135793_/D : -0.865317
[hold in-reg] wbs_adr_i[4] -> mprj/_136690_/D : -0.864885
[hold in-reg] wbs_adr_i[4] -> mprj/_136756_/D : -0.864872
[hold in-reg] wbs_adr_i[4] -> mprj/_137223_/D : -0.864653
[hold in-reg] wbs_adr_i[4] -> mprj/_136753_/D : -0.864445
[hold in-reg] wbs_adr_i[4] -> mprj/_136200_/D : -0.864016
[hold in-reg] wbs_adr_i[4] -> mprj/_136581_/D : -0.863245
[hold in-reg] wbs_adr_i[4] -> mprj/_137250_/D : -0.862904
[hold in-reg] wbs_adr_i[4] -> mprj/_136899_/D : -0.862768
[hold in-reg] wbs_adr_i[4] -> mprj/_136652_/D : -0.862745
[hold in-reg] wbs_dat_i[7] -> mprj/_136804_/D : -0.861917
[hold in-reg] wbs_adr_i[4] -> mprj/_136278_/D : -0.860704
[hold in-reg] wbs_adr_i[4] -> mprj/_137263_/D : -0.860302
[hold in-reg] wbs_adr_i[4] -> mprj/_136943_/D : -0.859806
[hold in-reg] wbs_dat_i[1] -> mprj/_136260_/D : -0.859744
[hold in-reg] wbs_adr_i[4] -> mprj/_136533_/D : -0.859744
[hold in-reg] wbs_adr_i[4] -> mprj/_136873_/D : -0.859450
[hold in-reg] wbs_adr_i[4] -> mprj/_136650_/D : -0.859335
[hold in-reg] wbs_dat_i[24] -> mprj/_137155_/D : -0.859211
[hold in-reg] wbs_adr_i[4] -> mprj/_137268_/D : -0.858739
[hold in-reg] wbs_adr_i[4] -> mprj/_135947_/D : -0.858606
[hold in-reg] wbs_adr_i[4] -> mprj/_136717_/D : -0.858378
[hold in-reg] wbs_adr_i[4] -> mprj/_136119_/D : -0.858283
[hold in-reg] wbs_adr_i[4] -> mprj/_136645_/D : -0.858067
[hold in-reg] wbs_adr_i[4] -> mprj/_137236_/D : -0.856860
[hold in-reg] wbs_adr_i[4] -> mprj/_135850_/D : -0.856123
[hold in-reg] wbs_adr_i[4] -> mprj/_136390_/D : -0.856049
[hold in-reg] wbs_adr_i[2] -> mprj/_136227_/D : -0.855858
[hold in-reg] wbs_adr_i[7] -> mprj/_136399_/D : -0.855386
[hold in-reg] wbs_adr_i[4] -> mprj/_135929_/D : -0.854003
[hold in-reg] wbs_adr_i[4] -> mprj/_135959_/D : -0.853489
[hold in-reg] wbs_adr_i[4] -> mprj/_136334_/D : -0.853357
[hold in-reg] wbs_adr_i[4] -> mprj/_137084_/D : -0.851921
[hold in-reg] wbs_adr_i[4] -> mprj/_136253_/D : -0.851222
[hold in-reg] wbs_adr_i[4] -> mprj/_136773_/D : -0.851216
[hold in-reg] wbs_adr_i[4] -> mprj/_136215_/D : -0.851033
[hold in-reg] wbs_adr_i[4] -> mprj/_136790_/D : -0.850885
[hold in-reg] wbs_adr_i[4] -> mprj/_137280_/D : -0.850371
[hold in-reg] wbs_dat_i[27] -> mprj/_136882_/D : -0.849596
[hold in-reg] wbs_adr_i[4] -> mprj/_136558_/D : -0.848808
[hold in-reg] wbs_adr_i[4] -> mprj/_136783_/D : -0.848568
[hold in-reg] wbs_adr_i[4] -> mprj/_136498_/D : -0.848102
[hold in-reg] wbs_dat_i[1] -> mprj/_136772_/D : -0.847992
[hold in-reg] wbs_adr_i[4] -> mprj/_137012_/D : -0.846861
[hold in-reg] wbs_adr_i[4] -> mprj/_136064_/D : -0.846365
[hold in-reg] wbs_adr_i[4] -> mprj/_137199_/D : -0.846317
[hold in-reg] wbs_adr_i[3] -> mprj/_136486_/D : -0.846011
[hold in-reg] wbs_adr_i[4] -> mprj/_136246_/D : -0.845935
[hold in-reg] wbs_adr_i[4] -> mprj/_137110_/D : -0.845859
[hold in-reg] wbs_adr_i[4] -> mprj/_137206_/D : -0.845761
[hold in-reg] wbs_adr_i[4] -> mprj/_136861_/D : -0.844908
[hold in-reg] wbs_adr_i[4] -> mprj/_136389_/D : -0.844805
[hold in-reg] wbs_adr_i[4] -> mprj/_136501_/D : -0.844784
[hold in-reg] wbs_adr_i[4] -> mprj/_136727_/D : -0.844617
[hold in-reg] wbs_adr_i[4] -> mprj/_136948_/D : -0.844602
[hold in-reg] wbs_adr_i[4] -> mprj/_136459_/D : -0.843938
[hold in-reg] wbs_adr_i[4] -> mprj/_136297_/D : -0.843830
[hold in-reg] wbs_adr_i[4] -> mprj/_136725_/D : -0.843318
[hold in-reg] wbs_adr_i[4] -> mprj/_136202_/D : -0.842856
[hold in-reg] wbs_adr_i[4] -> mprj/_137112_/D : -0.842110
[hold in-reg] wbs_adr_i[4] -> mprj/_136897_/D : -0.842063
[hold in-reg] wbs_adr_i[4] -> mprj/_137310_/D : -0.841475
[hold in-reg] wbs_adr_i[4] -> mprj/_135803_/D : -0.841320
[hold in-reg] wbs_dat_i[23] -> mprj/_136190_/D : -0.841203
[hold in-reg] wbs_dat_i[24] -> mprj/_136643_/D : -0.841131
[hold in-reg] wbs_adr_i[4] -> mprj/_137071_/D : -0.840882
[hold in-reg] wbs_adr_i[4] -> mprj/_136441_/D : -0.840750
[hold in-reg] wbs_adr_i[4] -> mprj/_135903_/D : -0.840700
[hold in-reg] wbs_adr_i[4] -> mprj/_136431_/D : -0.840549
[hold in-reg] wbs_adr_i[4] -> mprj/_136630_/D : -0.840402
[hold in-reg] wbs_adr_i[4] -> mprj/_136951_/D : -0.840117
[hold in-reg] wbs_adr_i[4] -> mprj/_136681_/D : -0.840030
[hold in-reg] wbs_adr_i[4] -> mprj/_137247_/D : -0.840029
[hold in-reg] wbs_adr_i[4] -> mprj/_136902_/D : -0.839859
[hold in-reg] wbs_adr_i[4] -> mprj/_136426_/D : -0.839711
[hold in-reg] wbs_adr_i[4] -> mprj/_136191_/D : -0.839298
[hold in-reg] wbs_adr_i[4] -> mprj/_135822_/D : -0.839172
[hold in-reg] wbs_adr_i[4] -> mprj/_135926_/D : -0.838860
[hold in-reg] wbs_adr_i[4] -> mprj/_137162_/D : -0.838778
[hold in-reg] wbs_adr_i[4] -> mprj/_136712_/D : -0.838647
[hold in-reg] wbs_adr_i[4] -> mprj/_136391_/D : -0.838389
[hold in-reg] wbs_adr_i[4] -> mprj/_136648_/D : -0.838206
[hold in-reg] wbs_adr_i[4] -> mprj/_136421_/D : -0.837666
[hold in-reg] wbs_adr_i[4] -> mprj/_135886_/D : -0.837180
[hold in-reg] wbs_adr_i[4] -> mprj/_135790_/D : -0.837106
[hold in-reg] wbs_adr_i[4] -> mprj/_136500_/D : -0.836738
[hold in-reg] wbs_adr_i[4] -> mprj/_136679_/D : -0.836082
[hold in-reg] wbs_adr_i[4] -> mprj/_137302_/D : -0.835887
[hold in-reg] wbs_adr_i[4] -> mprj/_136415_/D : -0.835724
[hold in-reg] wbs_adr_i[4] -> mprj/_135988_/D : -0.835557
[hold in-reg] wbs_adr_i[4] -> mprj/_136587_/D : -0.835176
[hold in-reg] wbs_dat_i[1] -> mprj/_137188_/D : -0.833740
[hold in-reg] wbs_adr_i[4] -> mprj/_137072_/D : -0.832344
[hold in-reg] wbs_adr_i[4] -> mprj/_135791_/D : -0.831564
[hold in-reg] wbs_adr_i[4] -> mprj/_137282_/D : -0.830889
[hold in-reg] wbs_adr_i[4] -> mprj/_136046_/D : -0.830302
[hold in-reg] wbs_adr_i[4] -> mprj/_136764_/D : -0.829539
[hold in-reg] wbs_adr_i[3] -> mprj/_136372_/D : -0.829518
[hold in-reg] wbs_adr_i[4] -> mprj/_136889_/D : -0.829502
[hold in-reg] wbs_adr_i[4] -> mprj/_136840_/D : -0.828747
[hold in-reg] wbs_adr_i[4] -> mprj/_137222_/D : -0.827940
[hold in-reg] wbs_adr_i[4] -> mprj/_136213_/D : -0.827605
[hold in-reg] wbs_adr_i[4] -> mprj/_136858_/D : -0.826873
[hold in-reg] wbs_adr_i[4] -> mprj/_135789_/D : -0.826211
[hold in-reg] wbs_adr_i[4] -> mprj/_136839_/D : -0.826077
[hold in-reg] wbs_adr_i[4] -> mprj/_137042_/D : -0.826028
[hold in-reg] wbs_adr_i[4] -> mprj/_137252_/D : -0.824637
[hold in-reg] wbs_adr_i[4] -> mprj/_136035_/D : -0.824381
[hold in-reg] wbs_adr_i[4] -> mprj/_136166_/D : -0.823819
[hold in-reg] wbs_adr_i[4] -> mprj/_136866_/D : -0.823697
[hold in-reg] wbs_adr_i[4] -> mprj/_136779_/D : -0.823582
[hold in-reg] wbs_adr_i[4] -> mprj/_135943_/D : -0.822946
[hold in-reg] wbs_adr_i[4] -> mprj/_136644_/D : -0.822462
[hold in-reg] wbs_adr_i[4] -> mprj/_136394_/D : -0.822446
[hold in-reg] wbs_dat_i[24] -> mprj/_136371_/D : -0.822142
[hold in-reg] wbs_adr_i[4] -> mprj/_136901_/D : -0.822116
[hold in-reg] wbs_adr_i[4] -> mprj/_136031_/D : -0.821897
[hold in-reg] wbs_adr_i[4] -> mprj/_136150_/D : -0.820353
[hold in-reg] wbs_adr_i[4] -> mprj/_136495_/D : -0.819891
[hold in-reg] wbs_adr_i[4] -> mprj/_136749_/D : -0.819714
[hold in-reg] wbs_adr_i[4] -> mprj/_135817_/D : -0.819561
[hold in-reg] wbs_adr_i[4] -> mprj/_136271_/D : -0.819221
[hold in-reg] wbs_adr_i[4] -> mprj/_136600_/D : -0.818888
[hold in-reg] wbs_dat_i[23] -> mprj/_136160_/D : -0.818665
[hold in-reg] wbs_adr_i[4] -> mprj/_136662_/D : -0.818202
[hold in-reg] wbs_adr_i[4] -> mprj/_136361_/D : -0.817928
[hold in-reg] wbs_adr_i[4] -> mprj/_136554_/D : -0.817625
[hold in-reg] wbs_adr_i[4] -> mprj/_135949_/D : -0.816650
[hold in-reg] wbs_adr_i[4] -> mprj/_137171_/D : -0.816372
[hold in-reg] wbs_adr_i[4] -> mprj/_136354_/D : -0.816242
[hold in-reg] wbs_adr_i[4] -> mprj/_136860_/D : -0.816241
[hold in-reg] wbs_adr_i[4] -> mprj/_136641_/D : -0.815940
[hold in-reg] wbs_dat_i[27] -> mprj/_135986_/D : -0.814498
[hold in-reg] wbs_adr_i[4] -> mprj/_136919_/D : -0.814460
[hold in-reg] wbs_adr_i[4] -> mprj/_135785_/D : -0.814373
[hold in-reg] wbs_adr_i[4] -> mprj/_136765_/D : -0.813302
[hold in-reg] wbs_adr_i[4] -> mprj/_136543_/D : -0.812892
[hold in-reg] wbs_dat_i[23] -> mprj/_137086_/D : -0.812501
[hold in-reg] wbs_adr_i[4] -> mprj/_136557_/D : -0.812103
[hold in-reg] wbs_adr_i[4] -> mprj/_136927_/D : -0.811318
[hold in-reg] wbs_adr_i[4] -> mprj/_136982_/D : -0.810300
[hold in-reg] wbs_adr_i[4] -> mprj/_136090_/D : -0.810049
[hold in-reg] wbs_adr_i[4] -> mprj/_136519_/D : -0.808375
[hold in-reg] wbs_adr_i[4] -> mprj/_137285_/D : -0.808066
[hold in-reg] wbs_adr_i[4] -> mprj/_135927_/D : -0.808059
[hold in-reg] wbs_adr_i[4] -> mprj/_136547_/D : -0.808059
[hold in-reg] wbs_adr_i[4] -> mprj/_136412_/D : -0.806700
[hold in-reg] wbs_adr_i[4] -> mprj/_136874_/D : -0.806568
[hold in-reg] wbs_adr_i[4] -> mprj/_136737_/D : -0.806462
[hold in-reg] wbs_adr_i[4] -> mprj/_136877_/D : -0.805495
[hold in-reg] wbs_adr_i[4] -> mprj/_136429_/D : -0.804761
[hold in-reg] wbs_adr_i[4] -> mprj/_136966_/D : -0.804589
[hold in-reg] wbs_adr_i[4] -> mprj/_135942_/D : -0.803920
[hold in-reg] wbs_adr_i[4] -> mprj/_136559_/D : -0.803594
[hold in-reg] wbs_adr_i[4] -> mprj/_135934_/D : -0.802761
[hold in-reg] wbs_adr_i[4] -> mprj/_136225_/D : -0.802560
[hold in-reg] wbs_adr_i[4] -> mprj/_135983_/D : -0.802424
[hold in-reg] wbs_adr_i[4] -> mprj/_136875_/D : -0.802340
[hold in-reg] wbs_adr_i[4] -> mprj/_137309_/D : -0.801469
[hold in-reg] wbs_adr_i[4] -> mprj/_136342_/D : -0.800942
[hold in-reg] wbs_adr_i[4] -> mprj/_136047_/D : -0.800020
[hold in-reg] wbs_adr_i[4] -> mprj/_137186_/D : -0.799783
[hold in-reg] wbs_adr_i[5] -> mprj/_135990_/D : -0.799305
[hold in-reg] wbs_adr_i[4] -> mprj/_136252_/D : -0.799229
[hold in-reg] wbs_adr_i[2] -> mprj/_137187_/D : -0.799082
[hold in-reg] wbs_adr_i[4] -> mprj/_137165_/D : -0.798549
[hold in-reg] wbs_adr_i[4] -> mprj/_136932_/D : -0.798453
[hold in-reg] wbs_adr_i[4] -> mprj/_135953_/D : -0.798179
[hold in-reg] wbs_adr_i[4] -> mprj/_136439_/D : -0.797064
[hold in-reg] wbs_adr_i[4] -> mprj/_136674_/D : -0.796132
[hold in-reg] wbs_adr_i[4] -> mprj/_135950_/D : -0.796075
[hold in-reg] wbs_adr_i[4] -> mprj/_135945_/D : -0.795415
[hold in-reg] wbs_adr_i[4] -> mprj/_136894_/D : -0.794254
[hold in-reg] wbs_adr_i[4] -> mprj/_136819_/D : -0.794030
[hold in-reg] wbs_adr_i[4] -> mprj/_136888_/D : -0.793858
[hold in-reg] wbs_adr_i[4] -> mprj/_136446_/D : -0.793608
[hold in-reg] wbs_adr_i[4] -> mprj/_136184_/D : -0.793075
[hold in-reg] wbs_adr_i[4] -> mprj/_137001_/D : -0.792575
[hold in-reg] wbs_adr_i[4] -> mprj/_136154_/D : -0.792451
[hold in-reg] wbs_adr_i[4] -> mprj/_136942_/D : -0.791906
[hold in-reg] wbs_dat_i[23] -> mprj/_136096_/D : -0.790569
[hold in-reg] wbs_adr_i[4] -> mprj/_136958_/D : -0.787950
[hold in-reg] wbs_adr_i[4] -> mprj/_136398_/D : -0.787226
[hold in-reg] wbs_adr_i[4] -> mprj/_136743_/D : -0.787226
[hold in-reg] wbs_adr_i[3] -> mprj/_136852_/D : -0.786842
[hold in-reg] wbs_adr_i[4] -> mprj/_136931_/D : -0.786649
[hold in-reg] wbs_adr_i[4] -> mprj/_136000_/D : -0.785303
[hold in-reg] wbs_adr_i[4] -> mprj/_136767_/D : -0.785064
[hold in-reg] wbs_adr_i[4] -> mprj/_137070_/D : -0.784862
[hold in-reg] wbs_adr_i[4] -> mprj/_136470_/D : -0.784725
[hold in-reg] wbs_adr_i[4] -> mprj/_136126_/D : -0.783527
[hold in-reg] wbs_adr_i[4] -> mprj/_136845_/D : -0.783001
[hold in-reg] wbs_adr_i[4] -> mprj/_136593_/D : -0.782483
[hold in-reg] wbs_dat_i[24] -> mprj/_136131_/D : -0.781304
[hold in-reg] wbs_adr_i[4] -> mprj/_137023_/D : -0.778567
[hold in-reg] wbs_adr_i[4] -> mprj/_136672_/D : -0.778193
[hold in-reg] wbs_adr_i[4] -> mprj/_136642_/D : -0.777802
[hold in-reg] wbs_dat_i[4] -> mprj/_136741_/D : -0.777771
[hold in-reg] wbs_adr_i[4] -> mprj/_136876_/D : -0.777411
[hold in-reg] wbs_adr_i[4] -> mprj/_136757_/D : -0.776550
[hold in-reg] wbs_adr_i[4] -> mprj/_136353_/D : -0.776151
[hold in-reg] wbs_adr_i[4] -> mprj/_137117_/D : -0.776104
[hold in-reg] wbs_adr_i[4] -> mprj/_136980_/D : -0.775795
[hold in-reg] wbs_adr_i[4] -> mprj/_137052_/D : -0.775554
[hold in-reg] wbs_adr_i[4] -> mprj/_136694_/D : -0.774785
[hold in-reg] wbs_adr_i[4] -> mprj/_135951_/D : -0.774543
[hold in-reg] wbs_adr_i[4] -> mprj/_135989_/D : -0.774477
[hold in-reg] wbs_adr_i[4] -> mprj/_136041_/D : -0.773469
[hold in-reg] wbs_adr_i[4] -> mprj/_136714_/D : -0.771681
[hold in-reg] wbs_adr_i[4] -> mprj/_136214_/D : -0.769954
[hold in-reg] wbs_adr_i[4] -> mprj/_136775_/D : -0.768774
[hold in-reg] wbs_adr_i[4] -> mprj/_136887_/D : -0.768129
[hold in-reg] wbs_adr_i[4] -> mprj/_135917_/D : -0.767791
[hold in-reg] wbs_adr_i[4] -> mprj/_136846_/D : -0.767561
[hold in-reg] wbs_adr_i[4] -> mprj/_137059_/D : -0.767447
[hold in-reg] wbs_adr_i[4] -> mprj/_136880_/D : -0.766836
[hold in-reg] wbs_adr_i[7] -> mprj/_136249_/D : -0.766555
[hold in-reg] wbs_adr_i[4] -> mprj/_136588_/D : -0.766407
[hold in-reg] wbs_adr_i[4] -> mprj/_137113_/D : -0.766245
[hold in-reg] wbs_dat_i[23] -> mprj/_136218_/D : -0.765738
[hold in-reg] wbs_adr_i[4] -> mprj/_136618_/D : -0.765525
[hold in-reg] wbs_adr_i[4] -> mprj/_136042_/D : -0.763244
[hold in-reg] wbs_adr_i[4] -> mprj/_136207_/D : -0.761807
[hold in-reg] wbs_adr_i[3] -> mprj/_136933_/D : -0.761756
[hold in-reg] wbs_adr_i[4] -> mprj/_137152_/D : -0.760974
[hold in-reg] wbs_adr_i[4] -> mprj/_135875_/D : -0.760206
[hold in-reg] wbs_adr_i[4] -> mprj/_136822_/D : -0.759421
[hold in-reg] wbs_adr_i[4] -> mprj/_137164_/D : -0.759147
[hold in-reg] wbs_adr_i[4] -> mprj/_137105_/D : -0.758530
[hold in-reg] wbs_adr_i[4] -> mprj/_136862_/D : -0.758042
[hold in-reg] wbs_adr_i[4] -> mprj/_137066_/D : -0.757545
[hold in-reg] wbs_adr_i[4] -> mprj/_137132_/D : -0.757465
[hold in-reg] wbs_adr_i[4] -> mprj/_136392_/D : -0.757359
[hold in-reg] wbs_adr_i[4] -> mprj/_137024_/D : -0.757295
[hold in-reg] wbs_adr_i[4] -> mprj/_135932_/D : -0.756962
[hold in-reg] wbs_adr_i[4] -> mprj/_137233_/D : -0.756825
[hold in-reg] wbs_adr_i[4] -> mprj/_136223_/D : -0.756063
[hold in-reg] wbs_adr_i[4] -> mprj/_136635_/D : -0.755505
[hold in-reg] wbs_adr_i[4] -> mprj/_137269_/D : -0.754097
[hold in-reg] wbs_dat_i[22] -> mprj/_136549_/D : -0.754032
[hold in-reg] wbs_adr_i[4] -> mprj/_136110_/D : -0.753066
[hold in-reg] wbs_adr_i[4] -> mprj/_136702_/D : -0.752610
[hold in-reg] wbs_adr_i[4] -> mprj/_136886_/D : -0.752495
[hold in-reg] wbs_adr_i[4] -> mprj/_136187_/D : -0.752493
[hold in-reg] wbs_adr_i[7] -> mprj/_136755_/D : -0.750299
[hold in-reg] wbs_adr_i[4] -> mprj/_135885_/D : -0.750177
[hold in-reg] wbs_adr_i[4] -> mprj/_136868_/D : -0.749580
[hold in-reg] wbs_adr_i[4] -> mprj/_135858_/D : -0.749050
[hold in-reg] wbs_adr_i[4] -> mprj/_136485_/D : -0.748886
[hold in-reg] wbs_adr_i[4] -> mprj/_136910_/D : -0.748207
[hold in-reg] wbs_adr_i[4] -> mprj/_137114_/D : -0.747995
[hold in-reg] wbs_adr_i[4] -> mprj/_135918_/D : -0.747582
[hold in-reg] wbs_adr_i[4] -> mprj/_136454_/D : -0.746282
[hold in-reg] wbs_adr_i[4] -> mprj/_137291_/D : -0.746248
[hold in-reg] wbs_adr_i[4] -> mprj/_137184_/D : -0.746082
[hold in-reg] wbs_adr_i[4] -> mprj/_137183_/D : -0.745756
[hold in-reg] wbs_adr_i[4] -> mprj/_136082_/D : -0.745629
[hold in-reg] wbs_adr_i[4] -> mprj/_136419_/D : -0.744589
[hold in-reg] wbs_adr_i[4] -> mprj/_136176_/D : -0.744192
[hold in-reg] wbs_adr_i[4] -> mprj/_136325_/D : -0.742982
[hold in-reg] wbs_adr_i[4] -> mprj/_136122_/D : -0.742799
[hold in-reg] wbs_adr_i[4] -> mprj/_137270_/D : -0.741984
[hold in-reg] wbs_adr_i[4] -> mprj/_137046_/D : -0.741395
[hold in-reg] wbs_adr_i[4] -> mprj/_135982_/D : -0.741324
[hold in-reg] wbs_adr_i[4] -> mprj/_136689_/D : -0.741221
[hold in-reg] wbs_dat_i[23] -> mprj/_137266_/D : -0.740728
[hold in-reg] wbs_adr_i[4] -> mprj/_136397_/D : -0.740071
[hold in-reg] wbs_adr_i[4] -> mprj/_136286_/D : -0.739964
[hold in-reg] wbs_adr_i[4] -> mprj/_135843_/D : -0.738749
[hold in-reg] wbs_adr_i[4] -> mprj/_136268_/D : -0.737657
[hold in-reg] wbs_adr_i[4] -> mprj/_135836_/D : -0.737572
[hold in-reg] wbs_adr_i[4] -> mprj/_135862_/D : -0.737038
[hold in-reg] wbs_adr_i[4] -> mprj/_136457_/D : -0.736439
[hold in-reg] wbs_adr_i[4] -> mprj/_135889_/D : -0.735797
[hold in-reg] wbs_adr_i[4] -> mprj/_136209_/D : -0.735403
[hold in-reg] wbs_adr_i[4] -> mprj/_137174_/D : -0.734500
[hold in-reg] wbs_adr_i[4] -> mprj/_136540_/D : -0.734096
[hold in-reg] wbs_adr_i[4] -> mprj/_136584_/D : -0.733864
[hold in-reg] wbs_adr_i[4] -> mprj/_137068_/D : -0.732862
[hold in-reg] wbs_adr_i[4] -> mprj/_136348_/D : -0.732839
[hold in-reg] wbs_adr_i[4] -> mprj/_136194_/D : -0.732665
[hold in-reg] wbs_adr_i[4] -> mprj/_135944_/D : -0.732284
[hold in-reg] wbs_adr_i[4] -> mprj/_136240_/D : -0.731858
[hold in-reg] wbs_adr_i[3] -> mprj/_137157_/D : -0.731738
[hold in-reg] wbs_adr_i[4] -> mprj/_136758_/D : -0.730178
[hold in-reg] wbs_adr_i[4] -> mprj/_136969_/D : -0.730062
[hold in-reg] wbs_adr_i[4] -> mprj/_136333_/D : -0.729599
[hold in-reg] wbs_adr_i[4] -> mprj/_136145_/D : -0.729242
[hold in-reg] wbs_adr_i[4] -> mprj/_137154_/D : -0.728630
[hold in-reg] wbs_adr_i[4] -> mprj/_136993_/D : -0.728424
[hold in-reg] wbs_adr_i[4] -> mprj/_136340_/D : -0.728206
[hold in-reg] wbs_adr_i[4] -> mprj/_136817_/D : -0.728021
[hold in-reg] wbs_adr_i[4] -> mprj/_136735_/D : -0.727777
[hold in-reg] wbs_adr_i[4] -> mprj/_137026_/D : -0.727443
[hold in-reg] wbs_adr_i[4] -> mprj/_136142_/D : -0.727354
[hold in-reg] wbs_adr_i[4] -> mprj/_135984_/D : -0.726494
[hold in-reg] wbs_adr_i[4] -> mprj/_137191_/D : -0.725868
[hold in-reg] wbs_adr_i[4] -> mprj/_136478_/D : -0.724358
[hold in-reg] wbs_adr_i[4] -> mprj/_136020_/D : -0.724197
[hold in-reg] wbs_adr_i[4] -> mprj/_136925_/D : -0.724048
[hold in-reg] wbs_adr_i[4] -> mprj/_136638_/D : -0.723842
[hold in-reg] wbs_adr_i[4] -> mprj/_136095_/D : -0.722668
[hold in-reg] wbs_adr_i[4] -> mprj/_137006_/D : -0.722032
[hold in-reg] wbs_dat_i[24] -> mprj/_135923_/D : -0.721372
[hold in-reg] wbs_adr_i[4] -> mprj/_135921_/D : -0.720994
[hold in-reg] wbs_adr_i[4] -> mprj/_136310_/D : -0.720903
[hold in-reg] wbs_adr_i[4] -> mprj/_136683_/D : -0.720683
[hold in-reg] wbs_adr_i[7] -> mprj/_137145_/D : -0.720251
[hold in-reg] wbs_adr_i[4] -> mprj/_136699_/D : -0.720115
[hold in-reg] wbs_adr_i[4] -> mprj/_136688_/D : -0.718075
[hold in-reg] wbs_adr_i[4] -> mprj/_136676_/D : -0.717388
[hold in-reg] wbs_adr_i[4] -> mprj/_137014_/D : -0.716167
[hold in-reg] wbs_adr_i[4] -> mprj/_136374_/D : -0.715932
[hold in-reg] wbs_adr_i[4] -> mprj/_135848_/D : -0.715680
[hold in-reg] wbs_adr_i[4] -> mprj/_136884_/D : -0.715636
[hold in-reg] wbs_adr_i[4] -> mprj/_136424_/D : -0.715221
[hold in-reg] wbs_adr_i[4] -> mprj/_136012_/D : -0.715209
[hold in-reg] wbs_adr_i[4] -> mprj/_135856_/D : -0.713968
[hold in-reg] wbs_adr_i[4] -> mprj/_137149_/D : -0.713627
[hold in-reg] wbs_adr_i[7] -> mprj/_136157_/D : -0.713416
[hold in-reg] wbs_adr_i[4] -> mprj/_136284_/D : -0.713220
[hold in-reg] wbs_adr_i[4] -> mprj/_136637_/D : -0.712643
[hold in-reg] wbs_adr_i[4] -> mprj/_135820_/D : -0.712513
[hold in-reg] wbs_adr_i[4] -> mprj/_136675_/D : -0.712223
[hold in-reg] wbs_adr_i[4] -> mprj/_135967_/D : -0.711724
[hold in-reg] wbs_adr_i[4] -> mprj/_136620_/D : -0.711173
[hold in-reg] wbs_adr_i[4] -> mprj/_136896_/D : -0.711123
[hold in-reg] wbs_adr_i[4] -> mprj/_137212_/D : -0.710481
[hold in-reg] wbs_adr_i[4] -> mprj/_136468_/D : -0.709433
[hold in-reg] wbs_adr_i[4] -> mprj/_136108_/D : -0.708614
[hold in-reg] wbs_adr_i[4] -> mprj/_136002_/D : -0.708424
[hold in-reg] wbs_adr_i[4] -> mprj/_136430_/D : -0.708361
[hold in-reg] wbs_dat_i[24] -> mprj/_135891_/D : -0.707757
[hold in-reg] wbs_adr_i[4] -> mprj/_136384_/D : -0.707381
[hold in-reg] wbs_adr_i[4] -> mprj/_136072_/D : -0.706200
[hold in-reg] wbs_adr_i[4] -> mprj/_136575_/D : -0.706127
[hold in-reg] wbs_adr_i[4] -> mprj/_136007_/D : -0.704893
[hold in-reg] wbs_adr_i[4] -> mprj/_135941_/D : -0.704013
[hold in-reg] wbs_adr_i[4] -> mprj/_136634_/D : -0.703164
[hold in-reg] wbs_adr_i[4] -> mprj/_136141_/D : -0.702833
[hold in-reg] wbs_adr_i[4] -> mprj/_137101_/D : -0.702363
[hold in-reg] wbs_adr_i[4] -> mprj/_137116_/D : -0.702168
[hold in-reg] wbs_adr_i[4] -> mprj/_137182_/D : -0.701941
[hold in-reg] wbs_adr_i[4] -> mprj/_136387_/D : -0.701839
[hold in-reg] wbs_adr_i[4] -> mprj/_137150_/D : -0.699934
[hold in-reg] wbs_adr_i[4] -> mprj/_136006_/D : -0.699324
[hold in-reg] wbs_adr_i[4] -> mprj/_136691_/D : -0.699066
[hold in-reg] wbs_adr_i[4] -> mprj/_136221_/D : -0.698218
[hold in-reg] wbs_adr_i[4] -> mprj/_136256_/D : -0.697948
[hold in-reg] wbs_adr_i[4] -> mprj/_136158_/D : -0.697755
[hold in-reg] wbs_adr_i[4] -> mprj/_135821_/D : -0.697726
[hold in-reg] wbs_adr_i[4] -> mprj/_136594_/D : -0.697669
[hold in-reg] wbs_adr_i[4] -> mprj/_135905_/D : -0.696698
[hold in-reg] wbs_adr_i[4] -> mprj/_136677_/D : -0.695865
[hold in-reg] wbs_adr_i[4] -> mprj/_136534_/D : -0.695341
[hold in-reg] wbs_dat_i[1] -> mprj/_136708_/D : -0.694692
[hold in-reg] wbs_adr_i[4] -> mprj/_137226_/D : -0.694494
[hold in-reg] wbs_adr_i[4] -> mprj/_135824_/D : -0.694436
[hold in-reg] wbs_adr_i[4] -> mprj/_136796_/D : -0.694301
[hold in-reg] wbs_adr_i[4] -> mprj/_136607_/D : -0.693931
[hold in-reg] wbs_adr_i[4] -> mprj/_135912_/D : -0.693923
[hold in-reg] wbs_adr_i[4] -> mprj/_135842_/D : -0.693839
[hold in-reg] wbs_adr_i[4] -> mprj/_136220_/D : -0.693291
[hold in-reg] wbs_adr_i[4] -> mprj/_136309_/D : -0.692634
[hold in-reg] wbs_adr_i[4] -> mprj/_137106_/D : -0.692139
[hold in-reg] wbs_dat_i[24] -> mprj/_136435_/D : -0.691909
[hold in-reg] wbs_adr_i[4] -> mprj/_136014_/D : -0.691828
[hold in-reg] wbs_adr_i[4] -> mprj/_135788_/D : -0.691353
[hold in-reg] wbs_adr_i[4] -> mprj/_136118_/D : -0.689920
[hold in-reg] wbs_adr_i[7] -> mprj/_136669_/D : -0.689862
[hold in-reg] wbs_adr_i[7] -> mprj/_136279_/D : -0.689480
[hold in-reg] wbs_adr_i[4] -> mprj/_137036_/D : -0.689079
[hold in-reg] wbs_adr_i[7] -> mprj/_135795_/D : -0.688991
[hold in-reg] wbs_adr_i[4] -> mprj/_136542_/D : -0.688487
[hold in-reg] wbs_adr_i[4] -> mprj/_136054_/D : -0.687970
[hold in-reg] wbs_dat_i[7] -> mprj/_135844_/D : -0.687540
[hold in-reg] wbs_adr_i[4] -> mprj/_136831_/D : -0.687002
[hold in-reg] wbs_adr_i[4] -> mprj/_136780_/D : -0.686367
[hold in-reg] wbs_adr_i[4] -> mprj/_136909_/D : -0.686312
[hold in-reg] wbs_adr_i[4] -> mprj/_136463_/D : -0.686247
[hold in-reg] wbs_adr_i[4] -> mprj/_136801_/D : -0.685678
[hold in-reg] wbs_adr_i[4] -> mprj/_136148_/D : -0.684953
[hold in-reg] wbs_adr_i[4] -> mprj/_136053_/D : -0.684054
[hold in-reg] wbs_adr_i[4] -> mprj/_136622_/D : -0.683051
[hold in-reg] wbs_adr_i[4] -> mprj/_136748_/D : -0.682584
[hold in-reg] wbs_adr_i[7] -> mprj/_137267_/D : -0.682560
[hold in-reg] wbs_adr_i[4] -> mprj/_136844_/D : -0.682438
[hold in-reg] wbs_adr_i[4] -> mprj/_135882_/D : -0.680457
[hold in-reg] wbs_adr_i[4] -> mprj/_137200_/D : -0.680219
[hold in-reg] wbs_adr_i[4] -> mprj/_135823_/D : -0.679977
[hold in-reg] wbs_adr_i[4] -> mprj/_135992_/D : -0.679300
[hold in-reg] wbs_adr_i[4] -> mprj/_135979_/D : -0.678776
[hold in-reg] wbs_adr_i[4] -> mprj/_137292_/D : -0.677791
[hold in-reg] wbs_adr_i[4] -> mprj/_136172_/D : -0.677336
[hold in-reg] wbs_adr_i[4] -> mprj/_137147_/D : -0.676325
[hold in-reg] wbs_adr_i[4] -> mprj/_136407_/D : -0.675710
[hold in-reg] wbs_adr_i[4] -> mprj/_135969_/D : -0.675614
[hold in-reg] wbs_adr_i[4] -> mprj/_136236_/D : -0.675490
[hold in-reg] wbs_adr_i[4] -> mprj/_137030_/D : -0.674903
[hold in-reg] wbs_adr_i[4] -> mprj/_136536_/D : -0.674725
[hold in-reg] wbs_adr_i[4] -> mprj/_136952_/D : -0.674092
[hold in-reg] wbs_adr_i[4] -> mprj/_136597_/D : -0.673654
[hold in-reg] wbs_adr_i[4] -> mprj/_136647_/D : -0.673349
[hold in-reg] wbs_adr_i[4] -> mprj/_136553_/D : -0.672609
[hold in-reg] wbs_dat_i[23] -> mprj/_136456_/D : -0.672553
[hold in-reg] wbs_adr_i[4] -> mprj/_136465_/D : -0.672109
[hold in-reg] wbs_adr_i[4] -> mprj/_136809_/D : -0.671996
[hold in-reg] wbs_adr_i[4] -> mprj/_137237_/D : -0.670949
[hold in-reg] wbs_adr_i[4] -> mprj/_136577_/D : -0.670715
[hold in-reg] wbs_adr_i[4] -> mprj/_135962_/D : -0.670704
[hold in-reg] wbs_adr_i[4] -> mprj/_136784_/D : -0.669814
[hold in-reg] wbs_adr_i[4] -> mprj/_136797_/D : -0.669340
[hold in-reg] wbs_adr_i[4] -> mprj/_136125_/D : -0.666390
[hold in-reg] wbs_adr_i[4] -> mprj/_136752_/D : -0.665483
[hold in-reg] wbs_adr_i[4] -> mprj/_136823_/D : -0.664664
[hold in-reg] wbs_adr_i[4] -> mprj/_136526_/D : -0.664642
[hold in-reg] wbs_adr_i[4] -> mprj/_136380_/D : -0.662845
[hold in-reg] wbs_adr_i[4] -> mprj/_136116_/D : -0.662803
[hold in-reg] wbs_adr_i[4] -> mprj/_135815_/D : -0.662750
[hold in-reg] wbs_adr_i[4] -> mprj/_136476_/D : -0.662690
[hold in-reg] wbs_adr_i[4] -> mprj/_136904_/D : -0.662314
[hold in-reg] wbs_adr_i[3] -> mprj/_136739_/D : -0.662204
[hold in-reg] wbs_adr_i[7] -> mprj/_137265_/D : -0.661085
[hold in-reg] wbs_adr_i[4] -> mprj/_135876_/D : -0.660934
[hold in-reg] wbs_adr_i[4] -> mprj/_136988_/D : -0.660284
[hold in-reg] wbs_adr_i[4] -> mprj/_136518_/D : -0.659450
[hold in-reg] wbs_adr_i[4] -> mprj/_136272_/D : -0.659299
[hold in-reg] wbs_adr_i[4] -> mprj/_135870_/D : -0.658385
[hold in-reg] wbs_adr_i[7] -> mprj/_135859_/D : -0.657925
[hold in-reg] wbs_adr_i[4] -> mprj/_136304_/D : -0.657915
[hold in-reg] wbs_adr_i[4] -> mprj/_137016_/D : -0.657705
[hold in-reg] wbs_adr_i[4] -> mprj/_137061_/D : -0.657503
[hold in-reg] wbs_adr_i[4] -> mprj/_136382_/D : -0.657494
[hold in-reg] wbs_adr_i[4] -> mprj/_136146_/D : -0.656867
[hold in-reg] wbs_adr_i[4] -> mprj/_136433_/D : -0.656049
[hold in-reg] wbs_adr_i[4] -> mprj/_136975_/D : -0.655470
[hold in-reg] wbs_adr_i[4] -> mprj/_137018_/D : -0.653747
[hold in-reg] wbs_adr_i[4] -> mprj/_137221_/D : -0.652925
[hold in-reg] wbs_dat_i[9] -> mprj/_135968_/D : -0.652657
[hold in-reg] wbs_adr_i[4] -> mprj/_136605_/D : -0.651603
[hold in-reg] wbs_adr_i[7] -> mprj/_136307_/D : -0.651162
[hold in-reg] wbs_adr_i[4] -> mprj/_136462_/D : -0.650508
[hold in-reg] wbs_adr_i[4] -> mprj/_136065_/D : -0.650020
[hold in-reg] wbs_dat_i[23] -> mprj/_135890_/D : -0.648781
[hold in-reg] wbs_adr_i[4] -> mprj/_135946_/D : -0.648195
[hold in-reg] wbs_adr_i[4] -> mprj/_136094_/D : -0.646690
[hold in-reg] wbs_adr_i[4] -> mprj/_136990_/D : -0.646397
[hold in-reg] wbs_adr_i[4] -> mprj/_137096_/D : -0.645989
[hold in-reg] wbs_adr_i[4] -> mprj/_136843_/D : -0.645086
[hold in-reg] wbs_adr_i[4] -> mprj/_135880_/D : -0.644918
[hold in-reg] wbs_adr_i[4] -> mprj/_136628_/D : -0.643730
[hold in-reg] wbs_adr_i[4] -> mprj/_136815_/D : -0.643696
[hold in-reg] wbs_adr_i[4] -> mprj/_136920_/D : -0.643553
[hold in-reg] wbs_adr_i[4] -> mprj/_136532_/D : -0.641866
[hold in-reg] wbs_adr_i[5] -> mprj/_136950_/D : -0.641579
[hold in-reg] wbs_adr_i[4] -> mprj/_136713_/D : -0.640587
[hold in-reg] wbs_adr_i[4] -> mprj/_136734_/D : -0.639463
[hold in-reg] wbs_adr_i[4] -> mprj/_136703_/D : -0.639399
[hold in-reg] wbs_adr_i[4] -> mprj/_136048_/D : -0.638696
[hold in-reg] wbs_adr_i[4] -> mprj/_136670_/D : -0.637825
[hold in-reg] wbs_adr_i[4] -> mprj/_135878_/D : -0.637362
[hold in-reg] wbs_dat_i[23] -> mprj/_136186_/D : -0.637161
[hold in-reg] wbs_dat_i[23] -> mprj/_136850_/D : -0.636992
[hold in-reg] wbs_dat_i[23] -> mprj/_136968_/D : -0.636337
[hold in-reg] wbs_adr_i[4] -> mprj/_136970_/D : -0.635969
[hold in-reg] wbs_adr_i[4] -> mprj/_136155_/D : -0.634984
[hold in-reg] wbs_adr_i[4] -> mprj/_136388_/D : -0.634325
[hold in-reg] wbs_adr_i[4] -> mprj/_137264_/D : -0.634222
[hold in-reg] wbs_adr_i[4] -> mprj/_137065_/D : -0.633858
[hold in-reg] wbs_adr_i[4] -> mprj/_137077_/D : -0.632975
[hold in-reg] wbs_dat_i[8] -> mprj/_138351_/D : -0.632484
[hold in-reg] wbs_adr_i[4] -> mprj/_135852_/D : -0.632133
[hold in-reg] wbs_adr_i[4] -> mprj/_136083_/D : -0.631874
[hold in-reg] wbs_adr_i[4] -> mprj/_137092_/D : -0.631009
[hold in-reg] wbs_adr_i[3] -> mprj/_135907_/D : -0.630922
[hold in-reg] wbs_adr_i[4] -> mprj/_137119_/D : -0.630799
[hold in-reg] wbs_adr_i[4] -> mprj/_137215_/D : -0.630616
[hold in-reg] wbs_adr_i[4] -> mprj/_136178_/D : -0.628256
[hold in-reg] wbs_adr_i[4] -> mprj/_136658_/D : -0.626839
[hold in-reg] wbs_adr_i[4] -> mprj/_136646_/D : -0.625935
[hold in-reg] wbs_adr_i[4] -> mprj/_136327_/D : -0.625649
[hold in-reg] wbs_adr_i[4] -> mprj/_136900_/D : -0.625476
[hold in-reg] wbs_dat_i[0] -> mprj/_136707_/D : -0.624858
[hold in-reg] wbs_adr_i[4] -> mprj/_136560_/D : -0.624074
[hold in-reg] wbs_dat_i[23] -> mprj/_135826_/D : -0.623831
[hold in-reg] wbs_adr_i[4] -> mprj/_135915_/D : -0.623422
[hold in-reg] wbs_dat_i[23] -> mprj/_136338_/D : -0.623412
[hold in-reg] wbs_adr_i[4] -> mprj/_136733_/D : -0.622724
[hold in-reg] wbs_adr_i[4] -> mprj/_137004_/D : -0.622528
[hold in-reg] wbs_adr_i[4] -> mprj/_137103_/D : -0.621884
[hold in-reg] wbs_adr_i[4] -> mprj/_137255_/D : -0.621821
[hold in-reg] wbs_adr_i[4] -> mprj/_136132_/D : -0.621619
[hold in-reg] wbs_adr_i[4] -> mprj/_137069_/D : -0.620372
[hold in-reg] wbs_adr_i[4] -> mprj/_136440_/D : -0.619016
[hold in-reg] wbs_adr_i[2] -> mprj/_136291_/D : -0.618464
[hold in-reg] wbs_adr_i[4] -> mprj/_136654_/D : -0.618322
[hold in-reg] wbs_adr_i[4] -> mprj/_136068_/D : -0.617307
[hold in-reg] wbs_dat_i[27] -> mprj/_135954_/D : -0.617016
[hold in-reg] wbs_adr_i[4] -> mprj/_136908_/D : -0.616802
[hold in-reg] wbs_adr_i[4] -> mprj/_136396_/D : -0.616519
[hold in-reg] wbs_adr_i[4] -> mprj/_135894_/D : -0.616355
[hold in-reg] wbs_adr_i[4] -> mprj/_136504_/D : -0.614720
[hold in-reg] wbs_adr_i[4] -> mprj/_136974_/D : -0.614596
[hold in-reg] wbs_adr_i[4] -> mprj/_136829_/D : -0.611054
[hold in-reg] wbs_adr_i[4] -> mprj/_135806_/D : -0.610217
[hold in-reg] wbs_adr_i[4] -> mprj/_135837_/D : -0.609283
[hold in-reg] wbs_adr_i[4] -> mprj/_136657_/D : -0.608219
[hold in-reg] wbs_adr_i[4] -> mprj/_137245_/D : -0.608160
[hold in-reg] wbs_adr_i[4] -> mprj/_136706_/D : -0.608019
[hold in-reg] wbs_adr_i[4] -> mprj/_137044_/D : -0.607913
[hold in-reg] wbs_adr_i[4] -> mprj/_137078_/D : -0.607666
[hold in-reg] wbs_adr_i[4] -> mprj/_135868_/D : -0.607601
[hold in-reg] wbs_dat_i[9] -> mprj/_136928_/D : -0.607244
[hold in-reg] wbs_adr_i[7] -> mprj/_136556_/D : -0.606723
[hold in-reg] wbs_adr_i[4] -> mprj/_137271_/D : -0.606256
[hold in-reg] wbs_dat_i[23] -> mprj/_136698_/D : -0.605813
[hold in-reg] wbs_dat_i[23] -> mprj/_136578_/D : -0.605774
[hold in-reg] wbs_adr_i[4] -> mprj/_136778_/D : -0.603761
[hold in-reg] wbs_adr_i[4] -> mprj/_136458_/D : -0.602648
[hold in-reg] wbs_adr_i[4] -> mprj/_137194_/D : -0.602249
[hold in-reg] wbs_dat_i[27] -> mprj/_136914_/D : -0.601641
[hold in-reg] wbs_adr_i[4] -> mprj/_136234_/D : -0.601486
[hold in-reg] wbs_adr_i[4] -> mprj/_136854_/D : -0.600648
[hold in-reg] wbs_adr_i[4] -> mprj/_135930_/D : -0.600520
[hold in-reg] wbs_adr_i[4] -> mprj/_136319_/D : -0.599211
[hold in-reg] wbs_dat_i[5] -> mprj/_136742_/D : -0.598329
[hold in-reg] wbs_adr_i[4] -> mprj/_136514_/D : -0.597666
[hold in-reg] wbs_adr_i[4] -> mprj/_135960_/D : -0.597647
[hold in-reg] wbs_adr_i[4] -> mprj/_136170_/D : -0.597555
[hold in-reg] wbs_dat_i[27] -> mprj/_136402_/D : -0.597158
[hold in-reg] wbs_adr_i[4] -> mprj/_136276_/D : -0.596067
[hold in-reg] wbs_adr_i[4] -> mprj/_137286_/D : -0.595008
[hold in-reg] wbs_adr_i[4] -> mprj/_135909_/D : -0.594518
[hold in-reg] wbs_adr_i[4] -> mprj/_136453_/D : -0.593961
[hold in-reg] wbs_dat_i[23] -> mprj/_136280_/D : -0.592730
[hold in-reg] wbs_adr_i[4] -> mprj/_136222_/D : -0.591465
[hold in-reg] wbs_adr_i[3] -> mprj/_136589_/D : -0.591424
[hold in-reg] wbs_adr_i[4] -> mprj/_135855_/D : -0.590656
[hold in-reg] wbs_dat_i[23] -> mprj/_136306_/D : -0.589857
[hold in-reg] wbs_adr_i[4] -> mprj/_136417_/D : -0.588595
[hold in-reg] wbs_adr_i[4] -> mprj/_136890_/D : -0.588429
[hold in-reg] wbs_adr_i[4] -> mprj/_137107_/D : -0.586673
[hold in-reg] wbs_adr_i[4] -> mprj/_135879_/D : -0.586485
[hold in-reg] wbs_adr_i[4] -> mprj/_137166_/D : -0.584432
[hold in-reg] wbs_adr_i[4] -> mprj/_136621_/D : -0.584373
[hold in-reg] wbs_adr_i[7] -> mprj/_137235_/D : -0.583675
[hold in-reg] wbs_adr_i[4] -> mprj/_137000_/D : -0.583072
[hold in-reg] wbs_adr_i[4] -> mprj/_137258_/D : -0.582528
[hold in-reg] wbs_adr_i[4] -> mprj/_137074_/D : -0.581101
[hold in-reg] wbs_adr_i[4] -> mprj/_136586_/D : -0.580352
[hold in-reg] wbs_adr_i[4] -> mprj/_136506_/D : -0.580287
[hold in-reg] wbs_adr_i[7] -> mprj/_136544_/D : -0.580053
[hold in-reg] wbs_dat_i[23] -> mprj/_137146_/D : -0.579096
[hold in-reg] wbs_adr_i[4] -> mprj/_137224_/D : -0.578849
[hold in-reg] wbs_adr_i[7] -> mprj/_136185_/D : -0.577347
[hold in-reg] wbs_adr_i[4] -> mprj/_136109_/D : -0.576871
[hold in-reg] wbs_adr_i[4] -> mprj/_136682_/D : -0.576658
[hold in-reg] wbs_dat_i[23] -> mprj/_136250_/D : -0.576087
[hold in-reg] wbs_adr_i[4] -> mprj/_135980_/D : -0.575706
[hold in-reg] wbs_adr_i[4] -> mprj/_136785_/D : -0.573872
[hold in-reg] wbs_dat_i[23] -> mprj/_136066_/D : -0.573833
[hold in-reg] wbs_adr_i[4] -> mprj/_137246_/D : -0.573642
[hold in-reg] wbs_adr_i[4] -> mprj/_136308_/D : -0.572718
[hold in-reg] wbs_dat_i[23] -> mprj/_137298_/D : -0.571792
[hold in-reg] wbs_adr_i[4] -> mprj/_136084_/D : -0.571252
[hold in-reg] wbs_adr_i[4] -> mprj/_136472_/D : -0.570791
[hold in-reg] wbs_adr_i[4] -> mprj/_136994_/D : -0.570339
[hold in-reg] wbs_adr_i[2] -> mprj/_135779_/D : -0.570338
[hold in-reg] wbs_adr_i[4] -> mprj/_135898_/D : -0.569749
[hold in-reg] wbs_adr_i[4] -> mprj/_136502_/D : -0.569278
[hold in-reg] wbs_adr_i[4] -> mprj/_136149_/D : -0.568845
[hold in-reg] wbs_adr_i[7] -> mprj/_137175_/D : -0.567833
[hold in-reg] wbs_adr_i[4] -> mprj/_137167_/D : -0.565095
[hold in-reg] wbs_adr_i[4] -> mprj/_135976_/D : -0.565071
[hold in-reg] wbs_adr_i[4] -> mprj/_136018_/D : -0.563944
[hold in-reg] wbs_adr_i[4] -> mprj/_136954_/D : -0.562805
[hold in-reg] wbs_adr_i[4] -> mprj/_135827_/D : -0.561987
[hold in-reg] wbs_dat_i[23] -> mprj/_137090_/D : -0.560572
[hold in-reg] wbs_adr_i[4] -> mprj/_136442_/D : -0.559462
[hold in-reg] wbs_dat_i[23] -> mprj/_136546_/D : -0.559062
[hold in-reg] wbs_adr_i[4] -> mprj/_136520_/D : -0.557593
[hold in-reg] wbs_adr_i[4] -> mprj/_136596_/D : -0.556466
[hold in-reg] wbs_adr_i[4] -> mprj/_136626_/D : -0.555777
[hold in-reg] wbs_adr_i[4] -> mprj/_137207_/D : -0.554203
[hold in-reg] wbs_dat_i[23] -> mprj/_136818_/D : -0.553966
[hold in-reg] wbs_adr_i[7] -> mprj/_137209_/D : -0.553554
[hold in-reg] wbs_dat_i[23] -> mprj/_137210_/D : -0.553036
[hold in-reg] wbs_dat_i[27] -> mprj/_136466_/D : -0.552915
[hold in-reg] wbs_adr_i[4] -> mprj/_136114_/D : -0.551834
[hold in-reg] wbs_adr_i[4] -> mprj/_136576_/D : -0.551817
[hold in-reg] wbs_adr_i[4] -> mprj/_136206_/D : -0.551681
[hold in-reg] wbs_adr_i[4] -> mprj/_135809_/D : -0.549995
[hold in-reg] wbs_adr_i[4] -> mprj/_135840_/D : -0.549486
[hold in-reg] wbs_adr_i[4] -> mprj/_137276_/D : -0.549467
[hold in-reg] wbs_adr_i[4] -> mprj/_136580_/D : -0.549153
[hold in-reg] wbs_adr_i[4] -> mprj/_137277_/D : -0.547949
[hold in-reg] wbs_dat_i[23] -> mprj/_136008_/D : -0.547546
[hold in-reg] wbs_adr_i[4] -> mprj/_136269_/D : -0.546955
[hold in-reg] wbs_adr_i[4] -> mprj/_135838_/D : -0.545866
[hold in-reg] wbs_adr_i[4] -> mprj/_136230_/D : -0.545189
[hold in-reg] wbs_adr_i[4] -> mprj/_135920_/D : -0.543140
[hold in-reg] wbs_dat_i[23] -> mprj/_136130_/D : -0.543124
[hold in-reg] wbs_adr_i[4] -> mprj/_137138_/D : -0.541480
[hold in-reg] wbs_adr_i[4] -> mprj/_135818_/D : -0.540600
[hold in-reg] wbs_adr_i[4] -> mprj/_137192_/D : -0.539562
[hold in-reg] wbs_adr_i[4] -> mprj/_136224_/D : -0.538802
[hold in-reg] wbs_adr_i[7] -> mprj/_136697_/D : -0.538027
[hold in-reg] wbs_dat_i[24] -> mprj/_136403_/D : -0.537380
[hold in-reg] wbs_adr_i[4] -> mprj/_136639_/D : -0.535394
[hold in-reg] wbs_adr_i[4] -> mprj/_136378_/D : -0.534635
[hold in-reg] wbs_adr_i[4] -> mprj/_136427_/D : -0.534056
[hold in-reg] wbs_adr_i[4] -> mprj/_136143_/D : -0.533063
[hold in-reg] wbs_dat_i[23] -> mprj/_136786_/D : -0.531861
[hold in-reg] wbs_dat_i[23] -> mprj/_137176_/D : -0.531630
[hold in-reg] wbs_adr_i[4] -> mprj/_136410_/D : -0.531347
[hold in-reg] wbs_dat_i[23] -> mprj/_136098_/D : -0.531278
[hold in-reg] wbs_adr_i[4] -> mprj/_136903_/D : -0.530553
[hold in-reg] wbs_adr_i[4] -> mprj/_136482_/D : -0.530272
[hold in-reg] wbs_adr_i[3] -> mprj/_135972_/D : -0.526965
[hold in-reg] wbs_adr_i[4] -> mprj/_136816_/D : -0.526333
[hold in-reg] wbs_adr_i[4] -> mprj/_136044_/D : -0.526043
[hold in-reg] wbs_adr_i[4] -> mprj/_137173_/D : -0.525096
[hold in-reg] wbs_adr_i[4] -> mprj/_137311_/D : -0.524166
[hold in-reg] wbs_adr_i[4] -> mprj/_136685_/D : -0.523946
[hold in-reg] wbs_adr_i[4] -> mprj/_136010_/D : -0.523888
[hold in-reg] wbs_adr_i[4] -> mprj/_136285_/D : -0.523865
[hold in-reg] wbs_adr_i[4] -> mprj/_136945_/D : -0.523611
[hold in-reg] wbs_adr_i[4] -> mprj/_136746_/D : -0.523541
[hold in-reg] wbs_adr_i[4] -> mprj/_136336_/D : -0.522579
[hold in-reg] wbs_adr_i[4] -> mprj/_137048_/D : -0.521174
[hold in-reg] wbs_adr_i[4] -> mprj/_137225_/D : -0.520902
[hold in-reg] wbs_adr_i[3] -> mprj/_135971_/D : -0.520020
[hold in-reg] wbs_adr_i[4] -> mprj/_137108_/D : -0.518453
[hold in-reg] wbs_adr_i[4] -> mprj/_136058_/D : -0.517386
[hold in-reg] wbs_dat_i[23] -> mprj/_136040_/D : -0.517037
[hold in-reg] wbs_dat_i[23] -> mprj/_136216_/D : -0.515640
[hold in-reg] wbs_adr_i[4] -> mprj/_136352_/D : -0.515163
[hold in-reg] wbs_adr_i[4] -> mprj/_137125_/D : -0.514042
[hold in-reg] wbs_adr_i[7] -> mprj/_136127_/D : -0.513438
[hold in-reg] wbs_adr_i[4] -> mprj/_135872_/D : -0.512557
[hold in-reg] wbs_adr_i[4] -> mprj/_136568_/D : -0.512411
[hold in-reg] wbs_adr_i[4] -> mprj/_135994_/D : -0.512377
[hold in-reg] wbs_adr_i[4] -> mprj/_136849_/D : -0.511426
[hold in-reg] wbs_adr_i[4] -> mprj/_136892_/D : -0.510777
[hold in-reg] wbs_adr_i[4] -> mprj/_136024_/D : -0.509641
[hold in-reg] wbs_adr_i[4] -> mprj/_135948_/D : -0.509240
[hold in-reg] wbs_adr_i[4] -> mprj/_137256_/D : -0.508706
[hold in-reg] wbs_adr_i[4] -> mprj/_135786_/D : -0.507427
[hold in-reg] wbs_dat_i[23] -> mprj/_136760_/D : -0.506788
[hold in-reg] wbs_adr_i[7] -> mprj/_136009_/D : -0.505638
[hold in-reg] wbs_adr_i[4] -> mprj/_137300_/D : -0.505370
[hold in-reg] wbs_adr_i[4] -> mprj/_136788_/D : -0.505032
[hold in-reg] wbs_adr_i[4] -> mprj/_135902_/D : -0.504079
[hold in-reg] wbs_adr_i[4] -> mprj/_136718_/D : -0.503661
[hold in-reg] wbs_adr_i[4] -> mprj/_136247_/D : -0.503070
[hold in-reg] wbs_adr_i[4] -> mprj/_136237_/D : -0.502951
[hold in-reg] wbs_adr_i[4] -> mprj/_136088_/D : -0.502459
[hold in-reg] wbs_adr_i[3] -> mprj/_136604_/D : -0.500840
[hold in-reg] wbs_adr_i[4] -> mprj/_137293_/D : -0.499083
[hold in-reg] wbs_adr_i[4] -> mprj/_136337_/D : -0.498741
[hold in-reg] wbs_dat_i[23] -> mprj/_136248_/D : -0.497096
[hold in-reg] wbs_adr_i[3] -> mprj/_136488_/D : -0.495057
[hold in-reg] wbs_adr_i[4] -> mprj/_136820_/D : -0.494786
[hold in-reg] wbs_adr_i[3] -> mprj/_136598_/D : -0.494557
[hold in-reg] wbs_adr_i[4] -> mprj/_136732_/D : -0.492919
[hold in-reg] wbs_adr_i[4] -> mprj/_136208_/D : -0.491193
[hold in-reg] wbs_adr_i[4] -> mprj/_135857_/D : -0.490676
[hold in-reg] wbs_adr_i[4] -> mprj/_136720_/D : -0.490117
[hold in-reg] wbs_adr_i[4] -> mprj/_135863_/D : -0.489988
[hold in-reg] wbs_dat_i[23] -> mprj/_137240_/D : -0.489857
[hold in-reg] wbs_adr_i[4] -> mprj/_135888_/D : -0.488443
[hold in-reg] wbs_adr_i[4] -> mprj/_136930_/D : -0.486625
[hold in-reg] wbs_adr_i[4] -> mprj/_136074_/D : -0.486584
[hold in-reg] wbs_adr_i[4] -> mprj/_136364_/D : -0.486276
[hold in-reg] wbs_adr_i[4] -> mprj/_136298_/D : -0.485353
[hold in-reg] wbs_adr_i[4] -> mprj/_136460_/D : -0.484030
[hold in-reg] wbs_adr_i[4] -> mprj/_136998_/D : -0.483221
[hold in-reg] wbs_dat_i[23] -> mprj/_136610_/D : -0.483072
[hold in-reg] wbs_adr_i[4] -> mprj/_136192_/D : -0.482427
[hold in-reg] wbs_adr_i[4] -> mprj/_137062_/D : -0.482412
[hold in-reg] wbs_adr_i[4] -> mprj/_135819_/D : -0.481927
[hold in-reg] wbs_dat_i[24] -> mprj/_136915_/D : -0.481648
[hold in-reg] wbs_adr_i[4] -> mprj/_136704_/D : -0.480991
[hold in-reg] wbs_adr_i[4] -> mprj/_136922_/D : -0.480533
[hold in-reg] wbs_dat_i[23] -> mprj/_136728_/D : -0.480512
[hold in-reg] wbs_adr_i[4] -> mprj/_136016_/D : -0.479817
[hold in-reg] wbs_adr_i[4] -> mprj/_136744_/D : -0.479481
[hold in-reg] wbs_adr_i[4] -> mprj/_136490_/D : -0.478257
[hold in-reg] wbs_adr_i[7] -> mprj/_136365_/D : -0.477087
[hold in-reg] wbs_adr_i[4] -> mprj/_136848_/D : -0.476336
[hold in-reg] wbs_adr_i[4] -> mprj/_136086_/D : -0.473658
[hold in-reg] wbs_adr_i[4] -> mprj/_135970_/D : -0.472741
[hold in-reg] wbs_dat_i[23] -> mprj/_136036_/D : -0.469703
[hold in-reg] wbs_adr_i[4] -> mprj/_136906_/D : -0.469518
[hold in-reg] wbs_adr_i[4] -> mprj/_136210_/D : -0.466553
[hold in-reg] wbs_adr_i[4] -> mprj/_135940_/D : -0.466500
[hold in-reg] wbs_dat_i[23] -> mprj/_136936_/D : -0.465263
[hold in-reg] wbs_adr_i[3] -> mprj/_136609_/D : -0.464731
[hold in-reg] wbs_adr_i[4] -> mprj/_136368_/D : -0.464608
[hold in-reg] wbs_adr_i[4] -> mprj/_135825_/D : -0.463969
[hold in-reg] wbs_adr_i[4] -> mprj/_136408_/D : -0.461913
[hold in-reg] wbs_adr_i[4] -> mprj/_137244_/D : -0.461744
[hold in-reg] wbs_adr_i[4] -> mprj/_136144_/D : -0.460606
[hold in-reg] wbs_adr_i[3] -> mprj/_135956_/D : -0.458977
[hold in-reg] wbs_adr_i[4] -> mprj/_137232_/D : -0.457503
[hold in-reg] wbs_adr_i[7] -> mprj/_136339_/D : -0.457350
[hold in-reg] wbs_adr_i[4] -> mprj/_136656_/D : -0.457088
[hold in-reg] wbs_adr_i[4] -> mprj/_137297_/D : -0.456322
[hold in-reg] wbs_adr_i[4] -> mprj/_137087_/D : -0.454909
[hold in-reg] wbs_adr_i[3] -> mprj/_136496_/D : -0.454235
[hold in-reg] wbs_adr_i[4] -> mprj/_136667_/D : -0.454043
[hold in-reg] wbs_adr_i[4] -> mprj/_136939_/D : -0.452101
[hold in-reg] wbs_adr_i[4] -> mprj/_136092_/D : -0.451563
[hold in-reg] wbs_adr_i[4] -> mprj/_136716_/D : -0.450236
[hold in-reg] wbs_dat_i[23] -> mprj/_137120_/D : -0.448919
[hold in-reg] wbs_dat_i[23] -> mprj/_135800_/D : -0.448685
[hold in-reg] wbs_adr_i[4] -> mprj/_136964_/D : -0.444653
[hold in-reg] wbs_adr_i[4] -> mprj/_136328_/D : -0.444514
[hold in-reg] wbs_adr_i[4] -> mprj/_136264_/D : -0.444405
[hold in-reg] wbs_dat_i[27] -> mprj/_136434_/D : -0.441579
[hold in-reg] wbs_adr_i[3] -> mprj/_136261_/D : -0.440860
[hold in-reg] wbs_adr_i[4] -> mprj/_137216_/D : -0.440311
[hold in-reg] wbs_dat_i[23] -> mprj/_136370_/D : -0.440257
[hold in-reg] wbs_adr_i[4] -> mprj/_135916_/D : -0.438667
[hold in-reg] wbs_adr_i[4] -> mprj/_137179_/D : -0.438283
[hold in-reg] wbs_adr_i[4] -> mprj/_136776_/D : -0.438000
[hold in-reg] wbs_adr_i[4] -> mprj/_137133_/D : -0.437182
[hold in-reg] wbs_adr_i[4] -> mprj/_136814_/D : -0.436876
[hold in-reg] wbs_adr_i[4] -> mprj/_137168_/D : -0.435592
[hold in-reg] wbs_adr_i[4] -> mprj/_135807_/D : -0.434957
[hold in-reg] wbs_adr_i[4] -> mprj/_136152_/D : -0.434700
[hold in-reg] wbs_adr_i[4] -> mprj/_137234_/D : -0.434234
[hold in-reg] wbs_dat_i[27] -> mprj/_135922_/D : -0.432787
[hold in-reg] wbs_adr_i[4] -> mprj/_136113_/D : -0.431566
[hold in-reg] wbs_adr_i[4] -> mprj/_136701_/D : -0.430927
[hold in-reg] wbs_dat_i[0] -> mprj/_136771_/D : -0.430784
[hold in-reg] wbs_adr_i[4] -> mprj/_135901_/D : -0.430731
[hold in-reg] wbs_adr_i[4] -> mprj/_137181_/D : -0.430336
[hold in-reg] wbs_adr_i[4] -> mprj/_135919_/D : -0.429238
[hold in-reg] wbs_adr_i[4] -> mprj/_135816_/D : -0.427689
[hold in-reg] wbs_adr_i[7] -> mprj/_136548_/D : -0.427677
[hold in-reg] wbs_adr_i[7] -> mprj/_136129_/D : -0.426623
[hold in-reg] wbs_adr_i[4] -> mprj/_136400_/D : -0.425557
[hold in-reg] wbs_adr_i[4] -> mprj/_136665_/D : -0.421783
[hold in-reg] wbs_adr_i[7] -> mprj/_136369_/D : -0.421106
[hold in-reg] wbs_adr_i[4] -> mprj/_136736_/D : -0.419382
[hold in-reg] wbs_adr_i[4] -> mprj/_136320_/D : -0.418318
[hold in-reg] wbs_adr_i[4] -> mprj/_136940_/D : -0.418193
[hold in-reg] wbs_adr_i[4] -> mprj/_136640_/D : -0.416122
[hold in-reg] wbs_adr_i[4] -> mprj/_136912_/D : -0.415452
[hold in-reg] wbs_adr_i[4] -> mprj/_136258_/D : -0.414814
[hold in-reg] wbs_adr_i[4] -> mprj/_137189_/D : -0.414647
[hold in-reg] wbs_adr_i[4] -> mprj/_136322_/D : -0.414349
[hold in-reg] wbs_dat_i[0] -> mprj/_136259_/D : -0.414164
[hold in-reg] wbs_adr_i[4] -> mprj/_137104_/D : -0.413396
[hold in-reg] wbs_adr_i[4] -> mprj/_136695_/D : -0.411816
[hold in-reg] wbs_adr_i[4] -> mprj/_137137_/D : -0.408884
[hold in-reg] wbs_adr_i[4] -> mprj/_136428_/D : -0.407917
[hold in-reg] wbs_dat_i[27] -> mprj/_136946_/D : -0.407050
[hold in-reg] wbs_adr_i[4] -> mprj/_135799_/D : -0.405792
[hold in-reg] wbs_adr_i[4] -> mprj/_136934_/D : -0.404431
[hold in-reg] wbs_adr_i[4] -> mprj/_136832_/D : -0.402488
[hold in-reg] wbs_adr_i[4] -> mprj/_136204_/D : -0.402297
[hold in-reg] wbs_adr_i[4] -> mprj/_136668_/D : -0.402126
[hold in-reg] wbs_adr_i[4] -> mprj/_135936_/D : -0.402074
[hold in-reg] wbs_adr_i[4] -> mprj/_137190_/D : -0.400579
[hold in-reg] wbs_adr_i[4] -> mprj/_136770_/D : -0.398463
[hold in-reg] wbs_dat_i[23] -> mprj/_137208_/D : -0.398200
[hold in-reg] wbs_adr_i[4] -> mprj/_137288_/D : -0.398134
[hold in-reg] wbs_adr_i[4] -> mprj/_136350_/D : -0.397564
[hold in-reg] wbs_adr_i[4] -> mprj/_136664_/D : -0.393367
[hold in-reg] wbs_adr_i[0] -> mprj/_135769_/D : -0.387695
[hold in-reg] wbs_dat_i[23] -> mprj/_137088_/D : -0.387124
[hold in-reg] wbs_dat_i[23] -> mprj/_137060_/D : -0.386867
[hold in-reg] wbs_adr_i[4] -> mprj/_136078_/D : -0.386656
[hold in-reg] wbs_adr_i[4] -> mprj/_137228_/D : -0.386517
[hold in-reg] wbs_adr_i[4] -> mprj/_136759_/D : -0.385294
[hold in-reg] wbs_adr_i[4] -> mprj/_136432_/D : -0.382077
[hold in-reg] wbs_adr_i[4] -> mprj/_135814_/D : -0.382047
[hold in-reg] wbs_adr_i[4] -> mprj/_135810_/D : -0.381156
[hold in-reg] wbs_adr_i[7] -> mprj/_137089_/D : -0.375907
[hold in-reg] wbs_adr_i[4] -> mprj/_136196_/D : -0.373463
[hold in-reg] wbs_adr_i[4] -> mprj/_136838_/D : -0.370923
[hold in-reg] wbs_dat_i[1] -> mprj/_135776_/D : -0.370849
[hold in-reg] wbs_adr_i[4] -> mprj/_136326_/D : -0.370171
[hold in-reg] wbs_dat_i[23] -> mprj/_136730_/D : -0.367167
[hold in-reg] wbs_adr_i[4] -> mprj/_137134_/D : -0.366700
[hold in-reg] wbs_adr_i[7] -> mprj/_136787_/D : -0.365500
[hold in-reg] wbs_adr_i[4] -> mprj/_136173_/D : -0.363565
[hold in-reg] wbs_adr_i[4] -> mprj/_135845_/D : -0.363199
[hold in-reg] wbs_adr_i[4] -> mprj/_136590_/D : -0.362259
[hold in-reg] wbs_adr_i[7] -> mprj/_137299_/D : -0.360235
[hold in-reg] wbs_adr_i[4] -> mprj/_135877_/D : -0.357387
[hold in-reg] wbs_adr_i[7] -> mprj/_136275_/D : -0.356022
[hold in-reg] wbs_adr_i[4] -> mprj/_136686_/D : -0.351659
[hold in-reg] wbs_adr_i[4] -> mprj/_135808_/D : -0.350017
[hold in-reg] wbs_dat_i[4] -> mprj/_136769_/D : -0.349731
[hold in-reg] wbs_adr_i[4] -> mprj/_136238_/D : -0.345931
[hold in-reg] wbs_adr_i[4] -> mprj/_136217_/D : -0.343844
[hold in-reg] wbs_adr_i[3] -> mprj/_136159_/D : -0.343104
[hold in-reg] wbs_cyc_i -> mprj/_137336_/D : -0.339233
[hold in-reg] wbs_adr_i[4] -> mprj/_137197_/D : -0.333638
[hold in-reg] wbs_adr_i[4] -> mprj/_136335_/D : -0.331872
[hold in-reg] wbs_adr_i[4] -> mprj/_135952_/D : -0.331106
[hold in-reg] wbs_adr_i[4] -> mprj/_136464_/D : -0.331052
[hold in-reg] wbs_adr_i[4] -> mprj/_136311_/D : -0.328652
[hold in-reg] wbs_adr_i[4] -> mprj/_136032_/D : -0.321050
[hold in-reg] wbs_adr_i[4] -> mprj/_136381_/D : -0.320004
[hold in-reg] wbs_adr_i[4] -> mprj/_136030_/D : -0.317087
[hold in-reg] wbs_adr_i[4] -> mprj/_136448_/D : -0.315652
[hold in-reg] wbs_dat_i[1] -> mprj/_136228_/D : -0.314212
[hold in-reg] wbs_adr_i[4] -> mprj/_137054_/D : -0.313562
[hold in-reg] wbs_adr_i[4] -> mprj/_137126_/D : -0.312805
[hold in-reg] wbs_dat_i[23] -> mprj/_136156_/D : -0.311753
[hold in-reg] wbs_adr_i[4] -> mprj/_135813_/D : -0.311189
[hold in-reg] wbs_adr_i[4] -> mprj/_137102_/D : -0.308647
[hold in-reg] wbs_adr_i[4] -> mprj/_136729_/D : -0.307045
[hold in-reg] wbs_adr_i[4] -> mprj/_136105_/D : -0.304802
[hold in-reg] wbs_adr_i[3] -> mprj/_136612_/D : -0.303217
[hold in-reg] wbs_adr_i[4] -> mprj/_136188_/D : -0.298266
[hold in-reg] wbs_adr_i[4] -> mprj/_136700_/D : -0.291353
[hold in-reg] wbs_adr_i[3] -> mprj/_136483_/D : -0.288341
[hold in-reg] wbs_adr_i[4] -> mprj/_136056_/D : -0.280944
[hold in-reg] wbs_adr_i[2] -> mprj/_136719_/D : -0.278738
[hold in-reg] wbs_dat_i[23] -> mprj/_136696_/D : -0.276419
[hold in-reg] wbs_adr_i[4] -> mprj/_136740_/D : -0.275636
[hold in-reg] wbs_adr_i[4] -> mprj/_136944_/D : -0.270978
[hold in-reg] wbs_adr_i[4] -> mprj/_136837_/D : -0.267305
[hold in-reg] wbs_adr_i[4] -> mprj/_136263_/D : -0.265237
[hold in-reg] wbs_adr_i[4] -> mprj/_137156_/D : -0.262434
[hold in-reg] wbs_dat_i[4] -> mprj/_135781_/D : -0.259353
[hold in-reg] wbs_adr_i[4] -> mprj/_136316_/D : -0.253640
[hold in-reg] wbs_adr_i[4] -> mprj/_136077_/D : -0.248542
[hold in-reg] wbs_adr_i[4] -> mprj/_136847_/D : -0.244690
[hold in-reg] wbs_adr_i[4] -> mprj/_136128_/D : -0.241332
[hold in-reg] wbs_adr_i[4] -> mprj/_137287_/D : -0.235045
[hold in-reg] wbs_adr_i[4] -> mprj/_136976_/D : -0.231290
[hold in-reg] wbs_adr_i[4] -> mprj/_136321_/D : -0.230554
[hold in-reg] wbs_adr_i[4] -> mprj/_136292_/D : -0.223752
[hold in-reg] wbs_dat_i[23] -> mprj/_137180_/D : -0.222695
[hold in-reg] wbs_adr_i[4] -> mprj/_135869_/D : -0.221406
[hold in-reg] wbs_adr_i[4] -> mprj/_137177_/D : -0.217541
[hold in-reg] wbs_dat_i[5] -> mprj/_135782_/D : -0.217204
[hold in-reg] wbs_dat_i[10] -> mprj/_138353_/D : -0.216853
[hold in-reg] wbs_adr_i[4] -> mprj/_135924_/D : -0.205256
[hold in-reg] wbs_adr_i[4] -> mprj/_136097_/D : -0.200822
[hold in-reg] wbs_adr_i[4] -> mprj/_135804_/D : -0.176748
[hold in-reg] wbs_dat_i[6] -> mprj/_136803_/D : -0.175459
[hold in-reg] wbs_adr_i[4] -> mprj/_136367_/D : -0.174958
[hold in-reg] wbs_adr_i[4] -> mprj/_137281_/D : -0.171186
[hold in-reg] wbs_adr_i[3] -> mprj/_136802_/D : -0.167351
[hold in-reg] wbs_adr_i[2] -> mprj/_136709_/D : -0.156452
[hold in-reg] wbs_adr_i[2] -> mprj/_136710_/D : -0.156346
[hold in-reg] wbs_adr_i[3] -> mprj/_136197_/D : -0.144644
[hold in-reg] wbs_adr_i[4] -> mprj/_136305_/D : -0.138238
[hold in-reg] wbs_dat_i[11] -> mprj/_138354_/D : -0.131235
[hold in-reg] wbs_adr_i[4] -> mprj/_136913_/D : -0.130428
[hold in-reg] wbs_dat_i[12] -> mprj/_138355_/D : -0.123346
[hold in-reg] wbs_adr_i[4] -> mprj/_137231_/D : -0.120824
[hold in-reg] wbs_adr_i[4] -> mprj/_135892_/D : -0.116814
[hold in-reg] wbs_adr_i[3] -> mprj/_136436_/D : -0.099233
[hold in-reg] wbs_adr_i[4] -> mprj/_136174_/D : -0.094983
[hold in-reg] wbs_adr_i[3] -> mprj/_136404_/D : -0.088384
[hold in-reg] wbs_adr_i[3] -> mprj/_136916_/D : -0.064836
[hold in-reg] wbs_adr_i[4] -> mprj/_136349_/D : -0.041313
[hold in-reg] wbs_adr_i[4] -> mprj/_136357_/D : -0.012320
[hold in-reg] wbs_adr_i[4] -> mprj/_137198_/D : -0.006941
