Clock: clk
Sources: wb_clk_i 
Generated: no
Virtual: yes
Propagated: no
Period: 25.000000

===========================================================================
report_clock_properties
============================================================================
Clock                   Period          Waveform
----------------------------------------------------
clk                  25.000000    0.000000 12.500000

===========================================================================
report_clock_latency
============================================================================
Clock clk
rise -> rise
    min     max
4.650000 5.570000 source latency
7.459520         network latency mprj/_153328_/CLK
        8.964799 network latency mprj/_135957_/CLK
---------------
12.109521 14.534799 latency
        2.425278 skew

fall -> fall
    min     max
4.650000 5.570000 source latency
7.266819         network latency mprj/_153328_/CLK
        8.654035 network latency mprj/_135957_/CLK
---------------
11.916818 14.224034 latency
        2.307216 skew



===========================================================================
report_clock_min_period
============================================================================
clk period_min = 13.94 fmax = 71.73
