
===========================================================================
 report_power
============================================================================
======================= min_tt_025C_1v80 Corner ===================================

Group                    Internal    Switching      Leakage        Total
                            Power        Power        Power        Power (Watts)
------------------------------------------------------------------------
Sequential           2.920406e-02 1.172160e-04 1.471430e-07 2.932142e-02  48.9%
Combinational        1.578320e-03 3.125778e-03 4.463007e-07 4.704544e-03   7.8%
Clock                1.217771e-02 1.378991e-02 4.011486e-07 2.596802e-02  43.3%
Macro                0.000000e+00 0.000000e+00 0.000000e+00 0.000000e+00   0.0%
Pad                  0.000000e+00 0.000000e+00 0.000000e+00 0.000000e+00   0.0%
------------------------------------------------------------------------
Total                4.296010e-02 1.703289e-02 9.946787e-07 5.999398e-02 100.0%
                            71.6%        28.4%         0.0%

