
===========================================================================
Violator List
============================================================================
[hold in-reg] wbs_adr_i[4] -> mprj/_136043_/D : -1.348371
[hold in-reg] wbs_adr_i[4] -> mprj/_137307_/D : -1.334812
[hold in-reg] wbs_adr_i[4] -> mprj/_136555_/D : -1.311642
[hold in-reg] wbs_adr_i[4] -> mprj/_136491_/D : -1.303898
[hold in-reg] wbs_adr_i[4] -> mprj/_135931_/D : -1.303360
[hold in-reg] wbs_adr_i[4] -> mprj/_136510_/D : -1.291785
[hold in-reg] wbs_adr_i[4] -> mprj/_136971_/D : -1.264471
[hold in-reg] wbs_adr_i[4] -> mprj/_136827_/D : -1.259452
[hold in-reg] wbs_adr_i[4] -> mprj/_136075_/D : -1.259108
[hold in-reg] wbs_adr_i[4] -> mprj/_135895_/D : -1.242923
[hold in-reg] wbs_adr_i[4] -> mprj/_137022_/D : -1.231306
[hold in-reg] wbs_adr_i[4] -> mprj/_136569_/D : -1.193055
[hold in-reg] wbs_adr_i[4] -> mprj/_135899_/D : -1.188399
[hold in-reg] wbs_adr_i[4] -> mprj/_137081_/D : -1.185597
[hold in-reg] wbs_adr_i[4] -> mprj/_136011_/D : -1.184859
[hold in-reg] wbs_adr_i[4] -> mprj/_137211_/D : -1.182303
[hold in-reg] wbs_adr_i[4] -> mprj/_136592_/D : -1.139304
[hold in-reg] wbs_adr_i[4] -> mprj/_136523_/D : -1.124421
[hold in-reg] wbs_adr_i[4] -> mprj/_137035_/D : -1.119584
[hold in-reg] wbs_adr_i[4] -> mprj/_136761_/D : -1.118635
[hold in-reg] wbs_adr_i[4] -> mprj/_135865_/D : -1.117392
[hold in-reg] wbs_adr_i[4] -> mprj/_136411_/D : -1.107261
[hold in-reg] wbs_adr_i[4] -> mprj/_135835_/D : -1.100886
[hold in-reg] wbs_adr_i[4] -> mprj/_137241_/D : -1.099907
[hold in-reg] wbs_adr_i[4] -> mprj/_136731_/D : -1.097111
[hold in-reg] wbs_adr_i[4] -> mprj/_136591_/D : -1.095640
[hold in-reg] wbs_adr_i[4] -> mprj/_137301_/D : -1.082123
[hold in-reg] wbs_adr_i[4] -> mprj/_136793_/D : -1.081578
[hold in-reg] wbs_adr_i[4] -> mprj/_136080_/D : -1.078887
[hold in-reg] wbs_adr_i[4] -> mprj/_136572_/D : -1.073957
[hold in-reg] wbs_adr_i[4] -> mprj/_136281_/D : -1.073734
[hold in-reg] wbs_adr_i[4] -> mprj/_135867_/D : -1.069671
[hold in-reg] wbs_adr_i[4] -> mprj/_136965_/D : -1.064126
[hold in-reg] wbs_adr_i[4] -> mprj/_137243_/D : -1.063174
[hold in-reg] wbs_adr_i[4] -> mprj/_137305_/D : -1.062638
[hold in-reg] wbs_adr_i[4] -> mprj/_137031_/D : -1.058800
[hold in-reg] wbs_adr_i[4] -> mprj/_136135_/D : -1.051609
[hold in-reg] wbs_adr_i[4] -> mprj/_136111_/D : -1.051095
[hold in-reg] wbs_adr_i[4] -> mprj/_136180_/D : -1.050918
[hold in-reg] wbs_adr_i[4] -> mprj/_136791_/D : -1.044675
[hold in-reg] wbs_adr_i[4] -> mprj/_136251_/D : -1.040337
[hold in-reg] wbs_adr_i[4] -> mprj/_136551_/D : -1.039027
[hold in-reg] wbs_adr_i[4] -> mprj/_136870_/D : -1.037929
[hold in-reg] wbs_adr_i[4] -> mprj/_136552_/D : -1.037764
[hold in-reg] wbs_adr_i[4] -> mprj/_136745_/D : -1.036191
[hold in-reg] wbs_adr_i[4] -> mprj/_136561_/D : -1.036143
[hold in-reg] wbs_adr_i[4] -> mprj/_137009_/D : -1.031443
[hold in-reg] wbs_adr_i[4] -> mprj/_136511_/D : -1.029104
[hold in-reg] wbs_adr_i[4] -> mprj/_136062_/D : -1.027138
[hold in-reg] wbs_adr_i[4] -> mprj/_136805_/D : -1.025097
[hold in-reg] wbs_adr_i[4] -> mprj/_137204_/D : -1.024673
[hold in-reg] wbs_adr_i[4] -> mprj/_137140_/D : -1.023019
[hold in-reg] wbs_adr_i[4] -> mprj/_136539_/D : -1.014227
[hold in-reg] wbs_adr_i[4] -> mprj/_136859_/D : -1.012663
[hold in-reg] wbs_adr_i[4] -> mprj/_137007_/D : -1.008585
[hold in-reg] wbs_adr_i[4] -> mprj/_137076_/D : -1.007363
[hold in-reg] wbs_adr_i[4] -> mprj/_136079_/D : -1.006080
[hold in-reg] wbs_adr_i[4] -> mprj/_136509_/D : -1.004693
[hold in-reg] wbs_adr_i[4] -> mprj/_136763_/D : -1.002572
[hold in-reg] wbs_adr_i[4] -> mprj/_136211_/D : -1.002033
[hold in-reg] wbs_adr_i[4] -> mprj/_136293_/D : -1.000659
[hold in-reg] wbs_adr_i[4] -> mprj/_137051_/D : -1.000346
[hold in-reg] wbs_adr_i[4] -> mprj/_137063_/D : -0.999918
[hold in-reg] wbs_adr_i[4] -> mprj/_136324_/D : -0.999645
[hold in-reg] wbs_adr_i[4] -> mprj/_137273_/D : -0.999617
[hold in-reg] wbs_adr_i[4] -> mprj/_136123_/D : -0.997710
[hold in-reg] wbs_adr_i[4] -> mprj/_136564_/D : -0.995087
[hold in-reg] wbs_adr_i[4] -> mprj/_136923_/D : -0.991833
[hold in-reg] wbs_adr_i[4] -> mprj/_137153_/D : -0.990346
[hold in-reg] wbs_adr_i[4] -> mprj/_137064_/D : -0.986860
[hold in-reg] wbs_adr_i[4] -> mprj/_136836_/D : -0.985732
[hold in-reg] wbs_adr_i[4] -> mprj/_137303_/D : -0.984832
[hold in-reg] wbs_adr_i[4] -> mprj/_136049_/D : -0.984661
[hold in-reg] wbs_adr_i[4] -> mprj/_136059_/D : -0.983786
[hold in-reg] wbs_adr_i[4] -> mprj/_136891_/D : -0.978700
[hold in-reg] wbs_adr_i[4] -> mprj/_135866_/D : -0.977732
[hold in-reg] wbs_adr_i[4] -> mprj/_135831_/D : -0.977654
[hold in-reg] wbs_adr_i[4] -> mprj/_136570_/D : -0.976766
[hold in-reg] wbs_adr_i[4] -> mprj/_136692_/D : -0.976367
[hold in-reg] wbs_adr_i[4] -> mprj/_136541_/D : -0.975765
[hold in-reg] wbs_adr_i[4] -> mprj/_137242_/D : -0.971728
[hold in-reg] wbs_adr_i[4] -> mprj/_137131_/D : -0.971508
[hold in-reg] wbs_adr_i[4] -> mprj/_136134_/D : -0.970086
[hold in-reg] wbs_adr_i[4] -> mprj/_136027_/D : -0.969355
[hold in-reg] wbs_adr_i[4] -> mprj/_135798_/D : -0.962849
[hold in-reg] wbs_adr_i[4] -> mprj/_136871_/D : -0.962651
[hold in-reg] wbs_adr_i[4] -> mprj/_136019_/D : -0.962308
[hold in-reg] wbs_adr_i[4] -> mprj/_136379_/D : -0.961856
[hold in-reg] wbs_adr_i[4] -> mprj/_136282_/D : -0.961085
[hold in-reg] wbs_adr_i[4] -> mprj/_136171_/D : -0.960907
[hold in-reg] wbs_adr_i[4] -> mprj/_137248_/D : -0.960147
[hold in-reg] wbs_adr_i[4] -> mprj/_136347_/D : -0.959493
[hold in-reg] wbs_adr_i[4] -> mprj/_136723_/D : -0.956288
[hold in-reg] wbs_adr_i[4] -> mprj/_136762_/D : -0.955713
[hold in-reg] wbs_adr_i[4] -> mprj/_137272_/D : -0.954096
[hold in-reg] wbs_adr_i[4] -> mprj/_137067_/D : -0.951589
[hold in-reg] wbs_adr_i[4] -> mprj/_136872_/D : -0.951323
[hold in-reg] wbs_adr_i[4] -> mprj/_136985_/D : -0.951283
[hold in-reg] wbs_adr_i[4] -> mprj/_136104_/D : -0.949732
[hold in-reg] wbs_adr_i[4] -> mprj/_136619_/D : -0.949707
[hold in-reg] wbs_adr_i[4] -> mprj/_136346_/D : -0.949482
[hold in-reg] wbs_adr_i[4] -> mprj/_135996_/D : -0.948931
[hold in-reg] wbs_adr_i[4] -> mprj/_137275_/D : -0.948369
[hold in-reg] wbs_adr_i[4] -> mprj/_136061_/D : -0.948117
[hold in-reg] wbs_adr_i[4] -> mprj/_136531_/D : -0.946517
[hold in-reg] wbs_adr_i[4] -> mprj/_136021_/D : -0.945850
[hold in-reg] wbs_adr_i[4] -> mprj/_136616_/D : -0.945461
[hold in-reg] wbs_adr_i[4] -> mprj/_135911_/D : -0.943838
[hold in-reg] wbs_adr_i[4] -> mprj/_136287_/D : -0.943830
[hold in-reg] wbs_adr_i[4] -> mprj/_136107_/D : -0.938136
[hold in-reg] wbs_adr_i[4] -> mprj/_137306_/D : -0.937009
[hold in-reg] wbs_adr_i[4] -> mprj/_136528_/D : -0.936040
[hold in-reg] wbs_adr_i[4] -> mprj/_136738_/D : -0.935875
[hold in-reg] wbs_adr_i[4] -> mprj/_136505_/D : -0.935177
[hold in-reg] wbs_adr_i[4] -> mprj/_137284_/D : -0.931447
[hold in-reg] wbs_adr_i[4] -> mprj/_136507_/D : -0.930611
[hold in-reg] wbs_adr_i[4] -> mprj/_137037_/D : -0.930210
[hold in-reg] wbs_adr_i[4] -> mprj/_136535_/D : -0.929811
[hold in-reg] wbs_adr_i[4] -> mprj/_137015_/D : -0.928963
[hold in-reg] wbs_adr_i[4] -> mprj/_136414_/D : -0.926878
[hold in-reg] wbs_adr_i[4] -> mprj/_136781_/D : -0.924683
[hold in-reg] wbs_adr_i[4] -> mprj/_136073_/D : -0.921807
[hold in-reg] wbs_adr_i[4] -> mprj/_135860_/D : -0.921679
[hold in-reg] wbs_adr_i[4] -> mprj/_136497_/D : -0.921616
[hold in-reg] wbs_adr_i[4] -> mprj/_136601_/D : -0.921466
[hold in-reg] wbs_adr_i[4] -> mprj/_136445_/D : -0.921134
[hold in-reg] wbs_dat_i[24] -> mprj/_136195_/D : -0.920268
[hold in-reg] wbs_adr_i[4] -> mprj/_136181_/D : -0.920003
[hold in-reg] wbs_adr_i[4] -> mprj/_136444_/D : -0.918872
[hold in-reg] wbs_adr_i[4] -> mprj/_136345_/D : -0.918017
[hold in-reg] wbs_adr_i[4] -> mprj/_135828_/D : -0.917664
[hold in-reg] wbs_adr_i[4] -> mprj/_137039_/D : -0.917332
[hold in-reg] wbs_adr_i[4] -> mprj/_136341_/D : -0.916550
[hold in-reg] wbs_adr_i[4] -> mprj/_135995_/D : -0.916052
[hold in-reg] wbs_adr_i[4] -> mprj/_137073_/D : -0.915898
[hold in-reg] wbs_adr_i[4] -> mprj/_137083_/D : -0.914461
[hold in-reg] wbs_adr_i[4] -> mprj/_137094_/D : -0.913818
[hold in-reg] wbs_dat_i[24] -> mprj/_137091_/D : -0.913311
[hold in-reg] wbs_adr_i[4] -> mprj/_136515_/D : -0.913279
[hold in-reg] wbs_adr_i[4] -> mprj/_136571_/D : -0.913091
[hold in-reg] wbs_adr_i[4] -> mprj/_136537_/D : -0.912368
[hold in-reg] wbs_adr_i[4] -> mprj/_136602_/D : -0.911236
[hold in-reg] wbs_adr_i[4] -> mprj/_137141_/D : -0.911155
[hold in-reg] wbs_adr_i[4] -> mprj/_137040_/D : -0.909795
[hold in-reg] wbs_adr_i[4] -> mprj/_136025_/D : -0.909325
[hold in-reg] wbs_adr_i[4] -> mprj/_136573_/D : -0.908849
[hold in-reg] wbs_adr_i[4] -> mprj/_136821_/D : -0.907236
[hold in-reg] wbs_adr_i[4] -> mprj/_136585_/D : -0.905901
[hold in-reg] wbs_adr_i[4] -> mprj/_136450_/D : -0.904546
[hold in-reg] wbs_adr_i[4] -> mprj/_136956_/D : -0.904063
[hold in-reg] wbs_adr_i[4] -> mprj/_136005_/D : -0.903915
[hold in-reg] wbs_adr_i[4] -> mprj/_136359_/D : -0.902964
[hold in-reg] wbs_adr_i[4] -> mprj/_136093_/D : -0.900156
[hold in-reg] wbs_adr_i[4] -> mprj/_136917_/D : -0.898770
[hold in-reg] wbs_adr_i[4] -> mprj/_137027_/D : -0.895399
[hold in-reg] wbs_adr_i[4] -> mprj/_135864_/D : -0.895244
[hold in-reg] wbs_adr_i[4] -> mprj/_135997_/D : -0.895191
[hold in-reg] wbs_adr_i[4] -> mprj/_137029_/D : -0.894022
[hold in-reg] wbs_adr_i[4] -> mprj/_136231_/D : -0.893651
[hold in-reg] wbs_adr_i[4] -> mprj/_136343_/D : -0.893315
[hold in-reg] wbs_adr_i[4] -> mprj/_136331_/D : -0.893198
[hold in-reg] wbs_adr_i[4] -> mprj/_136473_/D : -0.890723
[hold in-reg] wbs_adr_i[4] -> mprj/_135883_/D : -0.889702
[hold in-reg] wbs_adr_i[4] -> mprj/_137019_/D : -0.889446
[hold in-reg] wbs_adr_i[4] -> mprj/_136121_/D : -0.889003
[hold in-reg] wbs_adr_i[4] -> mprj/_135801_/D : -0.888620
[hold in-reg] wbs_adr_i[4] -> mprj/_137217_/D : -0.888289
[hold in-reg] wbs_adr_i[4] -> mprj/_136393_/D : -0.884460
[hold in-reg] wbs_adr_i[4] -> mprj/_135834_/D : -0.884331
[hold in-reg] wbs_adr_i[4] -> mprj/_135974_/D : -0.882475
[hold in-reg] wbs_adr_i[4] -> mprj/_136794_/D : -0.882416
[hold in-reg] wbs_adr_i[4] -> mprj/_136841_/D : -0.882304
[hold in-reg] wbs_adr_i[4] -> mprj/_137220_/D : -0.882014
[hold in-reg] wbs_adr_i[4] -> mprj/_136521_/D : -0.881621
[hold in-reg] wbs_adr_i[4] -> mprj/_137219_/D : -0.881598
[hold in-reg] wbs_adr_i[4] -> mprj/_136099_/D : -0.880379
[hold in-reg] wbs_adr_i[4] -> mprj/_136022_/D : -0.878774
[hold in-reg] wbs_adr_i[4] -> mprj/_136153_/D : -0.878268
[hold in-reg] wbs_adr_i[4] -> mprj/_137283_/D : -0.878185
[hold in-reg] wbs_adr_i[4] -> mprj/_136081_/D : -0.876175
[hold in-reg] wbs_adr_i[4] -> mprj/_135896_/D : -0.876097
[hold in-reg] wbs_adr_i[4] -> mprj/_136996_/D : -0.875842
[hold in-reg] wbs_adr_i[4] -> mprj/_137021_/D : -0.875393
[hold in-reg] wbs_adr_i[4] -> mprj/_136983_/D : -0.874589
[hold in-reg] wbs_dat_i[24] -> mprj/_136015_/D : -0.872954
[hold in-reg] wbs_adr_i[4] -> mprj/_136799_/D : -0.872523
[hold in-reg] wbs_adr_i[4] -> mprj/_136517_/D : -0.872404
[hold in-reg] wbs_adr_i[4] -> mprj/_136071_/D : -0.870537
[hold in-reg] wbs_adr_i[4] -> mprj/_137274_/D : -0.870230
[hold in-reg] wbs_adr_i[4] -> mprj/_136376_/D : -0.870132
[hold in-reg] wbs_adr_i[4] -> mprj/_137289_/D : -0.868952
[hold in-reg] wbs_adr_i[4] -> mprj/_136782_/D : -0.868651
[hold in-reg] wbs_adr_i[4] -> mprj/_136977_/D : -0.866545
[hold in-reg] wbs_adr_i[4] -> mprj/_136961_/D : -0.865412
[hold in-reg] wbs_adr_i[4] -> mprj/_136103_/D : -0.864581
[hold in-reg] wbs_adr_i[4] -> mprj/_136853_/D : -0.863760
[hold in-reg] wbs_adr_i[4] -> mprj/_136659_/D : -0.863643
[hold in-reg] wbs_adr_i[4] -> mprj/_136631_/D : -0.862485
[hold in-reg] wbs_adr_i[4] -> mprj/_137290_/D : -0.862157
[hold in-reg] wbs_adr_i[4] -> mprj/_135833_/D : -0.860997
[hold in-reg] wbs_adr_i[4] -> mprj/_136918_/D : -0.860717
[hold in-reg] wbs_adr_i[4] -> mprj/_136869_/D : -0.860249
[hold in-reg] wbs_adr_i[4] -> mprj/_136115_/D : -0.858979
[hold in-reg] wbs_adr_i[4] -> mprj/_137033_/D : -0.858331
[hold in-reg] wbs_adr_i[4] -> mprj/_136312_/D : -0.858127
[hold in-reg] wbs_adr_i[4] -> mprj/_136582_/D : -0.856993
[hold in-reg] wbs_adr_i[4] -> mprj/_136329_/D : -0.856664
[hold in-reg] wbs_adr_i[4] -> mprj/_136947_/D : -0.855240
[hold in-reg] wbs_adr_i[4] -> mprj/_136385_/D : -0.850217
[hold in-reg] wbs_adr_i[4] -> mprj/_136615_/D : -0.849886
[hold in-reg] wbs_adr_i[4] -> mprj/_137218_/D : -0.849449
[hold in-reg] wbs_adr_i[4] -> mprj/_136625_/D : -0.849394
[hold in-reg] wbs_adr_i[4] -> mprj/_136295_/D : -0.845274
[hold in-reg] wbs_dat_i[9] -> mprj/_138352_/D : -0.843830
[hold in-reg] wbs_adr_i[4] -> mprj/_137034_/D : -0.841752
[hold in-reg] wbs_adr_i[4] -> mprj/_135925_/D : -0.841618
[hold in-reg] wbs_adr_i[4] -> mprj/_137230_/D : -0.839854
[hold in-reg] wbs_adr_i[4] -> mprj/_136855_/D : -0.838956
[hold in-reg] wbs_adr_i[4] -> mprj/_136583_/D : -0.838753
[hold in-reg] wbs_adr_i[4] -> mprj/_137203_/D : -0.837944
[hold in-reg] wbs_adr_i[4] -> mprj/_136363_/D : -0.837502
[hold in-reg] wbs_adr_i[4] -> mprj/_137249_/D : -0.837307
[hold in-reg] wbs_adr_i[4] -> mprj/_137095_/D : -0.836943
[hold in-reg] wbs_adr_i[4] -> mprj/_136595_/D : -0.836930
[hold in-reg] wbs_adr_i[4] -> mprj/_136842_/D : -0.836283
[hold in-reg] wbs_adr_i[4] -> mprj/_136959_/D : -0.835920
[hold in-reg] wbs_adr_i[4] -> mprj/_137020_/D : -0.835256
[hold in-reg] wbs_adr_i[4] -> mprj/_136864_/D : -0.834035
[hold in-reg] wbs_adr_i[4] -> mprj/_136091_/D : -0.832895
[hold in-reg] wbs_adr_i[4] -> mprj/_136807_/D : -0.832259
[hold in-reg] wbs_dat_i[24] -> mprj/_136911_/D : -0.831861
[hold in-reg] wbs_dat_i[24] -> mprj/_136611_/D : -0.831548
[hold in-reg] wbs_adr_i[4] -> mprj/_136313_/D : -0.830157
[hold in-reg] wbs_adr_i[4] -> mprj/_137294_/D : -0.829981
[hold in-reg] wbs_adr_i[4] -> mprj/_136423_/D : -0.829203
[hold in-reg] wbs_adr_i[4] -> mprj/_136270_/D : -0.828820
[hold in-reg] wbs_adr_i[4] -> mprj/_136413_/D : -0.828616
[hold in-reg] wbs_adr_i[4] -> mprj/_136800_/D : -0.828607
[hold in-reg] wbs_adr_i[4] -> mprj/_136296_/D : -0.828211
[hold in-reg] wbs_adr_i[4] -> mprj/_136614_/D : -0.828044
[hold in-reg] wbs_dat_i[24] -> mprj/_135955_/D : -0.826659
[hold in-reg] wbs_adr_i[4] -> mprj/_137172_/D : -0.825743
[hold in-reg] wbs_adr_i[4] -> mprj/_136808_/D : -0.824918
[hold in-reg] wbs_adr_i[4] -> mprj/_136603_/D : -0.822670
[hold in-reg] wbs_adr_i[4] -> mprj/_137049_/D : -0.819928
[hold in-reg] wbs_adr_i[4] -> mprj/_136449_/D : -0.819315
[hold in-reg] wbs_adr_i[4] -> mprj/_135784_/D : -0.818985
[hold in-reg] wbs_adr_i[4] -> mprj/_136112_/D : -0.818853
[hold in-reg] wbs_adr_i[4] -> mprj/_136283_/D : -0.818511
[hold in-reg] wbs_adr_i[4] -> mprj/_137127_/D : -0.818201
[hold in-reg] wbs_adr_i[4] -> mprj/_136300_/D : -0.817688
[hold in-reg] wbs_adr_i[4] -> mprj/_135965_/D : -0.817162
[hold in-reg] wbs_adr_i[4] -> mprj/_136633_/D : -0.816865
[hold in-reg] wbs_adr_i[4] -> mprj/_136177_/D : -0.816844
[hold in-reg] wbs_adr_i[4] -> mprj/_135851_/D : -0.814267
[hold in-reg] wbs_adr_i[4] -> mprj/_136475_/D : -0.813380
[hold in-reg] wbs_adr_i[4] -> mprj/_136627_/D : -0.812745
[hold in-reg] wbs_adr_i[4] -> mprj/_136979_/D : -0.812244
[hold in-reg] wbs_adr_i[4] -> mprj/_136039_/D : -0.810915
[hold in-reg] wbs_adr_i[4] -> mprj/_136063_/D : -0.810836
[hold in-reg] wbs_adr_i[4] -> mprj/_135957_/D : -0.810648
[hold in-reg] wbs_dat_i[24] -> mprj/_136851_/D : -0.808621
[hold in-reg] wbs_adr_i[4] -> mprj/_136422_/D : -0.808324
[hold in-reg] wbs_adr_i[4] -> mprj/_136183_/D : -0.807655
[hold in-reg] wbs_adr_i[4] -> mprj/_137139_/D : -0.805866
[hold in-reg] wbs_adr_i[4] -> mprj/_137082_/D : -0.805594
[hold in-reg] wbs_adr_i[4] -> mprj/_136953_/D : -0.805168
[hold in-reg] wbs_adr_i[4] -> mprj/_136825_/D : -0.804414
[hold in-reg] wbs_adr_i[4] -> mprj/_136147_/D : -0.803941
[hold in-reg] wbs_adr_i[4] -> mprj/_136527_/D : -0.803308
[hold in-reg] wbs_adr_i[4] -> mprj/_136087_/D : -0.802688
[hold in-reg] wbs_adr_i[4] -> mprj/_137260_/D : -0.802306
[hold in-reg] wbs_adr_i[4] -> mprj/_137003_/D : -0.801995
[hold in-reg] wbs_adr_i[4] -> mprj/_136330_/D : -0.800672
[hold in-reg] wbs_adr_i[4] -> mprj/_137159_/D : -0.800249
[hold in-reg] wbs_adr_i[4] -> mprj/_137279_/D : -0.799500
[hold in-reg] wbs_adr_i[4] -> mprj/_137115_/D : -0.798390
[hold in-reg] wbs_adr_i[4] -> mprj/_136057_/D : -0.797956
[hold in-reg] wbs_adr_i[4] -> mprj/_137136_/D : -0.796774
[hold in-reg] wbs_adr_i[4] -> mprj/_136288_/D : -0.796668
[hold in-reg] wbs_adr_i[4] -> mprj/_136579_/D : -0.794160
[hold in-reg] wbs_adr_i[4] -> mprj/_136332_/D : -0.793944
[hold in-reg] wbs_adr_i[4] -> mprj/_136182_/D : -0.793653
[hold in-reg] wbs_adr_i[4] -> mprj/_135893_/D : -0.793623
[hold in-reg] wbs_adr_i[4] -> mprj/_136711_/D : -0.793583
[hold in-reg] wbs_dat_i[28] -> mprj/_136165_/D : -0.793437
[hold in-reg] wbs_adr_i[4] -> mprj/_136076_/D : -0.793377
[hold in-reg] wbs_adr_i[4] -> mprj/_136503_/D : -0.792578
[hold in-reg] wbs_adr_i[4] -> mprj/_137151_/D : -0.792531
[hold in-reg] wbs_adr_i[4] -> mprj/_136972_/D : -0.791935
[hold in-reg] wbs_adr_i[4] -> mprj/_136893_/D : -0.790718
[hold in-reg] wbs_adr_i[4] -> mprj/_136563_/D : -0.790608
[hold in-reg] wbs_adr_i[4] -> mprj/_136824_/D : -0.790592
[hold in-reg] wbs_adr_i[4] -> mprj/_136212_/D : -0.789930
[hold in-reg] wbs_adr_i[4] -> mprj/_137079_/D : -0.789480
[hold in-reg] wbs_adr_i[4] -> mprj/_136067_/D : -0.789233
[hold in-reg] wbs_adr_i[4] -> mprj/_137259_/D : -0.787181
[hold in-reg] wbs_dat_i[23] -> mprj/_137056_/D : -0.787156
[hold in-reg] wbs_adr_i[4] -> mprj/_136102_/D : -0.787070
[hold in-reg] wbs_adr_i[4] -> mprj/_135854_/D : -0.786496
[hold in-reg] wbs_adr_i[4] -> mprj/_136487_/D : -0.785926
[hold in-reg] wbs_adr_i[4] -> mprj/_136624_/D : -0.784664
[hold in-reg] wbs_adr_i[4] -> mprj/_136989_/D : -0.784095
[hold in-reg] wbs_adr_i[4] -> mprj/_136724_/D : -0.783729
[hold in-reg] wbs_adr_i[4] -> mprj/_135884_/D : -0.783339
[hold in-reg] wbs_adr_i[4] -> mprj/_136811_/D : -0.782664
[hold in-reg] wbs_adr_i[4] -> mprj/_136999_/D : -0.782565
[hold in-reg] wbs_adr_i[4] -> mprj/_136193_/D : -0.782455
[hold in-reg] wbs_adr_i[4] -> mprj/_137163_/D : -0.781661
[hold in-reg] wbs_adr_i[4] -> mprj/_136795_/D : -0.781475
[hold in-reg] wbs_adr_i[4] -> mprj/_136244_/D : -0.780695
[hold in-reg] wbs_adr_i[4] -> mprj/_136136_/D : -0.778866
[hold in-reg] wbs_adr_i[4] -> mprj/_136290_/D : -0.776948
[hold in-reg] wbs_adr_i[4] -> mprj/_135963_/D : -0.776486
[hold in-reg] wbs_adr_i[4] -> mprj/_136477_/D : -0.776364
[hold in-reg] wbs_adr_i[4] -> mprj/_137032_/D : -0.774989
[hold in-reg] wbs_dat_i[23] -> mprj/_137058_/D : -0.773983
[hold in-reg] wbs_adr_i[4] -> mprj/_137099_/D : -0.772110
[hold in-reg] wbs_adr_i[4] -> mprj/_135783_/D : -0.771809
[hold in-reg] wbs_adr_i[4] -> mprj/_135908_/D : -0.771498
[hold in-reg] wbs_adr_i[4] -> mprj/_135861_/D : -0.771094
[hold in-reg] wbs_adr_i[4] -> mprj/_136299_/D : -0.770375
[hold in-reg] wbs_dat_i[23] -> mprj/_136550_/D : -0.766939
[hold in-reg] wbs_adr_i[4] -> mprj/_137229_/D : -0.764892
[hold in-reg] wbs_adr_i[4] -> mprj/_136512_/D : -0.763795
[hold in-reg] wbs_adr_i[4] -> mprj/_135812_/D : -0.762712
[hold in-reg] wbs_adr_i[4] -> mprj/_136661_/D : -0.762672
[hold in-reg] wbs_adr_i[4] -> mprj/_136055_/D : -0.762358
[hold in-reg] wbs_adr_i[4] -> mprj/_137010_/D : -0.762070
[hold in-reg] wbs_adr_i[4] -> mprj/_137097_/D : -0.762044
[hold in-reg] wbs_adr_i[4] -> mprj/_137041_/D : -0.761590
[hold in-reg] wbs_adr_i[4] -> mprj/_136273_/D : -0.760800
[hold in-reg] wbs_adr_i[4] -> mprj/_136467_/D : -0.758967
[hold in-reg] wbs_adr_i[4] -> mprj/_136179_/D : -0.758876
[hold in-reg] wbs_adr_i[4] -> mprj/_137129_/D : -0.758796
[hold in-reg] wbs_adr_i[4] -> mprj/_136651_/D : -0.756977
[hold in-reg] wbs_dat_i[9] -> mprj/_135906_/D : -0.756951
[hold in-reg] wbs_adr_i[4] -> mprj/_136617_/D : -0.756548
[hold in-reg] wbs_dat_i[9] -> mprj/_136418_/D : -0.756468
[hold in-reg] wbs_adr_i[4] -> mprj/_136673_/D : -0.755553
[hold in-reg] wbs_adr_i[4] -> mprj/_135913_/D : -0.754024
[hold in-reg] wbs_adr_i[4] -> mprj/_136461_/D : -0.752889
[hold in-reg] wbs_adr_i[4] -> mprj/_136199_/D : -0.752181
[hold in-reg] wbs_adr_i[4] -> mprj/_136721_/D : -0.750850
[hold in-reg] wbs_adr_i[4] -> mprj/_136139_/D : -0.750805
[hold in-reg] wbs_adr_i[4] -> mprj/_135881_/D : -0.750402
[hold in-reg] wbs_adr_i[4] -> mprj/_137142_/D : -0.750341
[hold in-reg] wbs_adr_i[4] -> mprj/_136405_/D : -0.749093
[hold in-reg] wbs_adr_i[4] -> mprj/_135958_/D : -0.747866
[hold in-reg] wbs_adr_i[4] -> mprj/_136987_/D : -0.747464
[hold in-reg] wbs_adr_i[4] -> mprj/_135966_/D : -0.747232
[hold in-reg] wbs_adr_i[4] -> mprj/_135961_/D : -0.746699
[hold in-reg] wbs_adr_i[4] -> mprj/_136857_/D : -0.746409
[hold in-reg] wbs_adr_i[4] -> mprj/_137028_/D : -0.745501
[hold in-reg] wbs_adr_i[4] -> mprj/_135975_/D : -0.743682
[hold in-reg] wbs_adr_i[4] -> mprj/_136567_/D : -0.741666
[hold in-reg] wbs_adr_i[4] -> mprj/_136962_/D : -0.741323
[hold in-reg] wbs_adr_i[4] -> mprj/_136101_/D : -0.741128
[hold in-reg] wbs_adr_i[4] -> mprj/_136992_/D : -0.740610
[hold in-reg] wbs_adr_i[4] -> mprj/_136492_/D : -0.739225
[hold in-reg] wbs_adr_i[4] -> mprj/_136480_/D : -0.738878
[hold in-reg] wbs_adr_i[4] -> mprj/_137308_/D : -0.738797
[hold in-reg] wbs_adr_i[4] -> mprj/_135811_/D : -0.738455
[hold in-reg] wbs_adr_i[4] -> mprj/_135847_/D : -0.738416
[hold in-reg] wbs_adr_i[4] -> mprj/_136754_/D : -0.736494
[hold in-reg] wbs_adr_i[4] -> mprj/_136524_/D : -0.736323
[hold in-reg] wbs_adr_i[4] -> mprj/_136574_/D : -0.736062
[hold in-reg] wbs_adr_i[4] -> mprj/_136562_/D : -0.734016
[hold in-reg] wbs_adr_i[4] -> mprj/_136323_/D : -0.733793
[hold in-reg] wbs_adr_i[4] -> mprj/_136479_/D : -0.733779
[hold in-reg] wbs_adr_i[4] -> mprj/_137050_/D : -0.733728
[hold in-reg] wbs_adr_i[4] -> mprj/_136318_/D : -0.732926
[hold in-reg] wbs_adr_i[4] -> mprj/_136302_/D : -0.732861
[hold in-reg] wbs_adr_i[4] -> mprj/_135993_/D : -0.732460
[hold in-reg] wbs_adr_i[4] -> mprj/_137170_/D : -0.731171
[hold in-reg] wbs_adr_i[4] -> mprj/_136792_/D : -0.729830
[hold in-reg] wbs_adr_i[4] -> mprj/_136137_/D : -0.729347
[hold in-reg] wbs_adr_i[4] -> mprj/_136833_/D : -0.729163
[hold in-reg] wbs_adr_i[4] -> mprj/_136243_/D : -0.728943
[hold in-reg] wbs_adr_i[4] -> mprj/_136233_/D : -0.727966
[hold in-reg] wbs_adr_i[4] -> mprj/_136828_/D : -0.727799
[hold in-reg] wbs_adr_i[4] -> mprj/_136883_/D : -0.727321
[hold in-reg] wbs_adr_i[4] -> mprj/_136028_/D : -0.726883
[hold in-reg] wbs_adr_i[4] -> mprj/_136649_/D : -0.726818
[hold in-reg] wbs_adr_i[4] -> mprj/_136863_/D : -0.725489
[hold in-reg] wbs_adr_i[4] -> mprj/_137278_/D : -0.722346
[hold in-reg] wbs_adr_i[4] -> mprj/_136935_/D : -0.720924
[hold in-reg] wbs_adr_i[4] -> mprj/_136895_/D : -0.720176
[hold in-reg] wbs_adr_i[4] -> mprj/_137296_/D : -0.719944
[hold in-reg] wbs_adr_i[4] -> mprj/_136613_/D : -0.719419
[hold in-reg] wbs_adr_i[4] -> mprj/_137161_/D : -0.717556
[hold in-reg] wbs_adr_i[4] -> mprj/_136798_/D : -0.717511
[hold in-reg] wbs_dat_i[9] -> mprj/_135904_/D : -0.717096
[hold in-reg] wbs_adr_i[4] -> mprj/_136529_/D : -0.716794
[hold in-reg] wbs_adr_i[4] -> mprj/_136986_/D : -0.715039
[hold in-reg] wbs_adr_i[4] -> mprj/_137109_/D : -0.714970
[hold in-reg] wbs_adr_i[4] -> mprj/_137017_/D : -0.714875
[hold in-reg] wbs_adr_i[4] -> mprj/_136255_/D : -0.714659
[hold in-reg] wbs_adr_i[4] -> mprj/_137008_/D : -0.713623
[hold in-reg] wbs_adr_i[4] -> mprj/_136978_/D : -0.713063
[hold in-reg] wbs_adr_i[4] -> mprj/_136050_/D : -0.712224
[hold in-reg] wbs_adr_i[4] -> mprj/_136314_/D : -0.711053
[hold in-reg] wbs_adr_i[4] -> mprj/_136242_/D : -0.709915
[hold in-reg] wbs_adr_i[4] -> mprj/_136881_/D : -0.709290
[hold in-reg] wbs_adr_i[4] -> mprj/_136451_/D : -0.708971
[hold in-reg] wbs_adr_i[4] -> mprj/_135910_/D : -0.708832
[hold in-reg] wbs_adr_i[4] -> mprj/_137185_/D : -0.707746
[hold in-reg] wbs_dat_i[9] -> mprj/_136416_/D : -0.707728
[hold in-reg] wbs_adr_i[4] -> mprj/_137075_/D : -0.707368
[hold in-reg] wbs_adr_i[4] -> mprj/_136508_/D : -0.706799
[hold in-reg] wbs_adr_i[4] -> mprj/_135841_/D : -0.706363
[hold in-reg] wbs_adr_i[4] -> mprj/_136715_/D : -0.706195
[hold in-reg] wbs_adr_i[4] -> mprj/_136360_/D : -0.706012
[hold in-reg] wbs_adr_i[4] -> mprj/_135981_/D : -0.705081
[hold in-reg] wbs_adr_i[4] -> mprj/_136632_/D : -0.704225
[hold in-reg] wbs_adr_i[4] -> mprj/_136768_/D : -0.703294
[hold in-reg] wbs_adr_i[4] -> mprj/_136161_/D : -0.702753
[hold in-reg] wbs_adr_i[4] -> mprj/_136232_/D : -0.702474
[hold in-reg] wbs_adr_i[4] -> mprj/_136089_/D : -0.701168
[hold in-reg] wbs_adr_i[4] -> mprj/_136051_/D : -0.701087
[hold in-reg] wbs_adr_i[4] -> mprj/_136538_/D : -0.700320
[hold in-reg] wbs_adr_i[4] -> mprj/_136120_/D : -0.699830
[hold in-reg] wbs_adr_i[4] -> mprj/_136106_/D : -0.698028
[hold in-reg] wbs_adr_i[4] -> mprj/_137295_/D : -0.697895
[hold in-reg] wbs_adr_i[4] -> mprj/_136443_/D : -0.697811
[hold in-reg] wbs_adr_i[4] -> mprj/_136660_/D : -0.697141
[hold in-reg] wbs_adr_i[4] -> mprj/_136201_/D : -0.696804
[hold in-reg] wbs_adr_i[4] -> mprj/_135846_/D : -0.694754
[hold in-reg] wbs_adr_i[4] -> mprj/_136751_/D : -0.694135
[hold in-reg] wbs_adr_i[4] -> mprj/_136469_/D : -0.692733
[hold in-reg] wbs_adr_i[4] -> mprj/_137143_/D : -0.692483
[hold in-reg] wbs_adr_i[4] -> mprj/_136045_/D : -0.692276
[hold in-reg] wbs_adr_i[4] -> mprj/_136991_/D : -0.692264
[hold in-reg] wbs_adr_i[4] -> mprj/_136117_/D : -0.692173
[hold in-reg] wbs_adr_i[4] -> mprj/_136949_/D : -0.691704
[hold in-reg] wbs_adr_i[4] -> mprj/_135794_/D : -0.691625
[hold in-reg] wbs_adr_i[4] -> mprj/_136981_/D : -0.691373
[hold in-reg] wbs_adr_i[4] -> mprj/_136226_/D : -0.689711
[hold in-reg] wbs_adr_i[4] -> mprj/_135935_/D : -0.689400
[hold in-reg] wbs_adr_i[4] -> mprj/_136133_/D : -0.688977
[hold in-reg] wbs_adr_i[4] -> mprj/_135937_/D : -0.688745
[hold in-reg] wbs_adr_i[4] -> mprj/_136452_/D : -0.688551
[hold in-reg] wbs_adr_i[4] -> mprj/_135914_/D : -0.688062
[hold in-reg] wbs_adr_i[4] -> mprj/_136026_/D : -0.688034
[hold in-reg] wbs_adr_i[4] -> mprj/_136516_/D : -0.688014
[hold in-reg] wbs_adr_i[4] -> mprj/_136289_/D : -0.687057
[hold in-reg] wbs_adr_i[7] -> mprj/_136455_/D : -0.686808
[hold in-reg] wbs_adr_i[4] -> mprj/_136924_/D : -0.686621
[hold in-reg] wbs_adr_i[4] -> mprj/_136623_/D : -0.685745
[hold in-reg] wbs_adr_i[4] -> mprj/_136629_/D : -0.684619
[hold in-reg] wbs_adr_i[4] -> mprj/_136362_/D : -0.683785
[hold in-reg] wbs_adr_i[4] -> mprj/_136274_/D : -0.683086
[hold in-reg] wbs_adr_i[4] -> mprj/_136060_/D : -0.683019
[hold in-reg] wbs_adr_i[4] -> mprj/_135987_/D : -0.682774
[hold in-reg] wbs_adr_i[4] -> mprj/_136973_/D : -0.681952
[hold in-reg] wbs_adr_i[4] -> mprj/_135964_/D : -0.681079
[hold in-reg] wbs_adr_i[4] -> mprj/_135853_/D : -0.680702
[hold in-reg] wbs_adr_i[4] -> mprj/_137055_/D : -0.680528
[hold in-reg] wbs_adr_i[4] -> mprj/_136522_/D : -0.680446
[hold in-reg] wbs_adr_i[4] -> mprj/_136929_/D : -0.680375
[hold in-reg] wbs_adr_i[4] -> mprj/_136830_/D : -0.679922
[hold in-reg] wbs_adr_i[4] -> mprj/_136705_/D : -0.679801
[hold in-reg] wbs_adr_i[4] -> mprj/_136566_/D : -0.679384
[hold in-reg] wbs_adr_i[4] -> mprj/_136017_/D : -0.679199
[hold in-reg] wbs_adr_i[5] -> mprj/_136438_/D : -0.678902
[hold in-reg] wbs_adr_i[4] -> mprj/_136926_/D : -0.678569
[hold in-reg] wbs_adr_i[4] -> mprj/_136406_/D : -0.678135
[hold in-reg] wbs_adr_i[4] -> mprj/_137038_/D : -0.676121
[hold in-reg] wbs_adr_i[4] -> mprj/_136955_/D : -0.675126
[hold in-reg] wbs_adr_i[4] -> mprj/_137080_/D : -0.674469
[hold in-reg] wbs_adr_i[4] -> mprj/_136810_/D : -0.673904
[hold in-reg] wbs_adr_i[4] -> mprj/_136267_/D : -0.673881
[hold in-reg] wbs_adr_i[4] -> mprj/_137169_/D : -0.673311
[hold in-reg] wbs_adr_i[4] -> mprj/_136865_/D : -0.673144
[hold in-reg] wbs_adr_i[4] -> mprj/_136013_/D : -0.672857
[hold in-reg] wbs_adr_i[4] -> mprj/_137304_/D : -0.672773
[hold in-reg] wbs_dat_i[23] -> mprj/_136666_/D : -0.671023
[hold in-reg] wbs_adr_i[4] -> mprj/_135999_/D : -0.670815
[hold in-reg] wbs_adr_i[4] -> mprj/_137312_/D : -0.670208
[hold in-reg] wbs_adr_i[4] -> mprj/_137160_/D : -0.669043
[hold in-reg] wbs_adr_i[4] -> mprj/_136494_/D : -0.668262
[hold in-reg] wbs_dat_i[28] -> mprj/_136645_/D : -0.667196
[hold in-reg] wbs_adr_i[4] -> mprj/_136162_/D : -0.666953
[hold in-reg] wbs_adr_i[4] -> mprj/_137202_/D : -0.666719
[hold in-reg] wbs_dat_i[4] -> mprj/_135777_/D : -0.666494
[hold in-reg] wbs_adr_i[4] -> mprj/_136033_/D : -0.665519
[hold in-reg] wbs_adr_i[4] -> mprj/_135830_/D : -0.665196
[hold in-reg] wbs_adr_i[4] -> mprj/_137111_/D : -0.664747
[hold in-reg] wbs_adr_i[4] -> mprj/_136029_/D : -0.664699
[hold in-reg] wbs_adr_i[4] -> mprj/_136437_/D : -0.663236
[hold in-reg] wbs_adr_i[4] -> mprj/_135802_/D : -0.663197
[hold in-reg] wbs_adr_i[3] -> mprj/_135973_/D : -0.662670
[hold in-reg] wbs_adr_i[4] -> mprj/_136722_/D : -0.662442
[hold in-reg] wbs_adr_i[4] -> mprj/_136175_/D : -0.662380
[hold in-reg] wbs_adr_i[4] -> mprj/_136826_/D : -0.662160
[hold in-reg] wbs_adr_i[4] -> mprj/_136499_/D : -0.661768
[hold in-reg] wbs_adr_i[4] -> mprj/_136003_/D : -0.661547
[hold in-reg] wbs_adr_i[4] -> mprj/_136241_/D : -0.661542
[hold in-reg] wbs_adr_i[4] -> mprj/_137257_/D : -0.661123
[hold in-reg] wbs_adr_i[4] -> mprj/_136941_/D : -0.660712
[hold in-reg] wbs_adr_i[4] -> mprj/_136867_/D : -0.660330
[hold in-reg] wbs_adr_i[4] -> mprj/_136373_/D : -0.660311
[hold in-reg] wbs_adr_i[4] -> mprj/_136471_/D : -0.659987
[hold in-reg] wbs_adr_i[4] -> mprj/_135985_/D : -0.659475
[hold in-reg] wbs_adr_i[4] -> mprj/_137098_/D : -0.658613
[hold in-reg] wbs_adr_i[4] -> mprj/_136140_/D : -0.658293
[hold in-reg] wbs_adr_i[4] -> mprj/_137002_/D : -0.655334
[hold in-reg] wbs_adr_i[4] -> mprj/_136835_/D : -0.654650
[hold in-reg] wbs_adr_i[4] -> mprj/_137011_/D : -0.653548
[hold in-reg] wbs_adr_i[4] -> mprj/_136395_/D : -0.652896
[hold in-reg] wbs_adr_i[4] -> mprj/_137128_/D : -0.652174
[hold in-reg] wbs_adr_i[4] -> mprj/_136277_/D : -0.651133
[hold in-reg] wbs_adr_i[4] -> mprj/_136774_/D : -0.650874
[hold in-reg] wbs_adr_i[4] -> mprj/_136239_/D : -0.650743
[hold in-reg] wbs_adr_i[4] -> mprj/_136960_/D : -0.648797
[hold in-reg] wbs_adr_i[4] -> mprj/_136599_/D : -0.648011
[hold in-reg] wbs_adr_i[4] -> mprj/_136034_/D : -0.647000
[hold in-reg] wbs_adr_i[4] -> mprj/_137053_/D : -0.646715
[hold in-reg] wbs_adr_i[4] -> mprj/_136806_/D : -0.646558
[hold in-reg] wbs_adr_i[3] -> mprj/_135778_/D : -0.646478
[hold in-reg] wbs_adr_i[4] -> mprj/_136879_/D : -0.645618
[hold in-reg] wbs_adr_i[4] -> mprj/_136052_/D : -0.645382
[hold in-reg] wbs_adr_i[4] -> mprj/_136481_/D : -0.645009
[hold in-reg] wbs_adr_i[4] -> mprj/_136001_/D : -0.643621
[hold in-reg] wbs_adr_i[4] -> mprj/_136766_/D : -0.642582
[hold in-reg] wbs_adr_i[4] -> mprj/_136004_/D : -0.642554
[hold in-reg] wbs_adr_i[4] -> mprj/_136498_/D : -0.641437
[hold in-reg] wbs_adr_i[4] -> mprj/_137100_/D : -0.640686
[hold in-reg] wbs_adr_i[4] -> mprj/_136254_/D : -0.640449
[hold in-reg] wbs_adr_i[4] -> mprj/_135871_/D : -0.640123
[hold in-reg] wbs_adr_i[4] -> mprj/_136885_/D : -0.639901
[hold in-reg] wbs_adr_i[4] -> mprj/_136294_/D : -0.639104
[hold in-reg] wbs_adr_i[4] -> mprj/_137247_/D : -0.638809
[hold in-reg] wbs_adr_i[4] -> mprj/_136301_/D : -0.638449
[hold in-reg] wbs_adr_i[4] -> mprj/_137093_/D : -0.638045
[hold in-reg] wbs_adr_i[7] -> mprj/_136905_/D : -0.637793
[hold in-reg] wbs_adr_i[4] -> mprj/_137144_/D : -0.637449
[hold in-reg] wbs_adr_i[4] -> mprj/_135874_/D : -0.637392
[hold in-reg] wbs_adr_i[4] -> mprj/_137118_/D : -0.637055
[hold in-reg] wbs_adr_i[4] -> mprj/_136124_/D : -0.636515
[hold in-reg] wbs_adr_i[4] -> mprj/_136655_/D : -0.636013
[hold in-reg] wbs_adr_i[4] -> mprj/_136351_/D : -0.635847
[hold in-reg] wbs_adr_i[4] -> mprj/_136525_/D : -0.635532
[hold in-reg] wbs_adr_i[4] -> mprj/_136812_/D : -0.634373
[hold in-reg] wbs_adr_i[4] -> mprj/_136726_/D : -0.633684
[hold in-reg] wbs_adr_i[4] -> mprj/_136984_/D : -0.633551
[hold in-reg] wbs_adr_i[4] -> mprj/_136219_/D : -0.633144
[hold in-reg] wbs_adr_i[4] -> mprj/_136167_/D : -0.632959
[hold in-reg] wbs_adr_i[4] -> mprj/_137122_/D : -0.632083
[hold in-reg] wbs_dat_i[9] -> mprj/_136684_/D : -0.631893
[hold in-reg] wbs_adr_i[4] -> mprj/_136303_/D : -0.631831
[hold in-reg] wbs_adr_i[4] -> mprj/_135792_/D : -0.631696
[hold in-reg] wbs_dat_i[27] -> mprj/_136882_/D : -0.630861
[hold in-reg] wbs_adr_i[4] -> mprj/_137025_/D : -0.630243
[hold in-reg] wbs_adr_i[4] -> mprj/_137193_/D : -0.630155
[hold in-reg] wbs_adr_i[4] -> mprj/_136189_/D : -0.629944
[hold in-reg] wbs_adr_i[4] -> mprj/_136138_/D : -0.629315
[hold in-reg] wbs_adr_i[4] -> mprj/_136447_/D : -0.629127
[hold in-reg] wbs_adr_i[4] -> mprj/_136789_/D : -0.628440
[hold in-reg] wbs_adr_i[4] -> mprj/_136235_/D : -0.628400
[hold in-reg] wbs_adr_i[4] -> mprj/_136545_/D : -0.628171
[hold in-reg] wbs_dat_i[23] -> mprj/_136878_/D : -0.627959
[hold in-reg] wbs_dat_i[23] -> mprj/_136366_/D : -0.627812
[hold in-reg] wbs_dat_i[24] -> mprj/_137155_/D : -0.627797
[hold in-reg] wbs_adr_i[4] -> mprj/_136873_/D : -0.626875
[hold in-reg] wbs_adr_i[4] -> mprj/_135832_/D : -0.626853
[hold in-reg] wbs_adr_i[4] -> mprj/_136334_/D : -0.626738
[hold in-reg] wbs_adr_i[4] -> mprj/_136213_/D : -0.625621
[hold in-reg] wbs_adr_i[4] -> mprj/_136344_/D : -0.625222
[hold in-reg] wbs_adr_i[4] -> mprj/_136386_/D : -0.624736
[hold in-reg] wbs_adr_i[4] -> mprj/_135850_/D : -0.624635
[hold in-reg] wbs_adr_i[4] -> mprj/_136383_/D : -0.624302
[hold in-reg] wbs_adr_i[4] -> mprj/_137201_/D : -0.624269
[hold in-reg] wbs_adr_i[4] -> mprj/_137130_/D : -0.623667
[hold in-reg] wbs_adr_i[4] -> mprj/_137250_/D : -0.623362
[hold in-reg] wbs_adr_i[4] -> mprj/_137121_/D : -0.623038
[hold in-reg] wbs_adr_i[4] -> mprj/_136967_/D : -0.622129
[hold in-reg] wbs_dat_i[9] -> mprj/_137196_/D : -0.620416
[hold in-reg] wbs_adr_i[4] -> mprj/_136200_/D : -0.620246
[hold in-reg] wbs_dat_i[24] -> mprj/_136371_/D : -0.620208
[hold in-reg] wbs_dat_i[23] -> mprj/_137178_/D : -0.619989
[hold in-reg] wbs_adr_i[4] -> mprj/_135939_/D : -0.619782
[hold in-reg] wbs_adr_i[4] -> mprj/_136163_/D : -0.619376
[hold in-reg] wbs_adr_i[4] -> mprj/_136856_/D : -0.619232
[hold in-reg] wbs_adr_i[4] -> mprj/_135829_/D : -0.618875
[hold in-reg] wbs_adr_i[4] -> mprj/_135928_/D : -0.618606
[hold in-reg] wbs_adr_i[4] -> mprj/_136489_/D : -0.618583
[hold in-reg] wbs_adr_i[4] -> mprj/_136164_/D : -0.617939
[hold in-reg] wbs_adr_i[4] -> mprj/_135822_/D : -0.617408
[hold in-reg] wbs_adr_i[4] -> mprj/_136861_/D : -0.616875
[hold in-reg] wbs_adr_i[4] -> mprj/_135839_/D : -0.616401
[hold in-reg] wbs_dat_i[23] -> mprj/_136190_/D : -0.616107
[hold in-reg] wbs_adr_i[7] -> mprj/_136530_/D : -0.615846
[hold in-reg] wbs_adr_i[4] -> mprj/_137253_/D : -0.614760
[hold in-reg] wbs_adr_i[4] -> mprj/_136737_/D : -0.614241
[hold in-reg] wbs_adr_i[4] -> mprj/_136834_/D : -0.614214
[hold in-reg] wbs_adr_i[4] -> mprj/_136712_/D : -0.613898
[hold in-reg] wbs_adr_i[4] -> mprj/_137280_/D : -0.613541
[hold in-reg] wbs_adr_i[4] -> mprj/_137013_/D : -0.611927
[hold in-reg] wbs_adr_i[4] -> mprj/_136777_/D : -0.611858
[hold in-reg] wbs_adr_i[4] -> mprj/_136874_/D : -0.611434
[hold in-reg] wbs_adr_i[4] -> mprj/_136394_/D : -0.611131
[hold in-reg] wbs_adr_i[4] -> mprj/_135900_/D : -0.610354
[hold in-reg] wbs_adr_i[4] -> mprj/_137084_/D : -0.609977
[hold in-reg] wbs_dat_i[24] -> mprj/_136643_/D : -0.609887
[hold in-reg] wbs_adr_i[4] -> mprj/_136938_/D : -0.609715
[hold in-reg] wbs_adr_i[4] -> mprj/_136554_/D : -0.609594
[hold in-reg] wbs_adr_i[4] -> mprj/_135998_/D : -0.609222
[hold in-reg] wbs_adr_i[4] -> mprj/_136169_/D : -0.608684
[hold in-reg] wbs_adr_i[4] -> mprj/_136652_/D : -0.607119
[hold in-reg] wbs_adr_i[4] -> mprj/_135938_/D : -0.606864
[hold in-reg] wbs_adr_i[4] -> mprj/_136687_/D : -0.606555
[hold in-reg] wbs_adr_i[4] -> mprj/_137214_/D : -0.606545
[hold in-reg] wbs_adr_i[3] -> mprj/_136355_/D : -0.606134
[hold in-reg] wbs_adr_i[4] -> mprj/_137135_/D : -0.605692
[hold in-reg] wbs_adr_i[4] -> mprj/_136565_/D : -0.605572
[hold in-reg] wbs_adr_i[4] -> mprj/_136023_/D : -0.605434
[hold in-reg] wbs_adr_i[4] -> mprj/_136587_/D : -0.605366
[hold in-reg] wbs_adr_i[4] -> mprj/_136630_/D : -0.605349
[hold in-reg] wbs_adr_i[4] -> mprj/_135977_/D : -0.605247
[hold in-reg] wbs_adr_i[4] -> mprj/_136245_/D : -0.604846
[hold in-reg] wbs_adr_i[4] -> mprj/_136606_/D : -0.604064
[hold in-reg] wbs_adr_i[4] -> mprj/_136202_/D : -0.603876
[hold in-reg] wbs_adr_i[4] -> mprj/_136650_/D : -0.603705
[hold in-reg] wbs_adr_i[4] -> mprj/_136203_/D : -0.600888
[hold in-reg] wbs_adr_i[4] -> mprj/_137310_/D : -0.600527
[hold in-reg] wbs_adr_i[4] -> mprj/_136265_/D : -0.600492
[hold in-reg] wbs_adr_i[4] -> mprj/_137162_/D : -0.599608
[hold in-reg] wbs_adr_i[3] -> mprj/_136608_/D : -0.598793
[hold in-reg] wbs_adr_i[4] -> mprj/_136813_/D : -0.598145
[hold in-reg] wbs_adr_i[4] -> mprj/_137205_/D : -0.597606
[hold in-reg] wbs_adr_i[4] -> mprj/_135926_/D : -0.597543
[hold in-reg] wbs_dat_i[27] -> mprj/_135986_/D : -0.596683
[hold in-reg] wbs_adr_i[4] -> mprj/_136090_/D : -0.596143
[hold in-reg] wbs_adr_i[4] -> mprj/_135805_/D : -0.595494
[hold in-reg] wbs_adr_i[4] -> mprj/_137012_/D : -0.594750
[hold in-reg] wbs_adr_i[4] -> mprj/_136558_/D : -0.594655
[hold in-reg] wbs_adr_i[4] -> mprj/_137254_/D : -0.594643
[hold in-reg] wbs_adr_i[3] -> mprj/_136474_/D : -0.594460
[hold in-reg] wbs_adr_i[4] -> mprj/_136680_/D : -0.593967
[hold in-reg] wbs_adr_i[4] -> mprj/_136119_/D : -0.592926
[hold in-reg] wbs_adr_i[4] -> mprj/_136690_/D : -0.592320
[hold in-reg] wbs_adr_i[4] -> mprj/_136753_/D : -0.592093
[hold in-reg] wbs_adr_i[4] -> mprj/_136898_/D : -0.591758
[hold in-reg] wbs_adr_i[4] -> mprj/_135787_/D : -0.591665
[hold in-reg] wbs_adr_i[4] -> mprj/_137043_/D : -0.591206
[hold in-reg] wbs_adr_i[4] -> mprj/_136493_/D : -0.590849
[hold in-reg] wbs_adr_i[4] -> mprj/_136648_/D : -0.590725
[hold in-reg] wbs_adr_i[4] -> mprj/_137110_/D : -0.590494
[hold in-reg] wbs_dat_i[23] -> mprj/_137086_/D : -0.590340
[hold in-reg] wbs_adr_i[4] -> mprj/_137085_/D : -0.590267
[hold in-reg] wbs_adr_i[4] -> mprj/_137005_/D : -0.589111
[hold in-reg] wbs_adr_i[4] -> mprj/_136877_/D : -0.588797
[hold in-reg] wbs_adr_i[4] -> mprj/_137045_/D : -0.588654
[hold in-reg] wbs_adr_i[4] -> mprj/_137227_/D : -0.588590
[hold in-reg] wbs_adr_i[4] -> mprj/_137302_/D : -0.588378
[hold in-reg] wbs_adr_i[4] -> mprj/_136361_/D : -0.588141
[hold in-reg] wbs_adr_i[4] -> mprj/_136907_/D : -0.587005
[hold in-reg] wbs_adr_i[4] -> mprj/_136154_/D : -0.586736
[hold in-reg] wbs_adr_i[4] -> mprj/_136278_/D : -0.586402
[hold in-reg] wbs_adr_i[4] -> mprj/_136767_/D : -0.586259
[hold in-reg] wbs_adr_i[4] -> mprj/_136151_/D : -0.586154
[hold in-reg] wbs_adr_i[4] -> mprj/_137206_/D : -0.586152
[hold in-reg] wbs_adr_i[4] -> mprj/_136948_/D : -0.586101
[hold in-reg] wbs_adr_i[4] -> mprj/_136070_/D : -0.585950
[hold in-reg] wbs_adr_i[4] -> mprj/_136937_/D : -0.585862
[hold in-reg] wbs_adr_i[4] -> mprj/_136875_/D : -0.585768
[hold in-reg] wbs_adr_i[4] -> mprj/_137047_/D : -0.585054
[hold in-reg] wbs_adr_i[4] -> mprj/_136750_/D : -0.584868
[hold in-reg] wbs_adr_i[4] -> mprj/_137263_/D : -0.584099
[hold in-reg] wbs_adr_i[4] -> mprj/_136671_/D : -0.583523
[hold in-reg] wbs_adr_i[4] -> mprj/_137238_/D : -0.583503
[hold in-reg] wbs_adr_i[4] -> mprj/_135849_/D : -0.583108
[hold in-reg] wbs_adr_i[4] -> mprj/_135959_/D : -0.582948
[hold in-reg] wbs_adr_i[4] -> mprj/_135793_/D : -0.582697
[hold in-reg] wbs_adr_i[4] -> mprj/_136790_/D : -0.581339
[hold in-reg] wbs_adr_i[4] -> mprj/_136997_/D : -0.581330
[hold in-reg] wbs_adr_i[4] -> mprj/_136246_/D : -0.581281
[hold in-reg] wbs_adr_i[4] -> mprj/_135929_/D : -0.580875
[hold in-reg] wbs_adr_i[4] -> mprj/_136963_/D : -0.580849
[hold in-reg] wbs_adr_i[4] -> mprj/_135873_/D : -0.580471
[hold in-reg] wbs_adr_i[4] -> mprj/_136662_/D : -0.579754
[hold in-reg] wbs_adr_i[4] -> mprj/_135988_/D : -0.579534
[hold in-reg] wbs_adr_i[4] -> mprj/_137199_/D : -0.579116
[hold in-reg] wbs_adr_i[4] -> mprj/_136501_/D : -0.578937
[hold in-reg] wbs_adr_i[4] -> mprj/_136663_/D : -0.578612
[hold in-reg] wbs_adr_i[4] -> mprj/_136681_/D : -0.578535
[hold in-reg] wbs_adr_i[4] -> mprj/_136500_/D : -0.577987
[hold in-reg] wbs_adr_i[4] -> mprj/_136064_/D : -0.577706
[hold in-reg] wbs_adr_i[4] -> mprj/_136747_/D : -0.577339
[hold in-reg] wbs_adr_i[3] -> mprj/_136486_/D : -0.575993
[hold in-reg] wbs_adr_i[4] -> mprj/_136168_/D : -0.575970
[hold in-reg] wbs_adr_i[4] -> mprj/_135933_/D : -0.575955
[hold in-reg] wbs_dat_i[23] -> mprj/_136160_/D : -0.575918
[hold in-reg] wbs_adr_i[4] -> mprj/_136860_/D : -0.575271
[hold in-reg] wbs_adr_i[4] -> mprj/_136150_/D : -0.575175
[hold in-reg] wbs_adr_i[4] -> mprj/_137112_/D : -0.574773
[hold in-reg] wbs_adr_i[4] -> mprj/_136725_/D : -0.574655
[hold in-reg] wbs_adr_i[4] -> mprj/_136441_/D : -0.574149
[hold in-reg] wbs_adr_i[4] -> mprj/_135947_/D : -0.573563
[hold in-reg] wbs_adr_i[4] -> mprj/_135978_/D : -0.573356
[hold in-reg] wbs_adr_i[4] -> mprj/_136166_/D : -0.573254
[hold in-reg] wbs_adr_i[4] -> mprj/_136866_/D : -0.572115
[hold in-reg] wbs_adr_i[4] -> mprj/_136653_/D : -0.572108
[hold in-reg] wbs_adr_i[4] -> mprj/_135791_/D : -0.571821
[hold in-reg] wbs_adr_i[4] -> mprj/_135886_/D : -0.571778
[hold in-reg] wbs_adr_i[4] -> mprj/_137236_/D : -0.571372
[hold in-reg] wbs_adr_i[4] -> mprj/_137262_/D : -0.570750
[hold in-reg] wbs_adr_i[4] -> mprj/_136636_/D : -0.568847
[hold in-reg] wbs_dat_i[24] -> mprj/_136131_/D : -0.567365
[hold in-reg] wbs_adr_i[4] -> mprj/_136042_/D : -0.567305
[hold in-reg] wbs_adr_i[4] -> mprj/_136069_/D : -0.566345
[hold in-reg] wbs_adr_i[4] -> mprj/_136046_/D : -0.566037
[hold in-reg] wbs_adr_i[4] -> mprj/_135797_/D : -0.566025
[hold in-reg] wbs_dat_i[24] -> mprj/_136943_/D : -0.565875
[hold in-reg] wbs_adr_i[4] -> mprj/_137195_/D : -0.565875
[hold in-reg] wbs_adr_i[4] -> mprj/_137261_/D : -0.564786
[hold in-reg] wbs_adr_i[4] -> mprj/_136390_/D : -0.564358
[hold in-reg] wbs_adr_i[4] -> mprj/_135897_/D : -0.564302
[hold in-reg] wbs_adr_i[4] -> mprj/_137057_/D : -0.563923
[hold in-reg] wbs_adr_i[4] -> mprj/_136191_/D : -0.563383
[hold in-reg] wbs_adr_i[4] -> mprj/_137186_/D : -0.563096
[hold in-reg] wbs_adr_i[4] -> mprj/_136513_/D : -0.562674
[hold in-reg] wbs_adr_i[2] -> mprj/_136227_/D : -0.562447
[hold in-reg] wbs_adr_i[4] -> mprj/_136674_/D : -0.561962
[hold in-reg] wbs_adr_i[4] -> mprj/_137148_/D : -0.561943
[hold in-reg] wbs_adr_i[4] -> mprj/_136317_/D : -0.560394
[hold in-reg] wbs_adr_i[4] -> mprj/_137072_/D : -0.560046
[hold in-reg] wbs_adr_i[4] -> mprj/_136315_/D : -0.559997
[hold in-reg] wbs_adr_i[4] -> mprj/_137251_/D : -0.559949
[hold in-reg] wbs_adr_i[4] -> mprj/_137213_/D : -0.559721
[hold in-reg] wbs_adr_i[4] -> mprj/_137282_/D : -0.559266
[hold in-reg] wbs_adr_i[4] -> mprj/_137223_/D : -0.559111
[hold in-reg] wbs_adr_i[4] -> mprj/_136037_/D : -0.558197
[hold in-reg] wbs_adr_i[4] -> mprj/_136333_/D : -0.557421
[hold in-reg] wbs_adr_i[4] -> mprj/_136266_/D : -0.557004
[hold in-reg] wbs_adr_i[4] -> mprj/_136902_/D : -0.555545
[hold in-reg] wbs_adr_i[4] -> mprj/_137222_/D : -0.555511
[hold in-reg] wbs_adr_i[4] -> mprj/_136581_/D : -0.555434
[hold in-reg] wbs_adr_i[4] -> mprj/_136600_/D : -0.555107
[hold in-reg] wbs_adr_i[4] -> mprj/_137042_/D : -0.554961
[hold in-reg] wbs_adr_i[4] -> mprj/_137066_/D : -0.554929
[hold in-reg] wbs_adr_i[4] -> mprj/_136342_/D : -0.554511
[hold in-reg] wbs_adr_i[4] -> mprj/_137252_/D : -0.554206
[hold in-reg] wbs_adr_i[4] -> mprj/_136391_/D : -0.554103
[hold in-reg] wbs_adr_i[4] -> mprj/_136459_/D : -0.553371
[hold in-reg] wbs_adr_i[4] -> mprj/_136225_/D : -0.552674
[hold in-reg] wbs_adr_i[4] -> mprj/_136412_/D : -0.552524
[hold in-reg] wbs_adr_i[4] -> mprj/_136205_/D : -0.552310
[hold in-reg] wbs_adr_i[4] -> mprj/_137113_/D : -0.551061
[hold in-reg] wbs_dat_i[22] -> mprj/_136549_/D : -0.551061
[hold in-reg] wbs_adr_i[4] -> mprj/_136679_/D : -0.549980
[hold in-reg] wbs_adr_i[3] -> mprj/_136372_/D : -0.549913
[hold in-reg] wbs_adr_i[4] -> mprj/_136897_/D : -0.549544
[hold in-reg] wbs_adr_i[4] -> mprj/_136533_/D : -0.549279
[hold in-reg] wbs_adr_i[4] -> mprj/_136184_/D : -0.548260
[hold in-reg] wbs_adr_i[4] -> mprj/_136876_/D : -0.547987
[hold in-reg] wbs_adr_i[4] -> mprj/_136694_/D : -0.547144
[hold in-reg] wbs_adr_i[4] -> mprj/_137239_/D : -0.546894
[hold in-reg] wbs_adr_i[4] -> mprj/_137070_/D : -0.546802
[hold in-reg] wbs_adr_i[4] -> mprj/_136035_/D : -0.546110
[hold in-reg] wbs_adr_i[4] -> mprj/_136957_/D : -0.544800
[hold in-reg] wbs_adr_i[4] -> mprj/_135950_/D : -0.544459
[hold in-reg] wbs_adr_i[4] -> mprj/_136982_/D : -0.543693
[hold in-reg] wbs_adr_i[4] -> mprj/_136584_/D : -0.542935
[hold in-reg] wbs_adr_i[4] -> mprj/_136764_/D : -0.542396
[hold in-reg] wbs_adr_i[4] -> mprj/_136880_/D : -0.542321
[hold in-reg] wbs_adr_i[4] -> mprj/_136899_/D : -0.542102
[hold in-reg] wbs_adr_i[4] -> mprj/_136693_/D : -0.541936
[hold in-reg] wbs_adr_i[4] -> mprj/_136519_/D : -0.541778
[hold in-reg] wbs_adr_i[4] -> mprj/_135789_/D : -0.541684
[hold in-reg] wbs_adr_i[4] -> mprj/_136840_/D : -0.540054
[hold in-reg] wbs_adr_i[4] -> mprj/_136297_/D : -0.538488
[hold in-reg] wbs_dat_i[24] -> mprj/_135923_/D : -0.538018
[hold in-reg] wbs_adr_i[4] -> mprj/_136642_/D : -0.537169
[hold in-reg] wbs_adr_i[4] -> mprj/_135803_/D : -0.534995
[hold in-reg] wbs_adr_i[4] -> mprj/_137114_/D : -0.534302
[hold in-reg] wbs_adr_i[4] -> mprj/_136214_/D : -0.533914
[hold in-reg] wbs_adr_i[4] -> mprj/_136425_/D : -0.533336
[hold in-reg] wbs_adr_i[4] -> mprj/_135796_/D : -0.533281
[hold in-reg] wbs_adr_i[4] -> mprj/_136862_/D : -0.533030
[hold in-reg] wbs_adr_i[4] -> mprj/_136819_/D : -0.532386
[hold in-reg] wbs_adr_i[4] -> mprj/_135821_/D : -0.532298
[hold in-reg] wbs_adr_i[4] -> mprj/_136749_/D : -0.532170
[hold in-reg] wbs_adr_i[4] -> mprj/_136252_/D : -0.532124
[hold in-reg] wbs_adr_i[4] -> mprj/_136773_/D : -0.532082
[hold in-reg] wbs_adr_i[4] -> mprj/_136980_/D : -0.531994
[hold in-reg] wbs_adr_i[4] -> mprj/_136618_/D : -0.531841
[hold in-reg] wbs_adr_i[4] -> mprj/_136253_/D : -0.531244
[hold in-reg] wbs_adr_i[4] -> mprj/_136886_/D : -0.530068
[hold in-reg] wbs_adr_i[4] -> mprj/_135943_/D : -0.529907
[hold in-reg] wbs_adr_i[4] -> mprj/_136858_/D : -0.529638
[hold in-reg] wbs_adr_i[4] -> mprj/_135949_/D : -0.529552
[hold in-reg] wbs_adr_i[4] -> mprj/_136215_/D : -0.529290
[hold in-reg] wbs_adr_i[4] -> mprj/_136868_/D : -0.529062
[hold in-reg] wbs_adr_i[4] -> mprj/_136398_/D : -0.528770
[hold in-reg] wbs_adr_i[7] -> mprj/_135887_/D : -0.528759
[hold in-reg] wbs_adr_i[4] -> mprj/_135932_/D : -0.527429
[hold in-reg] wbs_adr_i[4] -> mprj/_136126_/D : -0.527261
[hold in-reg] wbs_adr_i[4] -> mprj/_136354_/D : -0.526772
[hold in-reg] wbs_adr_i[4] -> mprj/_136000_/D : -0.526563
[hold in-reg] wbs_adr_i[4] -> mprj/_136942_/D : -0.526443
[hold in-reg] wbs_adr_i[4] -> mprj/_136756_/D : -0.525938
[hold in-reg] wbs_adr_i[4] -> mprj/_136401_/D : -0.524953
[hold in-reg] wbs_adr_i[4] -> mprj/_136993_/D : -0.524656
[hold in-reg] wbs_adr_i[4] -> mprj/_136678_/D : -0.524492
[hold in-reg] wbs_adr_i[4] -> mprj/_136031_/D : -0.523793
[hold in-reg] wbs_adr_i[4] -> mprj/_136727_/D : -0.523709
[hold in-reg] wbs_adr_i[4] -> mprj/_137052_/D : -0.523209
[hold in-reg] wbs_dat_i[24] -> mprj/_135951_/D : -0.523180
[hold in-reg] wbs_adr_i[4] -> mprj/_136559_/D : -0.522287
[hold in-reg] wbs_adr_i[4] -> mprj/_136389_/D : -0.522214
[hold in-reg] wbs_adr_i[4] -> mprj/_136743_/D : -0.522154
[hold in-reg] wbs_adr_i[4] -> mprj/_136966_/D : -0.521892
[hold in-reg] wbs_adr_i[4] -> mprj/_137152_/D : -0.521777
[hold in-reg] wbs_adr_i[4] -> mprj/_136072_/D : -0.521539
[hold in-reg] wbs_adr_i[4] -> mprj/_136888_/D : -0.520481
[hold in-reg] wbs_adr_i[4] -> mprj/_135942_/D : -0.518298
[hold in-reg] wbs_adr_i[4] -> mprj/_135934_/D : -0.518183
[hold in-reg] wbs_adr_i[4] -> mprj/_136921_/D : -0.517461
[hold in-reg] wbs_adr_i[4] -> mprj/_136822_/D : -0.517353
[hold in-reg] wbs_adr_i[4] -> mprj/_136547_/D : -0.517056
[hold in-reg] wbs_adr_i[4] -> mprj/_136392_/D : -0.516509
[hold in-reg] wbs_adr_i[4] -> mprj/_136817_/D : -0.516509
[hold in-reg] wbs_adr_i[4] -> mprj/_137001_/D : -0.516221
[hold in-reg] wbs_adr_i[4] -> mprj/_136085_/D : -0.516171
[hold in-reg] wbs_adr_i[4] -> mprj/_136110_/D : -0.515954
[hold in-reg] wbs_adr_i[4] -> mprj/_136839_/D : -0.515715
[hold in-reg] wbs_adr_i[4] -> mprj/_136223_/D : -0.515656
[hold in-reg] wbs_adr_i[4] -> mprj/_135790_/D : -0.515456
[hold in-reg] wbs_adr_i[4] -> mprj/_135862_/D : -0.515040
[hold in-reg] wbs_adr_i[4] -> mprj/_136470_/D : -0.514931
[hold in-reg] wbs_adr_i[4] -> mprj/_136644_/D : -0.514686
[hold in-reg] wbs_dat_i[1] -> mprj/_137188_/D : -0.514645
[hold in-reg] wbs_adr_i[4] -> mprj/_136421_/D : -0.514358
[hold in-reg] wbs_adr_i[4] -> mprj/_136543_/D : -0.514328
[hold in-reg] wbs_dat_i[24] -> mprj/_136431_/D : -0.514041
[hold in-reg] wbs_adr_i[4] -> mprj/_135858_/D : -0.513647
[hold in-reg] wbs_adr_i[4] -> mprj/_136717_/D : -0.513557
[hold in-reg] wbs_dat_i[23] -> mprj/_135918_/D : -0.512133
[hold in-reg] wbs_adr_i[3] -> mprj/_136852_/D : -0.512120
[hold in-reg] wbs_adr_i[4] -> mprj/_135785_/D : -0.510682
[hold in-reg] wbs_adr_i[4] -> mprj/_137026_/D : -0.510657
[hold in-reg] wbs_adr_i[4] -> mprj/_135817_/D : -0.510397
[hold in-reg] wbs_dat_i[24] -> mprj/_136435_/D : -0.509208
[hold in-reg] wbs_adr_i[4] -> mprj/_135991_/D : -0.509028
[hold in-reg] wbs_adr_i[4] -> mprj/_137268_/D : -0.508813
[hold in-reg] wbs_adr_i[3] -> mprj/_136485_/D : -0.508048
[hold in-reg] wbs_adr_i[4] -> mprj/_136846_/D : -0.507787
[hold in-reg] wbs_adr_i[4] -> mprj/_136446_/D : -0.506921
[hold in-reg] wbs_adr_i[4] -> mprj/_136901_/D : -0.506862
[hold in-reg] wbs_dat_i[23] -> mprj/_137266_/D : -0.506646
[hold in-reg] wbs_adr_i[4] -> mprj/_136588_/D : -0.506338
[hold in-reg] wbs_adr_i[4] -> mprj/_136082_/D : -0.506325
[hold in-reg] wbs_adr_i[4] -> mprj/_136415_/D : -0.506257
[hold in-reg] wbs_adr_i[2] -> mprj/_137187_/D : -0.505933
[hold in-reg] wbs_adr_i[4] -> mprj/_137023_/D : -0.504105
[hold in-reg] wbs_dat_i[4] -> mprj/_136741_/D : -0.504060
[hold in-reg] wbs_adr_i[7] -> mprj/_136399_/D : -0.503865
[hold in-reg] wbs_dat_i[1] -> mprj/_136260_/D : -0.503825
[hold in-reg] wbs_adr_i[4] -> mprj/_136557_/D : -0.503821
[hold in-reg] wbs_dat_i[24] -> mprj/_135983_/D : -0.503051
[hold in-reg] wbs_adr_i[4] -> mprj/_136775_/D : -0.503014
[hold in-reg] wbs_adr_i[4] -> mprj/_136420_/D : -0.501839
[hold in-reg] wbs_adr_i[4] -> mprj/_137014_/D : -0.501837
[hold in-reg] wbs_adr_i[4] -> mprj/_136409_/D : -0.501369
[hold in-reg] wbs_adr_i[4] -> mprj/_136240_/D : -0.501184
[hold in-reg] wbs_adr_i[4] -> mprj/_137071_/D : -0.500784
[hold in-reg] wbs_adr_i[4] -> mprj/_137024_/D : -0.499527
[hold in-reg] wbs_adr_i[4] -> mprj/_137174_/D : -0.499358
[hold in-reg] wbs_adr_i[4] -> mprj/_136958_/D : -0.498835
[hold in-reg] wbs_adr_i[4] -> mprj/_136377_/D : -0.498235
[hold in-reg] wbs_adr_i[4] -> mprj/_135848_/D : -0.498167
[hold in-reg] wbs_adr_i[4] -> mprj/_135982_/D : -0.497073
[hold in-reg] wbs_adr_i[4] -> mprj/_136194_/D : -0.496713
[hold in-reg] wbs_adr_i[4] -> mprj/_135944_/D : -0.496630
[hold in-reg] wbs_adr_i[4] -> mprj/_136374_/D : -0.496032
[hold in-reg] wbs_adr_i[4] -> mprj/_136757_/D : -0.495690
[hold in-reg] wbs_adr_i[4] -> mprj/_136142_/D : -0.495370
[hold in-reg] wbs_adr_i[4] -> mprj/_136910_/D : -0.495174
[hold in-reg] wbs_adr_i[4] -> mprj/_136593_/D : -0.494631
[hold in-reg] wbs_adr_i[4] -> mprj/_136765_/D : -0.494529
[hold in-reg] wbs_dat_i[23] -> mprj/_136096_/D : -0.494227
[hold in-reg] wbs_adr_i[4] -> mprj/_137285_/D : -0.494120
[hold in-reg] wbs_adr_i[4] -> mprj/_136047_/D : -0.493880
[hold in-reg] wbs_adr_i[4] -> mprj/_135962_/D : -0.493500
[hold in-reg] wbs_dat_i[23] -> mprj/_136430_/D : -0.492543
[hold in-reg] wbs_adr_i[4] -> mprj/_137132_/D : -0.492436
[hold in-reg] wbs_dat_i[1] -> mprj/_136772_/D : -0.492252
[hold in-reg] wbs_adr_i[4] -> mprj/_136752_/D : -0.492101
[hold in-reg] wbs_adr_i[4] -> mprj/_137233_/D : -0.491809
[hold in-reg] wbs_adr_i[4] -> mprj/_136845_/D : -0.491013
[hold in-reg] wbs_adr_i[4] -> mprj/_135945_/D : -0.491003
[hold in-reg] wbs_adr_i[4] -> mprj/_136575_/D : -0.490074
[hold in-reg] wbs_dat_i[24] -> mprj/_135891_/D : -0.489996
[hold in-reg] wbs_dat_i[24] -> mprj/_136495_/D : -0.489288
[hold in-reg] wbs_adr_i[4] -> mprj/_135903_/D : -0.489185
[hold in-reg] wbs_adr_i[4] -> mprj/_137270_/D : -0.487886
[hold in-reg] wbs_adr_i[4] -> mprj/_136286_/D : -0.487726
[hold in-reg] wbs_adr_i[4] -> mprj/_137154_/D : -0.487453
[hold in-reg] wbs_adr_i[4] -> mprj/_137068_/D : -0.486865
[hold in-reg] wbs_adr_i[4] -> mprj/_136735_/D : -0.486089
[hold in-reg] wbs_adr_i[4] -> mprj/_137059_/D : -0.485525
[hold in-reg] wbs_adr_i[4] -> mprj/_136894_/D : -0.484926
[hold in-reg] wbs_adr_i[4] -> mprj/_137171_/D : -0.484196
[hold in-reg] wbs_adr_i[4] -> mprj/_137164_/D : -0.483494
[hold in-reg] wbs_dat_i[4] -> mprj/_137157_/D : -0.483396
[hold in-reg] wbs_adr_i[4] -> mprj/_137117_/D : -0.483229
[hold in-reg] wbs_adr_i[4] -> mprj/_136540_/D : -0.482275
[hold in-reg] wbs_adr_i[4] -> mprj/_136641_/D : -0.482099
[hold in-reg] wbs_adr_i[4] -> mprj/_135882_/D : -0.482076
[hold in-reg] wbs_adr_i[4] -> mprj/_136887_/D : -0.481452
[hold in-reg] wbs_adr_i[4] -> mprj/_136672_/D : -0.481251
[hold in-reg] wbs_dat_i[23] -> mprj/_136218_/D : -0.481214
[hold in-reg] wbs_adr_i[4] -> mprj/_136424_/D : -0.479744
[hold in-reg] wbs_adr_i[4] -> mprj/_135969_/D : -0.478913
[hold in-reg] wbs_adr_i[5] -> mprj/_135990_/D : -0.478752
[hold in-reg] wbs_adr_i[4] -> mprj/_136468_/D : -0.478622
[hold in-reg] wbs_adr_i[4] -> mprj/_136783_/D : -0.478468
[hold in-reg] wbs_adr_i[4] -> mprj/_136209_/D : -0.477712
[hold in-reg] wbs_adr_i[4] -> mprj/_136426_/D : -0.477606
[hold in-reg] wbs_adr_i[4] -> mprj/_136951_/D : -0.477302
[hold in-reg] wbs_adr_i[4] -> mprj/_136122_/D : -0.477046
[hold in-reg] wbs_dat_i[7] -> mprj/_136804_/D : -0.476631
[hold in-reg] wbs_adr_i[4] -> mprj/_135842_/D : -0.476530
[hold in-reg] wbs_adr_i[4] -> mprj/_136889_/D : -0.475908
[hold in-reg] wbs_adr_i[4] -> mprj/_137006_/D : -0.475538
[hold in-reg] wbs_adr_i[4] -> mprj/_136779_/D : -0.475173
[hold in-reg] wbs_adr_i[4] -> mprj/_136207_/D : -0.474783
[hold in-reg] wbs_adr_i[4] -> mprj/_137200_/D : -0.474691
[hold in-reg] wbs_adr_i[4] -> mprj/_137269_/D : -0.474620
[hold in-reg] wbs_adr_i[4] -> mprj/_137183_/D : -0.474420
[hold in-reg] wbs_adr_i[4] -> mprj/_135856_/D : -0.474109
[hold in-reg] wbs_adr_i[4] -> mprj/_136397_/D : -0.473934
[hold in-reg] wbs_adr_i[4] -> mprj/_137105_/D : -0.472935
[hold in-reg] wbs_adr_i[4] -> mprj/_136348_/D : -0.472537
[hold in-reg] wbs_adr_i[4] -> mprj/_135979_/D : -0.472362
[hold in-reg] wbs_adr_i[4] -> mprj/_135836_/D : -0.472343
[hold in-reg] wbs_adr_i[4] -> mprj/_136635_/D : -0.472116
[hold in-reg] wbs_adr_i[4] -> mprj/_136801_/D : -0.472071
[hold in-reg] wbs_adr_i[4] -> mprj/_135885_/D : -0.471395
[hold in-reg] wbs_adr_i[4] -> mprj/_136268_/D : -0.470458
[hold in-reg] wbs_adr_i[4] -> mprj/_136220_/D : -0.470350
[hold in-reg] wbs_adr_i[4] -> mprj/_136577_/D : -0.469780
[hold in-reg] wbs_adr_i[4] -> mprj/_136304_/D : -0.468766
[hold in-reg] wbs_adr_i[4] -> mprj/_136187_/D : -0.467902
[hold in-reg] wbs_adr_i[3] -> mprj/_136933_/D : -0.467802
[hold in-reg] wbs_adr_i[4] -> mprj/_136758_/D : -0.467517
[hold in-reg] wbs_adr_i[4] -> mprj/_135984_/D : -0.467494
[hold in-reg] wbs_adr_i[4] -> mprj/_136990_/D : -0.467385
[hold in-reg] wbs_adr_i[4] -> mprj/_136638_/D : -0.467341
[hold in-reg] wbs_adr_i[4] -> mprj/_135912_/D : -0.467037
[hold in-reg] wbs_adr_i[4] -> mprj/_136622_/D : -0.466793
[hold in-reg] wbs_adr_i[4] -> mprj/_135820_/D : -0.466776
[hold in-reg] wbs_adr_i[4] -> mprj/_136048_/D : -0.466518
[hold in-reg] wbs_adr_i[4] -> mprj/_136310_/D : -0.466206
[hold in-reg] wbs_adr_i[4] -> mprj/_136271_/D : -0.465938
[hold in-reg] wbs_adr_i[4] -> mprj/_136797_/D : -0.465323
[hold in-reg] wbs_adr_i[4] -> mprj/_136020_/D : -0.465249
[hold in-reg] wbs_adr_i[4] -> mprj/_135889_/D : -0.465091
[hold in-reg] wbs_adr_i[4] -> mprj/_136429_/D : -0.463879
[hold in-reg] wbs_adr_i[4] -> mprj/_136919_/D : -0.463771
[hold in-reg] wbs_adr_i[4] -> mprj/_137191_/D : -0.463712
[hold in-reg] wbs_adr_i[4] -> mprj/_136353_/D : -0.463441
[hold in-reg] wbs_adr_i[4] -> mprj/_136823_/D : -0.462892
[hold in-reg] wbs_adr_i[4] -> mprj/_137116_/D : -0.462324
[hold in-reg] wbs_adr_i[4] -> mprj/_136689_/D : -0.462135
[hold in-reg] wbs_adr_i[4] -> mprj/_136454_/D : -0.461847
[hold in-reg] wbs_adr_i[4] -> mprj/_136256_/D : -0.461368
[hold in-reg] wbs_adr_i[4] -> mprj/_136884_/D : -0.461339
[hold in-reg] wbs_adr_i[4] -> mprj/_136145_/D : -0.460528
[hold in-reg] wbs_adr_i[4] -> mprj/_135989_/D : -0.459452
[hold in-reg] wbs_adr_i[4] -> mprj/_136927_/D : -0.459394
[hold in-reg] wbs_dat_i[24] -> mprj/_136463_/D : -0.459214
[hold in-reg] wbs_adr_i[4] -> mprj/_137046_/D : -0.458119
[hold in-reg] wbs_adr_i[4] -> mprj/_137096_/D : -0.457843
[hold in-reg] wbs_adr_i[4] -> mprj/_137212_/D : -0.457687
[hold in-reg] wbs_adr_i[4] -> mprj/_136012_/D : -0.457304
[hold in-reg] wbs_adr_i[4] -> mprj/_137309_/D : -0.456920
[hold in-reg] wbs_adr_i[4] -> mprj/_136176_/D : -0.456405
[hold in-reg] wbs_adr_i[4] -> mprj/_136620_/D : -0.454957
[hold in-reg] wbs_adr_i[4] -> mprj/_136647_/D : -0.454738
[hold in-reg] wbs_adr_i[4] -> mprj/_136284_/D : -0.454722
[hold in-reg] wbs_adr_i[4] -> mprj/_135875_/D : -0.453836
[hold in-reg] wbs_adr_i[4] -> mprj/_136340_/D : -0.453595
[hold in-reg] wbs_adr_i[4] -> mprj/_136714_/D : -0.453159
[hold in-reg] wbs_adr_i[4] -> mprj/_136141_/D : -0.452808
[hold in-reg] wbs_adr_i[4] -> mprj/_136896_/D : -0.452455
[hold in-reg] wbs_adr_i[4] -> mprj/_137184_/D : -0.451913
[hold in-reg] wbs_adr_i[4] -> mprj/_137150_/D : -0.451601
[hold in-reg] wbs_adr_i[4] -> mprj/_136014_/D : -0.449402
[hold in-reg] wbs_adr_i[4] -> mprj/_136780_/D : -0.449357
[hold in-reg] wbs_adr_i[4] -> mprj/_135876_/D : -0.449312
[hold in-reg] wbs_adr_i[4] -> mprj/_136809_/D : -0.448883
[hold in-reg] wbs_adr_i[4] -> mprj/_137237_/D : -0.448082
[hold in-reg] wbs_adr_i[4] -> mprj/_136560_/D : -0.447728
[hold in-reg] wbs_adr_i[4] -> mprj/_137182_/D : -0.447169
[hold in-reg] wbs_adr_i[4] -> mprj/_136932_/D : -0.446840
[hold in-reg] wbs_adr_i[4] -> mprj/_137165_/D : -0.446613
[hold in-reg] wbs_adr_i[4] -> mprj/_136384_/D : -0.446526
[hold in-reg] wbs_adr_i[4] -> mprj/_136457_/D : -0.446090
[hold in-reg] wbs_adr_i[4] -> mprj/_136634_/D : -0.445950
[hold in-reg] wbs_dat_i[9] -> mprj/_135968_/D : -0.445755
[hold in-reg] wbs_adr_i[4] -> mprj/_136309_/D : -0.445707
[hold in-reg] wbs_adr_i[4] -> mprj/_137264_/D : -0.445677
[hold in-reg] wbs_adr_i[4] -> mprj/_136815_/D : -0.445405
[hold in-reg] wbs_adr_i[4] -> mprj/_136594_/D : -0.445133
[hold in-reg] wbs_adr_i[4] -> mprj/_136844_/D : -0.444050
[hold in-reg] wbs_dat_i[23] -> mprj/_135890_/D : -0.443683
[hold in-reg] wbs_adr_i[4] -> mprj/_137016_/D : -0.443648
[hold in-reg] wbs_adr_i[4] -> mprj/_136148_/D : -0.443261
[hold in-reg] wbs_adr_i[4] -> mprj/_137292_/D : -0.443133
[hold in-reg] wbs_adr_i[4] -> mprj/_137149_/D : -0.442727
[hold in-reg] wbs_adr_i[4] -> mprj/_136108_/D : -0.442300
[hold in-reg] wbs_adr_i[4] -> mprj/_136382_/D : -0.441464
[hold in-reg] wbs_adr_i[4] -> mprj/_136053_/D : -0.441396
[hold in-reg] wbs_adr_i[4] -> mprj/_136637_/D : -0.441222
[hold in-reg] wbs_adr_i[4] -> mprj/_137018_/D : -0.440205
[hold in-reg] wbs_adr_i[4] -> mprj/_135917_/D : -0.439868
[hold in-reg] wbs_adr_i[4] -> mprj/_136969_/D : -0.439592
[hold in-reg] wbs_adr_i[4] -> mprj/_136006_/D : -0.439574
[hold in-reg] wbs_adr_i[4] -> mprj/_135870_/D : -0.439300
[hold in-reg] wbs_adr_i[4] -> mprj/_136931_/D : -0.438428
[hold in-reg] wbs_adr_i[4] -> mprj/_135927_/D : -0.438185
[hold in-reg] wbs_adr_i[4] -> mprj/_136002_/D : -0.437849
[hold in-reg] wbs_adr_i[4] -> mprj/_136065_/D : -0.437376
[hold in-reg] wbs_adr_i[4] -> mprj/_136158_/D : -0.437357
[hold in-reg] wbs_adr_i[4] -> mprj/_136699_/D : -0.436970
[hold in-reg] wbs_adr_i[4] -> mprj/_136904_/D : -0.436725
[hold in-reg] wbs_dat_i[24] -> mprj/_136975_/D : -0.436640
[hold in-reg] wbs_dat_i[8] -> mprj/_138351_/D : -0.436087
[hold in-reg] wbs_dat_i[27] -> mprj/_135954_/D : -0.434946
[hold in-reg] wbs_adr_i[7] -> mprj/_136249_/D : -0.434792
[hold in-reg] wbs_dat_i[23] -> mprj/_136186_/D : -0.434668
[hold in-reg] wbs_adr_i[4] -> mprj/_135852_/D : -0.434512
[hold in-reg] wbs_adr_i[4] -> mprj/_136796_/D : -0.433936
[hold in-reg] wbs_dat_i[9] -> mprj/_135788_/D : -0.433045
[hold in-reg] wbs_adr_i[4] -> mprj/_136702_/D : -0.432136
[hold in-reg] wbs_adr_i[4] -> mprj/_137030_/D : -0.432095
[hold in-reg] wbs_adr_i[4] -> mprj/_136172_/D : -0.431720
[hold in-reg] wbs_adr_i[4] -> mprj/_136325_/D : -0.431179
[hold in-reg] wbs_adr_i[4] -> mprj/_136586_/D : -0.431061
[hold in-reg] wbs_adr_i[4] -> mprj/_136439_/D : -0.430808
[hold in-reg] wbs_adr_i[4] -> mprj/_136054_/D : -0.430583
[hold in-reg] wbs_adr_i[4] -> mprj/_136478_/D : -0.429842
[hold in-reg] wbs_adr_i[4] -> mprj/_135953_/D : -0.429719
[hold in-reg] wbs_adr_i[4] -> mprj/_136688_/D : -0.429540
[hold in-reg] wbs_adr_i[4] -> mprj/_137291_/D : -0.427768
[hold in-reg] wbs_adr_i[4] -> mprj/_136831_/D : -0.427470
[hold in-reg] wbs_adr_i[4] -> mprj/_137036_/D : -0.427072
[hold in-reg] wbs_dat_i[9] -> mprj/_136748_/D : -0.427049
[hold in-reg] wbs_dat_i[23] -> mprj/_136850_/D : -0.425786
[hold in-reg] wbs_adr_i[4] -> mprj/_136909_/D : -0.424556
[hold in-reg] wbs_adr_i[4] -> mprj/_136542_/D : -0.424509
[hold in-reg] wbs_adr_i[4] -> mprj/_136388_/D : -0.424459
[hold in-reg] wbs_dat_i[23] -> mprj/_136456_/D : -0.423409
[hold in-reg] wbs_adr_i[4] -> mprj/_136526_/D : -0.422093
[hold in-reg] wbs_adr_i[4] -> mprj/_135824_/D : -0.421966
[hold in-reg] wbs_adr_i[4] -> mprj/_136118_/D : -0.421911
[hold in-reg] wbs_adr_i[4] -> mprj/_137101_/D : -0.421776
[hold in-reg] wbs_adr_i[4] -> mprj/_136146_/D : -0.420542
[hold in-reg] wbs_adr_i[4] -> mprj/_136504_/D : -0.420535
[hold in-reg] wbs_adr_i[4] -> mprj/_136534_/D : -0.420198
[hold in-reg] wbs_dat_i[27] -> mprj/_136402_/D : -0.419178
[hold in-reg] wbs_dat_i[9] -> mprj/_136236_/D : -0.418995
[hold in-reg] wbs_dat_i[23] -> mprj/_135826_/D : -0.416933
[hold in-reg] wbs_adr_i[4] -> mprj/_136387_/D : -0.416582
[hold in-reg] wbs_adr_i[4] -> mprj/_135823_/D : -0.416561
[hold in-reg] wbs_adr_i[4] -> mprj/_136578_/D : -0.415233
[hold in-reg] wbs_adr_i[4] -> mprj/_137000_/D : -0.415167
[hold in-reg] wbs_adr_i[4] -> mprj/_135880_/D : -0.414838
[hold in-reg] wbs_adr_i[4] -> mprj/_136703_/D : -0.414528
[hold in-reg] wbs_dat_i[28] -> mprj/_136041_/D : -0.414278
[hold in-reg] wbs_adr_i[4] -> mprj/_136094_/D : -0.413997
[hold in-reg] wbs_adr_i[4] -> mprj/_137069_/D : -0.413847
[hold in-reg] wbs_dat_i[23] -> mprj/_136338_/D : -0.412661
[hold in-reg] wbs_dat_i[9] -> mprj/_136928_/D : -0.412324
[hold in-reg] wbs_adr_i[4] -> mprj/_136462_/D : -0.411897
[hold in-reg] wbs_adr_i[4] -> mprj/_136221_/D : -0.410247
[hold in-reg] wbs_adr_i[4] -> mprj/_135967_/D : -0.408280
[hold in-reg] wbs_adr_i[4] -> mprj/_136476_/D : -0.408258
[hold in-reg] wbs_dat_i[27] -> mprj/_136914_/D : -0.408162
[hold in-reg] wbs_adr_i[4] -> mprj/_135941_/D : -0.407742
[hold in-reg] wbs_adr_i[4] -> mprj/_136007_/D : -0.407285
[hold in-reg] wbs_adr_i[4] -> mprj/_136994_/D : -0.405841
[hold in-reg] wbs_adr_i[4] -> mprj/_136125_/D : -0.405772
[hold in-reg] wbs_adr_i[4] -> mprj/_136988_/D : -0.405761
[hold in-reg] wbs_adr_i[4] -> mprj/_137215_/D : -0.404983
[hold in-reg] wbs_adr_i[4] -> mprj/_137106_/D : -0.404842
[hold in-reg] wbs_adr_i[4] -> mprj/_135815_/D : -0.404311
[hold in-reg] wbs_adr_i[4] -> mprj/_136518_/D : -0.403858
[hold in-reg] wbs_adr_i[7] -> mprj/_136755_/D : -0.403801
[hold in-reg] wbs_adr_i[4] -> mprj/_135878_/D : -0.403753
[hold in-reg] wbs_adr_i[7] -> mprj/_135795_/D : -0.403644
[hold in-reg] wbs_adr_i[4] -> mprj/_136095_/D : -0.403023
[hold in-reg] wbs_adr_i[7] -> mprj/_137265_/D : -0.401840
[hold in-reg] wbs_adr_i[4] -> mprj/_136784_/D : -0.400735
[hold in-reg] wbs_dat_i[23] -> mprj/_136698_/D : -0.397270
[hold in-reg] wbs_adr_i[4] -> mprj/_137147_/D : -0.397061
[hold in-reg] wbs_adr_i[4] -> mprj/_135837_/D : -0.396236
[hold in-reg] wbs_adr_i[4] -> mprj/_136269_/D : -0.395179
[hold in-reg] wbs_adr_i[4] -> mprj/_136178_/D : -0.393462
[hold in-reg] wbs_adr_i[4] -> mprj/_136502_/D : -0.393360
[hold in-reg] wbs_adr_i[4] -> mprj/_135946_/D : -0.393321
[hold in-reg] wbs_adr_i[4] -> mprj/_136706_/D : -0.393024
[hold in-reg] wbs_adr_i[4] -> mprj/_136514_/D : -0.392787
[hold in-reg] wbs_adr_i[3] -> mprj/_136739_/D : -0.392357
[hold in-reg] wbs_adr_i[4] -> mprj/_136580_/D : -0.391595
[hold in-reg] wbs_adr_i[4] -> mprj/_136380_/D : -0.391582
[hold in-reg] wbs_adr_i[3] -> mprj/_136607_/D : -0.391512
[hold in-reg] wbs_adr_i[4] -> mprj/_136155_/D : -0.390893
[hold in-reg] wbs_adr_i[4] -> mprj/_136532_/D : -0.390867
[hold in-reg] wbs_adr_i[4] -> mprj/_135992_/D : -0.390260
[hold in-reg] wbs_adr_i[4] -> mprj/_135905_/D : -0.389936
[hold in-reg] wbs_dat_i[23] -> mprj/_136968_/D : -0.389268
[hold in-reg] wbs_dat_i[23] -> mprj/_136306_/D : -0.388931
[hold in-reg] wbs_adr_i[4] -> mprj/_136440_/D : -0.388821
[hold in-reg] wbs_adr_i[4] -> mprj/_136352_/D : -0.388816
[hold in-reg] wbs_adr_i[4] -> mprj/_137221_/D : -0.388706
[hold in-reg] wbs_adr_i[4] -> mprj/_136419_/D : -0.388384
[hold in-reg] wbs_adr_i[7] -> mprj/_137145_/D : -0.388365
[hold in-reg] wbs_adr_i[4] -> mprj/_136272_/D : -0.388227
[hold in-reg] wbs_adr_i[4] -> mprj/_136170_/D : -0.387430
[hold in-reg] wbs_adr_i[4] -> mprj/_136829_/D : -0.386652
[hold in-reg] wbs_adr_i[4] -> mprj/_136506_/D : -0.386601
[hold in-reg] wbs_adr_i[4] -> mprj/_135894_/D : -0.386502
[hold in-reg] wbs_adr_i[4] -> mprj/_136683_/D : -0.386085
[hold in-reg] wbs_adr_i[3] -> mprj/_136589_/D : -0.385815
[hold in-reg] wbs_adr_i[4] -> mprj/_137226_/D : -0.385751
[hold in-reg] wbs_adr_i[4] -> mprj/_136734_/D : -0.385625
[hold in-reg] wbs_adr_i[4] -> mprj/_135872_/D : -0.385556
[hold in-reg] wbs_adr_i[4] -> mprj/_136658_/D : -0.385109
[hold in-reg] wbs_adr_i[4] -> mprj/_136669_/D : -0.385054
[hold in-reg] wbs_adr_i[4] -> mprj/_136952_/D : -0.385007
[hold in-reg] wbs_adr_i[4] -> mprj/_136116_/D : -0.384885
[hold in-reg] wbs_adr_i[4] -> mprj/_136520_/D : -0.383483
[hold in-reg] wbs_adr_i[7] -> mprj/_136556_/D : -0.383335
[hold in-reg] wbs_adr_i[4] -> mprj/_136670_/D : -0.382637
[hold in-reg] wbs_adr_i[4] -> mprj/_136149_/D : -0.381507
[hold in-reg] wbs_adr_i[4] -> mprj/_136576_/D : -0.380878
[hold in-reg] wbs_adr_i[4] -> mprj/_136676_/D : -0.380504
[hold in-reg] wbs_adr_i[4] -> mprj/_136605_/D : -0.380062
[hold in-reg] wbs_adr_i[4] -> mprj/_135930_/D : -0.379673
[hold in-reg] wbs_adr_i[4] -> mprj/_135855_/D : -0.379536
[hold in-reg] wbs_adr_i[4] -> mprj/_136970_/D : -0.378708
[hold in-reg] wbs_dat_i[24] -> mprj/_136403_/D : -0.378688
[hold in-reg] wbs_adr_i[4] -> mprj/_135960_/D : -0.378376
[hold in-reg] wbs_adr_i[4] -> mprj/_135915_/D : -0.377981
[hold in-reg] wbs_adr_i[4] -> mprj/_135976_/D : -0.377622
[hold in-reg] wbs_adr_i[7] -> mprj/_136307_/D : -0.377113
[hold in-reg] wbs_adr_i[4] -> mprj/_136675_/D : -0.377078
[hold in-reg] wbs_adr_i[4] -> mprj/_136536_/D : -0.376796
[hold in-reg] wbs_dat_i[23] -> mprj/_137146_/D : -0.376632
[hold in-reg] wbs_adr_i[4] -> mprj/_136621_/D : -0.376249
[hold in-reg] wbs_adr_i[4] -> mprj/_136657_/D : -0.375783
[hold in-reg] wbs_dat_i[23] -> mprj/_136250_/D : -0.375116
[hold in-reg] wbs_adr_i[4] -> mprj/_136925_/D : -0.374931
[hold in-reg] wbs_adr_i[4] -> mprj/_137194_/D : -0.374802
[hold in-reg] wbs_dat_i[23] -> mprj/_136280_/D : -0.373646
[hold in-reg] wbs_adr_i[4] -> mprj/_137255_/D : -0.373430
[hold in-reg] wbs_adr_i[4] -> mprj/_136646_/D : -0.373381
[hold in-reg] wbs_dat_i[23] -> mprj/_136066_/D : -0.373221
[hold in-reg] wbs_adr_i[4] -> mprj/_136974_/D : -0.371992
[hold in-reg] wbs_adr_i[4] -> mprj/_136597_/D : -0.371659
[hold in-reg] wbs_adr_i[4] -> mprj/_136568_/D : -0.371185
[hold in-reg] wbs_adr_i[4] -> mprj/_136327_/D : -0.369613
[hold in-reg] wbs_dat_i[27] -> mprj/_136466_/D : -0.369386
[hold in-reg] wbs_adr_i[4] -> mprj/_136900_/D : -0.368720
[hold in-reg] wbs_adr_i[4] -> mprj/_136472_/D : -0.368432
[hold in-reg] wbs_adr_i[7] -> mprj/_137235_/D : -0.367575
[hold in-reg] wbs_adr_i[4] -> mprj/_136109_/D : -0.366724
[hold in-reg] wbs_adr_i[4] -> mprj/_136677_/D : -0.365256
[hold in-reg] wbs_adr_i[4] -> mprj/_136854_/D : -0.364826
[hold in-reg] wbs_adr_i[4] -> mprj/_136682_/D : -0.364436
[hold in-reg] wbs_adr_i[4] -> mprj/_136234_/D : -0.364328
[hold in-reg] wbs_adr_i[4] -> mprj/_136442_/D : -0.364026
[hold in-reg] wbs_adr_i[4] -> mprj/_137044_/D : -0.363263
[hold in-reg] wbs_adr_i[4] -> mprj/_136713_/D : -0.360573
[hold in-reg] wbs_adr_i[4] -> mprj/_136222_/D : -0.360363
[hold in-reg] wbs_adr_i[4] -> mprj/_136778_/D : -0.359764
[hold in-reg] wbs_adr_i[4] -> mprj/_136628_/D : -0.359152
[hold in-reg] wbs_adr_i[4] -> mprj/_135843_/D : -0.358804
[hold in-reg] wbs_adr_i[4] -> mprj/_135921_/D : -0.358535
[hold in-reg] wbs_adr_i[4] -> mprj/_136654_/D : -0.357455
[hold in-reg] wbs_adr_i[4] -> mprj/_136396_/D : -0.357138
[hold in-reg] wbs_dat_i[23] -> mprj/_136818_/D : -0.356423
[hold in-reg] wbs_adr_i[4] -> mprj/_137078_/D : -0.356390
[hold in-reg] wbs_adr_i[4] -> mprj/_136276_/D : -0.355838
[hold in-reg] wbs_adr_i[4] -> mprj/_136908_/D : -0.354958
[hold in-reg] wbs_adr_i[4] -> mprj/_135868_/D : -0.354721
[hold in-reg] wbs_dat_i[23] -> mprj/_137090_/D : -0.354052
[hold in-reg] wbs_adr_i[3] -> mprj/_136604_/D : -0.353860
[hold in-reg] wbs_dat_i[23] -> mprj/_137298_/D : -0.353761
[hold in-reg] wbs_adr_i[4] -> mprj/_137293_/D : -0.352163
[hold in-reg] wbs_adr_i[7] -> mprj/_136544_/D : -0.351188
[hold in-reg] wbs_adr_i[4] -> mprj/_136639_/D : -0.351187
[hold in-reg] wbs_adr_i[3] -> mprj/_136598_/D : -0.348510
[hold in-reg] wbs_adr_i[4] -> mprj/_136084_/D : -0.347897
[hold in-reg] wbs_dat_i[23] -> mprj/_136130_/D : -0.347722
[hold in-reg] wbs_adr_i[4] -> mprj/_136920_/D : -0.347190
[hold in-reg] wbs_adr_i[4] -> mprj/_137258_/D : -0.346944
[hold in-reg] wbs_adr_i[4] -> mprj/_136458_/D : -0.346659
[hold in-reg] wbs_dat_i[2] -> mprj/_136291_/D : -0.346358
[hold in-reg] wbs_dat_i[23] -> mprj/_137210_/D : -0.346128
[hold in-reg] wbs_adr_i[4] -> mprj/_136482_/D : -0.345818
[hold in-reg] wbs_adr_i[7] -> mprj/_136157_/D : -0.345082
[hold in-reg] wbs_adr_i[4] -> mprj/_137077_/D : -0.345080
[hold in-reg] wbs_adr_i[4] -> mprj/_136083_/D : -0.344103
[hold in-reg] wbs_adr_i[4] -> mprj/_137074_/D : -0.344022
[hold in-reg] wbs_adr_i[4] -> mprj/_137286_/D : -0.343089
[hold in-reg] wbs_adr_i[4] -> mprj/_135809_/D : -0.342348
[hold in-reg] wbs_adr_i[3] -> mprj/_136488_/D : -0.342207
[hold in-reg] wbs_adr_i[4] -> mprj/_137092_/D : -0.341869
[hold in-reg] wbs_adr_i[4] -> mprj/_137061_/D : -0.341761
[hold in-reg] wbs_adr_i[4] -> mprj/_137173_/D : -0.340616
[hold in-reg] wbs_adr_i[4] -> mprj/_136733_/D : -0.340131
[hold in-reg] wbs_adr_i[4] -> mprj/_135806_/D : -0.339420
[hold in-reg] wbs_adr_i[4] -> mprj/_137246_/D : -0.339071
[hold in-reg] wbs_adr_i[7] -> mprj/_137267_/D : -0.338911
[hold in-reg] wbs_adr_i[4] -> mprj/_137277_/D : -0.338653
[hold in-reg] wbs_adr_i[4] -> mprj/_136626_/D : -0.337702
[hold in-reg] wbs_adr_i[4] -> mprj/_136691_/D : -0.334999
[hold in-reg] wbs_dat_i[23] -> mprj/_136098_/D : -0.334442
[hold in-reg] wbs_adr_i[4] -> mprj/_136132_/D : -0.334184
[hold in-reg] wbs_adr_i[4] -> mprj/_136114_/D : -0.333327
[hold in-reg] wbs_adr_i[4] -> mprj/_137103_/D : -0.332433
[hold in-reg] wbs_adr_i[4] -> mprj/_136465_/D : -0.331798
[hold in-reg] wbs_adr_i[4] -> mprj/_136843_/D : -0.331110
[hold in-reg] wbs_dat_i[1] -> mprj/_136708_/D : -0.330701
[hold in-reg] wbs_adr_i[4] -> mprj/_136596_/D : -0.330002
[hold in-reg] wbs_dat_i[28] -> mprj/_136553_/D : -0.329961
[hold in-reg] wbs_adr_i[7] -> mprj/_136279_/D : -0.329514
[hold in-reg] wbs_dat_i[24] -> mprj/_136915_/D : -0.327483
[hold in-reg] wbs_adr_i[4] -> mprj/_135902_/D : -0.327413
[hold in-reg] wbs_adr_i[4] -> mprj/_137166_/D : -0.326350
[hold in-reg] wbs_adr_i[4] -> mprj/_137138_/D : -0.326319
[hold in-reg] wbs_dat_i[23] -> mprj/_136786_/D : -0.325114
[hold in-reg] wbs_dat_i[24] -> mprj/_137271_/D : -0.325032
[hold in-reg] wbs_adr_i[4] -> mprj/_137245_/D : -0.324329
[hold in-reg] wbs_adr_i[4] -> mprj/_136308_/D : -0.323499
[hold in-reg] wbs_adr_i[4] -> mprj/_135909_/D : -0.322793
[hold in-reg] wbs_adr_i[4] -> mprj/_135857_/D : -0.321863
[hold in-reg] wbs_adr_i[4] -> mprj/_136018_/D : -0.321439
[hold in-reg] wbs_adr_i[4] -> mprj/_136407_/D : -0.321157
[hold in-reg] wbs_adr_i[4] -> mprj/_136785_/D : -0.321132
[hold in-reg] wbs_adr_i[4] -> mprj/_135863_/D : -0.320949
[hold in-reg] wbs_adr_i[4] -> mprj/_135827_/D : -0.319656
[hold in-reg] wbs_adr_i[3] -> mprj/_136496_/D : -0.318213
[hold in-reg] wbs_adr_i[4] -> mprj/_135879_/D : -0.317733
[hold in-reg] wbs_dat_i[23] -> mprj/_136008_/D : -0.316058
[hold in-reg] wbs_adr_i[4] -> mprj/_136074_/D : -0.315469
[hold in-reg] wbs_adr_i[4] -> mprj/_137192_/D : -0.315366
[hold in-reg] wbs_adr_i[4] -> mprj/_136224_/D : -0.315003
[hold in-reg] wbs_dat_i[23] -> mprj/_137176_/D : -0.314230
[hold in-reg] wbs_adr_i[4] -> mprj/_137224_/D : -0.313795
[hold in-reg] wbs_adr_i[3] -> mprj/_136609_/D : -0.313483
[hold in-reg] wbs_adr_i[4] -> mprj/_137119_/D : -0.313439
[hold in-reg] wbs_dat_i[0] -> mprj/_136707_/D : -0.312923
[hold in-reg] wbs_adr_i[4] -> mprj/_137276_/D : -0.312046
[hold in-reg] wbs_adr_i[4] -> mprj/_135840_/D : -0.311660
[hold in-reg] wbs_adr_i[4] -> mprj/_135818_/D : -0.309266
[hold in-reg] wbs_dat_i[2] -> mprj/_135779_/D : -0.308929
[hold in-reg] wbs_adr_i[4] -> mprj/_136427_/D : -0.308881
[hold in-reg] wbs_adr_i[4] -> mprj/_136206_/D : -0.308738
[hold in-reg] wbs_adr_i[4] -> mprj/_136890_/D : -0.308490
[hold in-reg] wbs_adr_i[3] -> mprj/_136490_/D : -0.308358
[hold in-reg] wbs_adr_i[4] -> mprj/_136230_/D : -0.308260
[hold in-reg] wbs_adr_i[4] -> mprj/_136954_/D : -0.307076
[hold in-reg] wbs_adr_i[4] -> mprj/_136930_/D : -0.306357
[hold in-reg] wbs_adr_i[4] -> mprj/_135844_/D : -0.303743
[hold in-reg] wbs_adr_i[4] -> mprj/_136433_/D : -0.302455
[hold in-reg] wbs_adr_i[4] -> mprj/_136417_/D : -0.301942
[hold in-reg] wbs_adr_i[4] -> mprj/_136453_/D : -0.300987
[hold in-reg] wbs_adr_i[4] -> mprj/_137107_/D : -0.300827
[hold in-reg] wbs_adr_i[7] -> mprj/_136185_/D : -0.300383
[hold in-reg] wbs_dat_i[23] -> mprj/_136040_/D : -0.300341
[hold in-reg] wbs_adr_i[4] -> mprj/_136010_/D : -0.299055
[hold in-reg] wbs_adr_i[4] -> mprj/_135919_/D : -0.298767
[hold in-reg] wbs_adr_i[4] -> mprj/_137167_/D : -0.298717
[hold in-reg] wbs_adr_i[4] -> mprj/_135980_/D : -0.297695
[hold in-reg] wbs_adr_i[3] -> mprj/_135907_/D : -0.297098
[hold in-reg] wbs_dat_i[23] -> mprj/_136216_/D : -0.296849
[hold in-reg] wbs_adr_i[4] -> mprj/_136044_/D : -0.296555
[hold in-reg] wbs_dat_i[23] -> mprj/_136760_/D : -0.294972
[hold in-reg] wbs_adr_i[4] -> mprj/_135970_/D : -0.293578
[hold in-reg] wbs_adr_i[4] -> mprj/_135838_/D : -0.293196
[hold in-reg] wbs_dat_i[28] -> mprj/_137065_/D : -0.292618
[hold in-reg] wbs_adr_i[4] -> mprj/_137108_/D : -0.292549
[hold in-reg] wbs_adr_i[4] -> mprj/_135898_/D : -0.292200
[hold in-reg] wbs_adr_i[4] -> mprj/_136746_/D : -0.292142
[hold in-reg] wbs_adr_i[3] -> mprj/_136610_/D : -0.291543
[hold in-reg] wbs_dat_i[4] -> mprj/_136261_/D : -0.291058
[hold in-reg] wbs_adr_i[4] -> mprj/_136068_/D : -0.290632
[hold in-reg] wbs_adr_i[4] -> mprj/_136210_/D : -0.288956
[hold in-reg] wbs_adr_i[3] -> mprj/_136319_/D : -0.285441
[hold in-reg] wbs_dat_i[23] -> mprj/_136248_/D : -0.284595
[hold in-reg] wbs_adr_i[4] -> mprj/_135948_/D : -0.282509
[hold in-reg] wbs_adr_i[4] -> mprj/_136892_/D : -0.279935
[hold in-reg] wbs_adr_i[4] -> mprj/_136192_/D : -0.279435
[hold in-reg] wbs_adr_i[4] -> mprj/_136143_/D : -0.279139
[hold in-reg] wbs_adr_i[3] -> mprj/_135956_/D : -0.278239
[hold in-reg] wbs_adr_i[5] -> mprj/_136950_/D : -0.277946
[hold in-reg] wbs_adr_i[4] -> mprj/_136704_/D : -0.277023
[hold in-reg] wbs_dat_i[28] -> mprj/_137125_/D : -0.276818
[hold in-reg] wbs_adr_i[7] -> mprj/_137209_/D : -0.274712
[hold in-reg] wbs_adr_i[4] -> mprj/_136849_/D : -0.273184
[hold in-reg] wbs_adr_i[4] -> mprj/_136336_/D : -0.272764
[hold in-reg] wbs_adr_i[4] -> mprj/_136665_/D : -0.271823
[hold in-reg] wbs_dat_i[27] -> mprj/_136434_/D : -0.270369
[hold in-reg] wbs_adr_i[4] -> mprj/_137004_/D : -0.270285
[hold in-reg] wbs_dat_i[23] -> mprj/_137240_/D : -0.269673
[hold in-reg] wbs_adr_i[4] -> mprj/_135786_/D : -0.269421
[hold in-reg] wbs_adr_i[4] -> mprj/_136788_/D : -0.267820
[hold in-reg] wbs_dat_i[23] -> mprj/_136036_/D : -0.267412
[hold in-reg] wbs_adr_i[4] -> mprj/_136903_/D : -0.267408
[hold in-reg] wbs_adr_i[4] -> mprj/_136718_/D : -0.266474
[hold in-reg] wbs_adr_i[7] -> mprj/_136697_/D : -0.266296
[hold in-reg] wbs_dat_i[27] -> mprj/_135922_/D : -0.265800
[hold in-reg] wbs_adr_i[4] -> mprj/_137048_/D : -0.264534
[hold in-reg] wbs_adr_i[4] -> mprj/_136337_/D : -0.264285
[hold in-reg] wbs_adr_i[4] -> mprj/_136410_/D : -0.263758
[hold in-reg] wbs_adr_i[4] -> mprj/_137300_/D : -0.263745
[hold in-reg] wbs_adr_i[4] -> mprj/_136058_/D : -0.263134
[hold in-reg] wbs_dat_i[23] -> mprj/_136728_/D : -0.262967
[hold in-reg] wbs_adr_i[4] -> mprj/_135994_/D : -0.262435
[hold in-reg] wbs_dat_i[5] -> mprj/_136742_/D : -0.262413
[hold in-reg] wbs_dat_i[23] -> mprj/_135800_/D : -0.262008
[hold in-reg] wbs_adr_i[4] -> mprj/_136298_/D : -0.261168
[hold in-reg] wbs_adr_i[4] -> mprj/_137234_/D : -0.260861
[hold in-reg] wbs_adr_i[7] -> mprj/_135859_/D : -0.259184
[hold in-reg] wbs_adr_i[4] -> mprj/_136364_/D : -0.257224
[hold in-reg] wbs_adr_i[4] -> mprj/_136460_/D : -0.256660
[hold in-reg] wbs_adr_i[4] -> mprj/_136024_/D : -0.256299
[hold in-reg] wbs_adr_i[7] -> mprj/_136339_/D : -0.256193
[hold in-reg] wbs_adr_i[4] -> mprj/_136820_/D : -0.256159
[hold in-reg] wbs_adr_i[4] -> mprj/_135901_/D : -0.255636
[hold in-reg] wbs_adr_i[4] -> mprj/_136640_/D : -0.255393
[hold in-reg] wbs_adr_i[4] -> mprj/_136113_/D : -0.254816
[hold in-reg] wbs_adr_i[4] -> mprj/_135920_/D : -0.254229
[hold in-reg] wbs_adr_i[4] -> mprj/_136732_/D : -0.253777
[hold in-reg] wbs_adr_i[4] -> mprj/_136365_/D : -0.251888
[hold in-reg] wbs_adr_i[4] -> mprj/_136668_/D : -0.251839
[hold in-reg] wbs_adr_i[4] -> mprj/_135940_/D : -0.250046
[hold in-reg] wbs_adr_i[4] -> mprj/_137225_/D : -0.249473
[hold in-reg] wbs_adr_i[4] -> mprj/_136088_/D : -0.248980
[hold in-reg] wbs_adr_i[4] -> mprj/_136378_/D : -0.248727
[hold in-reg] wbs_dat_i[23] -> mprj/_136936_/D : -0.248042
[hold in-reg] wbs_adr_i[4] -> mprj/_135888_/D : -0.247216
[hold in-reg] wbs_dat_i[27] -> mprj/_136946_/D : -0.247183
[hold in-reg] wbs_adr_i[4] -> mprj/_136656_/D : -0.246097
[hold in-reg] wbs_adr_i[4] -> mprj/_136664_/D : -0.245819
[hold in-reg] wbs_dat_i[23] -> mprj/_137120_/D : -0.245500
[hold in-reg] wbs_adr_i[7] -> mprj/_136127_/D : -0.243899
[hold in-reg] wbs_adr_i[4] -> mprj/_136814_/D : -0.243442
[hold in-reg] wbs_dat_i[23] -> mprj/_136370_/D : -0.241047
[hold in-reg] wbs_adr_i[4] -> mprj/_136945_/D : -0.240346
[hold in-reg] wbs_dat_i[23] -> mprj/_136546_/D : -0.240282
[hold in-reg] wbs_adr_i[4] -> mprj/_136816_/D : -0.239407
[hold in-reg] wbs_adr_i[4] -> mprj/_137216_/D : -0.238929
[hold in-reg] wbs_adr_i[4] -> mprj/_137256_/D : -0.237909
[hold in-reg] wbs_adr_i[4] -> mprj/_136939_/D : -0.237222
[hold in-reg] wbs_adr_i[4] -> mprj/_136208_/D : -0.236605
[hold in-reg] wbs_adr_i[4] -> mprj/_136906_/D : -0.236400
[hold in-reg] wbs_adr_i[4] -> mprj/_136667_/D : -0.236374
[hold in-reg] wbs_adr_i[4] -> mprj/_136685_/D : -0.236003
[hold in-reg] wbs_adr_i[4] -> mprj/_137297_/D : -0.234149
[hold in-reg] wbs_adr_i[4] -> mprj/_136964_/D : -0.231604
[hold in-reg] wbs_adr_i[7] -> mprj/_137175_/D : -0.229534
[hold in-reg] wbs_adr_i[4] -> mprj/_135825_/D : -0.229268
[hold in-reg] wbs_adr_i[4] -> mprj/_136848_/D : -0.228971
[hold in-reg] wbs_adr_i[4] -> mprj/_137137_/D : -0.228766
[hold in-reg] wbs_adr_i[4] -> mprj/_136237_/D : -0.228165
[hold in-reg] wbs_adr_i[4] -> mprj/_136744_/D : -0.226568
[hold in-reg] wbs_adr_i[4] -> mprj/_135819_/D : -0.222660
[hold in-reg] wbs_adr_i[4] -> mprj/_137179_/D : -0.222152
[hold in-reg] wbs_adr_i[4] -> mprj/_136264_/D : -0.220960
[hold in-reg] wbs_adr_i[4] -> mprj/_136922_/D : -0.220583
[hold in-reg] wbs_adr_i[4] -> mprj/_136097_/D : -0.220528
[hold in-reg] wbs_adr_i[4] -> mprj/_137207_/D : -0.220406
[hold in-reg] wbs_adr_i[4] -> mprj/_136934_/D : -0.218316
[hold in-reg] wbs_adr_i[4] -> mprj/_136736_/D : -0.218280
[hold in-reg] wbs_adr_i[4] -> mprj/_136016_/D : -0.217400
[hold in-reg] wbs_adr_i[4] -> mprj/_136077_/D : -0.216332
[hold in-reg] wbs_adr_i[4] -> mprj/_136940_/D : -0.216056
[hold in-reg] wbs_adr_i[4] -> mprj/_137244_/D : -0.213229
[hold in-reg] wbs_adr_i[4] -> mprj/_136152_/D : -0.212832
[hold in-reg] wbs_adr_i[4] -> mprj/_136368_/D : -0.212134
[hold in-reg] wbs_adr_i[4] -> mprj/_136086_/D : -0.210833
[hold in-reg] wbs_dat_i[23] -> mprj/_137208_/D : -0.210217
[hold in-reg] wbs_adr_i[4] -> mprj/_136144_/D : -0.210192
[hold in-reg] wbs_adr_i[4] -> mprj/_136716_/D : -0.208041
[hold in-reg] wbs_dat_i[0] -> mprj/_136771_/D : -0.207837
[hold in-reg] wbs_adr_i[3] -> mprj/_135972_/D : -0.205691
[hold in-reg] wbs_adr_i[4] -> mprj/_137134_/D : -0.204326
[hold in-reg] wbs_adr_i[4] -> mprj/_136776_/D : -0.204040
[hold in-reg] wbs_adr_i[3] -> mprj/_135971_/D : -0.201251
[hold in-reg] wbs_adr_i[4] -> mprj/_136381_/D : -0.200879
[hold in-reg] wbs_dat_i[0] -> mprj/_136259_/D : -0.199433
[hold in-reg] wbs_adr_i[4] -> mprj/_136328_/D : -0.199396
[hold in-reg] wbs_adr_i[4] -> mprj/_136285_/D : -0.196557
[hold in-reg] wbs_adr_i[4] -> mprj/_135816_/D : -0.196492
[hold in-reg] wbs_adr_i[4] -> mprj/_137168_/D : -0.196473
[hold in-reg] wbs_adr_i[7] -> mprj/_136129_/D : -0.194502
[hold in-reg] wbs_adr_i[4] -> mprj/_137232_/D : -0.194450
[hold in-reg] wbs_adr_i[4] -> mprj/_136720_/D : -0.192952
[hold in-reg] wbs_dat_i[23] -> mprj/_137060_/D : -0.191896
[hold in-reg] wbs_adr_i[4] -> mprj/_136078_/D : -0.190935
[hold in-reg] wbs_adr_i[4] -> mprj/_136400_/D : -0.190391
[hold in-reg] wbs_adr_i[4] -> mprj/_136238_/D : -0.189515
[hold in-reg] wbs_adr_i[4] -> mprj/_136350_/D : -0.188757
[hold in-reg] wbs_adr_i[4] -> mprj/_136759_/D : -0.185618
[hold in-reg] wbs_adr_i[4] -> mprj/_136408_/D : -0.185312
[hold in-reg] wbs_adr_i[7] -> mprj/_136369_/D : -0.182573
[hold in-reg] wbs_dat_i[23] -> mprj/_136730_/D : -0.182241
[hold in-reg] wbs_adr_i[4] -> mprj/_136092_/D : -0.180908
[hold in-reg] wbs_adr_i[3] -> mprj/_135807_/D : -0.180122
[hold in-reg] wbs_adr_i[4] -> mprj/_135916_/D : -0.179026
[hold in-reg] wbs_adr_i[4] -> mprj/_136247_/D : -0.178341
[hold in-reg] wbs_adr_i[4] -> mprj/_136998_/D : -0.178128
[hold in-reg] wbs_adr_i[0] -> mprj/_135769_/D : -0.177629
[hold in-reg] wbs_adr_i[4] -> mprj/_136695_/D : -0.175952
[hold in-reg] wbs_adr_i[4] -> mprj/_136686_/D : -0.173974
[hold in-reg] wbs_adr_i[4] -> mprj/_135936_/D : -0.171840
[hold in-reg] wbs_adr_i[4] -> mprj/_136196_/D : -0.171305
[hold in-reg] wbs_adr_i[4] -> mprj/_136204_/D : -0.169631
[hold in-reg] wbs_adr_i[4] -> mprj/_135814_/D : -0.168534
[hold in-reg] wbs_adr_i[4] -> mprj/_137288_/D : -0.168485
[hold in-reg] wbs_adr_i[3] -> mprj/_136590_/D : -0.166620
[hold in-reg] wbs_adr_i[4] -> mprj/_137133_/D : -0.163540
[hold in-reg] wbs_adr_i[4] -> mprj/_137104_/D : -0.162754
[hold in-reg] wbs_adr_i[4] -> mprj/_136258_/D : -0.159482
[hold in-reg] wbs_adr_i[4] -> mprj/_136912_/D : -0.159110
[hold in-reg] wbs_adr_i[4] -> mprj/_136217_/D : -0.157042
[hold in-reg] wbs_adr_i[4] -> mprj/_136838_/D : -0.155539
[hold in-reg] wbs_adr_i[4] -> mprj/_136326_/D : -0.155143
[hold in-reg] wbs_adr_i[4] -> mprj/_136056_/D : -0.153460
[hold in-reg] wbs_adr_i[7] -> mprj/_137089_/D : -0.153142
[hold in-reg] wbs_adr_i[4] -> mprj/_137311_/D : -0.151604
[hold in-reg] wbs_adr_i[4] -> mprj/_136320_/D : -0.151596
[hold in-reg] wbs_adr_i[4] -> mprj/_136428_/D : -0.151157
[hold in-reg] wbs_dat_i[23] -> mprj/_136156_/D : -0.149220
[hold in-reg] wbs_adr_i[4] -> mprj/_137228_/D : -0.148456
[hold in-reg] wbs_adr_i[4] -> mprj/_135799_/D : -0.146748
[hold in-reg] wbs_adr_i[2] -> mprj/_136719_/D : -0.145174
[hold in-reg] wbs_adr_i[4] -> mprj/_136322_/D : -0.145021
[hold in-reg] wbs_adr_i[4] -> mprj/_136770_/D : -0.142182
[hold in-reg] wbs_adr_i[4] -> mprj/_137087_/D : -0.139498
[hold in-reg] wbs_adr_i[7] -> mprj/_136787_/D : -0.138964
[hold in-reg] wbs_dat_i[23] -> mprj/_137088_/D : -0.137770
[hold in-reg] wbs_adr_i[4] -> mprj/_136832_/D : -0.136813
[hold in-reg] wbs_adr_i[7] -> mprj/_136275_/D : -0.135670
[hold in-reg] wbs_adr_i[4] -> mprj/_136367_/D : -0.133800
[hold in-reg] wbs_adr_i[7] -> mprj/_137299_/D : -0.132944
[hold in-reg] wbs_adr_i[4] -> mprj/_135810_/D : -0.127573
[hold in-reg] wbs_adr_i[4] -> mprj/_136700_/D : -0.127090
[hold in-reg] wbs_adr_i[4] -> mprj/_136188_/D : -0.126018
[hold in-reg] wbs_adr_i[7] -> mprj/_136009_/D : -0.125373
[hold in-reg] wbs_dat_i[4] -> mprj/_136769_/D : -0.120203
[hold in-reg] wbs_adr_i[4] -> mprj/_137181_/D : -0.119790
[hold in-reg] wbs_dat_i[23] -> mprj/_136696_/D : -0.117879
[hold in-reg] wbs_adr_i[4] -> mprj/_136173_/D : -0.117625
[hold in-reg] wbs_adr_i[4] -> mprj/_137102_/D : -0.111005
[hold in-reg] wbs_adr_i[4] -> mprj/_135869_/D : -0.111001
[hold in-reg] wbs_adr_i[4] -> mprj/_136729_/D : -0.110297
[hold in-reg] wbs_adr_i[4] -> mprj/_136701_/D : -0.109985
[hold in-reg] wbs_adr_i[4] -> mprj/_135952_/D : -0.104178
[hold in-reg] wbs_adr_i[4] -> mprj/_137062_/D : -0.103572
[hold in-reg] wbs_adr_i[4] -> mprj/_136448_/D : -0.102247
[hold in-reg] wbs_adr_i[4] -> mprj/_136432_/D : -0.101566
[hold in-reg] wbs_adr_i[4] -> mprj/_135808_/D : -0.101472
[hold in-reg] wbs_adr_i[4] -> mprj/_136335_/D : -0.098740
[hold in-reg] wbs_dat_i[1] -> mprj/_135776_/D : -0.093713
[hold in-reg] wbs_adr_i[4] -> mprj/_136321_/D : -0.092682
[hold in-reg] wbs_adr_i[4] -> mprj/_136032_/D : -0.091127
[hold in-reg] wbs_adr_i[4] -> mprj/_137197_/D : -0.090553
[hold in-reg] wbs_adr_i[4] -> mprj/_136128_/D : -0.087747
[hold in-reg] wbs_adr_i[4] -> mprj/_137156_/D : -0.085809
[hold in-reg] wbs_adr_i[7] -> mprj/_136548_/D : -0.084400
[hold in-reg] wbs_adr_i[4] -> mprj/_136263_/D : -0.082769
[hold in-reg] wbs_adr_i[4] -> mprj/_136464_/D : -0.078818
[hold in-reg] wbs_adr_i[4] -> mprj/_135813_/D : -0.077900
[hold in-reg] wbs_adr_i[4] -> mprj/_136944_/D : -0.076564
[hold in-reg] wbs_adr_i[4] -> mprj/_137126_/D : -0.065749
[hold in-reg] wbs_adr_i[4] -> mprj/_136311_/D : -0.063735
[hold in-reg] wbs_adr_i[2] -> mprj/_136709_/D : -0.060467
[hold in-reg] wbs_adr_i[4] -> mprj/_136305_/D : -0.059957
[hold in-reg] wbs_dat_i[25] -> mprj/_136612_/D : -0.059458
[hold in-reg] wbs_dat_i[23] -> mprj/_137180_/D : -0.058549
[hold in-reg] wbs_adr_i[4] -> mprj/_136030_/D : -0.055547
[hold in-reg] wbs_dat_i[3] -> mprj/_136740_/D : -0.055341
[hold in-reg] wbs_adr_i[4] -> mprj/_137054_/D : -0.054081
[hold in-reg] wbs_adr_i[4] -> mprj/_137287_/D : -0.053051
[hold in-reg] wbs_adr_i[4] -> mprj/_137189_/D : -0.048932
[hold in-reg] wbs_adr_i[4] -> mprj/_137177_/D : -0.047065
[hold in-reg] wbs_adr_i[4] -> mprj/_136316_/D : -0.041998
[hold in-reg] wbs_adr_i[3] -> mprj/_136483_/D : -0.040590
[hold in-reg] wbs_adr_i[4] -> mprj/_136847_/D : -0.038053
[hold in-reg] wbs_adr_i[2] -> mprj/_136710_/D : -0.034963
[hold in-reg] wbs_adr_i[4] -> mprj/_137190_/D : -0.034550
[hold in-reg] wbs_dat_i[4] -> mprj/_136197_/D : -0.034086
[hold in-reg] wbs_adr_i[4] -> mprj/_136837_/D : -0.034055
[hold in-reg] wbs_adr_i[4] -> mprj/_135877_/D : -0.028830
[hold in-reg] wbs_dat_i[6] -> mprj/_136803_/D : -0.019706
[hold in-reg] wbs_adr_i[3] -> mprj/_136159_/D : -0.019366
[hold in-reg] wbs_adr_i[2] -> mprj/_136228_/D : -0.017239
[hold in-reg] wbs_dat_i[10] -> mprj/_138353_/D : -0.013046
[hold in-reg] wbs_adr_i[4] -> mprj/_135924_/D : -0.009652
[hold in-reg] wbs_dat_i[4] -> mprj/_137281_/D : -0.000287
