
===========================================================================
 report_power
============================================================================
======================= nom_ff_n40C_1v95 Corner ===================================

Group                    Internal    Switching      Leakage        Total
                            Power        Power        Power        Power (Watts)
------------------------------------------------------------------------
Sequential           3.390436e-02 1.499748e-04 2.855180e-07 3.405463e-02  47.9%
Combinational        1.790153e-03 4.059870e-03 1.278923e-06 5.851302e-03   8.2%
Clock                1.390890e-02 1.723815e-02 5.603484e-07 3.114760e-02  43.8%
Macro                0.000000e+00 0.000000e+00 0.000000e+00 0.000000e+00   0.0%
Pad                  0.000000e+00 0.000000e+00 0.000000e+00 0.000000e+00   0.0%
------------------------------------------------------------------------
Total                4.960332e-02 2.144799e-02 2.124790e-06 7.105344e-02 100.0%
                            69.8%        30.2%         0.0%

