
===========================================================================
 report_power
============================================================================
======================= nom_ss_100C_1v60 Corner ===================================

Group                    Internal    Switching      Leakage        Total
                            Power        Power        Power        Power (Watts)
------------------------------------------------------------------------
Sequential           2.258792e-02 9.416101e-05 2.495718e-04 2.293165e-02  47.2%
Combinational        1.261638e-03 2.717424e-03 5.167593e-04 4.495821e-03   9.2%
Clock                9.973255e-03 1.116411e-02 3.974068e-05 2.117711e-02  43.6%
Macro                0.000000e+00 0.000000e+00 0.000000e+00 0.000000e+00   0.0%
Pad                  0.000000e+00 0.000000e+00 0.000000e+00 0.000000e+00   0.0%
------------------------------------------------------------------------
Total                3.382284e-02 1.397569e-02 8.059969e-04 4.860453e-02 100.0%
                            69.6%        28.8%         1.7%

